******************************************************************************
                  TI ARM Linker Unix v16.9.3                   
******************************************************************************
>> Linked Wed Aug 30 15:23:35 2017

OUTPUT FILE NAME:   <hello_CC1310_LAUNCHXL_tirtos_ccs.out>
ENTRY POINT SYMBOL: "ResetISR"  address: 000070dd


MEMORY CONFIGURATION

         name            origin    length      used     unused   attr    fill
----------------------  --------  ---------  --------  --------  ----  --------
  FLASH                 00000000   00020000  00009e5e  000161a2  R  X
  SRAM                  20000000   00005000  00004622  000009de  RW X


SEGMENT ALLOCATION MAP

run origin  load origin   length   init length attrs members
----------  ----------- ---------- ----------- ----- -------
00000000    00000000    00009e08   00009e08    r-x
  00000000    00000000    0000003c   0000003c    r-- .resetVecs
  0000003c    0000003c    00009432   00009432    r-x .text
  00009470    00009470    000007d8   000007d8    r-- .const
  00009c48    00009c48    000001c0   000001c0    r-- .cinit
0001ffa8    0001ffa8    00000058   00000058    r--
  0001ffa8    0001ffa8    00000058   00000058    r-- .ccfg
20000100    20000100    00002c56   00000000    rw-
  20000100    20000100    00002c56   00000000    rw- .bss
20002d58    20002d58    00001000   00000000    r--
  20002d58    20002d58    00001000   00000000    r-- .priheap
20003d58    20003d58    00000504   00000000    rw-
  20003d58    20003d58    00000504   00000000    rw- .data
20004c00    20004c00    00000400   00000000    rw-
  20004c00    20004c00    00000400   00000000    rw- .stack


SECTION ALLOCATION MAP

 output                                  attributes/
section   page    origin      length       input sections
--------  ----  ----------  ----------   ----------------
.text      0    0000003c    00009432     
                  0000003c    0000033c     sysbios.aem3 : BIOS.obj (.text:xdc_runtime_System_doPrint__I)
                  00000378    00000324     rtsv7M3_T_le_eabi.lib : trgdrv.obj (.text)
                  0000069c    0000030c     drivers_cc13x0.aem3 : PowerCC26XX_calibrateRCOSC.oem3 (.text:PowerCC26XX_auxISR)
                  000009a8    00000248     rtsv7M3_T_le_eabi.lib : vla_alloc.obj (.text)
                  00000bf0    00000228     driverlib.lib : sys_ctrl.obj (.text:NOROM_SysCtrlSetRechargeBeforePowerDown)
                  00000e18    0000021c     drivers_cc13x0.aem3 : PowerCC26XX.oem3 (.text:Power_sleep)
                  00001034    000001f4     rtsv7M3_T_le_eabi.lib : ull_div_t2.obj (.text)
                  00001228    000001e4     hello.obj (.text:LSM9DS1init)
                  0000140c    000001dc     hello_pem3.oem3 (.text:xdc_runtime_System_printfExtend__I)
                  000015e8    000001b6     rtsv7M3_T_le_eabi.lib : fd_add_t2.obj (.text)
                  0000179e    00000002     display.aem3 : DisplayUart.oem3 (.text:DisplayUartMin_clear)
                  000017a0    00000190     drivers_cc13x0.aem3 : PowerCC26XX_calibrateRCOSC.oem3 (.text:PowerCC26XX_doCalibrate)
                  00001930    0000018c                         : PINCC26XX.oem3 (.text:PIN_init)
                  00001abc    00000180     hello.obj (.text:initGyro)
                  00001c3c    00000164     drivers_cc13x0.aem3 : UARTCC26XX.oem3 (.text:UARTCC26XX_open)
                  00001da0    00000158     hello.obj (.text:calibrate)
                  00001ef8    00000154     drivers_cc13x0.aem3 : I2CCC26XX.oem3 (.text:I2CCC26XX_open)
                  0000204c    00000148     hello.obj (.text:calibrateMag)
                  00002194    00000138     hello.obj (.text:main)
                  000022cc    00000138     hello_pem3.oem3 (.text:ti_uia_loggers_LoggerStopMode_writeMemoryRange__E)
                  00002404    00000134     hello.obj (.text:initAccel)
                  00002538    00000130     driverlib.lib : setup_rom.obj (.text:NOROM_SetupAfterColdResetWakeupFromShutDownCfg3)
                  00002668    0000012c     drivers_cc13x0.aem3 : PowerCC26XX.oem3 (.text:Power_init)
                  00002794    0000012c     sysbios.aem3 : BIOS.obj (.text:ti_sysbios_knl_Semaphore_pend__E)
                  000028c0    00000118     drivers_cc13x0.aem3 : UARTCC26XX.oem3 (.text:UARTCC26XX_read)
                  000029d8    00000118     hello.obj (.text:initMag)
                  00002af0    00000118     sysbios.aem3 : BIOS.obj (.text:ti_sysbios_family_arm_m3_Hwi_dispatchC__I)
                  00002c08    00000110     drivers_cc13x0.aem3 : I2CCC26XX.oem3 (.text:I2CCC26XX_hwiFxn)
                  00002d18    00000110     sysbios.aem3 : BIOS.obj (.text:ti_sysbios_knl_Swi_run__I)
                  00002e28    0000010c     hello_pem3.oem3 (.text:ti_uia_loggers_LoggerStopMode_write8__E)
                  00002f34    0000010a     drivers_cc13x0.aem3 : UARTCC26XX.oem3 (.text:UARTCC26XX_hwiIntFxn)
                  0000303e    00000002     display.aem3 : DisplayUart.oem3 (.text:DisplayUartMin_clearLines)
                  00003040    000000fc     drivers_cc13x0.aem3 : UARTCC26XX.oem3 (.text:UARTCC26XX_write)
                  0000313c    000000fc     rtsv7M3_T_le_eabi.lib : fd_mul_t2.obj (.text)
                  00003238    000000f8     sysbios.aem3 : BIOS.obj (.text:xdc_runtime_Startup_startMods__I)
                  00003330    000000f4     hello_pem3.oem3 (.text:ti_uia_loggers_LoggerStopMode_write4__E)
                  00003424    000000f0     driverlib.lib : setup_rom.obj (.text:NOROM_SetupAfterColdResetWakeupFromShutDownCfg2)
                  00003514    000000e8     hello_pem3.oem3 (.text:ti_uia_loggers_LoggerStopMode_write1__E)
                  000035fc    000000e8     hello_pem3.oem3 (.text:ti_uia_loggers_LoggerStopMode_write2__E)
                  000036e4    000000dc     drivers_cc13x0.aem3 : PINCC26XX.oem3 (.text:PINCC26XX_setIoCfg)
                  000037c0    000000d8     sysbios.aem3 : BIOS.obj (.text:ti_sysbios_knl_Clock_walkQueueDynamic__E)
                  00003898    000000d8     hello_pem3.oem3 (.text:ti_uia_loggers_LoggerStopMode_write0__E)
                  00003970    000000d0     dpl_cc13x0.aem3 : PowerCC26XX_tirtos.oem3 (.text:PowerCC26XX_standbyPolicy)
                  00003a40    000000cc     sysbios.aem3 : m3_Hwi_asm.obj (.text:ti_sysbios_family_arm_m3_Hwi_dispatch__I)
                  00003b0c    000000c4     driverlib.lib : setup.obj (.text:TrimAfterColdResetWakeupFromShutDown)
                  00003bd0    000000c4     sysbios.aem3 : BIOS.obj (.text:ti_sysbios_knl_Task_Instance_init__E)
                  00003c94    000000c0     drivers_cc13x0.aem3 : I2CCC26XX.oem3 (.text:I2CCC26XX_transfer)
                  00003d54    000000c0     sysbios.aem3 : BIOS.obj (.text:ti_sysbios_knl_Task_schedule__I)
                  00003e14    000000bc     hello.obj (.text:I2CreadBytes)
                  00003ed0    000000bc     drivers_cc13x0.aem3 : PowerCC26XX.oem3 (.text:Power_releaseDependency)
                  00003f8c    000000bc                         : UARTCC26XX.oem3 (.text:UARTCC26XX_initHw)
                  00004048    000000bc     sysbios.aem3 : BIOS.obj (.text:ti_sysbios_knl_Semaphore_post__E)
                  00004104    000000b8                  : BIOS.obj (.text:ti_sysbios_knl_Task_startCore__E)
                  000041bc    000000b4     drivers_cc13x0.aem3 : PowerCC26XX.oem3 (.text:Power_setDependency)
                  00004270    000000b4     hello.obj (.text:magTaskFunc)
                  00004324    000000a8     driverlib.lib : setup.obj (.text:NOROM_SetupTrimDevice)
                  000043cc    000000a8     sysbios.aem3 : BIOS.obj (.text:ti_sysbios_knl_Swi_post__E)
                  00004474    000000a4     driverlib.lib : setup_rom.obj (.text:NOROM_SetupAfterColdResetWakeupFromShutDownCfg1)
                  00004518    000000a0     auto_init.aem3 : auto_init.oem3 (.text)
                  000045b8    0000009e     sysbios.aem3 : BIOS.obj (.text:xdc_runtime_Text_putSite__E)
                  00004656    0000009c     rtsv7M3_T_le_eabi.lib : memcpy_t2.obj (.text)
                  000046f2    00000002     display.aem3 : DisplayUart.oem3 (.text:DisplayUartMin_init)
                  000046f4    00000098     drivers_cc13x0.aem3 : PINCC26XX.oem3 (.text:PIN_open)
                  0000478c    00000098                         : UARTCC26XX.oem3 (.text:UARTCC26XX_initIO)
                  00004824    00000098     sysbios.aem3 : BIOS.obj (.text:ti_sysbios_knl_Clock_workFuncDynamic__E)
                  000048bc    00000098                  : BIOS.obj (.text:ti_sysbios_knl_Task_blockI__E)
                  00004954    00000098                  : BIOS.obj (.text:xdc_runtime_Text_putMod__E)
                  000049ec    00000094     hello.obj (.text:readAccel)
                  00004a80    00000094     hello.obj (.text:readGyro)
                  00004b14    00000094     sysbios.aem3 : BIOS.obj (.text:ti_sysbios_knl_Task_Instance_finalize__E)
                  00004ba8    00000094                  : BIOS.obj (.text:ti_sysbios_knl_Task_exit__E)
                  00004c3c    00000094     drivers_cc13x0.aem3 : UARTCC26XX.oem3 (.text:writeFinishedDoCallback)
                  00004cd0    00000092     rtsv7M3_T_le_eabi.lib : fs_div_t2.obj (.text)
                  00004d62    00000002     drivers_cc13x0.aem3 : PowerCC26XX.oem3 (.text:emptyClockFunc)
                  00004d64    00000090                         : I2CCC26XX.oem3 (.text:I2CCC26XX_cancel)
                  00004df4    00000090     ti.uia.loggers.aem3 : LoggerStopMode.oem3 (.text:ti_uia_loggers_LoggerStopMode_initQueueDescriptor__E)
                  00004e84    0000008c     drivers_cc13x0.aem3 : I2CCC26XX.oem3 (.text:I2CCC26XX_primeTransfer)
                  00004f10    0000008c                         : UARTCC26XX.oem3 (.text:UARTCC26XX_close)
                  00004f9c    0000008c                         : UARTCC26XX.oem3 (.text:UARTCC26XX_writeCancel)
                  00005028    0000008c     sysbios.aem3 : BIOS.obj (.text:ti_sysbios_family_arm_m3_Hwi_Instance_init__E)
                  000050b4    0000008c                  : BIOS.obj (.text:ti_sysbios_knl_Task_unblockI__E)
                  00005140    00000088     drivers_cc13x0.aem3 : PowerCC26XX.oem3 (.text:disableLFClockQualifiers)
                  000051c8    00000086     rtsv7M3_T_le_eabi.lib : fd_cmp_t2.obj (.text:__aeabi_cdcmple)
                  0000524e    00000086                           : fd_cmp_t2.obj (.text:__aeabi_cdrcmple)
                  000052d4    00000084     drivers_cc13x0.aem3 : PowerCC26XX.oem3 (.text:switchXOSCHFclockFunc)
                  00005358    00000080     sysbios.aem3 : BIOS.obj (.text:ti_sysbios_family_arm_m3_Hwi_initNVIC__E)
                  000053d8    00000080                  : BIOS.obj (.text:ti_sysbios_knl_Task_postInit__I)
                  00005458    0000007c     hello.obj (.text:constrainScales)
                  000054d4    0000007a     rtsv7M3_T_le_eabi.lib : fs_mul_t2.obj (.text)
                  0000554e    0000007a                           : memset_t2.obj (.text)
                  000055c8    00000078     hello.obj (.text:LSM9DS1begin)
                  00005640    00000078     drivers_cc13x0.aem3 : UARTCC26XX.oem3 (.text:writeTxFifoFlush)
                  000056b8    00000074     driverlib.lib : setup_rom.obj (.text:NOROM_SetupSetVddrLevel)
                  0000572c    00000074     hello.obj (.text:configInt)
                  000057a0    00000074     hello.obj (.text:pinCallback)
                  00005814    00000074     sysbios.aem3 : BIOS.obj (.text:ti_sysbios_family_arm_cc26xx_Timer_start__E)
                  00005888    00000074                  : BIOS.obj (.text:ti_sysbios_heaps_HeapMem_allocUnprotected__E)
                  000058fc    00000074     ti.uia.runtime.aem3 : QueueDescriptor.oem3 (.text:ti_uia_runtime_QueueDescriptor_addToList__E)
                  00005970    0000006e     sysbios.aem3 : BIOS.obj (.text:xdc_runtime_Core_createObject__I)
                  000059de    00000002     rtsv7M3_T_le_eabi.lib : i_div0.obj (.text)
                  000059e0    0000006d     sysbios.aem3 : BIOS.obj (.text:xdc_runtime_System_formatNum__I)
                  00005a4d    00000001     --HOLE-- [fill = 0]
                  00005a4e    00000002                  : BIOS.obj (.text:ti_sysbios_BIOS_linkedWithIncorrectBootLibrary__E)
                  00005a50    0000006c     drivers_cc13x0.aem3 : PowerCC26XX_calibrateRCOSC.oem3 (.text:PowerCC26XX_initiateCalibration)
                  00005abc    0000006c     sysbios.aem3 : BIOS.obj (.text:xdc_runtime_Memory_alloc__E)
                  00005b28    00000068     drivers_cc13x0.aem3 : I2CCC26XX.oem3 (.text:I2CCC26XX_close)
                  00005b90    00000068     hello.obj (.text:I2CreadByte)
                  00005bf8    00000068     hello.obj (.text:I2CwriteByte)
                  00005c60    00000068     driverlib.lib : setup_rom.obj (.text:NOROM_SetupGetTrimForAmpcompCtrl)
                  00005cc8    00000068                   : setup_rom.obj (.text:NOROM_SetupGetTrimForAnabypassValue1)
                  00005d30    00000068                   : sys_ctrl.obj (.text:NOROM_SysCtrl_DCDC_VoltageConditionalControl)
                  00005d98    00000068     drivers_cc13x0.aem3 : UARTCC26XX.oem3 (.text:UARTCC26XX_readCancel)
                  00005e00    00000068     rtsv7M3_T_le_eabi.lib : copy_decompress_lzss.obj (.text:decompress:lzss)
                  00005e68    00000068     hello.obj (.text:initializationTaskFunc)
                  00005ed0    00000068     rtsv7M3_T_le_eabi.lib : trgmsg.obj (.text)
                  00005f38    00000068     sysbios.aem3 : BIOS.obj (.text:ti_sysbios_knl_Clock_startI__E)
                  00005fa0    00000068                  : BIOS.obj (.text:ti_sysbios_knl_Swi_restoreHwi__E)
                  00006008    00000066     ti.uia.loggers.aem3 : LoggerStopMode.oem3 (.text:ti_uia_loggers_LoggerStopMode_flush__E)
                  0000606e    00000066     sysbios.aem3 : BIOS.obj (.text:xdc_runtime_Core_deleteObject__I)
                  000060d4    00000064     driverlib.lib : osc.obj (.text:NOROM_OSCHF_AttemptToSwitchToXosc)
                  00006138    00000064     drivers_cc13x0.aem3 : PowerCC26XX.oem3 (.text:configureXOSCHF)
                  0000619c    00000064     sysbios.aem3 : BIOS.obj (.text:ti_sysbios_heaps_HeapMem_initPrimary__I)
                  00006200    00000060     driverlib.lib : osc.obj (.text:NOROM_OSCClockSourceSet)
                  00006260    00000060     drivers_cc13x0.aem3 : UARTCC26XX.oem3 (.text:UARTCC26XX_control)
                  000062c0    00000060     sysbios.aem3 : BIOS.obj (.text:ti_sysbios_knl_Clock_logTick__E)
                  00006320    0000005c     display.aem3 : Display.oem3 (.text:Display_doOpen)
                  0000637c    0000005c     driverlib.lib : sys_ctrl.obj (.text:NOROM_SysCtrlAdjustRechargeAfterPowerDown)
                  000063d8    0000005c     drivers_cc13x0.aem3 : PowerCC26XX_calibrateRCOSC.oem3 (.text:PowerCC26XX_RCOSC_clockFunc)
                  00006434    0000005c                         : PowerCC26XX.oem3 (.text:PowerCC26XX_calibrate)
                  00006490    0000005c     sysbios.aem3 : BIOS.obj (.text:ti_sysbios_knl_Task_Module_startup__E)
                  000064ec    0000005b                  : BIOS.obj (.text:xdc_runtime_Text_putLab__E)
                  00006547    00000001     --HOLE-- [fill = 0]
                  00006548    00000058     drivers_cc13x0.aem3 : I2CCC26XX.oem3 (.text:I2CCC26XX_swiFxn)
                  000065a0    00000058                         : PINCC26XX.oem3 (.text:PIN_remove)
                  000065f8    00000058     sysbios.aem3 : BIOS.obj (.text:ti_sysbios_family_arm_m3_Hwi_postInit__I)
                  00006650    00000058                  : BIOS.obj (.text:ti_sysbios_heaps_HeapMem_alloc__E)
                  000066a8    00000058                  : BIOS.obj (.text:ti_sysbios_heaps_HeapMem_freeUnprotected__E)
                  00006700    00000056     hello.obj (.text:magOffset)
                  00006756    00000002     hello_pem3.oem3 (.text:ti_sysbios_BIOS_nullFunc__I)
                  00006758    00000054     hello.obj (.text:calcaRes)
                  000067ac    00000054     hello.obj (.text:calcmRes)
                  00006800    00000054     rtsv7M3_T_le_eabi.lib : exit.obj (.text)
                  00006854    00000054     sysbios.aem3 : BIOS.obj (.text:ti_sysbios_knl_Swi_schedule__I)
                  000068a8    00000050     driverlib.lib : setup_rom.obj (.text:NOROM_SetupSetCacheModeAccordingToCcfgSetting)
                  000068f8    00000050     hello.obj (.text:calibrationTaskFunc)
                  00006948    00000050     hello.obj (.text:readMag)
                  00006998    00000050     drivers_cc13x0.aem3 : UARTCC26XX.oem3 (.text:startTxFifoEmptyClk)
                  000069e8    00000050     hello_pem3.oem3 (.text:ti_sysbios_family_arm_m3_Hwi_construct)
                  00006a38    00000050     sysbios.aem3 : BIOS.obj (.text:ti_sysbios_knl_Swi_Instance_init__E)
                  00006a88    00000050                  : BIOS.obj (.text:ti_sysbios_knl_Swi_runLoop__I)
                  00006ad8    00000050                  : BIOS.obj (.text:xdc_runtime_Startup_exec__E)
                  00006b28    0000004c     drivers_cc13x0.aem3 : I2CCC26XX.oem3 (.text:I2CCC26XX_initHw)
                  00006b74    0000004c     rtsv7M3_T_le_eabi.lib : cpy_tbl.obj (.text)
                  00006bc0    0000004c     sysbios.aem3 : m3_TaskSupport_asm.obj (.text:ti_sysbios_family_arm_m3_TaskSupport_buildTaskStack)
                  00006c0c    0000004c     hello_pem3.oem3 (.text:ti_sysbios_knl_Swi_construct)
                  00006c58    0000004c     hello_pem3.oem3 (.text:ti_sysbios_knl_Task_construct)
                  00006ca4    0000004c     ti.uia.loggers.aem3 : LoggerStopMode.oem3 (.text:ti_uia_loggers_LoggerStopMode_Module_startup__E)
                  00006cf0    0000004a     display.aem3 : DisplayUart.oem3 (.text:DisplayUartMin_open)
                  00006d3a    00000002     sysbios.aem3 : BIOS.obj (.text:ti_sysbios_gates_GateHwi_Instance_init__E)
                  00006d3c    00000048     dpl_cc13x0.aem3 : ClockP_tirtos.oem3 (.text:ClockP_construct)
                  00006d84    00000048     drivers_cc13x0.aem3 : PINCC26XX.oem3 (.text:PIN_setOutputEnable)
                  00006dcc    00000048     hello.obj (.text:calcgRes)
                  00006e14    00000048     rtsv7M3_T_le_eabi.lib : fd_toi_t2.obj (.text)
                  00006e5c    00000048     sysbios.aem3 : BIOS.obj (.text:ti_sysbios_family_arm_m3_Hwi_Module_startup__E)
                  00006ea4    00000048                  : m3_Hwi_asm_switch.obj (.text:ti_sysbios_family_arm_m3_Hwi_initStacks__E)
                  00006eec    00000048                  : BIOS.obj (.text:ti_sysbios_heaps_HeapMem_getStats__E)
                  00006f34    00000048                  : BIOS.obj (.text:xdc_runtime_Assert_raise__I)
                  00006f7c    00000048                  : BIOS.obj (.text:xdc_runtime_Core_assignParams__I)
                  00006fc4    00000048                  : BIOS.obj (.text:xdc_runtime_Core_constructObject__I)
                  0000700c    00000046     display.aem3 : DisplayUart.oem3 (.text:DisplayUartMin_vprintf)
                  00007052    00000002     sysbios.aem3 : BIOS.obj (.text:ti_sysbios_knl_Clock_triggerFunc__I)
                  00007054    00000044     drivers_cc13x0.aem3 : PINCC26XX.oem3 (.text:PIN_swi)
                  00007098    00000044                         : RingBuf.oem3 (.text:RingBuf_put)
                  000070dc    00000044     boot.aem3 : boot.oem3 (.text)
                  00007120    00000044     drivers_cc13x0.aem3 : PowerCC26XX.oem3 (.text:notify)
                  00007164    00000044     rtsv7M3_T_le_eabi.lib : fd_tou_t2.obj (.text)
                  000071a8    00000044     sysbios.aem3 : BIOS.obj (.text:ti_sysbios_family_arm_m3_Hwi_disableInterrupt__E)
                  000071ec    00000044                  : BIOS.obj (.text:ti_sysbios_family_arm_m3_Hwi_enableInterrupt__E)
                  00007230    00000044                  : BIOS.obj (.text:ti_sysbios_knl_Task_allBlockedFunction__I)
                  00007274    00000044     ti.uia.loggers.aem3 : LoggerStopMode.oem3 (.text:ti_uia_loggers_LoggerStopMode_initBuffer__I)
                  000072b8    00000044     sysbios.aem3 : BIOS.obj (.text:xdc_runtime_SysMin_flush__E)
                  000072fc    00000044                  : BIOS.obj (.text:xdc_runtime_Text_xprintf__I)
                  00007340    00000040     dpl_cc13x0.aem3 : HwiP_tirtos.oem3 (.text:HwiP_construct)
                  00007380    00000040     drivers_cc13x0.aem3 : I2C.oem3 (.text:I2C_init)
                  000073c0    00000040                         : I2C.oem3 (.text:I2C_open)
                  00007400    00000040                         : UART.oem3 (.text:UART_init)
                  00007440    00000040                         : UART.oem3 (.text:UART_open)
                  00007480    00000040     rtsv7M3_T_le_eabi.lib : u_divt2.obj (.text)
                  000074c0    00000040     sysbios.aem3 : BIOS.obj (.text:ti_sysbios_family_arm_cc26xx_Timer_setThreshold__I)
                  00007500    00000040                  : BIOS.obj (.text:ti_sysbios_family_arm_m3_Hwi_getStackInfo__E)
                  00007540    0000003e     drivers_cc13x0.aem3 : RingBuf.oem3 (.text:RingBuf_get)
                  0000757e    0000003e     hello_pem3.oem3 (.text:realloc)
                  000075bc    0000003c     driverlib.lib : chipinfo.obj (.text:NOROM_ChipInfo_GetHwRevision)
                  000075f8    0000003c                   : osc.obj (.text:NOROM_OSC_HPOSCRelativeFrequencyOffsetGet)
                  00007634    0000003c     dpl_cc13x0.aem3 : SwiP_tirtos.oem3 (.text:SwiP_construct)
                  00007670    0000003c     sysbios.aem3 : BIOS.obj (.text:ti_sysbios_family_arm_m3_Hwi_construct2__E)
                  000076ac    00000038     drivers_cc13x0.aem3 : PINCC26XX.oem3 (.text:PIN_setOutputValue)
                  000076e4    00000038                         : UARTCC26XX.oem3 (.text:UARTCC26XX_swiIntFxn)
                  0000771c    00000038                         : UARTCC26XX.oem3 (.text:readData)
                  00007754    00000038     rtsv7M3_T_le_eabi.lib : fs_tod_t2.obj (.text)
                  0000778c    00000038                           : fs_toi_t2.obj (.text)
                  000077c4    00000038                           : i_tofs_t2.obj (.text)
                  000077fc    00000038     sysbios.aem3 : BIOS.obj (.text:ti_sysbios_family_arm_cc26xx_Timer_getCurrentTick__E)
                  00007834    00000038                  : BIOS.obj (.text:ti_sysbios_family_arm_m3_Hwi_Instance_finalize__E)
                  0000786c    00000038                  : BIOS.obj (.text:ti_sysbios_heaps_HeapMem_Instance_init__E)
                  000078a4    00000038                  : BIOS.obj (.text:ti_sysbios_knl_Clock_Instance_init__E)
                  000078dc    00000038     drivers_cc13x0.aem3 : UARTCC26XX.oem3 (.text:writeData)
                  00007914    00000038     sysbios.aem3 : BIOS.obj (.text:xdc_runtime_SysMin_putch__E)
                  0000794c    00000038                  : BIOS.obj (.text:xdc_runtime_System_atexit__E)
                  00007984    00000034     driverlib.lib : osc.obj (.text:NOROM_OSCHF_SwitchToRcOscTurnOffXosc)
                  000079b8    00000034     drivers_cc13x0.aem3 : PINCC26XX.oem3 (.text:PIN_setConfig)
                  000079ec    00000034                         : PowerCC26XX.oem3 (.text:Power_releaseConstraint)
                  00007a20    00000034     sysbios.aem3 : BIOS.obj (.text:ti_sysbios_family_arm_cc26xx_Timer_initDevice__I)
                  00007a54    00000034     hello_pem3.oem3 (.text:ti_sysbios_knl_Semaphore_create)
                  00007a88    00000034     sysbios.aem3 : BIOS.obj (.text:ti_sysbios_knl_Swi_restore__E)
                  00007abc    00000034     ti.uia.loggers.aem3 : LoggerStopMode.oem3 (.text:ti_uia_loggers_LoggerStopMode_reset__E)
                  00007af0    00000034     sysbios.aem3 : BIOS.obj (.text:xdc_runtime_Core_assignLabel__I)
                  00007b24    00000032                  : BIOS.obj (.text:ti_sysbios_family_arm_cc26xx_Timer_setNextTick__E)
                  00007b56    00000002                  : BIOS.obj (.text:ti_sysbios_knl_Swi_Instance_finalize__E)
                  00007b58    00000030     driverlib.lib : setup_rom.obj (.text:NOROM_SetupSetAonRtcSubSecInc)
                  00007b88    00000030     drivers_cc13x0.aem3 : PowerCC26XX.oem3 (.text:Power_setConstraint)
                  00007bb8    00000030     hello.obj (.text:initI2C)
                  00007be8    00000030     drivers_cc13x0.aem3 : UARTCC26XX.oem3 (.text:readData2RingBuf)
                  00007c18    00000030     hello_pem3.oem3 (.text:ti_sysbios_BIOS_atExitFunc__I)
                  00007c48    00000030     hello_pem3.oem3 (.text:ti_sysbios_BIOS_startFunc__I)
                  00007c78    00000030     hello_pem3.oem3 (.text:ti_sysbios_gates_GateHwi_Object__create__S)
                  00007ca8    00000030     hello_pem3.oem3 (.text:ti_sysbios_gates_GateMutex_Object__create__S)
                  00007cd8    00000030     sysbios.aem3 : BIOS.obj (.text:ti_sysbios_gates_GateMutex_enter__E)
                  00007d08    00000030     hello_pem3.oem3 (.text:ti_sysbios_heaps_HeapMem_Object__create__S)
                  00007d38    00000030     sysbios.aem3 : BIOS.obj (.text:ti_sysbios_heaps_HeapMem_free__E)
                  00007d68    00000030     hello_pem3.oem3 (.text:ti_sysbios_knl_Clock_construct)
                  00007d98    00000030     hello_pem3.oem3 (.text:ti_sysbios_knl_Semaphore_construct)
                  00007dc8    00000030     sysbios.aem3 : BIOS.obj (.text:ti_sysbios_knl_Task_processVitalTaskFlag__I)
                  00007df8    00000030     hello_pem3.oem3 (.text:ti_uia_loggers_LoggerStopMode_Object__create__S)
                  00007e28    00000030     sysbios.aem3 : BIOS.obj (.text:xdc_runtime_SysMin_abort__E)
                  00007e58    00000030                  : BIOS.obj (.text:xdc_runtime_System_processAtExit__E)
                  00007e88    0000002f                  : BIOS.obj (.text:xdc_runtime_Text_printVisFxn__I)
                  00007eb7    00000001     --HOLE-- [fill = 0]
                  00007eb8    0000002e     rtsv7M3_T_le_eabi.lib : i_tofd_t2.obj (.text)
                  00007ee6    0000002e     sysbios.aem3 : BIOS.obj (.text:ti_sysbios_family_arm_m3_TaskSupport_start__E)
                  00007f14    0000002e                  : BIOS.obj (.text:ti_sysbios_hal_Hwi_initStack)
                  00007f42    0000002e     hello_pem3.oem3 (.text:ti_sysbios_rts_gnu_MemAlloc_alloc)
                  00007f70    0000002c     driverlib.lib : ddi.obj (.text:NOROM_DDI32RegWrite)
                  00007f9c    0000002c                   : osc.obj (.text:NOROM_OSCClockSourceGet)
                  00007fc8    0000002c                   : setup_rom.obj (.text:NOROM_SetupGetTrimForRadcExtCfg)
                  00007ff4    0000002c     drivers_cc13x0.aem3 : PINCC26XX.oem3 (.text:PINCC26XX_setMux)
                  00008020    0000002c     dpl_cc13x0.aem3 : SemaphoreP_tirtos.oem3 (.text:SemaphoreP_constructBinary)
                  0000804c    0000002c                     : SemaphoreP_tirtos.oem3 (.text:SemaphoreP_createBinary)
                  00008078    0000002c     hello.obj (.text:calcAccel)
                  000080a4    0000002c     sysbios.aem3 : BIOS.obj (.text:ti_sysbios_knl_Clock_getTicksUntilInterrupt__E)
                  000080d0    0000002c     hello_pem3.oem3 (.text:ti_sysbios_knl_Queue_construct)
                  000080fc    0000002c     sysbios.aem3 : BIOS.obj (.text:ti_sysbios_knl_Semaphore_pendTimeout__I)
                  00008128    0000002c                  : BIOS.obj (.text:xdc_runtime_Text_cordText__E)
                  00008154    0000002a     display.aem3 : Display.oem3 (.text:Display_doPrintf)
                  0000817e    0000002a     sysbios.aem3 : BIOS.obj (.text:xdc_runtime_System_putchar__I)
                  000081a8    00000028     display.aem3 : Display.oem3 (.text:Display_doInit)
                  000081d0    00000028     driverlib.lib : aon_batmon.obj (.text:NOROM_AONBatMonTemperatureGetDegC)
                  000081f8    00000028     drivers_cc13x0.aem3 : PowerCC26XX.oem3 (.text:Power_registerNotify)
                  00008220    00000028     driverlib.lib : adi.obj (.text:SafeHapiVoid)
                  00008248    00000028     hello.obj (.text:magAvailable)
                  00008270    00000028     sysbios.aem3 : BIOS.obj (.text:ti_sysbios_knl_Clock_addI__E)
                  00008298    00000028                  : BIOS.obj (.text:ti_sysbios_knl_Task_restore__E)
                  000082c0    00000024     drivers_cc13x0.aem3 : PINCC26XX.oem3 (.text:PINCC26XX_getPinCount)
                  000082e4    00000024     hello.obj (.text:mReadBytes)
                  00008308    00000024     hello_pem3.oem3 (.text:ti_sysbios_BIOS_registerRTSLock__I)
                  0000832c    00000024     hello_pem3.oem3 (.text:ti_sysbios_BIOS_removeRTSLock__I)
                  00008350    00000024     sysbios.aem3 : BIOS.obj (.text:ti_sysbios_family_arm_cc26xx_Timer_Module_startup__E)
                  00008374    00000024                  : BIOS.obj (.text:ti_sysbios_family_arm_cc26xx_Timer_getMaxTicks__E)
                  00008398    00000024                  : BIOS.obj (.text:ti_sysbios_family_arm_cc26xx_Timer_startup__E)
                  000083bc    00000024     hello_pem3.oem3 (.text:ti_sysbios_gates_GateMutex_Object__delete__S)
                  000083e0    00000024     sysbios.aem3 : BIOS.obj (.text:ti_sysbios_knl_Semaphore_Instance_init__E)
                  00008404    00000024     hello_pem3.oem3 (.text:ti_sysbios_knl_Semaphore_Object__delete__S)
                  00008428    00000024     sysbios.aem3 : BIOS.obj (.text:ti_sysbios_knl_Swi_Module_startup__E)
                  0000844c    00000024     hello.obj (.text:xgReadBytes)
                  00008470    00000022     drivers_cc13x0.aem3 : List.oem3 (.text:List_put)
                  00008492    00000022     sysbios.aem3 : BIOS.obj (.text:ti_sysbios_family_arm_cc26xx_Timer_postInit__I)
                  000084b4    00000022     hello_pem3.oem3 (.text:xdc_runtime_SysMin_output__I)
                  000084d6    00000002     hello_pem3.oem3 (.text:ti_uia_loggers_LoggerStopMode_setFilterLevel__E)
                  000084d8    00000020     driverlib.lib : setup_rom.obj (.text:NOROM_SetupGetTrimForXoscHfCtl)
                  000084f8    00000020     dpl_cc13x0.aem3 : PowerCC26XX_tirtos.oem3 (.text:PowerCC26XX_schedulerDisable)
                  00008518    00000020                     : PowerCC26XX_tirtos.oem3 (.text:PowerCC26XX_schedulerRestore)
                  00008538    00000020     drivers_cc13x0.aem3 : PowerCC26XX.oem3 (.text:Power_unregisterNotify)
                  00008558    00000020     hello.obj (.text:calcGyro)
                  00008578    00000020     hello.obj (.text:calcMag)
                  00008598    00000020     hello.obj (.text:mWriteByte)
                  000085b8    00000020     hello_pem3.oem3 (.text:ti_sysbios_BIOS_rtsLock__I)
                  000085d8    00000020     sysbios.aem3 : BIOS.obj (.text:ti_sysbios_family_arm_cc26xx_Timer_dynamicStub__E)
                  000085f8    00000020                  : BIOS.obj (.text:ti_sysbios_family_arm_cc26xx_TimestampProvider_Module_startup__E)
                  00008618    00000020                  : m3_Hwi_asm.obj (.text:ti_sysbios_family_arm_m3_Hwi_excHandlerAsm__I)
                  00008638    00000020                  : BIOS.obj (.text:ti_sysbios_family_arm_m3_Hwi_excHandler__I)
                  00008658    00000020     hello_pem3.oem3 (.text:ti_sysbios_gates_GateHwi_Object__delete__S)
                  00008678    00000020     hello_pem3.oem3 (.text:ti_sysbios_heaps_HeapMem_Object__delete__S)
                  00008698    00000020     sysbios.aem3 : BIOS.obj (.text:ti_sysbios_knl_Clock_Module_startup__E)
                  000086b8    00000020     hello_pem3.oem3 (.text:ti_sysbios_knl_Clock_destruct)
                  000086d8    00000020     sysbios.aem3 : BIOS.obj (.text:ti_sysbios_knl_Clock_getTicks__E)
                  000086f8    00000020                  : BIOS.obj (.text:ti_sysbios_knl_Clock_stop__E)
                  00008718    00000020                  : BIOS.obj (.text:ti_sysbios_knl_Idle_run__E)
                  00008738    00000020     hello_pem3.oem3 (.text:ti_sysbios_knl_Semaphore_destruct)
                  00008758    00000020     sysbios.aem3 : BIOS.obj (.text:ti_sysbios_knl_Task_restoreHwi__E)
                  00008778    00000020     hello_pem3.oem3 (.text:ti_uia_loggers_LoggerStopMode_Object__delete__S)
                  00008798    00000020     sysbios.aem3 : BIOS.obj (.text:xdc_runtime_Registry_findById__E)
                  000087b8    00000020                  : BIOS.obj (.text:xdc_runtime_SysMin_Module_startup__E)
                  000087d8    00000020     hello.obj (.text:xgWriteByte)
                  000087f8    0000001e     drivers_cc13x0.aem3 : PINCC26XX.oem3 (.text:PIN_close)
                  00008816    0000001e                         : PowerCC26XX.oem3 (.text:Power_getTransitionLatency)
                  00008834    0000001e     sysbios.aem3 : m3_Hwi_asm_switch.obj (.text:ti_sysbios_family_xxx_Hwi_switchAndRunFunc)
                  00008852    00000002     ti.uia.loggers.aem3 : LoggerStopMode.oem3 (.text:ti_uia_loggers_LoggerStopMode_setPriority__E)
                  00008854    0000001c     driverlib.lib : chipinfo.obj (.text:NOROM_ChipInfo_GetChipFamily)
                  00008870    0000001c                   : setup_rom.obj (.text:NOROM_SetupGetTrimForAmpcompTh2)
                  0000888c    0000001c                   : setup_rom.obj (.text:NOROM_SetupGetTrimForRcOscLfRtuneCtuneTrim)
                  000088a8    0000001c     drivers_cc13x0.aem3 : PINCC26XX.oem3 (.text:PINCC26XX_setIoCfgMux)
                  000088c4    0000001c                         : PINCC26XX.oem3 (.text:PIN_hwi)
                  000088e0    0000001c     hello_pem3.oem3 (.text:ti_sysbios_family_arm_m3_Hwi_destruct)
                  000088fc    0000001c     sysbios.aem3 : BIOS.obj (.text:ti_sysbios_family_arm_m3_Hwi_setPriority__E)
                  00008918    0000001c                  : BIOS.obj (.text:ti_sysbios_gates_GateMutex_Instance_init__E)
                  00008934    0000001c                  : BIOS.obj (.text:ti_sysbios_knl_Clock_scheduleNextTick__E)
                  00008950    0000001c     hello_pem3.oem3 (.text:ti_sysbios_knl_Queue_destruct)
                  0000896c    0000001c     sysbios.aem3 : BIOS.obj (.text:ti_sysbios_knl_Queue_put__E)
                  00008988    0000001c                  : BIOS.obj (.text:ti_sysbios_knl_Swi_construct2__E)
                  000089a4    0000001c     hello_pem3.oem3 (.text:ti_sysbios_knl_Swi_destruct)
                  000089c0    0000001c     sysbios.aem3 : BIOS.obj (.text:ti_sysbios_knl_Task_enter__I)
                  000089dc    0000001c     ti.uia.loggers.aem3 : LoggerStopMode.oem3 (.text:ti_uia_loggers_LoggerStopMode_Instance_init__E)
                  000089f8    0000001c     sysbios.aem3 : BIOS.obj (.text:xdc_runtime_Error_check__E)
                  00008a14    0000001c                  : BIOS.obj (.text:xdc_runtime_Error_raiseX__E)
                  00008a30    0000001c                  : BIOS.obj (.text:xdc_runtime_Memory_valloc__E)
                  00008a4c    0000001c                  : BIOS.obj (.text:xdc_runtime_SysMin_exit__E)
                  00008a68    0000001c                  : BIOS.obj (.text:xdc_runtime_System_abort__E)
                  00008a84    0000001a                  : m3_Hwi_asm.obj (.text:ti_sysbios_family_arm_m3_Hwi_pendSV__I)
                  00008a9e    00000002                  : BIOS.obj (.text:xdc_runtime_Error_policySpin__E)
                  00008aa0    00000018     CC1310_LAUNCHXL.obj (.text:CC1310_LAUNCHXL_initGeneral)
                  00008ab8    00000018     driverlib.lib : aon_rtc.obj (.text:NOROM_AONRTCCurrentCompareValueGet)
                  00008ad0    00000018                   : chipinfo.obj (.text:NOROM_ChipInfo_GetPackageType)
                  00008ae8    00000018                   : osc.obj (.text:NOROM_OSCHF_TurnOnXosc)
                  00008b00    00000018                   : setup_rom.obj (.text:NOROM_SetupGetTrimForAdcShModeEn)
                  00008b18    00000018                   : setup_rom.obj (.text:NOROM_SetupGetTrimForAdcShVbufEn)
                  00008b30    00000018                   : setup_rom.obj (.text:NOROM_SetupGetTrimForAmpcompTh1)
                  00008b48    00000018                   : setup_rom.obj (.text:NOROM_SetupGetTrimForDblrLoopFilterResetVoltage)
                  00008b60    00000018                   : setup_rom.obj (.text:NOROM_SetupGetTrimForRcOscLfIBiasTrim)
                  00008b78    00000018                   : setup_rom.obj (.text:NOROM_SetupGetTrimForXoscLfRegulatorAndCmirrwrRatio)
                  00008b90    00000018     drivers_cc13x0.aem3 : PowerCC26XX.oem3 (.text:Power_idleFunc)
                  00008ba8    00000018                         : UARTCC26XX.oem3 (.text:UARTCC26XX_init)
                  00008bc0    00000018                         : UART.oem3 (.text:UART_Params_init)
                  00008bd8    00000018                         : PowerCC26XX.oem3 (.text:configureRFCoreClocks)
                  00008bf0    00000018     hello_pem3.oem3 (.text:free)
                  00008c08    00000018     hello.obj (.text:mReadByte)
                  00008c20    00000018     rtsv7M3_T_le_eabi.lib : args_main.obj (.text)
                  00008c38    00000018                           : ll_mul_t2.obj (.text)
                  00008c50    00000018     hello_pem3.oem3 (.text:ti_sysbios_BIOS_rtsUnlock__I)
                  00008c68    00000018     hello_pem3.oem3 (.text:ti_sysbios_family_arm_cc26xx_Timer_Module__startupDone__F)
                  00008c80    00000018     sysbios.aem3 : BIOS.obj (.text:ti_sysbios_family_arm_cc26xx_TimestampProvider_get64__E)
                  00008c98    00000018     hello_pem3.oem3 (.text:ti_sysbios_family_arm_m3_Hwi_Module__startupDone__F)
                  00008cb0    00000018     sysbios.aem3 : BIOS.obj (.text:ti_sysbios_family_arm_m3_Hwi_plug__E)
                  00008cc8    00000018     hello_pem3.oem3 (.text:ti_sysbios_gates_GateHwi_Handle__label__S)
                  00008ce0    00000018     hello_pem3.oem3 (.text:ti_sysbios_gates_GateMutex_Handle__label__S)
                  00008cf8    00000018     sysbios.aem3 : BIOS.obj (.text:ti_sysbios_gates_GateMutex_leave__E)
                  00008d10    00000018     hello_pem3.oem3 (.text:ti_sysbios_heaps_HeapMem_Handle__label__S)
                  00008d28    00000018     sysbios.aem3 : BIOS.obj (.text:ti_sysbios_knl_Swi_or__E)
                  00008d40    00000018                  : BIOS.obj (.text:ti_sysbios_knl_Task_unblock__E)
                  00008d58    00000018     hello_pem3.oem3 (.text:ti_uia_loggers_LoggerStopMode_Handle__label__S)
                  00008d70    00000018     sysbios.aem3 : BIOS.obj (.text:xdc_runtime_Error_init__E)
                  00008d88    00000018                  : BIOS.obj (.text:xdc_runtime_System_exit__E)
                  00008da0    00000018                  : BIOS.obj (.text:xdc_runtime_Text_ropeText__E)
                  00008db8    00000018     hello.obj (.text:xgReadByte)
                  00008dd0    00000016     display.aem3 : DisplayUart.oem3 (.text:DisplayUartMin_close)
                  00008de6    00000016     drivers_cc13x0.aem3 : List.oem3 (.text:List_remove)
                  00008dfc    00000016     driverlib.lib : chipinfo.obj (.text:NOROM_ThisLibraryIsFor_CC13x0_HwRev20AndLater_HaltIfViolated)
                  00008e12    00000016     rtsv7M3_T_le_eabi.lib : strcpy.obj (.text)
                  00008e28    00000016     hello_pem3.oem3 (.text:ti_sysbios_BIOS_exitFunc__I)
                  00008e3e    00000016     sysbios.aem3 : BIOS.obj (.text:ti_sysbios_knl_Clock_Instance_finalize__E)
                  00008e54    00000016                  : BIOS.obj (.text:ti_sysbios_knl_Clock_start__E)
                  00008e6a    00000016     hello.obj (.text:ti_sysbios_knl_Task_Params_init)
                  00008e80    00000016     ti.uia.loggers.aem3 : LoggerStopMode.oem3 (.text:ti_uia_loggers_LoggerStopMode_disable__E)
                  00008e96    00000016                         : LoggerStopMode.oem3 (.text:ti_uia_loggers_LoggerStopMode_enable__E)
                  00008eac    00000014     driverlib.lib : aon_rtc.obj (.text:NOROM_AONRTCCurrent64BitValueGet)
                  00008ec0    00000014     drivers_cc13x0.aem3 : PINCC26XX.oem3 (.text:PINCC26XX_getOutputValue)
                  00008ed4    00000014     rtsv7M3_T_le_eabi.lib : _lock.obj (.text)
                  00008ee8    00000014                           : strlen.obj (.text)
                  00008efc    00000014     hello_pem3.oem3 (.text:ti_sysbios_family_arm_m3_Hwi_Object__get__S)
                  00008f10    00000014     sysbios.aem3 : BIOS.obj (.text:ti_sysbios_family_arm_m3_Hwi_switchFromBootStack__E)
                  00008f24    00000014     hello_pem3.oem3 (.text:ti_sysbios_heaps_HeapMem_Object__get__S)
                  00008f38    00000014     hello_pem3.oem3 (.text:ti_sysbios_knl_Clock_doTick__I)
                  00008f4c    00000014     hello_pem3.oem3 (.text:ti_sysbios_knl_Swi_Object__get__S)
                  00008f60    00000012     drivers_cc13x0.aem3 : RingBuf.oem3 (.text:RingBuf_construct)
                  00008f72    00000012     dpl_cc13x0.aem3 : SemaphoreP_tirtos.oem3 (.text:SemaphoreP_pend)
                  00008f84    00000012     sysbios.aem3 : BIOS.obj (.text:ti_sysbios_hal_Hwi_Module_startup__E)
                  00008f96    00000012     hello_pem3.oem3 (.text:xdc_runtime_Startup_exec__I)
                  00008fa8    00000010     dpl_cc13x0.aem3 : HwiP_tirtos.oem3 (.text:HwiP_Params_init)
                  00008fb8    00000010     drivers_cc13x0.aem3 : I2C.oem3 (.text:I2C_Params_init)
                  00008fc8    00000010     driverlib.lib : setup_rom.obj (.text:NOROM_SetupGetTrimForXoscHfFastStart)
                  00008fd8    00000010                   : setup_rom.obj (.text:NOROM_SetupGetTrimForXoscHfIbiastherm)
                  00008fe8    00000010     dpl_cc13x0.aem3 : SwiP_tirtos.oem3 (.text:SwiP_Params_init)
                  00008ff8    00000010     drivers_cc13x0.aem3 : I2CCC26XX.oem3 (.text:i2cPostNotify)
                  00009008    00000010     sysbios.aem3 : BIOS.obj (.text:ti_sysbios_BIOS_exit__E)
                  00009018    00000010                  : BIOS.obj (.text:ti_sysbios_BIOS_getCpuFreq__E)
                  00009028    00000010                  : BIOS.obj (.text:ti_sysbios_BIOS_setThreadType__E)
                  00009038    00000010                  : BIOS.obj (.text:ti_sysbios_BIOS_start__E)
                  00009048    00000010                  : m3_TaskSupport_asm.obj (.text:ti_sysbios_family_arm_m3_TaskSupport_glue)
                  00009058    00000010                  : m3_TaskSupport_asm.obj (.text:ti_sysbios_family_arm_m3_TaskSupport_swap__E)
                  00009068    00000010                  : BIOS.obj (.text:ti_sysbios_gates_GateMutex_Instance_finalize__E)
                  00009078    00000010                  : BIOS.obj (.text:ti_sysbios_knl_Semaphore_Instance_finalize__E)
                  00009088    00000010                  : BIOS.obj (.text:ti_sysbios_knl_Swi_disable__E)
                  00009098    00000010                  : BIOS.obj (.text:ti_sysbios_knl_Swi_enabled__E)
                  000090a8    00000010     hello_pem3.oem3 (.text:ti_sysbios_knl_Task_Object__get__S)
                  000090b8    00000010     sysbios.aem3 : BIOS.obj (.text:ti_sysbios_knl_Task_disable__E)
                  000090c8    00000010     hello_pem3.oem3 (.text:ti_uia_loggers_LoggerStopMode_Object__get__S)
                  000090d8    00000010     ti.uia.loggers.aem3 : LoggerStopMode.oem3 (.text:ti_uia_loggers_LoggerStopMode_isEmpty__E)
                  000090e8    00000010     drivers_cc13x0.aem3 : UARTCC26XX.oem3 (.text:uartPostNotify)
                  000090f8    00000010     sysbios.aem3 : BIOS.obj (.text:xdc_runtime_Gate_leaveSystem__E)
                  00009108    00000010                  : BIOS.obj (.text:xdc_runtime_Memory_free__E)
                  00009118    00000010                  : BIOS.obj (.text:xdc_runtime_SysMin_ready__E)
                  00009128    00000010                  : BIOS.obj (.text:xdc_runtime_System_vsnprintf__E)
                  00009138    0000000e     driverlib.lib : vims.obj (.text:NOROM_VIMSModeGet)
                  00009146    0000000e     rtsv7M3_T_le_eabi.lib : copy_decompress_none.obj (.text:decompress:none)
                  00009154    0000000e     sysbios.aem3 : BIOS.obj (.text:ti_sysbios_heaps_HeapMem_restore__E)
                  00009162    0000000e                  : BIOS.obj (.text:ti_sysbios_knl_Queue_empty__E)
                  00009170    0000000e                  : BIOS.obj (.text:ti_sysbios_knl_Queue_remove__E)
                  0000917e    0000000c     drivers_cc13x0.aem3 : List.oem3 (.text:List_empty)
                  0000918a    0000000c     driverlib.lib : cpu.obj (.text:NOROM_CPUcpsid)
                  00009196    0000000c                   : cpu.obj (.text:NOROM_CPUcpsie)
                  000091a2    0000000c                   : osc.obj (.text:NOROM_OSC_HPOSCRelativeFrequencyOffsetToRFCoreFormatConvert)
                  000091ae    0000000c     drivers_cc13x0.aem3 : PINCC26XX.oem3 (.text:PIN_registerIntCb)
                  000091ba    00000002     sysbios.aem3 : BIOS.obj (.text:xdc_runtime_System_abortSpin__E)
                  000091bc    0000000c     drivers_cc13x0.aem3 : PowerCC26XX.oem3 (.text:Power_getConstraintMask)
                  000091c8    0000000c                         : PowerCC26XX.oem3 (.text:Power_getDependencyCount)
                  000091d4    0000000c     dpl_cc13x0.aem3 : SemaphoreP_tirtos.oem3 (.text:SemaphoreP_delete)
                  000091e0    0000000c     rtsv7M3_T_le_eabi.lib : copy_zero_init.obj (.text:decompress:ZI)
                  000091ec    0000000c     hello_pem3.oem3 (.text:ti_sysbios_family_arm_m3_Hwi_Params__init__S)
                  000091f8    0000000c     sysbios.aem3 : BIOS.obj (.text:ti_sysbios_family_arm_m3_Hwi_disableFxn__E)
                  00009204    0000000c                  : BIOS.obj (.text:ti_sysbios_family_arm_m3_TaskSupport_getStackAlignment__E)
                  00009210    0000000c                  : BIOS.obj (.text:ti_sysbios_gates_GateHwi_enter__E)
                  0000921c    0000000c     hello_pem3.oem3 (.text:ti_sysbios_knl_Clock_Params__init__S)
                  00009228    0000000c     sysbios.aem3 : BIOS.obj (.text:ti_sysbios_knl_Clock_getTimerHandle__E)
                  00009234    0000000c     hello_pem3.oem3 (.text:ti_sysbios_knl_Queue_Object__get__S)
                  00009240    0000000c     sysbios.aem3 : BIOS.obj (.text:ti_sysbios_knl_Queue_dequeue__E)
                  0000924c    0000000c                  : BIOS.obj (.text:ti_sysbios_knl_Queue_enqueue__E)
                  00009258    0000000c     hello_pem3.oem3 (.text:ti_sysbios_knl_Semaphore_Params__init__S)
                  00009264    0000000c     hello.obj (.text:ti_sysbios_knl_Semaphore_handle)
                  00009270    0000000c     hello_pem3.oem3 (.text:ti_sysbios_knl_Swi_Params__init__S)
                  0000927c    0000000c     sysbios.aem3 : BIOS.obj (.text:ti_sysbios_knl_Swi_getTrigger__E)
                  00009288    0000000c     hello_pem3.oem3 (.text:ti_sysbios_knl_Task_Params__init__S)
                  00009294    0000000c     sysbios.aem3 : BIOS.obj (.text:ti_sysbios_knl_Task_self__E)
                  000092a0    0000000c                  : BIOS.obj (.text:xdc_runtime_Gate_enterSystem__E)
                  000092ac    0000000c                  : BIOS.obj (.text:xdc_runtime_Memory_calloc__E)
                  000092b8    0000000c                  : BIOS.obj (.text:xdc_runtime_Memory_getMaxDefaultTypeAlign__E)
                  000092c4    0000000c                  : BIOS.obj (.text:xdc_runtime_Startup_rtsDone__E)
                  000092d0    0000000a     drivers_cc13x0.aem3 : I2CCC26XX.oem3 (.text:I2CCC26XX_init)
                  000092da    0000000a                         : I2C.oem3 (.text:I2C_transfer)
                  000092e4    0000000a                         : UART.oem3 (.text:UART_close)
                  000092ee    0000000a                         : UART.oem3 (.text:UART_control)
                  000092f8    0000000a                         : UART.oem3 (.text:UART_write)
                  00009302    0000000a     hello_pem3.oem3 (.text:xdc_runtime_IHeap_alloc)
                  0000930c    0000000a     hello_pem3.oem3 (.text:xdc_runtime_IHeap_free)
                  00009316    00000008     drivers_cc13x0.aem3 : I2CCC26XX.oem3 (.text:I2CCC26XX_blockingCallback)
                  0000931e    00000008                         : UARTCC26XX.oem3 (.text:readSemCallback)
                  00009326    00000008     sysbios.aem3 : BIOS.obj (.text:ti_sysbios_family_arm_m3_Hwi_doSwiRestore__I)
                  0000932e    00000008                  : BIOS.obj (.text:ti_sysbios_family_arm_m3_Hwi_startup__E)
                  00009336    00000008                  : BIOS.obj (.text:ti_sysbios_knl_Idle_loop__E)
                  0000933e    00000008     drivers_cc13x0.aem3 : UARTCC26XX.oem3 (.text:writeSemCallback)
                  00009346    00000008     hello_pem3.oem3 (.text:xdc_runtime_Text_visitRope__I)
                  0000934e    00000006     dpl_cc13x0.aem3 : ClockP_tirtos.oem3 (.text:ClockP_Params_init)
                  00009354    00000006     display.aem3 : DisplayUart.oem3 (.text:DisplayUartMin_control)
                  0000935a    00000006                  : DisplayUart.oem3 (.text:DisplayUartMin_getType)
                  00009360    00000006     drivers_cc13x0.aem3 : I2CCC26XX.oem3 (.text:I2CCC26XX_control)
                  00009366    00000006     driverlib.lib : cpu.obj (.text:NOROM_CPUdelay)
                  0000936c    00000006     drivers_cc13x0.aem3 : UARTCC26XX.oem3 (.text:UARTCC26XX_readPolling)
                  00009372    00000006                         : UARTCC26XX.oem3 (.text:UARTCC26XX_writePolling)
                  00009378    00000006     sysbios.aem3 : BIOS.obj (.text:ti_sysbios_family_arm_m3_Hwi_doTaskRestore__I)
                  0000937e    00000006                  : BIOS.obj (.text:ti_sysbios_family_arm_m3_Hwi_restoreFxn__E)
                  00009384    00000006                  : BIOS.obj (.text:ti_sysbios_gates_GateHwi_leave__E)
                  0000938a    00000006                  : BIOS.obj (.text:ti_sysbios_heaps_HeapMem_isBlocking__E)
                  00009390    00000006                  : BIOS.obj (.text:ti_sysbios_knl_Queue_Instance_init__E)
                  00009396    00000006                  : BIOS.obj (.text:ti_sysbios_knl_Queue_elemClear__E)
                  0000939c    00000006                  : BIOS.obj (.text:ti_sysbios_knl_Swi_startup__E)
                  000093a2    00000006                  : BIOS.obj (.text:xdc_runtime_System_Module_startup__E)
                  000093a8    00000004     dpl_cc13x0.aem3 : PowerCC26XX_tirtos.oem3 (.text:CPUwfi)
                  000093ac    00000004                     : ClockP_tirtos.oem3 (.text:ClockP_destruct)
                  000093b0    00000004                     : ClockP_tirtos.oem3 (.text:ClockP_getCpuFreq)
                  000093b4    00000004                     : ClockP_tirtos.oem3 (.text:ClockP_setTimeout)
                  000093b8    00000004                     : ClockP_tirtos.oem3 (.text:ClockP_start)
                  000093bc    00000004                     : ClockP_tirtos.oem3 (.text:ClockP_stop)
                  000093c0    00000004                     : HwiP_tirtos.oem3 (.text:HwiP_destruct)
                  000093c4    00000004                     : HwiP_tirtos.oem3 (.text:HwiP_disable)
                  000093c8    00000004                     : HwiP_tirtos.oem3 (.text:HwiP_disableInterrupt)
                  000093cc    00000004                     : HwiP_tirtos.oem3 (.text:HwiP_enableInterrupt)
                  000093d0    00000004     drivers_cc13x0.aem3 : List.oem3 (.text:List_head)
                  000093d4    00000004                         : List.oem3 (.text:List_next)
                  000093d8    00000004     dpl_cc13x0.aem3 : SemaphoreP_tirtos.oem3 (.text:SemaphoreP_destruct)
                  000093dc    00000004                     : SemaphoreP_tirtos.oem3 (.text:SemaphoreP_post)
                  000093e0    00000004                     : SwiP_tirtos.oem3 (.text:SwiP_destruct)
                  000093e4    00000004                     : SwiP_tirtos.oem3 (.text:SwiP_disable)
                  000093e8    00000004                     : SwiP_tirtos.oem3 (.text:SwiP_getTrigger)
                  000093ec    00000004                     : SwiP_tirtos.oem3 (.text:SwiP_or)
                  000093f0    00000004                     : SwiP_tirtos.oem3 (.text:SwiP_post)
                  000093f4    00000004                     : SystemP_tirtos.oem3 (.text:SystemP_vsnprintf)
                  000093f8    00000004     drivers_cc13x0.aem3 : PowerCC26XX.oem3 (.text:nopResourceHandler)
                  000093fc    00000004     rtsv7M3_T_le_eabi.lib : error.obj (.text)
                  00009400    00000004     hello_pem3.oem3 (.text:ti_sysbios_BIOS_RtsGateProxy_enter__E)
                  00009404    00000004     hello_pem3.oem3 (.text:ti_sysbios_BIOS_RtsGateProxy_leave__E)
                  00009408    00000004     sysbios.aem3 : BIOS.obj (.text:ti_sysbios_family_arm_cc26xx_Timer_getCount64__E)
                  0000940c    00000004                  : BIOS.obj (.text:ti_sysbios_family_arm_cc26xx_Timer_setPeriod__E)
                  00009410    00000004     hello_pem3.oem3 (.text:ti_sysbios_family_arm_m3_TaskSupport_Module__startupDone__S)
                  00009414    00000004     sysbios.aem3 : BIOS.obj (.text:ti_sysbios_gates_GateHwi_query__E)
                  00009418    00000004                  : BIOS.obj (.text:ti_sysbios_gates_GateMutex_query__E)
                  0000941c    00000004     hello_pem3.oem3 (.text:ti_sysbios_heaps_HeapMem_Module_GateProxy_enter__E)
                  00009420    00000004     hello_pem3.oem3 (.text:ti_sysbios_heaps_HeapMem_Module_GateProxy_leave__E)
                  00009424    00000004     hello_pem3.oem3 (.text:ti_sysbios_knl_Clock_TimerProxy_getCurrentTick__E)
                  00009428    00000004     hello_pem3.oem3 (.text:ti_sysbios_knl_Clock_TimerProxy_getMaxTicks__E)
                  0000942c    00000004     hello_pem3.oem3 (.text:ti_sysbios_knl_Clock_TimerProxy_setNextTick__E)
                  00009430    00000004     sysbios.aem3 : BIOS.obj (.text:ti_sysbios_knl_Clock_removeI__E)
                  00009434    00000004                  : BIOS.obj (.text:ti_sysbios_knl_Clock_setTimeout__E)
                  00009438    00000004                  : BIOS.obj (.text:ti_sysbios_knl_Queue_head__E)
                  0000943c    00000004                  : BIOS.obj (.text:ti_sysbios_knl_Queue_next__E)
                  00009440    00000004     hello_pem3.oem3 (.text:ti_sysbios_knl_Semaphore_delete)
                  00009444    00000004     sysbios.aem3 : BIOS.obj (.text:ti_sysbios_knl_Swi_postInit__I)
                  00009448    00000004                  : BIOS.obj (.text:ti_sysbios_knl_Task_startup__E)
                  0000944c    00000004     ti.uia.loggers.aem3 : LoggerStopMode.oem3 (.text:ti_uia_loggers_LoggerStopMode_getContents__E)
                  00009450    00000004     hello_pem3.oem3 (.text:ti_uia_loggers_LoggerStopMode_getFilterLevel__E)
                  00009454    00000004     ti.uia.loggers.aem3 : LoggerStopMode.oem3 (.text:ti_uia_loggers_LoggerStopMode_getInstanceId__E)
                  00009458    00000004                         : LoggerStopMode.oem3 (.text:ti_uia_loggers_LoggerStopMode_getMaxLength__E)
                  0000945c    00000004                         : LoggerStopMode.oem3 (.text:ti_uia_loggers_LoggerStopMode_getPriority__E)
                  00009460    00000004                         : LoggerStopMode.oem3 (.text:ti_uia_loggers_LoggerStopMode_getTransferType__E)
                  00009464    00000004     hello_pem3.oem3 (.text:xdc_runtime_System_Module_GateProxy_enter__E)
                  00009468    00000004     hello_pem3.oem3 (.text:xdc_runtime_System_Module_GateProxy_leave__E)
                  0000946c    00000002     sysbios.aem3 : BIOS.obj (.text:xdc_runtime_System_exitSpin__E)

.const     0    00009470    000007d8     
                  00009470    00000060     hello_pem3.oem3 (.const:ti_uia_loggers_LoggerStopMode_Module__FXNS__C)
                  000094d0    0000004c     drivers_cc13x0.aem3 : PowerCC26XX.oem3 (.const:resourceDB)
                  0000951c    00000048     hello_pem3.oem3 (.const:.string)
                  00009564    00000040     drivers_cc13x0.aem3 : UARTCC26XX.oem3 (.const:$O1$$)
                  000095a4    0000003c     hello_pem3.oem3 (.const:ti_sysbios_knl_Task_Object__PARAMS__C)
                  000095e0    00000030     hello_pem3.oem3 (.const:ti_sysbios_family_arm_m3_Hwi_Object__PARAMS__C)
                  00009610    0000002c     CC1310_LAUNCHXL.obj (.const:BoardGpioInitTable)
                  0000963c    00000028     drivers_cc13x0.aem3 : UARTCC26XX.oem3 (.const:UARTCC26XX_fxnTable)
                  00009664    00000028     hello_pem3.oem3 (.const:ti_sysbios_heaps_HeapMem_Module__FXNS__C)
                  0000968c    00000028     hello_pem3.oem3 (.const:ti_sysbios_knl_Swi_Object__PARAMS__C)
                  000096b4    00000028     hello_pem3.oem3 (.const:ti_uia_loggers_LoggerStopMode_Object__PARAMS__C)
                  000096dc    00000028     hello_pem3.oem3 (.const:xdc_runtime_Startup_sfxnTab__A)
                  00009704    00000024     drivers_cc13x0.aem3 : UART.oem3 (.const:UART_defaultParams)
                  00009728    00000024     hello_pem3.oem3 (.const:ti_sysbios_gates_GateHwi_Module__FXNS__C)
                  0000974c    00000024     hello_pem3.oem3 (.const:ti_sysbios_gates_GateMutex_Module__FXNS__C)
                  00009770    00000024     hello_pem3.oem3 (.const:ti_sysbios_heaps_HeapMem_Object__PARAMS__C)
                  00009794    00000024     hello_pem3.oem3 (.const:ti_sysbios_knl_Clock_Object__PARAMS__C)
                  000097b8    00000024     hello_pem3.oem3 (.const:ti_sysbios_knl_Semaphore_Object__PARAMS__C)
                  000097dc    00000020     display.aem3 : DisplayUart.oem3 (.const:DisplayUartMin_fxnTable)
                  000097fc    00000020     hello_pem3.oem3 (.const:ti_sysbios_family_arm_m3_Hwi_Object__DESC__C)
                  0000981c    00000020     hello_pem3.oem3 (.const:ti_sysbios_gates_GateHwi_Object__DESC__C)
                  0000983c    00000020     hello_pem3.oem3 (.const:ti_sysbios_gates_GateMutex_Object__DESC__C)
                  0000985c    00000020     hello_pem3.oem3 (.const:ti_sysbios_heaps_HeapMem_Object__DESC__C)
                  0000987c    00000020     hello_pem3.oem3 (.const:ti_sysbios_knl_Clock_Object__DESC__C)
                  0000989c    00000020     hello_pem3.oem3 (.const:ti_sysbios_knl_Queue_Object__DESC__C)
                  000098bc    00000020     hello_pem3.oem3 (.const:ti_sysbios_knl_Semaphore_Object__DESC__C)
                  000098dc    00000020     hello_pem3.oem3 (.const:ti_sysbios_knl_Swi_Object__DESC__C)
                  000098fc    00000020     hello_pem3.oem3 (.const:ti_sysbios_knl_Task_Object__DESC__C)
                  0000991c    00000020     hello_pem3.oem3 (.const:ti_uia_loggers_LoggerStopMode_Object__DESC__C)
                  0000993c    00000020     CC1310_LAUNCHXL.obj (.const:uartCC26XXHWAttrs)
                  0000995c    00000018     drivers_cc13x0.aem3 : I2CCC26XX.oem3 (.const:I2CCC26XX_fxnTable)
                  00009974    00000018     CC1310_LAUNCHXL.obj (.const:i2cCC26xxHWAttrs)
                  0000998c    00000018     hello_pem3.oem3 (.const:ti_sysbios_gates_GateHwi_Object__PARAMS__C)
                  000099a4    00000018     hello_pem3.oem3 (.const:ti_sysbios_gates_GateMutex_Object__PARAMS__C)
                  000099bc    00000018     hello_pem3.oem3 (.const:ti_sysbios_knl_Queue_Object__PARAMS__C)
                  000099d4    00000014     CC1310_LAUNCHXL.obj (.const:displayUartHWAttrs)
                  000099e8    00000014     hello_pem3.oem3 (.const:xdc_runtime_Startup_sfxnRts__A)
                  000099fc    00000010     drivers_cc13x0.aem3 : I2C.oem3 (.const:I2C_defaultParams)
                  00009a0c    00000010     CC1310_LAUNCHXL.obj (.const:PowerCC26XX_config)
                  00009a1c    0000000c     CC1310_LAUNCHXL.obj (.const:Display_config)
                  00009a28    0000000c     CC1310_LAUNCHXL.obj (.const:I2C_config)
                  00009a34    0000000c     CC1310_LAUNCHXL.obj (.const:UART_config)
                  00009a40    0000000c     hello_pem3.oem3 (.const:xdc_runtime_Startup_firstFxns__A)
                  00009a4c    00000009     CC1310_LAUNCHXL.obj (.const)
                  00009a55    00000001     display.aem3 : Display.oem3 (.const:Display_defaultParams)
                  00009a56    00000002     hello_pem3.oem3 (.const:ti_sysbios_family_arm_cc26xx_TimestampProvider_useClockTimer__C)
                  00009a58    00000008     CC1310_LAUNCHXL.obj (.const:PINCC26XX_hwAttrs)
                  00009a60    00000008     drivers_cc13x0.aem3 : I2CCC26XX.oem3 (.const:bitRate)
                  00009a68    00000008     hello_pem3.oem3 (.const:ti_sysbios_knl_Idle_funcList__C)
                  00009a70    00000008     hello_pem3.oem3 (.const:xdc_runtime_Startup_firstFxns__C)
                  00009a78    00000008     hello_pem3.oem3 (.const:xdc_runtime_Startup_lastFxns__C)
                  00009a80    00000004     hello_pem3.oem3 (.const:ti_sysbios_family_arm_cc26xx_Timer_startupNeeded__C)
                  00009a84    00000004     hello_pem3.oem3 (.const:ti_sysbios_family_arm_m3_Hwi_E_alreadyDefined__C)
                  00009a88    00000004     hello_pem3.oem3 (.const:ti_sysbios_family_arm_m3_Hwi_LD_end__C)
                  00009a8c    00000004     hello_pem3.oem3 (.const:ti_sysbios_family_arm_m3_Hwi_LM_begin__C)
                  00009a90    00000004     hello_pem3.oem3 (.const:ti_sysbios_family_arm_m3_Hwi_Module__diagsEnabled__C)
                  00009a94    00000004     hello_pem3.oem3 (.const:ti_sysbios_family_arm_m3_Hwi_Module__diagsIncluded__C)
                  00009a98    00000004     hello_pem3.oem3 (.const:ti_sysbios_family_arm_m3_Hwi_Module__diagsMask__C)
                  00009a9c    00000004     hello_pem3.oem3 (.const:ti_sysbios_family_arm_m3_Hwi_Module__loggerFxn1__C)
                  00009aa0    00000004     hello_pem3.oem3 (.const:ti_sysbios_family_arm_m3_Hwi_Module__loggerFxn8__C)
                  00009aa4    00000004     hello_pem3.oem3 (.const:ti_sysbios_family_arm_m3_Hwi_Module__loggerObj__C)
                  00009aa8    00000004     hello_pem3.oem3 (.const:ti_sysbios_family_arm_m3_Hwi_NUM_INTERRUPTS__C)
                  00009aac    00000004     hello_pem3.oem3 (.const:ti_sysbios_family_arm_m3_Hwi_Object__count__C)
                  00009ab0    00000004     hello_pem3.oem3 (.const:ti_sysbios_family_arm_m3_Hwi_ccr__C)
                  00009ab4    00000004     hello_pem3.oem3 (.const:ti_sysbios_family_arm_m3_Hwi_excHandlerFunc__C)
                  00009ab8    00000004     hello_pem3.oem3 (.const:ti_sysbios_family_arm_m3_Hwi_nullIsrFunc__C)
                  00009abc    00000004     hello_pem3.oem3 (.const:ti_sysbios_family_arm_m3_Hwi_priGroup__C)
                  00009ac0    00000004     hello_pem3.oem3 (.const:ti_sysbios_family_arm_m3_Hwi_swiDisable__C)
                  00009ac4    00000004     hello_pem3.oem3 (.const:ti_sysbios_family_arm_m3_Hwi_swiRestoreHwi__C)
                  00009ac8    00000004     hello_pem3.oem3 (.const:ti_sysbios_family_arm_m3_TaskSupport_stackAlignment__C)
                  00009acc    00000004     hello_pem3.oem3 (.const:ti_sysbios_gates_GateMutex_Instance_State_sem__O)
                  00009ad0    00000004     hello_pem3.oem3 (.const:ti_sysbios_heaps_HeapMem_E_memory__C)
                  00009ad4    00000004     hello_pem3.oem3 (.const:ti_sysbios_heaps_HeapMem_Module__gateObj__C)
                  00009ad8    00000004     hello_pem3.oem3 (.const:ti_sysbios_heaps_HeapMem_Object__count__C)
                  00009adc    00000004     hello_pem3.oem3 (.const:ti_sysbios_heaps_HeapMem_primaryHeapBaseAddr__C)
                  00009ae0    00000004     hello_pem3.oem3 (.const:ti_sysbios_heaps_HeapMem_primaryHeapEndAddr__C)
                  00009ae4    00000004     hello_pem3.oem3 (.const:ti_sysbios_heaps_HeapMem_reqAlign__C)
                  00009ae8    00000004     hello_pem3.oem3 (.const:ti_sysbios_knl_Clock_LM_begin__C)
                  00009aec    00000004     hello_pem3.oem3 (.const:ti_sysbios_knl_Clock_LM_tick__C)
                  00009af0    00000004     hello_pem3.oem3 (.const:ti_sysbios_knl_Clock_Module_State_clockQ__O)
                  00009af4    00000004     hello_pem3.oem3 (.const:ti_sysbios_knl_Clock_Module__diagsEnabled__C)
                  00009af8    00000004     hello_pem3.oem3 (.const:ti_sysbios_knl_Clock_Module__diagsIncluded__C)
                  00009afc    00000004     hello_pem3.oem3 (.const:ti_sysbios_knl_Clock_Module__diagsMask__C)
                  00009b00    00000004     hello_pem3.oem3 (.const:ti_sysbios_knl_Clock_Module__loggerFxn1__C)
                  00009b04    00000004     hello_pem3.oem3 (.const:ti_sysbios_knl_Clock_Module__loggerFxn2__C)
                  00009b08    00000004     hello_pem3.oem3 (.const:ti_sysbios_knl_Clock_Module__loggerObj__C)
                  00009b0c    00000004     hello_pem3.oem3 (.const:ti_sysbios_knl_Clock_tickPeriod__C)
                  00009b10    00000004     hello_pem3.oem3 (.const:ti_sysbios_knl_Clock_triggerClock__C)
                  00009b14    00000004     hello_pem3.oem3 (.const:ti_sysbios_knl_Idle_funcList__A)
                  00009b18    00000004     hello_pem3.oem3 (.const:ti_sysbios_knl_Semaphore_Instance_State_pendQ__O)
                  00009b1c    00000004     hello_pem3.oem3 (.const:ti_sysbios_knl_Semaphore_LM_pend__C)
                  00009b20    00000004     hello_pem3.oem3 (.const:ti_sysbios_knl_Semaphore_LM_post__C)
                  00009b24    00000004     hello_pem3.oem3 (.const:ti_sysbios_knl_Semaphore_Module__diagsEnabled__C)
                  00009b28    00000004     hello_pem3.oem3 (.const:ti_sysbios_knl_Semaphore_Module__diagsIncluded__C)
                  00009b2c    00000004     hello_pem3.oem3 (.const:ti_sysbios_knl_Semaphore_Module__diagsMask__C)
                  00009b30    00000004     hello_pem3.oem3 (.const:ti_sysbios_knl_Semaphore_Module__loggerFxn2__C)
                  00009b34    00000004     hello_pem3.oem3 (.const:ti_sysbios_knl_Semaphore_Module__loggerFxn4__C)
                  00009b38    00000004     hello_pem3.oem3 (.const:ti_sysbios_knl_Semaphore_Module__loggerObj__C)
                  00009b3c    00000004     hello_pem3.oem3 (.const:ti_sysbios_knl_Swi_LD_end__C)
                  00009b40    00000004     hello_pem3.oem3 (.const:ti_sysbios_knl_Swi_LM_begin__C)
                  00009b44    00000004     hello_pem3.oem3 (.const:ti_sysbios_knl_Swi_LM_post__C)
                  00009b48    00000004     hello_pem3.oem3 (.const:ti_sysbios_knl_Swi_Module__diagsEnabled__C)
                  00009b4c    00000004     hello_pem3.oem3 (.const:ti_sysbios_knl_Swi_Module__diagsIncluded__C)
                  00009b50    00000004     hello_pem3.oem3 (.const:ti_sysbios_knl_Swi_Module__diagsMask__C)
                  00009b54    00000004     hello_pem3.oem3 (.const:ti_sysbios_knl_Swi_Module__loggerFxn1__C)
                  00009b58    00000004     hello_pem3.oem3 (.const:ti_sysbios_knl_Swi_Module__loggerFxn4__C)
                  00009b5c    00000004     hello_pem3.oem3 (.const:ti_sysbios_knl_Swi_Module__loggerObj__C)
                  00009b60    00000004     hello_pem3.oem3 (.const:ti_sysbios_knl_Swi_Object__count__C)
                  00009b64    00000004     hello_pem3.oem3 (.const:ti_sysbios_knl_Task_LD_block__C)
                  00009b68    00000004     hello_pem3.oem3 (.const:ti_sysbios_knl_Task_LD_exit__C)
                  00009b6c    00000004     hello_pem3.oem3 (.const:ti_sysbios_knl_Task_LD_ready__C)
                  00009b70    00000004     hello_pem3.oem3 (.const:ti_sysbios_knl_Task_LM_switch__C)
                  00009b74    00000004     hello_pem3.oem3 (.const:ti_sysbios_knl_Task_Module_State_inactiveQ__O)
                  00009b78    00000004     hello_pem3.oem3 (.const:ti_sysbios_knl_Task_Module__diagsEnabled__C)
                  00009b7c    00000004     hello_pem3.oem3 (.const:ti_sysbios_knl_Task_Module__diagsIncluded__C)
                  00009b80    00000004     hello_pem3.oem3 (.const:ti_sysbios_knl_Task_Module__diagsMask__C)
                  00009b84    00000004     hello_pem3.oem3 (.const:ti_sysbios_knl_Task_Module__loggerFxn2__C)
                  00009b88    00000004     hello_pem3.oem3 (.const:ti_sysbios_knl_Task_Module__loggerFxn4__C)
                  00009b8c    00000004     hello_pem3.oem3 (.const:ti_sysbios_knl_Task_Module__loggerObj__C)
                  00009b90    00000004     hello_pem3.oem3 (.const:ti_sysbios_knl_Task_Object__count__C)
                  00009b94    00000004     hello_pem3.oem3 (.const:ti_sysbios_knl_Task_allBlockedFunc__C)
                  00009b98    00000004     hello_pem3.oem3 (.const:ti_sysbios_knl_Task_defaultStackHeap__C)
                  00009b9c    00000004     hello_pem3.oem3 (.const:ti_sysbios_knl_Task_defaultStackSize__C)
                  00009ba0    00000004     hello_pem3.oem3 (.const:ti_sysbios_knl_Task_numConstructedTasks__C)
                  00009ba4    00000004     hello_pem3.oem3 (.const:ti_uia_loggers_LoggerStopMode_Module__diagsEnabled__C)
                  00009ba8    00000004     hello_pem3.oem3 (.const:ti_uia_loggers_LoggerStopMode_Module__diagsIncluded__C)
                  00009bac    00000004     hello_pem3.oem3 (.const:ti_uia_loggers_LoggerStopMode_Module__diagsMask__C)
                  00009bb0    00000004     hello_pem3.oem3 (.const:ti_uia_loggers_LoggerStopMode_Object__count__C)
                  00009bb4    00000004     hello_pem3.oem3 (.const:ti_uia_runtime_ILoggerSnapshot_Interface__BASE__C)
                  00009bb8    00000004     hello_pem3.oem3 (.const:ti_uia_runtime_IUIATransfer_Interface__BASE__C)
                  00009bbc    00000004     hello_pem3.oem3 (.const:xdc_runtime_Assert_E_assertFailed__C)
                  00009bc0    00000004     hello_pem3.oem3 (.const:xdc_runtime_Error_E_memory__C)
                  00009bc4    00000004     hello_pem3.oem3 (.const:xdc_runtime_Error_policyFxn__C)
                  00009bc8    00000004     hello_pem3.oem3 (.const:xdc_runtime_IFilterLogger_Interface__BASE__C)
                  00009bcc    00000004     hello_pem3.oem3 (.const:xdc_runtime_IGateProvider_Interface__BASE__C)
                  00009bd0    00000004     hello_pem3.oem3 (.const:xdc_runtime_IHeap_Interface__BASE__C)
                  00009bd4    00000004     hello_pem3.oem3 (.const:xdc_runtime_ILogger_Interface__BASE__C)
                  00009bd8    00000004     hello_pem3.oem3 (.const:xdc_runtime_IModule_Interface__BASE__C)
                  00009bdc    00000004     hello_pem3.oem3 (.const:xdc_runtime_Memory_defaultHeapInstance__C)
                  00009be0    00000004     hello_pem3.oem3 (.const:xdc_runtime_Startup_execImpl__C)
                  00009be4    00000004     hello_pem3.oem3 (.const:xdc_runtime_Startup_maxPasses__C)
                  00009be8    00000004     hello_pem3.oem3 (.const:xdc_runtime_Startup_sfxnRts__C)
                  00009bec    00000004     hello_pem3.oem3 (.const:xdc_runtime_Startup_sfxnTab__C)
                  00009bf0    00000004     hello_pem3.oem3 (.const:xdc_runtime_SysMin_bufSize__C)
                  00009bf4    00000004     hello_pem3.oem3 (.const:xdc_runtime_SysMin_outputFunc__C)
                  00009bf8    00000004     hello_pem3.oem3 (.const:xdc_runtime_System_Module__gateObj__C)
                  00009bfc    00000004     hello_pem3.oem3 (.const:xdc_runtime_System_abortFxn__C)
                  00009c00    00000004     hello_pem3.oem3 (.const:xdc_runtime_System_exitFxn__C)
                  00009c04    00000004     hello_pem3.oem3 (.const:xdc_runtime_System_extendFxn__C)
                  00009c08    00000004     hello_pem3.oem3 (.const:xdc_runtime_System_maxAtexitHandlers__C)
                  00009c0c    00000004     hello_pem3.oem3 (.const:xdc_runtime_Text_charTab__C)
                  00009c10    00000004     hello_pem3.oem3 (.const:xdc_runtime_Text_nameEmpty__C)
                  00009c14    00000004     hello_pem3.oem3 (.const:xdc_runtime_Text_nameStatic__C)
                  00009c18    00000004     hello_pem3.oem3 (.const:xdc_runtime_Text_nameUnknown__C)
                  00009c1c    00000004     hello_pem3.oem3 (.const:xdc_runtime_Text_visitRopeFxn__C)
                  00009c20    00000002     hello_pem3.oem3 (.const:ti_sysbios_family_arm_m3_Hwi_Module__id__C)
                  00009c22    00000002     hello_pem3.oem3 (.const:ti_sysbios_family_arm_m3_Hwi_Module__loggerDefined__C)
                  00009c24    00000002     hello_pem3.oem3 (.const:ti_sysbios_heaps_HeapMem_Module__id__C)
                  00009c26    00000002     hello_pem3.oem3 (.const:ti_sysbios_knl_Clock_Module__id__C)
                  00009c28    00000002     hello_pem3.oem3 (.const:ti_sysbios_knl_Clock_Module__loggerDefined__C)
                  00009c2a    00000002     hello_pem3.oem3 (.const:ti_sysbios_knl_Semaphore_Module__id__C)
                  00009c2c    00000002     hello_pem3.oem3 (.const:ti_sysbios_knl_Semaphore_Module__loggerDefined__C)
                  00009c2e    00000002     hello_pem3.oem3 (.const:ti_sysbios_knl_Swi_Module__id__C)
                  00009c30    00000002     hello_pem3.oem3 (.const:ti_sysbios_knl_Swi_Module__loggerDefined__C)
                  00009c32    00000002     hello_pem3.oem3 (.const:ti_sysbios_knl_Task_Module__id__C)
                  00009c34    00000002     hello_pem3.oem3 (.const:ti_sysbios_knl_Task_Module__loggerDefined__C)
                  00009c36    00000002     hello_pem3.oem3 (.const:ti_uia_loggers_LoggerStopMode_Module__id__C)
                  00009c38    00000002     hello_pem3.oem3 (.const:ti_uia_loggers_LoggerStopMode_isTimestampEnabled__C)
                  00009c3a    00000002     hello_pem3.oem3 (.const:xdc_runtime_Memory_Module__id__C)
                  00009c3c    00000002     hello_pem3.oem3 (.const:xdc_runtime_SysMin_flushAtExit__C)
                  00009c3e    00000002     hello_pem3.oem3 (.const:xdc_runtime_Text_charCnt__C)
                  00009c40    00000002     hello_pem3.oem3 (.const:xdc_runtime_Text_isLoaded__C)
                  00009c42    00000002     hello_pem3.oem3 (.const:xdc_runtime_Text_registryModsLastId__C)
                  00009c44    00000002     hello_pem3.oem3 (.const:xdc_runtime_Text_unnamedModsLastId__C)
                  00009c46    00000001     hello_pem3.oem3 (.const:xdc_runtime_Error_policy__C)
                  00009c47    00000001     hello_pem3.oem3 (.const:xdc_runtime_Text_charTab__A)

.cinit     0    00009c48    000001c0     
                  00009c48    0000019c     (.cinit..data.load) [load image, compression = lzss]
                  00009de4    0000000c     (__TI_handler_table)
                  00009df0    00000008     (.cinit..bss.load) [load image, compression = zero_init]
                  00009df8    00000010     (__TI_cinit_table)

.init_array 
*          0    00000000    00000000     UNINITIALIZED

.ccfg      0    0001ffa8    00000058     
                  0001ffa8    00000058     ccfg.obj (.ccfg:retain)

.bss       0    20000100    00002c56     UNINITIALIZED
                  20000100    00000800     hello.obj (.bss:calibrationTaskStack)
                  20000900    00000800     hello.obj (.bss:initializationTaskStack)
                  20001100    00000800     hello.obj (.bss:magTaskStack)
                  20001900    00000400     (.common:ti_uia_loggers_LoggerStopMode_Instance_State_0_packetArray__A)
                  20001d00    00000400     (.common:ti_uia_loggers_LoggerStopMode_Instance_State_1_packetArray__A)
                  20002100    00000200     hello_pem3.oem3 (.bss:taskStackSection)
                  20002300    00000200     (.common:xdc_runtime_SysMin_Module_State_0_outbuf__A)
                  20002500    0000012c     (.common:uartCC26XXObjects)
                  2000262c    00000120     rtsv7M3_T_le_eabi.lib : trgmsg.obj (.bss:_CIOBUF_)
                  2000274c    00000110     drivers_cc13x0.aem3 : PINCC26XX.oem3 (.bss:$O1$$)
                  2000285c    000000e0     (.common:i2cCC26xxObjects)
                  2000293c    000000c8     (.common:ti_sysbios_family_arm_m3_Hwi_dispatchTable)
                  20002a04    00000080     CC1310_LAUNCHXL.obj (.bss:uartStringBuf)
                  20002a84    00000050     (.common:calibrationTask)
                  20002ad4    00000050     (.common:initializationTask)
                  20002b24    00000050     (.common:magTask)
                  20002b74    0000000c     hello.obj (.bss:pinState)
                  20002b80    00000030     (.common:ti_uia_loggers_LoggerStopMode_Instance_State_0_hdr__A)
                  20002bb0    00000026     (.common:settings)
                  20002bd6    00000002     drivers_cc13x0.aem3 : UARTCC26XX.oem3 (.bss)
                  20002bd8    0000001c     rtsv7M3_T_le_eabi.lib : vla_alloc.obj (.bss:$O1$$)
                  20002bf4    0000000c     (.common:aBias)
                  20002c00    00000030     (.common:ti_uia_loggers_LoggerStopMode_Instance_State_1_hdr__A)
                  20002c30    0000001c     hello.obj (.bss:calibSemaphore)
                  20002c4c    0000001c     hello.obj (.bss:initSemaphore)
                  20002c68    0000001c     hello.obj (.bss:magSemaphore)
                  20002c84    0000001c     (.common:i2cTransaction)
                  20002ca0    00000014     hello.obj (.bss)
                  20002cb4    00000014     driverlib.lib : osc.obj (.bss:oscHfGlobals)
                  20002cc8    00000010     (.common:i2cParams)
                  20002cd8    0000000c     (.common:displayUartObject)
                  20002ce4    0000000c     (.common:gBias)
                  20002cf0    0000000c     (.common:mBias)
                  20002cfc    00000008     dpl_cc13x0.aem3 : PowerCC26XX_tirtos.oem3 (.bss:$O1$$)
                  20002d04    00000008     rtsv7M3_T_le_eabi.lib : trgdrv.obj (.bss:parmbuf)
                  20002d0c    00000008     driverlib.lib : sys_ctrl.obj (.bss:powerQualGlobals)
                  20002d14    00000008     (.common:aBiasRaw)
                  20002d1c    00000008     (.common:gBiasRaw)
                  20002d24    00000008     (.common:mBiasRaw)
                  20002d2c    00000004     (.common:ClockP_tickPeriod)
[...]
000099a4  ti_sysbios_gates_GateMutex_Object__PARAMS__C                    
000099bc  ti_sysbios_knl_Queue_Object__PARAMS__C                          
000099d4  displayUartHWAttrs                                              
000099e8  xdc_runtime_Startup_sfxnRts__A                                  
000099fc  I2C_defaultParams                                               
00009a0c  PowerCC26XX_config                                              
00009a1c  Display_config                                                  
00009a28  I2C_config                                                      
00009a34  UART_config                                                     
00009a40  xdc_runtime_Startup_firstFxns__A                                
00009a4c  ADCBuf_count                                                    
00009a4d  ADC_count                                                       
00009a4e  Display_count                                                   
00009a4f  I2C_count                                                       
00009a50  NVS_count                                                       
00009a51  PWM_count                                                       
00009a52  SPI_count                                                       
00009a53  UART_count                                                      
00009a54  Watchdog_count                                                  
00009a55  Display_defaultParams                                           
00009a56  ti_sysbios_family_arm_cc26xx_TimestampProvider_useClockTimer__C 
00009a58  PINCC26XX_hwAttrs                                               
00009a68  ti_sysbios_knl_Idle_funcList__C                                 
00009a70  xdc_runtime_Startup_firstFxns__C                                
00009a78  xdc_runtime_Startup_lastFxns__C                                 
00009a80  ti_sysbios_family_arm_cc26xx_Timer_startupNeeded__C             
00009a84  ti_sysbios_family_arm_m3_Hwi_E_alreadyDefined__C                
00009a88  ti_sysbios_family_arm_m3_Hwi_LD_end__C                          
00009a8c  ti_sysbios_family_arm_m3_Hwi_LM_begin__C                        
00009a90  ti_sysbios_family_arm_m3_Hwi_Module__diagsEnabled__C            
00009a94  ti_sysbios_family_arm_m3_Hwi_Module__diagsIncluded__C           
00009a98  ti_sysbios_family_arm_m3_Hwi_Module__diagsMask__C               
00009a9c  ti_sysbios_family_arm_m3_Hwi_Module__loggerFxn1__C              
00009aa0  ti_sysbios_family_arm_m3_Hwi_Module__loggerFxn8__C              
00009aa4  ti_sysbios_family_arm_m3_Hwi_Module__loggerObj__C               
00009aa8  ti_sysbios_family_arm_m3_Hwi_NUM_INTERRUPTS__C                  
00009aac  ti_sysbios_family_arm_m3_Hwi_Object__count__C                   
00009ab0  ti_sysbios_family_arm_m3_Hwi_ccr__C                             
00009ab4  ti_sysbios_family_arm_m3_Hwi_excHandlerFunc__C                  
00009ab8  ti_sysbios_family_arm_m3_Hwi_nullIsrFunc__C                     
00009abc  ti_sysbios_family_arm_m3_Hwi_priGroup__C                        
00009ac0  ti_sysbios_family_arm_m3_Hwi_swiDisable__C                      
00009ac4  ti_sysbios_family_arm_m3_Hwi_swiRestoreHwi__C                   
00009ac8  ti_sysbios_family_arm_m3_TaskSupport_stackAlignment__C          
00009acc  ti_sysbios_gates_GateMutex_Instance_State_sem__O                
00009ad0  ti_sysbios_heaps_HeapMem_E_memory__C                            
00009ad4  ti_sysbios_heaps_HeapMem_Module__gateObj__C                     
00009ad8  ti_sysbios_heaps_HeapMem_Object__count__C                       
00009adc  ti_sysbios_heaps_HeapMem_primaryHeapBaseAddr__C                 
00009ae0  ti_sysbios_heaps_HeapMem_primaryHeapEndAddr__C                  
00009ae4  ti_sysbios_heaps_HeapMem_reqAlign__C                            
00009ae8  ti_sysbios_knl_Clock_LM_begin__C                                
00009aec  ti_sysbios_knl_Clock_LM_tick__C                                 
00009af0  ti_sysbios_knl_Clock_Module_State_clockQ__O                     
00009af4  ti_sysbios_knl_Clock_Module__diagsEnabled__C                    
00009af8  ti_sysbios_knl_Clock_Module__diagsIncluded__C                   
00009afc  ti_sysbios_knl_Clock_Module__diagsMask__C                       
00009b00  ti_sysbios_knl_Clock_Module__loggerFxn1__C                      
00009b04  ti_sysbios_knl_Clock_Module__loggerFxn2__C                      
00009b08  ti_sysbios_knl_Clock_Module__loggerObj__C                       
00009b0c  ti_sysbios_knl_Clock_tickPeriod__C                              
00009b10  ti_sysbios_knl_Clock_triggerClock__C                            
00009b14  ti_sysbios_knl_Idle_funcList__A                                 
00009b18  ti_sysbios_knl_Semaphore_Instance_State_pendQ__O                
00009b1c  ti_sysbios_knl_Semaphore_LM_pend__C                             
00009b20  ti_sysbios_knl_Semaphore_LM_post__C                             
00009b24  ti_sysbios_knl_Semaphore_Module__diagsEnabled__C                
00009b28  ti_sysbios_knl_Semaphore_Module__diagsIncluded__C               
00009b2c  ti_sysbios_knl_Semaphore_Module__diagsMask__C                   
00009b30  ti_sysbios_knl_Semaphore_Module__loggerFxn2__C                  
00009b34  ti_sysbios_knl_Semaphore_Module__loggerFxn4__C                  
00009b38  ti_sysbios_knl_Semaphore_Module__loggerObj__C                   
00009b3c  ti_sysbios_knl_Swi_LD_end__C                                    
00009b40  ti_sysbios_knl_Swi_LM_begin__C                                  
00009b44  ti_sysbios_knl_Swi_LM_post__C                                   
00009b48  ti_sysbios_knl_Swi_Module__diagsEnabled__C                      
00009b4c  ti_sysbios_knl_Swi_Module__diagsIncluded__C                     
00009b50  ti_sysbios_knl_Swi_Module__diagsMask__C                         
00009b54  ti_sysbios_knl_Swi_Module__loggerFxn1__C                        
00009b58  ti_sysbios_knl_Swi_Module__loggerFxn4__C                        
00009b5c  ti_sysbios_knl_Swi_Module__loggerObj__C                         
00009b60  ti_sysbios_knl_Swi_Object__count__C                             
00009b64  ti_sysbios_knl_Task_LD_block__C                                 
00009b68  ti_sysbios_knl_Task_LD_exit__C                                  
00009b6c  ti_sysbios_knl_Task_LD_ready__C                                 
00009b70  ti_sysbios_knl_Task_LM_switch__C                                
00009b74  ti_sysbios_knl_Task_Module_State_inactiveQ__O                   
00009b78  ti_sysbios_knl_Task_Module__diagsEnabled__C                     
00009b7c  ti_sysbios_knl_Task_Module__diagsIncluded__C                    
00009b80  ti_sysbios_knl_Task_Module__diagsMask__C                        
00009b84  ti_sysbios_knl_Task_Module__loggerFxn2__C                       
00009b88  ti_sysbios_knl_Task_Module__loggerFxn4__C                       
00009b8c  ti_sysbios_knl_Task_Module__loggerObj__C                        
00009b90  ti_sysbios_knl_Task_Object__count__C                            
00009b94  ti_sysbios_knl_Task_allBlockedFunc__C                           
00009b98  ti_sysbios_knl_Task_defaultStackHeap__C                         
00009b9c  ti_sysbios_knl_Task_defaultStackSize__C                         
00009ba0  ti_sysbios_knl_Task_numConstructedTasks__C                      
00009ba4  ti_uia_loggers_LoggerStopMode_Module__diagsEnabled__C           
00009ba8  ti_uia_loggers_LoggerStopMode_Module__diagsIncluded__C          
00009bac  ti_uia_loggers_LoggerStopMode_Module__diagsMask__C              
00009bb0  ti_uia_loggers_LoggerStopMode_Object__count__C                  
00009bb4  ti_uia_runtime_ILoggerSnapshot_Interface__BASE__C               
00009bb8  ti_uia_runtime_IUIATransfer_Interface__BASE__C                  
00009bbc  xdc_runtime_Assert_E_assertFailed__C                            
00009bc0  xdc_runtime_Error_E_memory__C                                   
00009bc4  xdc_runtime_Error_policyFxn__C                                  
00009bc8  xdc_runtime_IFilterLogger_Interface__BASE__C                    
00009bcc  xdc_runtime_IGateProvider_Interface__BASE__C                    
00009bd0  xdc_runtime_IHeap_Interface__BASE__C                            
00009bd4  xdc_runtime_ILogger_Interface__BASE__C                          
00009bd8  xdc_runtime_IModule_Interface__BASE__C                          
00009bdc  xdc_runtime_Memory_defaultHeapInstance__C                       
00009be0  xdc_runtime_Startup_execImpl__C                                 
00009be4  xdc_runtime_Startup_maxPasses__C                                
00009be8  xdc_runtime_Startup_sfxnRts__C                                  
00009bec  xdc_runtime_Startup_sfxnTab__C                                  
00009bf0  xdc_runtime_SysMin_bufSize__C                                   
00009bf4  xdc_runtime_SysMin_outputFunc__C                                
00009bf8  xdc_runtime_System_Module__gateObj__C                           
00009bfc  xdc_runtime_System_abortFxn__C                                  
00009c00  xdc_runtime_System_exitFxn__C                                   
00009c04  xdc_runtime_System_extendFxn__C                                 
00009c08  xdc_runtime_System_maxAtexitHandlers__C                         
00009c0c  xdc_runtime_Text_charTab__C                                     
00009c10  xdc_runtime_Text_nameEmpty__C                                   
00009c14  xdc_runtime_Text_nameStatic__C                                  
00009c18  xdc_runtime_Text_nameUnknown__C                                 
00009c1c  xdc_runtime_Text_visitRopeFxn__C                                
00009c20  ti_sysbios_family_arm_m3_Hwi_Module__id__C                      
00009c22  ti_sysbios_family_arm_m3_Hwi_Module__loggerDefined__C           
00009c24  ti_sysbios_heaps_HeapMem_Module__id__C                          
00009c26  ti_sysbios_knl_Clock_Module__id__C                              
00009c28  ti_sysbios_knl_Clock_Module__loggerDefined__C                   
00009c2a  ti_sysbios_knl_Semaphore_Module__id__C                          
00009c2c  ti_sysbios_knl_Semaphore_Module__loggerDefined__C               
00009c2e  ti_sysbios_knl_Swi_Module__id__C                                
00009c30  ti_sysbios_knl_Swi_Module__loggerDefined__C                     
00009c32  ti_sysbios_knl_Task_Module__id__C                               
00009c34  ti_sysbios_knl_Task_Module__loggerDefined__C                    
00009c36  ti_uia_loggers_LoggerStopMode_Module__id__C                     
00009c38  ti_uia_loggers_LoggerStopMode_isTimestampEnabled__C             
00009c3a  xdc_runtime_Memory_Module__id__C                                
00009c3c  xdc_runtime_SysMin_flushAtExit__C                               
00009c3e  xdc_runtime_Text_charCnt__C                                     
00009c40  xdc_runtime_Text_isLoaded__C                                    
00009c42  xdc_runtime_Text_registryModsLastId__C                          
00009c44  xdc_runtime_Text_unnamedModsLastId__C                           
00009c46  xdc_runtime_Error_policy__C                                     
00009c47  xdc_runtime_Text_charTab__A                                     
00009c48  __TI_static_base__                                              
00009de4  __TI_Handler_Table_Base                                         
00009df0  __TI_Handler_Table_Limit                                        
00009df8  __TI_CINIT_Base                                                 
00009e08  __TI_CINIT_Limit                                                
0001ffa8  __ccfg                                                          
20000000  ti_sysbios_family_arm_m3_Hwi_ramVectors                         
20001900  ti_uia_loggers_LoggerStopMode_Instance_State_0_packetArray__A   
20001d00  ti_uia_loggers_LoggerStopMode_Instance_State_1_packetArray__A   
20002100  ti_sysbios_knl_Task_Instance_State_0_stack__A                   
20002300  xdc_runtime_SysMin_Module_State_0_outbuf__A                     
20002500  uartCC26XXObjects                                               
2000262c  __CIOBUF_                                                       
2000274c  PIN_NumPins                                                     
200027e0  PIN_HandleTable                                                 
2000285c  i2cCC26xxObjects                                                
2000293c  ti_sysbios_family_arm_m3_Hwi_dispatchTable                      
20002a84  calibrationTask                                                 
20002ad4  initializationTask                                              
20002b24  magTask                                                         
20002b80  ti_uia_loggers_LoggerStopMode_Instance_State_0_hdr__A           
20002bb0  settings                                                        
20002bf4  aBias                                                           
20002c00  ti_uia_loggers_LoggerStopMode_Instance_State_1_hdr__A           
20002c84  i2cTransaction                                                  
20002cc8  i2cParams                                                       
20002cd8  displayUartObject                                               
20002ce4  gBias                                                           
20002cf0  mBias                                                           
20002cfc  PowerCC26XX_taskKey                                             
20002d00  PowerCC26XX_swiKey                                              
20002d14  aBiasRaw                                                        
20002d1c  gBiasRaw                                                        
20002d24  mBiasRaw                                                        
20002d2c  ClockP_tickPeriod                                               
20002d30  aRes                                                            
20002d34  gRes                                                            
20002d38  i2c                                                             
20002d3c  mRes                                                            
20002d40  ax                                                              
20002d42  ay                                                              
20002d44  az                                                              
20002d46  gx                                                              
20002d48  gy                                                              
20002d4a  gz                                                              
20002d4c  mx                                                              
20002d4e  my                                                              
20002d50  mz                                                              
20002d52  _autoCalc                                                       
20002d53  _mAddress                                                       
20002d54  _xgAddress                                                      
20002d55  driverlib_release_0_48919                                       
20002d58  __primary_heap_start__                                          
20003d58  PowerCC26XX_module                                              
20003d58  __primary_heap_end__                                            
20003e6c  ti_uia_loggers_LoggerStopMode_Object__table__V                  
20003ed4  ti_sysbios_knl_Task_Object__table__V                            
20003f20  ti_sysbios_family_arm_cc26xx_Timer_Object__table__V             
20003f68  ti_sysbios_knl_Task_Module__state__V                            
20003fac  ti_sysbios_gates_GateMutex_Object__table__V                     
20003fe4  ti_sysbios_family_arm_m3_Hwi_Module__state__V                   
20004018  ti_sysbios_knl_Swi_Module_State_0_readyQ__A                     
20004048  ti_sysbios_knl_Swi_Object__table__V                             
20004078  ti_sysbios_knl_Clock_Module__state__V                           
200040a4  ti_sysbios_BIOS_Module__state__V                                
200040c8  ti_sysbios_knl_Clock_Object__table__V                           
200040e8  ti_sysbios_knl_Task_Module_State_0_readyQ__A                    
20004108  xdc_runtime_Error_IgnoreBlock                                   
20004128  ti_sysbios_knl_Swi_Module__state__V                             
20004144  ti_sysbios_family_arm_m3_Hwi_Object__table__V                   
2000415c  ti_sysbios_heaps_HeapMem_Object__table__V                       
20004174  pinTable                                                        
20004188  __TI_cleanup_ptr                                                
2000418c  __TI_dtors_ptr                                                  
20004190  __TI_enable_exit_profile_output                                 
20004194  ti_sysbios_knl_Task_Module__root__V                             
200041a0  ti_uia_runtime_QueueDescriptor_Module__state__V                 
200041ac  xdc_runtime_SysMin_Module__state__V                             
200041b8  _lock                                                           
200041bc  _unlock                                                         
200041c0  ti_uia_runtime_QueueDescriptor_gPtrToFirstDescriptor            
200041c4  ti_uia_runtime_QueueDescriptor_gUpdateCount                     
200041c8  ti_sysbios_family_arm_cc26xx_Timer_Module__state__V             
200041d0  ti_sysbios_family_arm_m3_Hwi_Module__root__V                    
200041d8  ti_sysbios_gates_GateHwi_Module__root__V                        
200041e0  ti_sysbios_gates_GateMutex_Module__root__V                      
200041e8  ti_sysbios_heaps_HeapMem_Module__root__V                        
200041f0  ti_sysbios_knl_Clock_Module__root__V                            
200041f8  ti_sysbios_knl_Queue_Module__root__V                            
20004200  ti_sysbios_knl_Semaphore_Module__root__V                        
20004208  ti_sysbios_knl_Swi_Module__root__V                              
20004210  ti_uia_loggers_LoggerStopMode_Module__root__V                   
20004218  xdc_runtime_Registry_Module__state__V                           
20004220  xdc_runtime_Startup_Module__state__V                            
20004228  xdc_runtime_System_Module_State_0_atexitHandlers__A             
20004230  xdc_runtime_System_Module__state__V                             
20004238  goodToGo                                                        
2000423c  main_func_sp                                                    
20004240  ti_sysbios_family_arm_cc26xx_TimestampProvider_Module__state__V 
20004244  ti_sysbios_family_arm_m3_Hwi_Module_State_0_excContext__A       
20004248  ti_sysbios_family_arm_m3_Hwi_Module_State_0_excStack__A         
2000424c  ti_sysbios_gates_GateHwi_Object__table__V                       
20004250  ti_sysbios_knl_Task_Module_State_0_idleTask__A                  
20004254  xdc_runtime_Memory_Module__state__V                             
20004258  ti_sysbios_family_arm_m3_Hwi_Module_State_0_excActive__A        
20004c00  __stack                                                         
20005000  __STACK_END                                                     
e000e000  ti_sysbios_family_arm_m3_Hwi_nvic                               
ffffffff  __TI_pprof_out_hndl                                             
ffffffff  __TI_prof_data_size                                             
ffffffff  __TI_prof_data_start                                            
ffffffff  __binit__                                                       
ffffffff  __c_args__                                                      
ffffffff  binit                                                           
UNDEFED   SHT$$INIT_ARRAY$$Base                                           
UNDEFED   SHT$$INIT_ARRAY$$Limit                                          

[869 symbols]
