******************************************************************************
                  TI ARM Linker Unix v16.9.3                   
******************************************************************************
>> Linked Mon Dec 17 14:14:08 2018

OUTPUT FILE NAME:   <Sprite.out>
ENTRY POINT SYMBOL: "ResetISR"  address: 0000a33d


MEMORY CONFIGURATION

         name            origin    length      used     unused   attr    fill
----------------------  --------  ---------  --------  --------  ----  --------
  FLASH                 00000000   00020000  000105da  0000fa26  R  X
  SRAM                  20000000   00005000  00004f2d  000000d3  RW X


SEGMENT ALLOCATION MAP

run origin  load origin   length   init length attrs members
----------  ----------- ---------- ----------- ----- -------
00000000    00000000    00000500   00000500    r--
  00000000    00000000    0000003c   0000003c    r-- .resetVecs
  00000040    00000040    000004c0   000004c0    r-- .cinit
00001000    00001000    00010092   00010092    r-x
  00001000    00001000    0000003c   0000003c    r-- .const:ti_sysbios_knl_Task_Object__PARAMS__C
  0000103c    0000103c    00000034   00000034    r-- .const:ti_sysbios_knl_Mailbox_Object__PARAMS__C
  00001070    00001070    00000030   00000030    r-- .const:ti_sysbios_family_arm_m3_Hwi_Object__PARAMS__C
  000010a0    000010a0    0000002c   0000002c    r-- .const:ti_sysbios_hal_Hwi_Object__PARAMS__C
  000010cc    000010cc    00000028   00000028    r-- .const:ti_sysbios_heaps_HeapMem_Module__FXNS__C
  000010f4    000010f4    00000028   00000028    r-- .const:ti_sysbios_knl_Swi_Object__PARAMS__C
  0000111c    0000111c    00000024   00000024    r-- .const:ti_sysbios_gates_GateHwi_Module__FXNS__C
  00001140    00001140    00000024   00000024    r-- .const:ti_sysbios_gates_GateMutex_Module__FXNS__C
  00001164    00001164    00000024   00000024    r-- .const:ti_sysbios_heaps_HeapMem_Object__PARAMS__C
  00001188    00001188    00000024   00000024    r-- .const:ti_sysbios_knl_Clock_Object__PARAMS__C
  000011ac    000011ac    00000024   00000024    r-- .const:ti_sysbios_knl_Semaphore_Object__PARAMS__C
  000011d0    000011d0    00000020   00000020    r-- .const:ti_sysbios_family_arm_m3_Hwi_Object__DESC__C
  000011f0    000011f0    00000020   00000020    r-- .const:ti_sysbios_gates_GateHwi_Object__DESC__C
  00001210    00001210    00000020   00000020    r-- .const:ti_sysbios_gates_GateMutex_Object__DESC__C
  00001230    00001230    00000020   00000020    r-- .const:ti_sysbios_hal_Hwi_Object__DESC__C
  00001250    00001250    00000020   00000020    r-- .const:ti_sysbios_heaps_HeapMem_Object__DESC__C
  00001270    00001270    00000020   00000020    r-- .const:ti_sysbios_knl_Clock_Object__DESC__C
  00001290    00001290    00000020   00000020    r-- .const:ti_sysbios_knl_Mailbox_Object__DESC__C
  000012b0    000012b0    00000020   00000020    r-- .const:ti_sysbios_knl_Queue_Object__DESC__C
  000012d0    000012d0    00000020   00000020    r-- .const:ti_sysbios_knl_Semaphore_Object__DESC__C
  000012f0    000012f0    00000020   00000020    r-- .const:ti_sysbios_knl_Swi_Object__DESC__C
  00001310    00001310    00000020   00000020    r-- .const:ti_sysbios_knl_Task_Object__DESC__C
  00001330    00001330    00000018   00000018    r-- .const:ti_sysbios_gates_GateHwi_Object__PARAMS__C
  00001348    00001348    00000018   00000018    r-- .const:ti_sysbios_gates_GateMutex_Object__PARAMS__C
  00001360    00001360    00000018   00000018    r-- .const:ti_sysbios_knl_Queue_Object__PARAMS__C
  00001378    00001378    00000008   00000008    r-- .const:ti_sysbios_knl_Idle_funcList__C
  00001384    00001384    00000004   00000004    r-- .const:ti_sysbios_family_arm_cc26xx_Timer_startupNeeded__C
  00001388    00001388    00000004   00000004    r-- .const:ti_sysbios_family_arm_m3_Hwi_E_alreadyDefined__C
  0000138c    0000138c    00000004   00000004    r-- .const:ti_sysbios_family_arm_m3_Hwi_E_hwiLimitExceeded__C
  00001390    00001390    00000004   00000004    r-- .const:ti_sysbios_family_arm_m3_Hwi_NUM_INTERRUPTS__C
  00001394    00001394    00000004   00000004    r-- .const:ti_sysbios_family_arm_m3_Hwi_Object__count__C
  00001398    00001398    00000004   00000004    r-- .const:ti_sysbios_family_arm_m3_Hwi_Object__table__C
  0000139c    0000139c    00000004   00000004    r-- .const:ti_sysbios_family_arm_m3_Hwi_ccr__C
  000013a0    000013a0    00000004   00000004    r-- .const:ti_sysbios_family_arm_m3_Hwi_excHandlerFunc__C
  000013a4    000013a4    00000004   00000004    r-- .const:ti_sysbios_family_arm_m3_Hwi_nullIsrFunc__C
  000013a8    000013a8    00000004   00000004    r-- .const:ti_sysbios_family_arm_m3_Hwi_numSparseInterrupts__C
  000013ac    000013ac    00000004   00000004    r-- .const:ti_sysbios_family_arm_m3_Hwi_priGroup__C
  000013b0    000013b0    00000004   00000004    r-- .const:ti_sysbios_family_arm_m3_TaskSupport_stackAlignment__C
  000013b4    000013b4    00000004   00000004    r-- .const:ti_sysbios_heaps_HeapMem_E_memory__C
  000013b8    000013b8    00000004   00000004    r-- .const:ti_sysbios_heaps_HeapMem_Module__gateObj__C
  000013bc    000013bc    00000004   00000004    r-- .const:ti_sysbios_heaps_HeapMem_Object__count__C
  000013c0    000013c0    00000004   00000004    r-- .const:ti_sysbios_heaps_HeapMem_Object__table__C
  000013c4    000013c4    00000004   00000004    r-- .const:ti_sysbios_heaps_HeapMem_reqAlign__C
  000013c8    000013c8    00000004   00000004    r-- .const:ti_sysbios_knl_Clock_serviceMargin__C
  000013cc    000013cc    00000004   00000004    r-- .const:ti_sysbios_knl_Mailbox_Object__count__C
  000013d0    000013d0    00000004   00000004    r-- .const:ti_sysbios_knl_Mailbox_Object__table__C
  000013d4    000013d4    00000004   00000004    r-- .const:ti_sysbios_knl_Mailbox_maxTypeAlign__C
  000013d8    000013d8    00000004   00000004    r-- .const:ti_sysbios_knl_Queue_Object__count__C
  000013dc    000013dc    00000004   00000004    r-- .const:ti_sysbios_knl_Queue_Object__table__C
  000013e0    000013e0    00000004   00000004    r-- .const:ti_sysbios_knl_Swi_Object__count__C
  000013e4    000013e4    00000004   00000004    r-- .const:ti_sysbios_knl_Swi_Object__table__C
  000013e8    000013e8    00000004   00000004    r-- .const:ti_sysbios_knl_Swi_numPriorities__C
  000013ec    000013ec    00000004   00000004    r-- .const:ti_sysbios_knl_Task_Object__count__C
  000013f0    000013f0    00000004   00000004    r-- .const:ti_sysbios_knl_Task_Object__table__C
  000013f4    000013f4    00000004   00000004    r-- .const:ti_sysbios_knl_Task_allBlockedFunc__C
  000013f8    000013f8    00000004   00000004    r-- .const:ti_sysbios_knl_Task_defaultStackHeap__C
  000013fc    000013fc    00000004   00000004    r-- .const:ti_sysbios_knl_Task_defaultStackSize__C
  00001400    00001400    00000004   00000004    r-- .const:ti_sysbios_knl_Task_numConstructedTasks__C
  00001406    00001406    00000002   00000002    r-- .const:ti_sysbios_family_arm_cc26xx_Timer_Module__id__C
  00001408    00001408    00000002   00000002    r-- .const:ti_sysbios_family_arm_cc26xx_TimestampProvider_useClockTimer__C
  0000140a    0000140a    00000002   00000002    r-- .const:ti_sysbios_family_arm_m3_Hwi_Module__id__C
  0000140c    0000140c    00000002   00000002    r-- .const:ti_sysbios_gates_GateHwi_Module__id__C
  0000140e    0000140e    00000002   00000002    r-- .const:ti_sysbios_gates_GateMutex_Module__id__C
  00001410    00001410    00000002   00000002    r-- .const:ti_sysbios_heaps_HeapMem_Module__id__C
  00001412    00001412    00000002   00000002    r-- .const:ti_sysbios_knl_Task_initStackFlag__C
  00001414    00001414    00000001   00000001    r-- .const:ti_sysbios_knl_Clock_tickMode__C
  00001418    00001418    00000008   00000008    r-- .const:xdc_runtime_Startup_firstFxns__C
  00001420    00001420    00000008   00000008    r-- .const:xdc_runtime_Startup_lastFxns__C
  00001428    00001428    00000004   00000004    r-- .const:xdc_runtime_Assert_E_assertFailed__C
  0000142c    0000142c    00000004   00000004    r-- .const:xdc_runtime_Error_E_memory__C
  00001430    00001430    00000004   00000004    r-- .const:xdc_runtime_Error_policyFxn__C
  00001434    00001434    00000004   00000004    r-- .const:xdc_runtime_IGateProvider_Interface__BASE__C
  00001438    00001438    00000004   00000004    r-- .const:xdc_runtime_IHeap_Interface__BASE__C
  0000143c    0000143c    00000004   00000004    r-- .const:xdc_runtime_IModule_Interface__BASE__C
  00001440    00001440    00000004   00000004    r-- .const:xdc_runtime_Main_Module__diagsEnabled__C
  00001444    00001444    00000004   00000004    r-- .const:xdc_runtime_Main_Module__diagsIncluded__C
  00001448    00001448    00000004   00000004    r-- .const:xdc_runtime_Main_Module__diagsMask__C
  0000144c    0000144c    00000004   00000004    r-- .const:xdc_runtime_Memory_defaultHeapInstance__C
  00001450    00001450    00000004   00000004    r-- .const:xdc_runtime_Startup_execImpl__C
  00001454    00001454    00000004   00000004    r-- .const:xdc_runtime_Startup_maxPasses__C
  00001458    00001458    00000004   00000004    r-- .const:xdc_runtime_Startup_sfxnRts__C
  0000145c    0000145c    00000004   00000004    r-- .const:xdc_runtime_Startup_sfxnTab__C
  00001460    00001460    00000004   00000004    r-- .const:xdc_runtime_Startup_startModsFxn__C
  00001464    00001464    00000004   00000004    r-- .const:xdc_runtime_SysCallback_abortFxn__C
  00001468    00001468    00000004   00000004    r-- .const:xdc_runtime_SysCallback_exitFxn__C
  0000146c    0000146c    00000004   00000004    r-- .const:xdc_runtime_System_abortFxn__C
  00001470    00001470    00000004   00000004    r-- .const:xdc_runtime_System_exitFxn__C
  00001474    00001474    00000004   00000004    r-- .const:xdc_runtime_System_maxAtexitHandlers__C
  00001478    00001478    00000004   00000004    r-- .const:xdc_runtime_Text_charTab__C
  0000147c    0000147c    00000004   00000004    r-- .const:xdc_runtime_Text_nameEmpty__C
  00001480    00001480    00000004   00000004    r-- .const:xdc_runtime_Text_nameStatic__C
  00001484    00001484    00000004   00000004    r-- .const:xdc_runtime_Text_nameUnknown__C
  00001488    00001488    00000002   00000002    r-- .const:xdc_runtime_Main_Module__id__C
  0000148a    0000148a    00000002   00000002    r-- .const:xdc_runtime_Memory_Module__id__C
  0000148c    0000148c    00000002   00000002    r-- .const:xdc_runtime_Text_charCnt__C
  0000148e    0000148e    00000002   00000002    r-- .const:xdc_runtime_Text_isLoaded__C
  00001490    00001490    00000001   00000001    r-- .const:xdc_runtime_Error_policy__C
  00001494    00001494    00000004   00000004    r-- .const:ti_sysbios_rom_ROM_AONRTCChannelEnable
  00001498    00001498    00000004   00000004    r-- .const:ti_sysbios_rom_ROM_AONRTCCompareValueSet
  0000149c    0000149c    00000004   00000004    r-- .const:ti_sysbios_rom_ROM_AONRTCCurrentCompareValueGet
  000014a0    000014a0    00000004   00000004    r-- .const:ti_sysbios_rom_ROM_AONRTCEventClear
  000014a4    000014a4    00000004   00000004    r-- .const:ti_sysbios_rom_ROM_ti_sysbios_family_arm_cc26xx_Timer_getCount64__E
  000014a8    000014a8    00000004   00000004    r-- .const:ti_sysbios_rom_ROM_ti_sysbios_family_arm_cc26xx_Timer_getCurrentTick__E
  000014ac    000014ac    00000004   00000004    r-- .const:ti_sysbios_rom_ROM_ti_sysbios_family_arm_cc26xx_Timer_getMaxTicks__E
  000014b0    000014b0    00000004   00000004    r-- .const:ti_sysbios_rom_ROM_ti_sysbios_family_arm_cc26xx_Timer_initDevice__I
  000014b4    000014b4    00000004   00000004    r-- .const:ti_sysbios_rom_ROM_ti_sysbios_family_arm_cc26xx_Timer_setNextTick__E
  000014b8    000014b8    00000004   00000004    r-- .const:ti_sysbios_rom_ROM_ti_sysbios_family_arm_cc26xx_Timer_setThreshold__I
  000014bc    000014bc    00000004   00000004    r-- .const:ti_sysbios_rom_ROM_ti_sysbios_family_arm_cc26xx_Timer_start__E
  000014c0    000014c0    00000004   00000004    r-- .const:ti_sysbios_rom_ROM_ti_sysbios_family_arm_cc26xx_TimestampProvider_get32__E
  000014c4    000014c4    00000004   00000004    r-- .const:ti_sysbios_rom_ROM_xdc_runtime_Startup_getState__I
  000014c8    000014c8    00000004   00000004    r-- .const:ti_sysbios_rom_ROM_xdc_runtime_System_SupportProxy_abort__E
  000014cc    000014cc    00000004   00000004    r-- .const:ti_sysbios_rom_ROM_xdc_runtime_System_SupportProxy_exit__E
  000014d0    000014d0    00000004   00000004    r-- .const:ti_sysbios_gates_GateMutex_Instance_State_sem__O
  000014d4    000014d4    00000004   00000004    r-- .const:ti_sysbios_knl_Clock_Module_State_clockQ__O
  000014d8    000014d8    00000004   00000004    r-- .const:ti_sysbios_knl_Mailbox_Instance_State_dataQue__O
  000014dc    000014dc    00000004   00000004    r-- .const:ti_sysbios_knl_Mailbox_Instance_State_dataSem__O
  000014e0    000014e0    00000004   00000004    r-- .const:ti_sysbios_knl_Mailbox_Instance_State_freeQue__O
  000014e4    000014e4    00000004   00000004    r-- .const:ti_sysbios_knl_Mailbox_Instance_State_freeSem__O
  000014e8    000014e8    00000004   00000004    r-- .const:ti_sysbios_knl_Semaphore_Instance_State_pendQ__O
  000014ec    000014ec    00000004   00000004    r-- .const:ti_sysbios_knl_Task_Module_State_inactiveQ__O
  000014f0    000014f0    0000b174   0000b174    r-x .text
  0000c664    0000c664    00004a2e   00004a2e    r-- .const
0001ffa8    0001ffa8    00000058   00000058    r--
  0001ffa8    0001ffa8    00000058   00000058    r-- .ccfg
20000100    20000100    00000104   00000000    rw-
  20000100    20000100    00000044   00000000    rw- .data:ti_sysbios_knl_Task_Module__state__V
  20000144    20000144    00000034   00000000    rw- .data:ti_sysbios_family_arm_m3_Hwi_Module__state__V
  20000178    20000178    0000002c   00000000    rw- .data:ti_sysbios_knl_Clock_Module__state__V
  200001a4    200001a4    00000024   00000000    rw- .data:ti_sysbios_BIOS_Module__state__V
  200001c8    200001c8    0000001c   00000000    rw- .data:ti_sysbios_knl_Swi_Module__state__V
  200001e4    200001e4    00000008   00000000    rw- .data:ti_sysbios_family_arm_cc26xx_Timer_Module__state__V
  200001ec    200001ec    00000004   00000000    rw- .data:ti_sysbios_family_arm_cc26xx_TimestampProvider_Module__state__V
  200001f0    200001f0    00000008   00000000    rw- .data:xdc_runtime_Startup_Module__state__V
  200001f8    200001f8    00000008   00000000    rw- .data:xdc_runtime_System_Module__state__V
  20000200    20000200    00000004   00000000    rw- .data:xdc_runtime_Memory_Module__state__V
20000280    20000280    00002fb4   00000000    rw-
  20000280    20000280    00002fb4   00000000    rw- .bss
20003238    20003238    00001000   00000000    r--
  20003238    20003238    00001000   00000000    r-- .priheap
20004238    20004238    000009ad   00000000    rw-
  20004238    20004238    000009ad   00000000    rw- .data
20004c00    20004c00    00000400   00000000    rw-
  20004c00    20004c00    00000400   00000000    rw- .stack


SECTION ALLOCATION MAP

 output                                  attributes/
section   page    origin      length       input sections
--------  ----  ----------  ----------   ----------------
.text      0    000014f0    0000b174     
                  000014f0    0000044c     rf_multiMode_cc13x0.aem3 : RFCC26XX_multiMode.oem3 (.text:fsmActiveState)
                  0000193c    000003c4     EasyLink.obj (.text:EasyLink_init)
                  00001d00    00000324     rtsv7M3_T_le_eabi.lib : trgdrv.obj (.text)
                  00002024    0000030c     drivers_cc13x0.aem3 : PowerCC26XX_calibrateRCOSC.oem3 (.text:PowerCC26XX_auxISR)
                  00002330    00000248     rtsv7M3_T_le_eabi.lib : vla_alloc.obj (.text)
                  00002578    00000228     driverlib.lib : sys_ctrl.obj (.text:NOROM_SysCtrlSetRechargeBeforePowerDown)
                  000027a0    0000021c     drivers_cc13x0.aem3 : PowerCC26XX.oem3 (.text:Power_sleep)
                  000029bc    00000200     rf_multiMode_cc13x0.aem3 : RFCC26XX_multiMode.oem3 (.text:RF_open)
                  00002bbc    000001f4     rtsv7M3_T_le_eabi.lib : ull_div_t2.obj (.text)
                  00002db0    000001e4     main.obj (.text:LSM9DS1init)
                  00002f94    000001b6     rtsv7M3_T_le_eabi.lib : fd_add_t2.obj (.text)
                  0000314a    00000002     drivers_cc13x0.aem3 : PWMTimerCC26XX.oem3 (.text:PWMTimerCC26XX_init)
                  0000314c    000001a4     EasyLink.obj (.text:EasyLink_setRfPwr)
                  000032f0    0000019c     rf_multiMode_cc13x0.aem3 : RFCC26XX_multiMode.oem3 (.text:fsmSetupState)
                  0000348c    00000190     drivers_cc13x0.aem3 : PowerCC26XX_calibrateRCOSC.oem3 (.text:PowerCC26XX_doCalibrate)
                  0000361c    0000018c                         : PINCC26XX.oem3 (.text:PIN_init)
                  000037a8    00000188     EasyLink.obj (.text:rxDoneCallback)
                  00003930    00000180     main.obj (.text:initGyro)
                  00003ab0    00000170     EasyLink.obj (.text:EasyLink_receiveAsync)
                  00003c20    00000164     drivers_cc13x0.aem3 : UARTCC26XX.oem3 (.text:UARTCC26XX_open)
                  00003d84    00000158     rf_multiMode_cc13x0.aem3 : RFCC26XX_multiMode.oem3 (.text:RF_postCmd)
                  00003edc    00000154     drivers_cc13x0.aem3 : I2CCC26XX.oem3 (.text:I2CCC26XX_open)
                  00004030    00000154     rf_multiMode_cc13x0.aem3 : RFCC26XX_multiMode.oem3 (.text:radioOpDoneCb)
                  00004184    00000150                              : RFCC26XX_multiMode.oem3 (.text:abortCmd)
                  000042d4    00000150     smartrf_settings_predefined.obj (.text:rf_patch_mce_genook)
                  00004424    00000150     main.obj (.text:txDataTaskFunc)
                  00004574    00000148     rf_multiMode_cc13x0.aem3 : RFCC26XX_multiMode.oem3 (.text:fsmChangePhyState)
                  000046bc    00000140     main.obj (.text:gpsFunc)
                  000047fc    0000013c     EasyLink.obj (.text:EasyLink_transmit)
                  00004938    00000138     hello_pem3.oem3 (.text:ti_uia_loggers_LoggerStopMode_writeMemoryRange__E)
                  00004a70    00000136     rtsv7M3_T_le_eabi.lib : fd_div_t2.obj (.text)
                  00004ba6    00000002     drivers_cc13x0.aem3 : WatchdogCC26XX.oem3 (.text:WatchdogCC26XX_close)
                  00004ba8    00000134     main.obj (.text:initAccel)
                  00004cdc    00000130     driverlib.lib : setup_rom.obj (.text:NOROM_SetupAfterColdResetWakeupFromShutDownCfg3)
                  00004e0c    0000012c     drivers_cc13x0.aem3 : PowerCC26XX.oem3 (.text:Power_init)
                  00004f38    00000128     smartrf_settings.obj (.text:rf_patch_rfe_genfsk)
                  00005060    00000128     smartrf_settings_predefined.obj (.text:rf_patch_rfe_genfsk)
                  00005188    00000128     smartrf_settings_predefined.obj (.text:rf_patch_rfe_lrm)
                  000052b0    00000128     smartrf_settings_predefined.obj (.text:rf_patch_rfe_sl_longrange)
                  000053d8    0000011c     rf_multiMode_cc13x0.aem3 : RFCC26XX_multiMode.oem3 (.text:RF_close)
                  000054f4    00000118     drivers_cc13x0.aem3 : UARTCC26XX.oem3 (.text:UARTCC26XX_read)
                  0000560c    00000118     main.obj (.text:initMag)
                  00005724    00000114     smartrf_settings_predefined.obj (.text:rf_patch_mce_hsp_4mbps)
                  00005838    00000110     drivers_cc13x0.aem3 : I2CCC26XX.oem3 (.text:I2CCC26XX_hwiFxn)
                  00005948    0000010c     hello_pem3.oem3 (.text:ti_uia_loggers_LoggerStopMode_write8__E)
                  00005a54    0000010a     drivers_cc13x0.aem3 : UARTCC26XX.oem3 (.text:UARTCC26XX_hwiIntFxn)
                  00005b5e    00000002     rf_multiMode_cc13x0.aem3 : RFCC26XX_multiMode.oem3 (.text:defaultCallback)
                  00005b60    00000108                              : RFCC26XX_multiMode.oem3 (.text:fsmPowerUpState)
                  00005c68    00000108                              : RFCC26XX_multiMode.oem3 (.text:hwiFxnCpe0Active)
                  00005d70    000000fc     drivers_cc13x0.aem3 : UARTCC26XX.oem3 (.text:UARTCC26XX_write)
                  00005e6c    000000fc     rtsv7M3_T_le_eabi.lib : fd_mul_t2.obj (.text)
                  00005f68    000000f4     hello_pem3.oem3 (.text:ti_uia_loggers_LoggerStopMode_write4__E)
                  0000605c    000000f0     driverlib.lib : setup_rom.obj (.text:NOROM_SetupAfterColdResetWakeupFromShutDownCfg2)
                  0000614c    000000f0     main.obj (.text:rxDoneCb)
                  0000623c    000000ec     drivers_cc13x0.aem3 : PWMTimerCC26XX.oem3 (.text:PWMTimerCC26XX_open)
                  00006328    000000e8     hello_pem3.oem3 (.text:ti_uia_loggers_LoggerStopMode_write1__E)
                  00006410    000000e8     hello_pem3.oem3 (.text:ti_uia_loggers_LoggerStopMode_write2__E)
                  000064f8    000000dc     driverlib.lib : rfc.obj (.text:NOROM_RFCOverrideUpdate)
                  000065d4    000000dc     drivers_cc13x0.aem3 : PINCC26XX.oem3 (.text:PINCC26XX_setIoCfg)
                  000066b0    000000dc     main.obj (.text:semaphoreSetup)
                  0000678c    000000d8     EasyLink.obj (.text:EasyLink_enableRxAddrFilter)
                  00006864    000000d8     smartrf_settings_predefined.obj (.text:rf_patch_rfe_genook)
                  0000693c    000000d8     smartrf_settings_predefined.obj (.text:rf_patch_rfe_hsp_4mbps)
                  00006a14    000000d8     hello_pem3.oem3 (.text:ti_uia_loggers_LoggerStopMode_write0__E)
                  00006aec    000000d4     driverlib.lib : rfc.obj (.text:NOROM_RFCRfTrimRead)
                  00006bc0    000000d4     main.obj (.text:adcTaskFunc)
                  00006c94    000000d0     dpl_cc13x0.aem3 : PowerCC26XX_tirtos.oem3 (.text:PowerCC26XX_standbyPolicy)
                  00006d64    000000cc     EasyLink.obj (.text:EasyLink_setFrequency)
                  00006e30    000000c4     drivers_cc13x0.aem3 : ADCCC26XX.oem3 (.text:ADCCC26XX_convert)
                  00006ef4    000000c4     driverlib.lib : setup.obj (.text:TrimAfterColdResetWakeupFromShutDown)
                  00006fb8    000000c4     smartrf_settings_predefined.obj (.text:rf_patch_mce_sl_longrange)
                  0000707c    000000c0     drivers_cc13x0.aem3 : I2CCC26XX.oem3 (.text:I2CCC26XX_transfer)
                  0000713c    000000c0     driverlib.lib : aux_adc.obj (.text:NOROM_AUXADCEnableSync)
                  000071fc    000000bc     drivers_cc13x0.aem3 : GPTimerCC26XX.oem3 (.text:GPTimerCC26XX_open)
                  000072b8    000000bc     main.obj (.text:I2CreadBytes)
                  00007374    000000bc     drivers_cc13x0.aem3 : PowerCC26XX.oem3 (.text:Power_releaseDependency)
                  00007430    000000bc                         : UARTCC26XX.oem3 (.text:UARTCC26XX_initHw)
                  000074ec    000000b4                         : PowerCC26XX.oem3 (.text:Power_setDependency)
                  000075a0    000000a8     driverlib.lib : setup.obj (.text:NOROM_SetupTrimDevice)
                  00007648    000000a4                   : setup_rom.obj (.text:NOROM_SetupAfterColdResetWakeupFromShutDownCfg1)
                  000076ec    000000a4     rf_multiMode_cc13x0.aem3 : RFCC26XX_multiMode.oem3 (.text:RF_dispatchCmd)
                  00007790    000000a4     main.obj (.text:beginHumidity)
                  00007834    000000a0     drivers_cc13x0.aem3 : GPTimerCC26XX.oem3 (.text:GPTimerCC26XX_close)
                  000078d4    000000a0     auto_init.aem3 : auto_init.oem3 (.text)
                  00007974    0000009c     rf_multiMode_cc13x0.aem3 : RFCC26XX_multiMode.oem3 (.text:RF_issueRadioFreeCb)
                  00007a10    0000009c     drivers_cc13x0.aem3 : WatchdogCC26XX.oem3 (.text:WatchdogCC26XX_open)
                  00007aac    0000009c     rf_multiMode_cc13x0.aem3 : RFCC26XX_multiMode.oem3 (.text:hwiFxnCpe0PowerFsm)
                  00007b48    0000009c     rtsv7M3_T_le_eabi.lib : memcpy_t2.obj (.text)
                  00007be4    0000009c     rf_multiMode_cc13x0.aem3 : RFCC26XX_multiMode.oem3 (.text:swiFxnHw)
                  00007c80    00000098     main.obj (.text:I2Cwrite1read2HumByte)
                  00007d18    00000098     drivers_cc13x0.aem3 : PINCC26XX.oem3 (.text:PIN_open)
                  00007db0    00000098                         : UARTCC26XX.oem3 (.text:UARTCC26XX_initIO)
                  00007e48    00000098     rom_sysbios.aem3 : rom_sysbios.obj (.text:ti_sysbios_knl_Clock_workFuncDynamic__E)
                  00007ee0    00000094     EasyLink.obj (.text:EasyLink_abort)
                  00007f74    00000094     driverlib.lib : aux_adc.obj (.text:NOROM_AUXADCDisable)
                  00008008    00000094     main.obj (.text:readAccel)
                  0000809c    00000094     main.obj (.text:readGyro)
                  00008130    00000094     drivers_cc13x0.aem3 : UARTCC26XX.oem3 (.text:writeFinishedDoCallback)
                  000081c4    00000090                         : I2CCC26XX.oem3 (.text:I2CCC26XX_cancel)
                  00008254    00000090     ti.uia.loggers.aem3 : LoggerStopMode.oem3 (.text:ti_uia_loggers_LoggerStopMode_initQueueDescriptor__E)
                  000082e4    0000008c     drivers_cc13x0.aem3 : I2CCC26XX.oem3 (.text:I2CCC26XX_primeTransfer)
                  00008370    0000008c     rf_multiMode_cc13x0.aem3 : RFCC26XX_multiMode.oem3 (.text:RF_pendCmd)
                  000083fc    0000008c     drivers_cc13x0.aem3 : UARTCC26XX.oem3 (.text:UARTCC26XX_close)
                  00008488    0000008c                         : UARTCC26XX.oem3 (.text:UARTCC26XX_writeCancel)
                  00008514    00000088                         : ADCCC26XX.oem3 (.text:ADCCC26XX_open)
                  0000859c    00000088                         : PowerCC26XX.oem3 (.text:disableLFClockQualifiers)
                  00008624    00000084                         : PowerCC26XX.oem3 (.text:switchXOSCHFclockFunc)
                  000086a8    00000080                         : PWMTimerCC26XX.oem3 (.text:PWMTimerCC26XX_setPeriod)
                  00008728    00000080     main.obj (.text:getTempFarenheit)
                  000087a8    00000080     main.obj (.text:magTaskFunc)
                  00008828    0000007c     main.obj (.text:constrainScales)
                  000088a4    0000007a     rtsv7M3_T_le_eabi.lib : memset_t2.obj (.text)
                  0000891e    00000002     drivers_cc13x0.aem3 : PowerCC26XX.oem3 (.text:emptyClockFunc)
                  00008920    00000078     main.obj (.text:LSM9DS1begin)
                  00008998    00000078     drivers_cc13x0.aem3 : UARTCC26XX.oem3 (.text:writeTxFifoFlush)
                  00008a10    00000074     main.obj (.text:I2Cwrite2read1HumByte)
                  00008a84    00000074     driverlib.lib : setup_rom.obj (.text:NOROM_SetupSetVddrLevel)
                  00008af8    00000074     main.obj (.text:configInt)
                  00008b6c    00000074     rom_sysbios.aem3 : rom_sysbios.obj (.text:ti_sysbios_family_arm_cc26xx_Timer_start__E)
                  00008be0    00000074     ti.uia.runtime.aem3 : QueueDescriptor.oem3 (.text:ti_uia_runtime_QueueDescriptor_addToList__E)
                  00008c54    0000006e     rtsv7M3_T_le_eabi.lib : fd_tos_t2.obj (.text)
                  00008cc2    00000002     smartrf_settings.obj (.text:enterGenfskSysPatch)
                  00008cc4    0000006c     drivers_cc13x0.aem3 : PowerCC26XX_calibrateRCOSC.oem3 (.text:PowerCC26XX_initiateCalibration)
                  00008d30    0000006c     main.obj (.text:humidityTaskFunc)
                  00008d9c    00000068     drivers_cc13x0.aem3 : I2CCC26XX.oem3 (.text:I2CCC26XX_close)
                  00008e04    00000068     main.obj (.text:I2CreadByte)
                  00008e6c    00000068     main.obj (.text:I2Cwrite1read1HumByte)
                  00008ed4    00000068     main.obj (.text:I2CwriteByte)
                  00008f3c    00000068     driverlib.lib : setup_rom.obj (.text:NOROM_SetupGetTrimForAmpcompCtrl)
                  00008fa4    00000068                   : setup_rom.obj (.text:NOROM_SetupGetTrimForAnabypassValue1)
                  0000900c    00000068                   : sys_ctrl.obj (.text:NOROM_SysCtrl_DCDC_VoltageConditionalControl)
                  00009074    00000068     drivers_cc13x0.aem3 : UARTCC26XX.oem3 (.text:UARTCC26XX_readCancel)
                  000090dc    00000068     rtsv7M3_T_le_eabi.lib : copy_decompress_lzss.obj (.text:decompress:lzss)
                  00009144    00000068     rf_multiMode_cc13x0.aem3 : RFCC26XX_multiMode.oem3 (.text:flushPendCmd)
                  000091ac    00000068                              : RFCC26XX_multiMode.oem3 (.text:fsmXOSCState)
                  00009214    00000068     rtsv7M3_T_le_eabi.lib : trgmsg.obj (.text)
                  0000927c    00000066     ti.uia.loggers.aem3 : LoggerStopMode.oem3 (.text:ti_uia_loggers_LoggerStopMode_flush__E)
                  000092e2    00000002     smartrf_settings_predefined.obj (.text:enterGenfskSysPatch)
                  000092e4    00000064     driverlib.lib : osc.obj (.text:NOROM_OSCHF_AttemptToSwitchToXosc)
                  00009348    00000064     drivers_cc13x0.aem3 : PINCC26XX.oem3 (.text:PIN_add)
                  000093ac    00000064                         : PowerCC26XX.oem3 (.text:configureXOSCHF)
                  00009410    00000064     rf_multiMode_cc13x0.aem3 : RFCC26XX_multiMode.oem3 (.text:dispatchOpWhen)
                  00009474    00000064     rom_sysbios.aem3 : rom_sysbios.obj (.text:ti_sysbios_heaps_HeapMem_initPrimary__I)
                  000094d8    00000062     rf_multiMode_cc13x0.aem3 : RFCC26XX_multiMode.oem3 (.text:syncCb)
                  0000953a    00000002     smartrf_settings_predefined.obj (.text:enterGenookSysPatch)
                  0000953c    00000060     driverlib.lib : osc.obj (.text:NOROM_OSCClockSourceSet)
                  0000959c    00000060     drivers_cc13x0.aem3 : UARTCC26XX.oem3 (.text:UARTCC26XX_control)
                  000095fc    00000060     smartrf_settings.obj (.text:configureGenfskPatch)
                  0000965c    00000060     smartrf_settings_predefined.obj (.text:configureGenfskPatch)
                  000096bc    00000060     smartrf_settings_predefined.obj (.text:configureGenookPatch)
                  0000971c    00000060     smartrf_settings_predefined.obj (.text:configureLrmPatch)
                  0000977c    00000060     smartrf_settings_predefined.obj (.text:configureSl_longrangePatch)
                  000097dc    0000005c     driverlib.lib : sys_ctrl.obj (.text:NOROM_SysCtrlAdjustRechargeAfterPowerDown)
                  00009838    0000005c     drivers_cc13x0.aem3 : PowerCC26XX_calibrateRCOSC.oem3 (.text:PowerCC26XX_RCOSC_clockFunc)
                  00009894    0000005c                         : PowerCC26XX.oem3 (.text:PowerCC26XX_calibrate)
                  000098f0    0000005c     rf_multiMode_cc13x0.aem3 : RFCC26XX_multiMode.oem3 (.text:ratChanFree)
                  0000994c    0000005c     hello_pem3.oem3 (.text:xdc_runtime_Startup_getState__I)
                  000099a8    00000058     drivers_cc13x0.aem3 : GPTimerCC26XX.oem3 (.text:GPTimerCC26XX_stop)
                  00009a00    00000058                         : I2CCC26XX.oem3 (.text:I2CCC26XX_swiFxn)
                  00009a58    00000058                         : PINCC26XX.oem3 (.text:PIN_remove)
                  00009ab0    00000058     rf_multiMode_cc13x0.aem3 : RFCC26XX_multiMode.oem3 (.text:applyRfCorePatch)
                  00009b08    00000058     main.obj (.text:pwmSetup)
                  00009b60    00000058     main.obj (.text:pwmTaskFunc)
                  00009bb8    00000054     rf_multiMode_cc13x0.aem3 : RFCC26XX_multiMode.oem3 (.text:RF_getCurrentTime)
                  00009c0c    00000054     main.obj (.text:calcaRes)
                  00009c60    00000054     main.obj (.text:calcmRes)
                  00009cb4    00000054     main.obj (.text:getRelativeHumidity)
                  00009d08    00000054     rf_multiMode_cc13x0.aem3 : RFCC26XX_multiMode.oem3 (.text:hwiFxnHw)
                  00009d5c    00000054     main.obj (.text:main)
                  00009db0    00000054     rtsv7M3_T_le_eabi.lib : exit.obj (.text)
                  00009e04    00000050     driverlib.lib : setup_rom.obj (.text:NOROM_SetupSetCacheModeAccordingToCcfgSetting)
                  00009e54    00000050     main.obj (.text:pinCallback)
                  00009ea4    00000050     main.obj (.text:readMag)
                  00009ef4    00000050     drivers_cc13x0.aem3 : UARTCC26XX.oem3 (.text:startTxFifoEmptyClk)
                  00009f44    0000004c                         : GPTimerCC26XX.oem3 (.text:GPTimerCC26XX_start)
                  00009f90    0000004c                         : I2CCC26XX.oem3 (.text:I2CCC26XX_initHw)
                  00009fdc    0000004c                         : PWMTimerCC26XX.oem3 (.text:PWMTimerCC26XX_getdutyCounts)
                  0000a028    0000004c     rf_multiMode_cc13x0.aem3 : RFCC26XX_multiMode.oem3 (.text:RF_wakeupNotifyFxn)
                  0000a074    0000004c     rtsv7M3_T_le_eabi.lib : cpy_tbl.obj (.text)
                  0000a0c0    0000004c     ti.uia.loggers.aem3 : LoggerStopMode.oem3 (.text:ti_uia_loggers_LoggerStopMode_Module_startup__E)
                  0000a10c    00000048     dpl_cc13x0.aem3 : ClockP_tirtos.oem3 (.text:ClockP_construct)
                  0000a154    00000048     drivers_cc13x0.aem3 : PINCC26XX.oem3 (.text:PIN_setOutputEnable)
                  0000a19c    00000048     main.obj (.text:calcgRes)
                  0000a1e4    00000048     main.obj (.text:clockSetup)
                  0000a22c    00000044     drivers_cc13x0.aem3 : PINCC26XX.oem3 (.text:PIN_swi)
                  0000a270    00000044     rf_multiMode_cc13x0.aem3 : RFCC26XX_multiMode.oem3 (.text:RF_releasePowerConstraint)
                  0000a2b4    00000044     drivers_cc13x0.aem3 : RingBuf.oem3 (.text:RingBuf_put)
                  0000a2f8    00000044     main.obj (.text:adcSetup)
                  0000a33c    00000044     boot.aem3 : boot.oem3 (.text)
                  0000a380    00000044     drivers_cc13x0.aem3 : PowerCC26XX.oem3 (.text:notify)
                  0000a3c4    00000044     ti.uia.loggers.aem3 : LoggerStopMode.oem3 (.text:ti_uia_loggers_LoggerStopMode_initBuffer__I)
                  0000a408    00000044     rom_sysbios.aem3 : rom_sysbios.obj (.text:xdc_runtime_SysMin_flush__E)
                  0000a44c    00000040     drivers_cc13x0.aem3 : ADCCC26XX.oem3 (.text:ADCCC26XX_convertToMicroVolts)
                  0000a48c    00000040                         : ADC.oem3 (.text:ADC_init)
                  0000a4cc    00000040                         : ADC.oem3 (.text:ADC_open)
                  0000a50c    00000040     dpl_cc13x0.aem3 : HwiP_tirtos.oem3 (.text:HwiP_construct)
                  0000a54c    00000040     drivers_cc13x0.aem3 : I2C.oem3 (.text:I2C_init)
                  0000a58c    00000040                         : I2C.oem3 (.text:I2C_open)
                  0000a5cc    00000040                         : PWMTimerCC26XX.oem3 (.text:PWMTimerCC26XX_setDuty)
                  0000a60c    00000040                         : PWM.oem3 (.text:PWM_init)
                  0000a64c    00000040                         : PWM.oem3 (.text:PWM_open)
                  0000a68c    00000040                         : UART.oem3 (.text:UART_init)
                  0000a6cc    00000040                         : UART.oem3 (.text:UART_open)
                  0000a70c    00000040                         : Watchdog.oem3 (.text:Watchdog_init)
                  0000a74c    00000040                         : Watchdog.oem3 (.text:Watchdog_open)
                  0000a78c    00000040     main.obj (.text:accelTaskFunc)
                  0000a7cc    00000040     main.obj (.text:gyroTaskFunc)
                  0000a80c    00000040     rom_sysbios.aem3 : rom_sysbios.obj (.text:ti_sysbios_family_arm_cc26xx_Timer_setThreshold__I)
                  0000a84c    0000003e     drivers_cc13x0.aem3 : RingBuf.oem3 (.text:RingBuf_get)
                  0000a88a    0000003e     hello_pem3.oem3 (.text:realloc)
                  0000a8c8    0000003c     drivers_cc13x0.aem3 : ADCCC26XX.oem3 (.text:ADCCC26XX_close)
                  0000a904    0000003c     driverlib.lib : chipinfo.obj (.text:NOROM_ChipInfo_GetHwRevision)
                  0000a940    0000003c                   : osc.obj (.text:NOROM_OSC_HPOSCRelativeFrequencyOffsetGet)
                  0000a97c    0000003c                   : rfc.obj (.text:NOROM_RFCSynthPowerDown)
                  0000a9b8    0000003c     drivers_cc13x0.aem3 : PowerCC26XX.oem3 (.text:PowerCC26XX_isStableXOSC_HF)
                  0000a9f4    0000003c                         : PowerCC26XX.oem3 (.text:PowerCC26XX_switchXOSC_HF)
                  0000aa30    0000003c     rf_multiMode_cc13x0.aem3 : RFCC26XX_multiMode.oem3 (.text:RF_runCmd)
                  0000aa6c    0000003c     dpl_cc13x0.aem3 : SwiP_tirtos.oem3 (.text:SwiP_construct)
                  0000aaa8    0000003c     rom_sysbios.aem3 : rom_sysbios.obj (.text:ti_sysbios_family_arm_m3_Hwi_construct2__E)
                  0000aae4    00000038     drivers_cc13x0.aem3 : PINCC26XX.oem3 (.text:PIN_setOutputValue)
                  0000ab1c    00000038     rf_multiMode_cc13x0.aem3 : RFCC26XX_multiMode.oem3 (.text:Q_end)
                  0000ab54    00000038                              : RFCC26XX_multiMode.oem3 (.text:RF_checkCmdFsError)
                  0000ab8c    00000038     drivers_cc13x0.aem3 : UARTCC26XX.oem3 (.text:UARTCC26XX_swiIntFxn)
                  0000abc4    00000038     main.obj (.text:createADCTask)
                  0000abfc    00000038     main.obj (.text:createAccelTask)
                  0000ac34    00000038     main.obj (.text:createGPSTask)
                  0000ac6c    00000038     main.obj (.text:createGyroTask)
                  0000aca4    00000038     main.obj (.text:createHumidityTask)
                  0000acdc    00000038     main.obj (.text:createMagTask)
                  0000ad14    00000038     main.obj (.text:createPWMTask)
                  0000ad4c    00000038     main.obj (.text:createRFRXTasks)
                  0000ad84    00000038     main.obj (.text:createRFTXTasks)
                  0000adbc    00000038     main.obj (.text:pinSetup)
                  0000adf4    00000038     drivers_cc13x0.aem3 : UARTCC26XX.oem3 (.text:readData)
                  0000ae2c    00000038     rtsv7M3_T_le_eabi.lib : fs_tod_t2.obj (.text)
                  0000ae64    00000038     rom_sysbios.aem3 : rom_sysbios.obj (.text:ti_sysbios_family_arm_cc26xx_Timer_getCurrentTick__E)
                  0000ae9c    00000038     drivers_cc13x0.aem3 : UARTCC26XX.oem3 (.text:writeData)
                  0000aed4    00000038     rom_sysbios.aem3 : rom_sysbios.obj (.text:xdc_runtime_SysMin_putch__E)
                  0000af0c    00000034     drivers_cc13x0.aem3 : GPTimerCC26XX.oem3 (.text:GPTimerCC26XXSetLoadMatch)
                  0000af40    00000034     driverlib.lib : aux_adc.obj (.text:NOROM_AUXADCDisableInputScaling)
                  0000af74    00000034                   : osc.obj (.text:NOROM_OSCHF_SwitchToRcOscTurnOffXosc)
                  0000afa8    00000034     drivers_cc13x0.aem3 : PINCC26XX.oem3 (.text:PIN_setConfig)
                  0000afdc    00000034                         : PowerCC26XX.oem3 (.text:Power_releaseConstraint)
                  0000b010    00000034     rf_multiMode_cc13x0.aem3 : RFCC26XX_multiMode.oem3 (.text:Q_push)
                  0000b044    00000034     rom_sysbios.aem3 : rom_sysbios.obj (.text:ti_sysbios_family_arm_cc26xx_Timer_initDevice__I)
                  0000b078    00000034     ti.uia.loggers.aem3 : LoggerStopMode.oem3 (.text:ti_uia_loggers_LoggerStopMode_reset__E)
                  0000b0ac    00000034     main.obj (.text:wdtSetup)
                  0000b0e0    00000032     rom_sysbios.aem3 : rom_sysbios.obj (.text:ti_sysbios_family_arm_cc26xx_Timer_setNextTick__E)
                  0000b112    00000002     smartrf_settings_predefined.obj (.text:enterLrmSysPatch)
                  0000b114    00000030     drivers_cc13x0.aem3 : GPTimerCC26XX.oem3 (.text:GPTimerCC26XX_configureDebugStall)
                  0000b144    00000030     driverlib.lib : chipinfo.obj (.text:NOROM_ChipInfo_GetChipType)
                  0000b174    00000030                   : setup_rom.obj (.text:NOROM_SetupSetAonRtcSubSecInc)
                  0000b1a4    00000030     drivers_cc13x0.aem3 : PowerCC26XX.oem3 (.text:Power_setConstraint)
                  0000b1d4    00000030     driverlib.lib : adi.obj (.text:SafeHapiAuxAdiSelect)
                  0000b204    00000030     drivers_cc13x0.aem3 : WatchdogCC26XX.oem3 (.text:WatchdogCC26XX_setReload)
                  0000b234    00000030     rf_multiMode_cc13x0.aem3 : RFCC26XX_multiMode.oem3 (.text:clkPowerUpFxn)
                  0000b264    00000030     main.obj (.text:initI2C)
                  0000b294    00000030     drivers_cc13x0.aem3 : UARTCC26XX.oem3 (.text:readData2RingBuf)
                  0000b2c4    00000030     hello_pem3.oem3 (.text:ti_sysbios_BIOS_atExitFunc__I)
                  0000b2f4    00000030     hello_pem3.oem3 (.text:ti_sysbios_BIOS_startFunc__I)
                  0000b324    00000030     hello_pem3.oem3 (.text:ti_uia_loggers_LoggerStopMode_Object__create__S)
                  0000b354    00000030     rom_sysbios.aem3 : rom_sysbios.obj (.text:xdc_runtime_SysMin_abort__E)
                  0000b384    0000002e     hello_pem3.oem3 (.text:ti_sysbios_rts_gnu_MemAlloc_alloc)
                  0000b3b2    00000002     smartrf_settings_predefined.obj (.text:enterSl_longrangeSysPatch)
                  0000b3b4    0000002c     driverlib.lib : ddi.obj (.text:NOROM_DDI32RegWrite)
                  0000b3e0    0000002c                   : osc.obj (.text:NOROM_OSCClockSourceGet)
                  0000b40c    0000002c                   : rfc.obj (.text:NOROM_RFCCPEPatchReset)
                  0000b438    0000002c                   : setup_rom.obj (.text:NOROM_SetupGetTrimForRadcExtCfg)
                  0000b464    0000002c     drivers_cc13x0.aem3 : PINCC26XX.oem3 (.text:PINCC26XX_setMux)
                  0000b490    0000002c                         : PWMTimerCC26XX.oem3 (.text:PWMTimerCC26XX_close)
                  0000b4bc    0000002c     dpl_cc13x0.aem3 : SemaphoreP_tirtos.oem3 (.text:SemaphoreP_constructBinary)
                  0000b4e8    0000002c     rf_multiMode_cc13x0.aem3 : RFCC26XX_multiMode.oem3 (.text:getCmd)
                  0000b514    0000002c     rom_sysbios.aem3 : rom_sysbios.obj (.text:ti_sysbios_knl_Clock_getTicksUntilInterrupt__E)
                  0000b540    0000002a     display.aem3 : Display.oem3 (.text:Display_doPrintf)
                  0000b56a    0000002a     rom_sysbios.aem3 : rom_sysbios.obj (.text:ti_sysbios_knl_Clock_getTimeout__E)
                  0000b594    00000028     driverlib.lib : aon_batmon.obj (.text:NOROM_AONBatMonTemperatureGetDegC)
                  0000b5bc    00000028     drivers_cc13x0.aem3 : PowerCC26XX.oem3 (.text:Power_registerNotify)
                  0000b5e4    00000028     driverlib.lib : adi.obj (.text:SafeHapiVoid)
                  0000b60c    00000028     drivers_cc13x0.aem3 : WatchdogCC26XX.oem3 (.text:WatchdogCC26XX_convertMsToTicks)
                  0000b634    00000028     main.obj (.text:clk0Fxn)
                  0000b65c    00000028     main.obj (.text:heaterOff)
                  0000b684    00000024     driverlib.lib : rfc.obj (.text:NOROM_RFCDoorbellSendTo)
                  0000b6a8    00000024     drivers_cc13x0.aem3 : PINCC26XX.oem3 (.text:PINCC26XX_getPinCount)
                  0000b6cc    00000024                         : PWMTimerCC26XX.oem3 (.text:PWMTimerCC26XX_start)
                  0000b6f0    00000024     rf_multiMode_cc13x0.aem3 : RFCC26XX_multiMode.oem3 (.text:allocCmd)
                  0000b714    00000024     main.obj (.text:mReadBytes)
                  0000b738    00000024     main.obj (.text:rxRestartFunc)
                  0000b75c    00000024     hello_pem3.oem3 (.text:ti_sysbios_BIOS_registerRTSLock__I)
                  0000b780    00000024     hello_pem3.oem3 (.text:ti_sysbios_BIOS_removeRTSLock__I)
                  0000b7a4    00000024     rom_sysbios.aem3 : rom_sysbios.obj (.text:ti_sysbios_family_arm_cc26xx_Timer_getMaxTicks__E)
                  0000b7c8    00000024     main.obj (.text:xgReadBytes)
                  0000b7ec    00000022     drivers_cc13x0.aem3 : List.oem3 (.text:List_put)
                  0000b80e    00000022     driverlib.lib : aux_adc.obj (.text:NOROM_AUXADCAdjustValueForGainAndOffset)
                  0000b830    00000022     hello_pem3.oem3 (.text:xdc_runtime_SysMin_output__I)
                  0000b852    00000002     rom_sysbios.aem3 : rom_sysbios.obj (.text:ti_sysbios_BIOS_linkedWithIncorrectBootLibrary__E)
                  0000b854    00000020     driverlib.lib : rfc.obj (.text:NOROM_RFCAdi3VcoLdoVoltageMode)
                  0000b874    00000020                   : setup_rom.obj (.text:NOROM_SetupGetTrimForXoscHfCtl)
                  0000b894    00000020     drivers_cc13x0.aem3 : PWMTimerCC26XX.oem3 (.text:PWMTimerCC26XX_stop)
                  0000b8b4    00000020     dpl_cc13x0.aem3 : PowerCC26XX_tirtos.oem3 (.text:PowerCC26XX_schedulerDisable)
                  0000b8d4    00000020                     : PowerCC26XX_tirtos.oem3 (.text:PowerCC26XX_schedulerRestore)
                  0000b8f4    00000020     drivers_cc13x0.aem3 : PowerCC26XX.oem3 (.text:Power_unregisterNotify)
                  0000b914    00000020     main.obj (.text:Serial_RxDataCallback)
                  0000b934    00000020     main.obj (.text:mWriteByte)
                  0000b954    00000020     rtsv7M3_T_le_eabi.lib : u_tofd_t2.obj (.text)
                  0000b974    00000020     hello_pem3.oem3 (.text:ti_sysbios_BIOS_rtsLock__I)
                  0000b994    00000020     rom_sysbios.aem3 : rom_sysbios.obj (.text:ti_sysbios_family_arm_cc26xx_Timer_dynamicStub__E)
                  0000b9b4    00000020                      : rom_sysbios.obj (.text:ti_sysbios_knl_Clock_stop__E)
                  0000b9d4    00000020     hello_pem3.oem3 (.text:ti_uia_loggers_LoggerStopMode_Object__delete__S)
                  0000b9f4    00000020     rom_sysbios.aem3 : rom_sysbios.obj (.text:xdc_runtime_SysMin_Module_startup__E)
                  0000ba14    00000020     main.obj (.text:xgWriteByte)
                  0000ba34    0000001e     drivers_cc13x0.aem3 : PINCC26XX.oem3 (.text:PIN_close)
                  0000ba52    0000001e                         : PowerCC26XX.oem3 (.text:Power_getTransitionLatency)
                  0000ba70    0000001c     driverlib.lib : aux_adc.obj (.text:NOROM_AUXADCGetAdjustmentGain)
                  0000ba8c    0000001c                   : chipinfo.obj (.text:NOROM_ChipInfo_GetChipFamily)
                  0000baa8    0000001c                   : setup_rom.obj (.text:NOROM_SetupGetTrimForAmpcompTh2)
                  0000bac4    0000001c                   : setup_rom.obj (.text:NOROM_SetupGetTrimForRcOscLfRtuneCtuneTrim)
                  0000bae0    0000001c     drivers_cc13x0.aem3 : PINCC26XX.oem3 (.text:PINCC26XX_setIoCfgMux)
                  0000bafc    0000001c                         : PINCC26XX.oem3 (.text:PIN_hwi)
                  0000bb18    0000001c     rf_multiMode_cc13x0.aem3 : RFCC26XX_multiMode.oem3 (.text:RF_setPowerConstraint)
                  0000bb34    0000001c                              : RFCC26XX_multiMode.oem3 (.text:clkInactivityFxn)
                  0000bb50    0000001c     smartrf_settings.obj (.text:enterGenfskCpePatch)
                  0000bb6c    0000001c     smartrf_settings_predefined.obj (.text:enterGenfskCpePatch)
                  0000bb88    0000001c     smartrf_settings_predefined.obj (.text:enterGenookCpePatch)
                  0000bba4    0000001c     smartrf_settings_predefined.obj (.text:enterLrmCpePatch)
                  0000bbc0    0000001c     smartrf_settings_predefined.obj (.text:enterSl_longrangeCpePatch)
                  0000bbdc    0000001c     rf_multiMode_cc13x0.aem3 : RFCC26XX_multiMode.oem3 (.text:hwiFxnCpe0ChangePhy)
                  0000bbf8    0000001c     rom_sysbios.aem3 : rom_sysbios.obj (.text:ti_sysbios_knl_Swi_construct2__E)
                  0000bc14    0000001c     ti.uia.loggers.aem3 : LoggerStopMode.oem3 (.text:ti_uia_loggers_LoggerStopMode_Instance_init__E)
                  0000bc30    0000001c     rom_sysbios.aem3 : rom_sysbios.obj (.text:xdc_runtime_SysMin_exit__E)
                  0000bc4c    0000001a     drivers_cc13x0.aem3 : PWMTimerCC26XX.oem3 (.text:PWMTimerCC26XX_control)
                  0000bc66    00000002     hello_pem3.oem3 (.text:ti_sysbios_BIOS_nullFunc__I)
                  0000bc68    00000018     CC1310_LAUNCHXL.obj (.text:CC1310_LAUNCHXL_initGeneral)
                  0000bc80    00000018     driverlib.lib : aon_rtc.obj (.text:NOROM_AONRTCCurrentCompareValueGet)
                  0000bc98    00000018                   : aux_adc.obj (.text:NOROM_AUXADCGetAdjustmentOffset)
                  0000bcb0    00000018                   : chipinfo.obj (.text:NOROM_ChipInfo_GetPackageType)
                  0000bcc8    00000018                   : osc.obj (.text:NOROM_OSCHF_TurnOnXosc)
                  0000bce0    00000018                   : rfc.obj (.text:NOROM_RFCCpeIntGetAndClear)
                  0000bcf8    00000018                   : setup_rom.obj (.text:NOROM_SetupGetTrimForAdcShModeEn)
                  0000bd10    00000018                   : setup_rom.obj (.text:NOROM_SetupGetTrimForAdcShVbufEn)
                  0000bd28    00000018                   : setup_rom.obj (.text:NOROM_SetupGetTrimForAmpcompTh1)
                  0000bd40    00000018                   : setup_rom.obj (.text:NOROM_SetupGetTrimForDblrLoopFilterResetVoltage)
                  0000bd58    00000018                   : setup_rom.obj (.text:NOROM_SetupGetTrimForRcOscLfIBiasTrim)
                  0000bd70    00000018                   : setup_rom.obj (.text:NOROM_SetupGetTrimForXoscLfRegulatorAndCmirrwrRatio)
                  0000bd88    00000018     drivers_cc13x0.aem3 : PowerCC26XX.oem3 (.text:Power_idleFunc)
                  0000bda0    00000018                         : UARTCC26XX.oem3 (.text:UARTCC26XX_init)
                  0000bdb8    00000018                         : UART.oem3 (.text:UART_Params_init)
                  0000bdd0    00000018                         : PowerCC26XX.oem3 (.text:configureRFCoreClocks)
                  0000bde8    00000018     hello_pem3.oem3 (.text:free)
                  0000be00    00000018     main.obj (.text:mReadByte)
                  0000be18    00000018     rtsv7M3_T_le_eabi.lib : args_main.obj (.text)
                  0000be30    00000018                           : ll_mul_t2.obj (.text)
                  0000be48    00000018     rf_multiMode_cc13x0.aem3 : RFCC26XX_multiMode.oem3 (.text:swiFxnFsm)
                  0000be60    00000018     hello_pem3.oem3 (.text:ti_sysbios_BIOS_rtsUnlock__I)
                  0000be78    00000018     rom_sysbios.aem3 : rom_sysbios.obj (.text:ti_sysbios_knl_Swi_or__E)
                  0000be90    00000018     hello_pem3.oem3 (.text:ti_sysbios_rom_cortexm_cc13xx_CC13xx_checkRevision__E)
                  0000bea8    00000018     hello_pem3.oem3 (.text:ti_uia_loggers_LoggerStopMode_Handle__label__S)
                  0000bec0    00000018     rom_sysbios.aem3 : rom_sysbios.obj (.text:xdc_runtime_Error_init__E)
                  0000bed8    00000018     main.obj (.text:xgReadByte)
                  0000bef0    00000016     drivers_cc13x0.aem3 : List.oem3 (.text:List_remove)
                  0000bf06    00000016     driverlib.lib : chipinfo.obj (.text:NOROM_ThisLibraryIsFor_CC13x0_HwRev20AndLater_HaltIfViolated)
                  0000bf1c    00000016     rf_multiMode_cc13x0.aem3 : RFCC26XX_multiMode.oem3 (.text:Q_pop)
                  0000bf32    00000016     main.obj (.text:checkID)
                  0000bf48    00000016     rtsv7M3_T_le_eabi.lib : strcpy.obj (.text)
                  0000bf5e    00000016     hello_pem3.oem3 (.text:ti_sysbios_BIOS_exitFunc__I)
                  0000bf74    00000016     main.obj (.text:ti_sysbios_knl_Clock_Params_init)
                  0000bf8a    00000016     EasyLink.obj (.text:ti_sysbios_knl_Semaphore_Params_init)
                  0000bfa0    00000016     main.obj (.text:ti_sysbios_knl_Semaphore_Params_init)
                  0000bfb6    00000016     main.obj (.text:ti_sysbios_knl_Task_Params_init)
                  0000bfcc    00000016     ti.uia.loggers.aem3 : LoggerStopMode.oem3 (.text:ti_uia_loggers_LoggerStopMode_disable__E)
                  0000bfe2    00000016                         : LoggerStopMode.oem3 (.text:ti_uia_loggers_LoggerStopMode_enable__E)
                  0000bff8    00000014     driverlib.lib : aon_rtc.obj (.text:NOROM_AONRTCCurrent64BitValueGet)
                  0000c00c    00000014                   : aux_adc.obj (.text:NOROM_AUXADCValueToMicrovolts)
                  0000c020    00000014     drivers_cc13x0.aem3 : PINCC26XX.oem3 (.text:PINCC26XX_getOutputValue)
                  0000c034    00000014                         : PWM.oem3 (.text:PWM_Params_init)
                  0000c048    00000014     rf_multiMode_cc13x0.aem3 : RFCC26XX_multiMode.oem3 (.text:RF_Params_init)
                  0000c05c    00000014     rtsv7M3_T_le_eabi.lib : _lock.obj (.text)
                  0000c070    00000014                           : strlen.obj (.text)
                  0000c084    00000014     hello_pem3.oem3 (.text:ti_sysbios_knl_Clock_doTick__I)
                  0000c098    00000012     drivers_cc13x0.aem3 : RingBuf.oem3 (.text:RingBuf_construct)
                  0000c0aa    00000012     dpl_cc13x0.aem3 : SemaphoreP_tirtos.oem3 (.text:SemaphoreP_pend)
                  0000c0bc    00000012     hello_pem3.oem3 (.text:xdc_runtime_Startup_exec__I)
                  0000c0ce    00000010     dpl_cc13x0.aem3 : ClockP_tirtos.oem3 (.text:ClockP_isActive)
                  0000c0de    00000010                     : HwiP_tirtos.oem3 (.text:HwiP_Params_init)
                  0000c0ee    00000002     rom_sysbios.aem3 : rom_sysbios.obj (.text:ti_sysbios_knl_Clock_triggerFunc__I)
                  0000c0f0    00000010     drivers_cc13x0.aem3 : I2C.oem3 (.text:I2C_Params_init)
                  0000c100    00000010     driverlib.lib : aux_adc.obj (.text:NOROM_AUXADCFlushFifo)
                  0000c110    00000010                   : aux_adc.obj (.text:NOROM_AUXADCReadFifo)
                  0000c120    00000010                   : rfc.obj (.text:NOROM_RFCRfTrimSet)
                  0000c130    00000010                   : setup_rom.obj (.text:NOROM_SetupGetTrimForXoscHfFastStart)
                  0000c140    00000010                   : setup_rom.obj (.text:NOROM_SetupGetTrimForXoscHfIbiastherm)
                  0000c150    00000010     dpl_cc13x0.aem3 : SwiP_tirtos.oem3 (.text:SwiP_Params_init)
                  0000c160    00000010     drivers_cc13x0.aem3 : WatchdogCC26XX.oem3 (.text:WatchdogCC26XX_clear)
                  0000c170    00000010                         : Watchdog.oem3 (.text:Watchdog_Params_init)
                  0000c180    00000010     smartrf_settings.obj (.text:applyGenfskPatch)
                  0000c190    00000010     smartrf_settings_predefined.obj (.text:applyGenfskPatch)
                  0000c1a0    00000010     smartrf_settings_predefined.obj (.text:applyGenookPatch)
                  0000c1b0    00000010     smartrf_settings_predefined.obj (.text:applyLrmPatch)
                  0000c1c0    00000010     smartrf_settings_predefined.obj (.text:applySl_longrangePatch)
                  0000c1d0    00000010     drivers_cc13x0.aem3 : I2CCC26XX.oem3 (.text:i2cPostNotify)
                  0000c1e0    00000010     rom_sysbios.aem3 : rom_sysbios.obj (.text:ti_sysbios_family_arm_m3_Hwi_post__E)
                  0000c1f0    00000010     hello_pem3.oem3 (.text:ti_uia_loggers_LoggerStopMode_Object__get__S)
                  0000c200    00000010     ti.uia.loggers.aem3 : LoggerStopMode.oem3 (.text:ti_uia_loggers_LoggerStopMode_isEmpty__E)
                  0000c210    00000010     drivers_cc13x0.aem3 : UARTCC26XX.oem3 (.text:uartPostNotify)
                  0000c220    0000000e     driverlib.lib : vims.obj (.text:NOROM_VIMSModeGet)
                  0000c22e    0000000e     rtsv7M3_T_le_eabi.lib : copy_decompress_none.obj (.text:decompress:none)
                  0000c23c    0000000e     rom_sysbios.aem3 : rom_sysbios.obj (.text:ti_sysbios_family_arm_cc26xx_TimestampProvider_get32__E)
                  0000c24a    00000002     hello_pem3.oem3 (.text:ti_sysbios_rom_cortexm_cc13xx_CC13xx_badRomRevision__E)
                  0000c24c    0000000c     rf_multiMode_cc13x0.aem3 : RFCC26XX_multiMode.oem3 (.text:FsmNextState)
                  0000c258    0000000c     drivers_cc13x0.aem3 : GPTimerCC26XX.oem3 (.text:GPTimerCC26XX_Params_init)
                  0000c264    0000000c                         : List.oem3 (.text:List_empty)
                  0000c270    0000000c     driverlib.lib : cpu.obj (.text:NOROM_CPUcpsid)
                  0000c27c    0000000c                   : cpu.obj (.text:NOROM_CPUcpsie)
                  0000c288    0000000c                   : osc.obj (.text:NOROM_OSC_HPOSCRelativeFrequencyOffsetToRFCoreFormatConvert)
                  0000c294    0000000c     drivers_cc13x0.aem3 : PINCC26XX.oem3 (.text:PIN_registerIntCb)
                  0000c2a0    0000000c                         : PowerCC26XX.oem3 (.text:Power_getConstraintMask)
                  0000c2ac    0000000c                         : PowerCC26XX.oem3 (.text:Power_getDependencyCount)
                  0000c2b8    0000000c     rtsv7M3_T_le_eabi.lib : copy_zero_init.obj (.text:decompress:ZI)
                  0000c2c4    0000000c     main.obj (.text:ti_sysbios_knl_Semaphore_handle)
                  0000c2d0    0000000c     rom_sysbios.aem3 : rom_sysbios.obj (.text:ti_sysbios_knl_Swi_getTrigger__E)
                  0000c2dc    0000000c     hello_pem3.oem3 (.text:xdc_runtime_Startup_reset__I)
                  0000c2e8    0000000c     rom_sysbios.aem3 : rom_sysbios.obj (.text:xdc_runtime_Startup_rtsDone__E)
                  0000c2f4    0000000a     drivers_cc13x0.aem3 : ADC.oem3 (.text:ADC_Params_init)
                  0000c2fe    0000000a                         : ADC.oem3 (.text:ADC_convert)
                  0000c308    0000000a                         : ADC.oem3 (.text:ADC_convertToMicroVolts)
                  0000c312    0000000a                         : I2CCC26XX.oem3 (.text:I2CCC26XX_init)
                  0000c31c    0000000a                         : I2C.oem3 (.text:I2C_transfer)
                  0000c326    0000000a                         : PWM.oem3 (.text:PWM_setDuty)
                  0000c330    0000000a                         : PWM.oem3 (.text:PWM_start)
                  0000c33a    0000000a                         : UART.oem3 (.text:UART_control)
                  0000c344    0000000a                         : UART.oem3 (.text:UART_read)
                  0000c34e    0000000a                         : UART.oem3 (.text:UART_write)
                  0000c358    0000000a                         : Watchdog.oem3 (.text:Watchdog_clear)
                  0000c362    0000000a                         : Watchdog.oem3 (.text:Watchdog_setReload)
                  0000c36c    00000008                         : ADCCC26XX.oem3 (.text:ADCCC26XX_init)
                  0000c374    00000008                         : GPTimerCC26XX.oem3 (.text:GPTimerCC26XX_setLoadValue)
                  0000c37c    00000008                         : GPTimerCC26XX.oem3 (.text:GPTimerCC26XX_setMatchValue)
                  0000c384    00000008                         : I2CCC26XX.oem3 (.text:I2CCC26XX_blockingCallback)
                  0000c38c    00000008                         : WatchdogCC26XX.oem3 (.text:WatchdogCC26XX_init)
                  0000c394    00000008                         : UARTCC26XX.oem3 (.text:readSemCallback)
                  0000c39c    00000008     smartrf_settings.obj (.text:rf_patch_cpe_genfsk)
                  0000c3a4    00000008     smartrf_settings_predefined.obj (.text:rf_patch_cpe_genfsk)
                  0000c3ac    00000008     smartrf_settings_predefined.obj (.text:rf_patch_cpe_genook)
                  0000c3b4    00000008     smartrf_settings_predefined.obj (.text:rf_patch_cpe_lrm)
                  0000c3bc    00000008     smartrf_settings_predefined.obj (.text:rf_patch_cpe_sl_longrange)
                  0000c3c4    00000008     drivers_cc13x0.aem3 : UARTCC26XX.oem3 (.text:writeSemCallback)
                  0000c3cc    00000006                         : ADCCC26XX.oem3 (.text:ADCCC26XX_control)
                  0000c3d2    00000006     dpl_cc13x0.aem3 : ClockP_tirtos.oem3 (.text:ClockP_Params_init)
                  0000c3d8    00000006     drivers_cc13x0.aem3 : I2CCC26XX.oem3 (.text:I2CCC26XX_control)
                  0000c3de    00000006     driverlib.lib : cpu.obj (.text:NOROM_CPUdelay)
                  0000c3e4    00000006     drivers_cc13x0.aem3 : UARTCC26XX.oem3 (.text:UARTCC26XX_readPolling)
                  0000c3ea    00000006                         : UARTCC26XX.oem3 (.text:UARTCC26XX_writePolling)
                  0000c3f0    00000006                         : WatchdogCC26XX.oem3 (.text:WatchdogCC26XX_control)
                  0000c3f6    00000006     rf_multiMode_cc13x0.aem3 : RFCC26XX_multiMode.oem3 (.text:clkReqAccessFxn)
                  0000c3fc    00000006     rom_sysbios.aem3 : rom_sysbios.obj (.text:ti_sysbios_family_arm_m3_Hwi_setFunc__E)
                  0000c402    00000004     dpl_cc13x0.aem3 : PowerCC26XX_tirtos.oem3 (.text:CPUwfi)
                  0000c406    00000004                     : ClockP_tirtos.oem3 (.text:ClockP_destruct)
                  0000c40a    00000004                     : ClockP_tirtos.oem3 (.text:ClockP_getCpuFreq)
                  0000c40e    00000004                     : ClockP_tirtos.oem3 (.text:ClockP_getTimeout)
                  0000c412    00000004                     : ClockP_tirtos.oem3 (.text:ClockP_setTimeout)
                  0000c416    00000004                     : ClockP_tirtos.oem3 (.text:ClockP_start)
                  0000c41a    00000004                     : ClockP_tirtos.oem3 (.text:ClockP_stop)
                  0000c41e    00000004                     : HwiP_tirtos.oem3 (.text:HwiP_destruct)
                  0000c422    00000004                     : HwiP_tirtos.oem3 (.text:HwiP_disable)
                  0000c426    00000004                     : HwiP_tirtos.oem3 (.text:HwiP_disableInterrupt)
                  0000c42a    00000004                     : HwiP_tirtos.oem3 (.text:HwiP_enableInterrupt)
                  0000c42e    00000004                     : HwiP_tirtos.oem3 (.text:HwiP_plug)
                  0000c432    00000004                     : HwiP_tirtos.oem3 (.text:HwiP_post)
                  0000c436    00000004                     : HwiP_tirtos.oem3 (.text:HwiP_setFunc)
                  0000c43a    00000004     drivers_cc13x0.aem3 : List.oem3 (.text:List_head)
                  0000c43e    00000004                         : List.oem3 (.text:List_next)
                  0000c442    00000004     rf_multiMode_cc13x0.aem3 : RFCC26XX_multiMode.oem3 (.text:Q_peek)
                  0000c446    00000004     dpl_cc13x0.aem3 : SemaphoreP_tirtos.oem3 (.text:SemaphoreP_destruct)
                  0000c44a    00000004                     : SemaphoreP_tirtos.oem3 (.text:SemaphoreP_post)
                  0000c44e    00000004                     : SwiP_tirtos.oem3 (.text:SwiP_destruct)
                  0000c452    00000004                     : SwiP_tirtos.oem3 (.text:SwiP_disable)
                  0000c456    00000004                     : SwiP_tirtos.oem3 (.text:SwiP_getTrigger)
                  0000c45a    00000004                     : SwiP_tirtos.oem3 (.text:SwiP_or)
                  0000c45e    00000004                     : SwiP_tirtos.oem3 (.text:SwiP_post)
                  0000c462    00000004     drivers_cc13x0.aem3 : PowerCC26XX.oem3 (.text:nopResourceHandler)
                  0000c466    00000004     rtsv7M3_T_le_eabi.lib : error.obj (.text)
                  0000c46a    00000004     rom_sysbios.aem3 : rom_sysbios.obj (.text:ti_sysbios_family_arm_cc26xx_Timer_getCount64__E)
                  0000c46e    00000004                      : rom_sysbios.obj (.text:ti_sysbios_knl_Clock_isActive__E)
                  0000c472    00000004     ti.uia.loggers.aem3 : LoggerStopMode.oem3 (.text:ti_uia_loggers_LoggerStopMode_getContents__E)
                  0000c476    00000004     hello_pem3.oem3 (.text:ti_uia_loggers_LoggerStopMode_getFilterLevel__E)
                  0000c47a    00000004     ti.uia.loggers.aem3 : LoggerStopMode.oem3 (.text:ti_uia_loggers_LoggerStopMode_getInstanceId__E)
                  0000c47e    00000004                         : LoggerStopMode.oem3 (.text:ti_uia_loggers_LoggerStopMode_getMaxLength__E)
                  0000c482    00000004                         : LoggerStopMode.oem3 (.text:ti_uia_loggers_LoggerStopMode_getPriority__E)
                  0000c486    00000004                         : LoggerStopMode.oem3 (.text:ti_uia_loggers_LoggerStopMode_getTransferType__E)
                  0000c48a    00000002     hello_pem3.oem3 (.text:ti_uia_loggers_LoggerStopMode_setFilterLevel__E)
                  0000c48c    00000002     ti.uia.loggers.aem3 : LoggerStopMode.oem3 (.text:ti_uia_loggers_LoggerStopMode_setPriority__E)
                  0000c48e    00000002     rom_sysbios.aem3 : rom_sysbios.obj (.text:xdc_runtime_SysCallback_defaultAbort)
                  0000c490    00000002                      : rom_sysbios.obj (.text:xdc_runtime_SysCallback_defaultExit)
                  0000c492    00000002     --HOLE-- [fill = 0]
                  0000c494    00000008     (.tramp.ti_sysbios_knl_Swi_destruct.1)
                  0000c49c    00000008     (.tramp.ti_sysbios_knl_Semaphore_destruct.1)
                  0000c4a4    00000008     (.tramp.ti_sysbios_family_arm_m3_Hwi_plug__E.1)
                  0000c4ac    00000008     (.tramp.ti_sysbios_family_arm_m3_Hwi_enableInterrupt__E.1)
                  0000c4b4    00000008     (.tramp.ti_sysbios_family_arm_m3_Hwi_disableInterrupt__E.1)
                  0000c4bc    00000008     (.tramp.ti_sysbios_family_arm_m3_Hwi_destruct.1)
                  0000c4c4    00000008     (.tramp.ti_sysbios_BIOS_getCpuFreq__E.1)
                  0000c4cc    00000008     (.tramp.ti_sysbios_knl_Clock_destruct.1)
                  0000c4d4    00000008     (.tramp.xdc_runtime_Startup_startMods__I.1)
                  0000c4dc    00000008     (.tramp.ti_sysbios_knl_Clock_logTick__E.1)
                  0000c4e4    00000008     (.tramp.ti_sysbios_knl_Task_Params__init__S.1)
                  0000c4ec    00000008     (.tramp.xdc_runtime_Core_assignLabel__I.1)
                  0000c4f4    00000008     (.tramp.ti_sysbios_knl_Swi_post__E.1)
                  0000c4fc    00000008     (.tramp.ti_sysbios_BIOS_RtsGateProxy_leave__E.1)
                  0000c504    00000008     (.tramp.xdc_runtime_Memory_free__E.1)
                  0000c50c    00000008     (.tramp.ti_sysbios_knl_Swi_construct.1)
                  0000c514    00000008     (.tramp.xdc_runtime_Core_deleteObject__I.1)
                  0000c51c    00000008     (.tramp.ti_sysbios_BIOS_RtsGateProxy_enter__E.1)
                  0000c524    00000008     (.tramp.ti_sysbios_knl_Task_restore__E.1)
                  0000c52c    00000008     (.tramp.ti_sysbios_knl_Clock_getTicks__E.1)
                  0000c534    00000008     (.tramp.ti_sysbios_knl_Semaphore_Params__init__S.1)
                  0000c53c    00000008     (.tramp.xdc_runtime_Memory_alloc__E.1)
                  0000c544    00000008     (.tramp.xdc_runtime_Core_createObject__I.1)
                  0000c54c    00000008     (.tramp.ti_sysbios_knl_Task_startup__E.1)
                  0000c554    00000008     (.tramp.ti_sysbios_knl_Swi_startup__E.1)
                  0000c55c    00000008     (.tramp.ti_sysbios_hal_Hwi_startup__E.1)
                  0000c564    00000008     (.tramp.ti_sysbios_family_arm_cc26xx_Timer_startup__E.1)
                  0000c56c    00000008     (.tramp.xdc_runtime_System_atexit__E.1)
                  0000c574    00000008     (.tramp.ti_sysbios_BIOS_setThreadType__E.1)
                  0000c57c    00000008     (.tramp.ti_sysbios_knl_Task_disable__E.1)
                  0000c584    00000008     (.tramp.ti_sysbios_knl_Swi_disable__E.1)
                  0000c58c    00000008     (.tramp.ti_sysbios_knl_Task_construct.1)
                  0000c594    00000008     (.tramp.ti_sysbios_family_arm_m3_Hwi_construct.1)
                  0000c59c    00000008     (.tramp.ti_sysbios_knl_Swi_Params__init__S.1)
                  0000c5a4    00000008     (.tramp.ti_sysbios_family_arm_m3_Hwi_Params__init__S.1)
                  0000c5ac    00000008     (.tramp.xdc_runtime_System_exit__E.1)
                  0000c5b4    00000008     (.tramp.ti_sysbios_knl_Clock_construct.1)
                  0000c5bc    00000008     (.tramp.ti_sysbios_knl_Clock_Params__init__S.1)
                  0000c5c4    00000008     (.tramp.ti_sysbios_BIOS_start__E.1)
                  0000c5cc    00000008     (.tramp.ti_sysbios_heaps_HeapMem_restore__E.1)
                  0000c5d4    00000008     (.tramp.ti_sysbios_heaps_HeapMem_Object__get__S.1)
                  0000c5dc    00000008     (.tramp.xdc_runtime_Gate_leaveSystem__E.1)
                  0000c5e4    00000008     (.tramp.xdc_runtime_Gate_enterSystem__E.1)
                  0000c5ec    00000008     (.tramp.xdc_runtime_Assert_raise__I.1)
                  0000c5f4    00000008     (.tramp.ti_sysbios_knl_Clock_scheduleNextTick__E.1)
                  0000c5fc    00000008     (.tramp.ti_sysbios_knl_Clock_walkQueueDynamic__E.1)
                  0000c604    00000008     (.tramp.ti_sysbios_knl_Clock_TimerProxy_getCurrentTick__E.1)
                  0000c60c    00000008     (.tramp.ti_sysbios_knl_Clock_start__E.1)
                  0000c614    00000008     (.tramp.ti_sysbios_knl_Clock_setTimeout__E.1)
                  0000c61c    00000008     (.tramp.ti_sysbios_knl_Task_sleep__E.1)
                  0000c624    00000008     (.tramp.ti_sysbios_knl_Semaphore_construct.1)
                  0000c62c    00000008     (.tramp.xdc_runtime_Timestamp_get64__E.1)
                  0000c634    00000008     (.tramp.ti_sysbios_family_arm_m3_Hwi_disableFxn__E.1)
                  0000c63c    00000008     (.tramp.ti_sysbios_knl_Swi_restore__E.1)
                  0000c644    00000008     (.tramp.ti_sysbios_knl_Semaphore_create.1)
                  0000c64c    00000008     (.tramp.ti_sysbios_knl_Semaphore_post__E.1)
                  0000c654    00000008     (.tramp.ti_sysbios_knl_Semaphore_pend__E.1)
                  0000c65c    00000008     (.tramp.ti_sysbios_family_arm_m3_Hwi_restoreFxn__E.1)

.const     0    0000c664    00004a2e     
                  0000c664    0000073c     smartrf_settings_predefined.obj (.const:patchGenookMce)
                  0000cda0    000006b4     smartrf_settings.obj (.const:patchGenfskRfe)
                  0000d454    000006b4     smartrf_settings_predefined.obj (.const:patchGenfskRfe)
                  0000db08    000006b4     smartrf_settings_predefined.obj (.const:patchLrmRfe)
                  0000e1bc    000006b4     smartrf_settings_predefined.obj (.const:patchSl_longrangeRfe)
                  0000e870    000006a4     smartrf_settings_predefined.obj (.const:patchGenookRfe)
                  0000ef14    00000504     smartrf_settings_predefined.obj (.const:patchHsp4mbpsRfe)
                  0000f418    00000400     smartrf_settings_predefined.obj (.const:patchSl_longrangeMce)
                  0000f818    000003f0     smartrf_settings_predefined.obj (.const:patchHsp4mbpsMce)
                  0000fc08    000002b0     smartrf_settings.obj (.const:patchImageGenfsk)
                  0000feb8    000002b0     smartrf_settings_predefined.obj (.const:patchImageGenfsk)
                  00010168    000002b0     smartrf_settings_predefined.obj (.const:patchImageGenook)
                  00010418    000002b0     smartrf_settings_predefined.obj (.const:patchImageLrm)
                  000106c8    000002b0     smartrf_settings_predefined.obj (.const:patchImageSl_longrange)
                  00010978    00000090     main.obj (.const:$P$T4$3)
                  00010a08    00000084     CC1310_LAUNCHXL.obj (.const:ADC_config)
                  00010a8c    00000060     CC1310_LAUNCHXL.obj (.const:GPTimerCC26XX_config)
                  00010aec    00000060     CC1310_LAUNCHXL.obj (.const:PWM_config)
                  00010b4c    00000060     CC1310_LAUNCHXL.obj (.const:gptimerCC26xxHWAttrs)
                  00010bac    00000060     hello_pem3.oem3 (.const:ti_uia_loggers_LoggerStopMode_Module__FXNS__C)
                  00010c0c    0000004d     CC1310_LAUNCHXL.obj (.const:adcCC26xxHWAttrs)
                  00010c59    00000001     smartrf_settings_predefined.obj (.const)
                  00010c5a    0000004c     drivers_cc13x0.aem3 : PowerCC26XX.oem3 (.const:resourceDB)
                  00010ca6    00000002     hello_pem3.oem3 (.const:ti_uia_loggers_LoggerStopMode_Module__id__C)
                  00010ca8    00000048     hello_pem3.oem3 (.const:.string)
                  00010cf0    00000040     drivers_cc13x0.aem3 : UARTCC26XX.oem3 (.const:$O1$$)
                  00010d30    00000040     smartrf_settings_predefined.obj (.const:rfPowerTable)
                  00010d70    0000002c     CC1310_LAUNCHXL.obj (.const:BoardGpioInitTable)
                  00010d9c    0000002c     hello_pem3.oem3 (.const:xdc_runtime_Startup_sfxnTab__A)
                  00010dc8    00000028     drivers_cc13x0.aem3 : UARTCC26XX.oem3 (.const:UARTCC26XX_fxnTable)
                  00010df0    00000028     hello_pem3.oem3 (.const:ti_uia_loggers_LoggerStopMode_Object__PARAMS__C)
                  00010e18    00000024     drivers_cc13x0.aem3 : GPTimerCC26XX.oem3 (.const:$O1$$)
                  00010e3c    00000024                         : UART.oem3 (.const:UART_defaultParams)
                  00010e60    00000020                         : PWMTimerCC26XX.oem3 (.const:PWMTimerCC26XX_fxnTable)
                  00010e80    00000020     hello_pem3.oem3 (.const:ti_uia_loggers_LoggerStopMode_Object__DESC__C)
                  00010ea0    00000020     CC1310_LAUNCHXL.obj (.const:uartCC26XXHWAttrs)
                  00010ec0    0000001c     rf_multiMode_cc13x0.aem3 : RFCC26XX_multiMode.oem3 (.const:RF_defaultParams)
                  00010edc    0000001c     drivers_cc13x0.aem3 : WatchdogCC26XX.oem3 (.const:WatchdogCC26XX_fxnTable)
                  00010ef8    00000018     EasyLink.obj (.const:$P$T0$3)
                  00010f10    00000018     drivers_cc13x0.aem3 : ADCCC26XX.oem3 (.const:ADCCC26XX_fxnTable)
                  00010f28    00000018                         : I2CCC26XX.oem3 (.const:I2CCC26XX_fxnTable)
                  00010f40    00000018                         : PWM.oem3 (.const:PWM_defaultParams)
                  00010f58    00000018     CC1310_LAUNCHXL.obj (.const:i2cCC26xxHWAttrs)
                  00010f70    00000018     driverlib.lib : rfc.obj (.const:rfc_defaultIrqAddr)
                  00010f88    00000016     hello_pem3.oem3 (.const:xdc_runtime_Startup_sfxnRts__A)
                  00010f9e    00000002     hello_pem3.oem3 (.const:ti_uia_loggers_LoggerStopMode_isTimestampEnabled__C)
                  00010fa0    00000010     drivers_cc13x0.aem3 : I2C.oem3 (.const:I2C_defaultParams)
                  00010fb0    00000010     CC1310_LAUNCHXL.obj (.const:PowerCC26XX_config)
                  00010fc0    00000010     CC1310_LAUNCHXL.obj (.const:pwmtimerCC26xxHWAttrs)
                  00010fd0    0000000c     CC1310_LAUNCHXL.obj (.const:I2C_config)
                  00010fdc    0000000c     CC1310_LAUNCHXL.obj (.const:UART_config)
                  00010fe8    0000000c     CC1310_LAUNCHXL.obj (.const:Watchdog_config)
                  00010ff4    0000000c     drivers_cc13x0.aem3 : Watchdog.oem3 (.const:Watchdog_defaultParams)
                  00011000    0000000c     hello_pem3.oem3 (.const:xdc_runtime_Startup_firstFxns__A)
                  0001100c    0000000b     main.obj (.const:.string:$P$T1$2)
                  00011017    00000009     CC1310_LAUNCHXL.obj (.const)
                  00011020    00000008     drivers_cc13x0.aem3 : ADC.oem3 (.const:ADC_defaultParams)
                  00011028    00000008     CC1310_LAUNCHXL.obj (.const:PINCC26XX_hwAttrs)
                  00011030    00000008     drivers_cc13x0.aem3 : I2CCC26XX.oem3 (.const:bitRate)
                  00011038    00000008     CC1310_LAUNCHXL.obj (.const:watchdogCC26XXHWAttrs)
                  00011040    00000004     EasyLink.obj (.const:$P$T1$4)
                  00011044    00000004     CC1310_LAUNCHXL.obj (.const:RFCC26XX_hwAttrs)
                  00011048    00000004     hello_pem3.oem3 (.const:ti_sysbios_family_arm_m3_Hwi_swiDisable__C)
                  0001104c    00000004     hello_pem3.oem3 (.const:ti_sysbios_family_arm_m3_Hwi_swiRestoreHwi__C)
                  00011050    00000004     hello_pem3.oem3 (.const:ti_sysbios_heaps_HeapMem_primaryHeapBaseAddr__C)
                  00011054    00000004     hello_pem3.oem3 (.const:ti_sysbios_heaps_HeapMem_primaryHeapEndAddr__C)
                  00011058    00000004     hello_pem3.oem3 (.const:ti_sysbios_knl_Clock_tickPeriod__C)
                  0001105c    00000004     hello_pem3.oem3 (.const:ti_sysbios_knl_Clock_triggerClock__C)
                  00011060    00000004     hello_pem3.oem3 (.const:ti_sysbios_knl_Idle_funcList__A)
                  00011064    00000004     hello_pem3.oem3 (.const:ti_uia_loggers_LoggerStopMode_Module__diagsEnabled__C)
                  00011068    00000004     hello_pem3.oem3 (.const:ti_uia_loggers_LoggerStopMode_Module__diagsIncluded__C)
                  0001106c    00000004     hello_pem3.oem3 (.const:ti_uia_loggers_LoggerStopMode_Module__diagsMask__C)
                  00011070    00000004     hello_pem3.oem3 (.const:ti_uia_loggers_LoggerStopMode_Object__count__C)
                  00011074    00000004     hello_pem3.oem3 (.const:ti_uia_runtime_ILoggerSnapshot_Interface__BASE__C)
                  00011078    00000004     hello_pem3.oem3 (.const:ti_uia_runtime_IUIATransfer_Interface__BASE__C)
                  0001107c    00000004     hello_pem3.oem3 (.const:xdc_runtime_IFilterLogger_Interface__BASE__C)
                  00011080    00000004     hello_pem3.oem3 (.const:xdc_runtime_ILogger_Interface__BASE__C)
                  00011084    00000004     hello_pem3.oem3 (.const:xdc_runtime_SysMin_bufSize__C)
                  00011088    00000004     hello_pem3.oem3 (.const:xdc_runtime_SysMin_outputFunc__C)
                  0001108c    00000003     main.obj (.const:.string:$P$T0$1)
                  0001108f    00000001     hello_pem3.oem3 (.const:xdc_runtime_Text_charTab__A)
                  00011090    00000002     hello_pem3.oem3 (.const:xdc_runtime_SysMin_flushAtExit__C)

.cinit     0    00000040    000004c0     
                  00000040    0000037f     (.cinit..data.load) [load image, compression = lzss]
[...]
1001c891  xdc_runtime_System_Module_GateProxy_leave__E                              
1001c895  xdc_runtime_System_abortSpin__E                                           
1001c897  xdc_runtime_System_exitSpin__E                                            
1001c899  ti_sysbios_family_arm_m3_Hwi_dispatch__I                                  
1001c969  ti_sysbios_family_arm_m3_TaskSupport_buildTaskStack                       
1001c9b5  ti_sysbios_family_arm_m3_Hwi_initStacks__E                                
1001c9fd  ti_sysbios_family_arm_m3_Hwi_excHandlerAsm__I                             
1001ca1d  ti_sysbios_family_xxx_Hwi_switchAndRunFunc                                
1001ca3b  ti_sysbios_family_arm_m3_Hwi_pendSV__I                                    
1001ca53  ti_sysbios_family_arm_m3_Hwi_return                                       
1001ca55  ti_sysbios_family_arm_m3_TaskSupport_glue                                 
1001ca65  ti_sysbios_family_arm_m3_TaskSupport_swap__E                              
1001ca6d  ti_sysbios_knl_Task_swapReturn                                            
1001ca97  ti_sysbios_rom_cortexm_cc13xx_CC13xx_getRevision__E                       
20000000  ti_sysbios_family_arm_m3_Hwi_ramVectors                                   
20000100  ti_sysbios_knl_Task_Module__state__V                                      
20000144  ti_sysbios_family_arm_m3_Hwi_Module__state__V                             
20000178  ti_sysbios_knl_Clock_Module__state__V                                     
200001a4  ti_sysbios_BIOS_Module__state__V                                          
200001c8  ti_sysbios_knl_Swi_Module__state__V                                       
200001e4  ti_sysbios_family_arm_cc26xx_Timer_Module__state__V                       
200001ec  ti_sysbios_family_arm_cc26xx_TimestampProvider_Module__state__V           
200001f0  xdc_runtime_Startup_Module__state__V                                      
200001f8  xdc_runtime_System_Module__state__V                                       
20000200  xdc_runtime_Memory_Module__state__V                                       
20000680  ti_uia_loggers_LoggerStopMode_Instance_State_0_packetArray__A             
20000a80  ti_uia_loggers_LoggerStopMode_Instance_State_1_packetArray__A             
2000140c  xdc_runtime_SysMin_Module_State_0_outbuf__A                               
20002104  uartCC26XXObjects                                                         
20002230  __CIOBUF_                                                                 
20002350  gptimerCC26XXObjects                                                      
20002470  PIN_NumPins                                                               
20002504  PIN_HandleTable                                                           
20002580  pwmtimerCC26xxObjects                                                     
20002680  i2cCC26xxObjects                                                          
20002760  adcCC26xxObjects                                                          
2000283c  ClockP_tickPeriod                                                         
20002908  ti_sysbios_family_arm_m3_Hwi_dispatchTable                                
20002b8c  accelTask                                                                 
20002bdc  adcTask                                                                   
20002c2c  gpsTask                                                                   
20002c7c  gyroTask                                                                  
20002ccc  humidityTask                                                              
20002d1c  magTask                                                                   
20002d6c  pwmTask                                                                   
20002dbc  rxRestartTask                                                             
20002e0c  txDataTask                                                                
20002eb4  watchdogCC26XXObjects                                                     
20002f00  ti_uia_loggers_LoggerStopMode_Instance_State_0_hdr__A                     
20002f30  settings                                                                  
20002f58  clk0Struct                                                                
20002f7c  aRes                                                                      
20002f80  ti_uia_loggers_LoggerStopMode_Instance_State_1_hdr__A                     
20002fb0  uartParams                                                                
200030d0  i2cTransaction                                                            
2000311c  pwmparams                                                                 
20003168  i2cParams                                                                 
20003190  aBias                                                                     
2000319c  gBias                                                                     
200031a8  mBias                                                                     
200031b4  PowerCC26XX_taskKey                                                       
200031b8  PowerCC26XX_swiKey                                                        
200031d4  aBiasRaw                                                                  
200031dc  gBiasRaw                                                                  
200031e4  mBiasRaw                                                                  
200031ec  params                                                                    
200031f4  adc0                                                                      
200031f8  adc1                                                                      
200031fc  adcValue0MicroVolt                                                        
20003200  adcValue1MicroVolt                                                        
20003204  gRes                                                                      
20003208  i2c                                                                       
2000320c  mRes                                                                      
20003210  uart                                                                      
20003214  watchdogHandle                                                            
2000321a  adcValue0                                                                 
2000321c  adcValue1                                                                 
2000321e  ax                                                                        
20003220  ay                                                                        
20003222  az                                                                        
20003224  gx                                                                        
20003226  gy                                                                        
20003228  gz                                                                        
2000322a  mx                                                                        
2000322c  my                                                                        
2000322e  mz                                                                        
20003230  _autoCalc                                                                 
20003231  _mAddress                                                                 
20003232  _xgAddress                                                                
20003233  driverlib_release_0_48919                                                 
20003238  __primary_heap_start__                                                    
20004238  PowerCC26XX_module                                                        
20004238  __primary_heap_end__                                                      
2000434c  globalPacket                                                              
200043e4  pOverrides_sl_lr                                                          
2000444c  ti_uia_loggers_LoggerStopMode_Object__table__V                            
200044b4  pOverrides_hsm                                                            
20004514  pOverrides_lrm                                                            
20004570  pOverrides_ook                                                            
20004624  pOverrides_fsk                                                            
2000467c  main_func_sp                                                              
20004680  ti_sysbios_family_arm_cc26xx_Timer_Object__table__V                       
200046c8  RF_pProp_fsk                                                              
200046cc  RF_pProp_lrm                                                              
200046d0  RF_pProp_ook                                                              
200046d4  RF_pProp_hsm                                                              
200046d8  RF_pProp_sl_lr                                                            
200046dc  RF_pProp_2_4G_fsk                                                         
200046e0  RF_pCmdPropRadioDivSetup_fsk                                              
200046e4  RF_pCmdPropRadioDivSetup_lrm                                              
200046e8  RF_pCmdPropRadioDivSetup_ook                                              
200046ec  RF_pCmdRadioSetup_hsm                                                     
200046f0  RF_pCmdPropRadioDivSetup_sl_lr                                            
200046f4  RF_pCmdPropRadioSetup_2_4G_fsk                                            
200046f8  RF_pCmdTxHS                                                               
200046fc  RF_pCmdRxHS                                                               
20004700  RF_pCmdFs_preDef                                                          
20004704  RF_pCmdPropTx_preDef                                                      
20004708  RF_pCmdPropRxAdv_preDef                                                   
2000470c  ti_sysbios_gates_GateMutex_Object__table__V                               
20004744  RF_cmdPropRxAdv_preDef                                                    
20004774  ti_sysbios_knl_Swi_Module_State_0_readyQ__A                               
200047a4  ti_sysbios_knl_Swi_Object__table__V                                       
200047d4  ti_sysbios_knl_Task_Module_State_0_readyQ__A                              
20004804  RF_cmdPropRadioDivSetup                                                   
2000482c  RF_cmdPropRadioDivSetup_fsk                                               
20004854  RF_cmdPropRadioDivSetup_lrm                                               
2000487c  RF_cmdPropRadioDivSetup_ook                                               
200048a4  RF_cmdPropRadioDivSetup_sl_lr                                             
200048cc  goodToGo                                                                  
200048d0  pwmPeriod                                                                 
200048d2  pwmduty                                                                   
200048d4  pwmdutyInc                                                                
200048d8  pwmtime                                                                   
200048dc  pwm1                                                                      
200048e0  bytesRead                                                                 
200048e4  numConnections                                                            
200048e8  AXN                                                                       
200048ec  AYN                                                                       
200048f0  AZN                                                                       
200048f4  RF_cmdRxHS                                                                
20004938  pinTable                                                                  
20004958  ti_sysbios_knl_Clock_Object__table__V                                     
20004978  xdc_runtime_Error_IgnoreBlock                                             
20004998  message                                                                   
200049b6  ti_sysbios_family_arm_m3_Hwi_Module_State_0_excActive__A                  
200049b8  RF_cmdFs                                                                  
200049d0  RF_cmdFs_preDef                                                           
200049e8  RF_cmdPropTx                                                              
20004a00  RF_cmdPropTx_preDef                                                       
20004a18  RF_cmdRadioSetup_hsm                                                      
20004a48  shapeovr                                                                  
20004a60  ti_sysbios_family_arm_m3_Hwi_Object__table__V                             
20004a78  ti_sysbios_heaps_HeapMem_Object__table__V                                 
20004a90  RF_cmdTxHS                                                                
20004ac4  RF_prop                                                                   
20004ad4  RF_prop_fsk                                                               
20004ae4  RF_prop_hsm                                                               
20004af4  RF_prop_lrm                                                               
20004b04  RF_prop_ook                                                               
20004b14  RF_prop_sl_lr                                                             
20004b32  xdc_runtime_Main_Module__root__V                                          
20004b34  __TI_cleanup_ptr                                                          
20004b38  __TI_dtors_ptr                                                            
20004b3c  __TI_enable_exit_profile_output                                           
20004b40  ti_sysbios_knl_Task_Module__root__V                                       
20004b4c  ti_uia_runtime_QueueDescriptor_Module__state__V                           
20004b58  xdc_runtime_SysMin_Module__state__V                                       
20004b64  _lock                                                                     
20004b68  _unlock                                                                   
20004b6c  ti_uia_runtime_QueueDescriptor_gPtrToFirstDescriptor                      
20004b70  ti_uia_runtime_QueueDescriptor_gUpdateCount                               
20004b74  ti_sysbios_family_arm_m3_Hwi_Module__root__V                              
20004b7c  ti_sysbios_gates_GateHwi_Module__root__V                                  
20004b84  ti_sysbios_gates_GateMutex_Module__root__V                                
20004b8c  ti_sysbios_hal_Hwi_Module__root__V                                        
20004b94  ti_sysbios_heaps_HeapMem_Module__root__V                                  
20004b9c  ti_sysbios_knl_Clock_Module__root__V                                      
20004ba4  ti_sysbios_knl_Mailbox_Module__root__V                                    
20004bac  ti_sysbios_knl_Queue_Module__root__V                                      
20004bb4  ti_sysbios_knl_Semaphore_Module__root__V                                  
20004bbc  ti_sysbios_knl_Swi_Module__root__V                                        
20004bc4  ti_uia_loggers_LoggerStopMode_Module__root__V                             
20004bcc  xdc_runtime_System_Module_State_0_atexitHandlers__A                       
20004bd4  ti_sysbios_family_arm_m3_Hwi_Module_State_0_excContext__A                 
20004bd8  ti_sysbios_family_arm_m3_Hwi_Module_State_0_excStack__A                   
20004bdc  ti_sysbios_knl_Task_Module_State_0_idleTask__A                            
20004c00  __stack                                                                   
20005000  __STACK_END                                                               
e000e000  ti_sysbios_family_arm_m3_Hwi_nvic                                         
ffffffff  __TI_pprof_out_hndl                                                       
ffffffff  __TI_prof_data_size                                                       
ffffffff  __TI_prof_data_start                                                      
ffffffff  __binit__                                                                 
ffffffff  __c_args__                                                                
ffffffff  binit                                                                     
UNDEFED   ClockP_getSystemTicks                                                     
UNDEFED   HwiP_restore                                                              
UNDEFED   SHT$$INIT_ARRAY$$Base                                                     
UNDEFED   SHT$$INIT_ARRAY$$Limit                                                    
UNDEFED   SwiP_restore                                                              
UNDEFED   ti_sysbios_BIOS_RtsGateProxy_Handle__label__S__mangled__                  
UNDEFED   ti_sysbios_BIOS_RtsGateProxy_Params__init__S__mangled__                   
UNDEFED   ti_sysbios_BIOS_RtsGateProxy_query__E__mangled__                          
UNDEFED   ti_sysbios_hal_Hwi_HwiProxy_Module__startupDone__S__mangled__             
UNDEFED   ti_sysbios_hal_Hwi_HwiProxy_Params__init__S__mangled__                    
UNDEFED   ti_sysbios_hal_Hwi_HwiProxy_disableInterrupt__E__mangled__                
UNDEFED   ti_sysbios_hal_Hwi_HwiProxy_enableInterrupt__E__mangled__                 
UNDEFED   ti_sysbios_hal_Hwi_HwiProxy_getStackInfo__E__mangled__                    
UNDEFED   ti_sysbios_hal_Hwi_HwiProxy_startup__E__mangled__                         
UNDEFED   ti_sysbios_hal_Hwi_HwiProxy_switchFromBootStack__E__mangled__             
UNDEFED   ti_sysbios_hal_Hwi_disableInterrupt__E                                    
UNDEFED   ti_sysbios_hal_Hwi_enableInterrupt__E                                     
UNDEFED   ti_sysbios_hal_Hwi_getStackInfo__E                                        
UNDEFED   ti_sysbios_hal_Hwi_startup__E                                             
UNDEFED   ti_sysbios_hal_Hwi_switchFromBootStack__E                                 
UNDEFED   ti_sysbios_heaps_HeapMem_Module_GateProxy_Handle__label__S__mangled__     
UNDEFED   ti_sysbios_heaps_HeapMem_Module_GateProxy_Params__init__S__mangled__      
UNDEFED   ti_sysbios_heaps_HeapMem_Module_GateProxy_query__E__mangled__             
UNDEFED   ti_sysbios_knl_Clock_TimerProxy_Module__startupDone__S__mangled__         
UNDEFED   ti_sysbios_knl_Clock_TimerProxy_startup__E__mangled__                     
UNDEFED   ti_sysbios_knl_Task_SupportProxy_Module__startupDone__S__mangled__        
UNDEFED   ti_sysbios_knl_Task_SupportProxy_getStackAlignment__E__mangled__          
UNDEFED   ti_sysbios_knl_Task_SupportProxy_start__E__mangled__                      
UNDEFED   ti_sysbios_knl_Task_SupportProxy_swap__E__mangled__                       
UNDEFED   xdc_runtime_Main_Module_GateProxy_Handle__label__S                        
UNDEFED   xdc_runtime_Main_Module_GateProxy_query__E                                
UNDEFED   xdc_runtime_Memory_HeapProxy_Handle__label__S__mangled__                  
UNDEFED   xdc_runtime_System_Module_GateProxy_Handle__label__S__mangled__           
UNDEFED   xdc_runtime_System_Module_GateProxy_query__E__mangled__                   
UNDEFED   xdc_runtime_Timestamp_SupportProxy_get64__E__mangled__                    
UNDEFED   xdc_runtime_Timestamp_SupportProxy_getFreq__E__mangled__                  
UNDEFED   xdc_runtime_Timestamp_get32__E                                            
UNDEFED   xdc_runtime_Timestamp_get64__E                                            
UNDEFED   xdc_runtime_Timestamp_getFreq__E                                          

[1147 symbols]
