******************************************************************************
                  TI ARM Linker Unix v18.1.4                   
******************************************************************************
>> Linked Mon Jan 14 17:00:54 2019

OUTPUT FILE NAME:   <Sprite.out>
ENTRY POINT SYMBOL: "ResetISR"  address: 00009bc5


MEMORY CONFIGURATION

         name            origin    length      used     unused   attr    fill
----------------------  --------  ---------  --------  --------  ----  --------
  FLASH                 00000000   00020000  0000f8ea  00010716  R  X
  SRAM                  20000000   00005000  00004bcf  00000431  RW X


SEGMENT ALLOCATION MAP

run origin  load origin   length   init length attrs members
----------  ----------- ---------- ----------- ----- -------
00000000    00000000    00000510   00000510    r--
  00000000    00000000    0000003c   0000003c    r-- .resetVecs
  00000040    00000040    000004d0   000004d0    r-- .cinit
00001000    00001000    0000f392   0000f392    r-x
  00001000    00001000    0000003c   0000003c    r-- .const:ti_sysbios_knl_Task_Object__PARAMS__C
  0000103c    0000103c    00000034   00000034    r-- .const:ti_sysbios_knl_Mailbox_Object__PARAMS__C
  00001070    00001070    00000030   00000030    r-- .const:ti_sysbios_family_arm_m3_Hwi_Object__PARAMS__C
  000010a0    000010a0    0000002c   0000002c    r-- .const:ti_sysbios_hal_Hwi_Object__PARAMS__C
  000010cc    000010cc    00000028   00000028    r-- .const:ti_sysbios_heaps_HeapMem_Module__FXNS__C
  000010f4    000010f4    00000028   00000028    r-- .const:ti_sysbios_knl_Swi_Object__PARAMS__C
  0000111c    0000111c    00000024   00000024    r-- .const:ti_sysbios_gates_GateHwi_Module__FXNS__C
  00001140    00001140    00000024   00000024    r-- .const:ti_sysbios_gates_GateMutex_Module__FXNS__C
  00001164    00001164    00000024   00000024    r-- .const:ti_sysbios_heaps_HeapMem_Object__PARAMS__C
  00001188    00001188    00000024   00000024    r-- .const:ti_sysbios_knl_Clock_Object__PARAMS__C
  000011ac    000011ac    00000024   00000024    r-- .const:ti_sysbios_knl_Semaphore_Object__PARAMS__C
  000011d0    000011d0    00000020   00000020    r-- .const:ti_sysbios_family_arm_m3_Hwi_Object__DESC__C
  000011f0    000011f0    00000020   00000020    r-- .const:ti_sysbios_gates_GateHwi_Object__DESC__C
  00001210    00001210    00000020   00000020    r-- .const:ti_sysbios_gates_GateMutex_Object__DESC__C
  00001230    00001230    00000020   00000020    r-- .const:ti_sysbios_hal_Hwi_Object__DESC__C
  00001250    00001250    00000020   00000020    r-- .const:ti_sysbios_heaps_HeapMem_Object__DESC__C
  00001270    00001270    00000020   00000020    r-- .const:ti_sysbios_knl_Clock_Object__DESC__C
  00001290    00001290    00000020   00000020    r-- .const:ti_sysbios_knl_Mailbox_Object__DESC__C
  000012b0    000012b0    00000020   00000020    r-- .const:ti_sysbios_knl_Queue_Object__DESC__C
  000012d0    000012d0    00000020   00000020    r-- .const:ti_sysbios_knl_Semaphore_Object__DESC__C
  000012f0    000012f0    00000020   00000020    r-- .const:ti_sysbios_knl_Swi_Object__DESC__C
  00001310    00001310    00000020   00000020    r-- .const:ti_sysbios_knl_Task_Object__DESC__C
  00001330    00001330    00000018   00000018    r-- .const:ti_sysbios_gates_GateHwi_Object__PARAMS__C
  00001348    00001348    00000018   00000018    r-- .const:ti_sysbios_gates_GateMutex_Object__PARAMS__C
  00001360    00001360    00000018   00000018    r-- .const:ti_sysbios_knl_Queue_Object__PARAMS__C
  00001378    00001378    00000008   00000008    r-- .const:ti_sysbios_knl_Idle_funcList__C
  00001384    00001384    00000004   00000004    r-- .const:ti_sysbios_family_arm_cc26xx_Timer_startupNeeded__C
  00001388    00001388    00000004   00000004    r-- .const:ti_sysbios_family_arm_m3_Hwi_E_alreadyDefined__C
  0000138c    0000138c    00000004   00000004    r-- .const:ti_sysbios_family_arm_m3_Hwi_E_hwiLimitExceeded__C
  00001390    00001390    00000004   00000004    r-- .const:ti_sysbios_family_arm_m3_Hwi_NUM_INTERRUPTS__C
  00001394    00001394    00000004   00000004    r-- .const:ti_sysbios_family_arm_m3_Hwi_Object__count__C
  00001398    00001398    00000004   00000004    r-- .const:ti_sysbios_family_arm_m3_Hwi_Object__table__C
  0000139c    0000139c    00000004   00000004    r-- .const:ti_sysbios_family_arm_m3_Hwi_ccr__C
  000013a0    000013a0    00000004   00000004    r-- .const:ti_sysbios_family_arm_m3_Hwi_excHandlerFunc__C
  000013a4    000013a4    00000004   00000004    r-- .const:ti_sysbios_family_arm_m3_Hwi_nullIsrFunc__C
  000013a8    000013a8    00000004   00000004    r-- .const:ti_sysbios_family_arm_m3_Hwi_numSparseInterrupts__C
  000013ac    000013ac    00000004   00000004    r-- .const:ti_sysbios_family_arm_m3_Hwi_priGroup__C
  000013b0    000013b0    00000004   00000004    r-- .const:ti_sysbios_family_arm_m3_TaskSupport_stackAlignment__C
  000013b4    000013b4    00000004   00000004    r-- .const:ti_sysbios_heaps_HeapMem_E_memory__C
  000013b8    000013b8    00000004   00000004    r-- .const:ti_sysbios_heaps_HeapMem_Module__gateObj__C
  000013bc    000013bc    00000004   00000004    r-- .const:ti_sysbios_heaps_HeapMem_Object__count__C
  000013c0    000013c0    00000004   00000004    r-- .const:ti_sysbios_heaps_HeapMem_Object__table__C
  000013c4    000013c4    00000004   00000004    r-- .const:ti_sysbios_heaps_HeapMem_reqAlign__C
  000013c8    000013c8    00000004   00000004    r-- .const:ti_sysbios_knl_Clock_serviceMargin__C
  000013cc    000013cc    00000004   00000004    r-- .const:ti_sysbios_knl_Mailbox_Object__count__C
  000013d0    000013d0    00000004   00000004    r-- .const:ti_sysbios_knl_Mailbox_Object__table__C
  000013d4    000013d4    00000004   00000004    r-- .const:ti_sysbios_knl_Mailbox_maxTypeAlign__C
  000013d8    000013d8    00000004   00000004    r-- .const:ti_sysbios_knl_Queue_Object__count__C
  000013dc    000013dc    00000004   00000004    r-- .const:ti_sysbios_knl_Queue_Object__table__C
  000013e0    000013e0    00000004   00000004    r-- .const:ti_sysbios_knl_Swi_Object__count__C
  000013e4    000013e4    00000004   00000004    r-- .const:ti_sysbios_knl_Swi_Object__table__C
  000013e8    000013e8    00000004   00000004    r-- .const:ti_sysbios_knl_Swi_numPriorities__C
  000013ec    000013ec    00000004   00000004    r-- .const:ti_sysbios_knl_Task_Object__count__C
  000013f0    000013f0    00000004   00000004    r-- .const:ti_sysbios_knl_Task_Object__table__C
  000013f4    000013f4    00000004   00000004    r-- .const:ti_sysbios_knl_Task_allBlockedFunc__C
  000013f8    000013f8    00000004   00000004    r-- .const:ti_sysbios_knl_Task_defaultStackHeap__C
  000013fc    000013fc    00000004   00000004    r-- .const:ti_sysbios_knl_Task_defaultStackSize__C
  00001400    00001400    00000004   00000004    r-- .const:ti_sysbios_knl_Task_numConstructedTasks__C
  00001406    00001406    00000002   00000002    r-- .const:ti_sysbios_family_arm_cc26xx_Timer_Module__id__C
  00001408    00001408    00000002   00000002    r-- .const:ti_sysbios_family_arm_cc26xx_TimestampProvider_useClockTimer__C
  0000140a    0000140a    00000002   00000002    r-- .const:ti_sysbios_family_arm_m3_Hwi_Module__id__C
  0000140c    0000140c    00000002   00000002    r-- .const:ti_sysbios_gates_GateHwi_Module__id__C
  0000140e    0000140e    00000002   00000002    r-- .const:ti_sysbios_gates_GateMutex_Module__id__C
  00001410    00001410    00000002   00000002    r-- .const:ti_sysbios_heaps_HeapMem_Module__id__C
  00001412    00001412    00000002   00000002    r-- .const:ti_sysbios_knl_Task_initStackFlag__C
  00001414    00001414    00000001   00000001    r-- .const:ti_sysbios_knl_Clock_tickMode__C
  00001418    00001418    00000008   00000008    r-- .const:xdc_runtime_Startup_firstFxns__C
  00001420    00001420    00000008   00000008    r-- .const:xdc_runtime_Startup_lastFxns__C
  00001428    00001428    00000004   00000004    r-- .const:xdc_runtime_Assert_E_assertFailed__C
  0000142c    0000142c    00000004   00000004    r-- .const:xdc_runtime_Error_E_memory__C
  00001430    00001430    00000004   00000004    r-- .const:xdc_runtime_Error_policyFxn__C
  00001434    00001434    00000004   00000004    r-- .const:xdc_runtime_IGateProvider_Interface__BASE__C
  00001438    00001438    00000004   00000004    r-- .const:xdc_runtime_IHeap_Interface__BASE__C
  0000143c    0000143c    00000004   00000004    r-- .const:xdc_runtime_IModule_Interface__BASE__C
  00001440    00001440    00000004   00000004    r-- .const:xdc_runtime_Main_Module__diagsEnabled__C
  00001444    00001444    00000004   00000004    r-- .const:xdc_runtime_Main_Module__diagsIncluded__C
  00001448    00001448    00000004   00000004    r-- .const:xdc_runtime_Main_Module__diagsMask__C
  0000144c    0000144c    00000004   00000004    r-- .const:xdc_runtime_Memory_defaultHeapInstance__C
  00001450    00001450    00000004   00000004    r-- .const:xdc_runtime_Startup_execImpl__C
  00001454    00001454    00000004   00000004    r-- .const:xdc_runtime_Startup_maxPasses__C
  00001458    00001458    00000004   00000004    r-- .const:xdc_runtime_Startup_sfxnRts__C
  0000145c    0000145c    00000004   00000004    r-- .const:xdc_runtime_Startup_sfxnTab__C
  00001460    00001460    00000004   00000004    r-- .const:xdc_runtime_Startup_startModsFxn__C
  00001464    00001464    00000004   00000004    r-- .const:xdc_runtime_SysCallback_abortFxn__C
  00001468    00001468    00000004   00000004    r-- .const:xdc_runtime_SysCallback_exitFxn__C
  0000146c    0000146c    00000004   00000004    r-- .const:xdc_runtime_System_abortFxn__C
  00001470    00001470    00000004   00000004    r-- .const:xdc_runtime_System_exitFxn__C
  00001474    00001474    00000004   00000004    r-- .const:xdc_runtime_System_maxAtexitHandlers__C
  00001478    00001478    00000004   00000004    r-- .const:xdc_runtime_Text_charTab__C
  0000147c    0000147c    00000004   00000004    r-- .const:xdc_runtime_Text_nameEmpty__C
  00001480    00001480    00000004   00000004    r-- .const:xdc_runtime_Text_nameStatic__C
  00001484    00001484    00000004   00000004    r-- .const:xdc_runtime_Text_nameUnknown__C
  00001488    00001488    00000002   00000002    r-- .const:xdc_runtime_Main_Module__id__C
  0000148a    0000148a    00000002   00000002    r-- .const:xdc_runtime_Memory_Module__id__C
  0000148c    0000148c    00000002   00000002    r-- .const:xdc_runtime_Text_charCnt__C
  0000148e    0000148e    00000002   00000002    r-- .const:xdc_runtime_Text_isLoaded__C
  00001490    00001490    00000001   00000001    r-- .const:xdc_runtime_Error_policy__C
  00001494    00001494    00000004   00000004    r-- .const:ti_sysbios_rom_ROM_AONRTCChannelEnable
  00001498    00001498    00000004   00000004    r-- .const:ti_sysbios_rom_ROM_AONRTCCompareValueSet
  0000149c    0000149c    00000004   00000004    r-- .const:ti_sysbios_rom_ROM_AONRTCCurrentCompareValueGet
  000014a0    000014a0    00000004   00000004    r-- .const:ti_sysbios_rom_ROM_AONRTCEventClear
  000014a4    000014a4    00000004   00000004    r-- .const:ti_sysbios_rom_ROM_ti_sysbios_family_arm_cc26xx_Timer_getCount64__E
  000014a8    000014a8    00000004   00000004    r-- .const:ti_sysbios_rom_ROM_ti_sysbios_family_arm_cc26xx_Timer_getCurrentTick__E
  000014ac    000014ac    00000004   00000004    r-- .const:ti_sysbios_rom_ROM_ti_sysbios_family_arm_cc26xx_Timer_getMaxTicks__E
  000014b0    000014b0    00000004   00000004    r-- .const:ti_sysbios_rom_ROM_ti_sysbios_family_arm_cc26xx_Timer_initDevice__I
  000014b4    000014b4    00000004   00000004    r-- .const:ti_sysbios_rom_ROM_ti_sysbios_family_arm_cc26xx_Timer_setNextTick__E
  000014b8    000014b8    00000004   00000004    r-- .const:ti_sysbios_rom_ROM_ti_sysbios_family_arm_cc26xx_Timer_setThreshold__I
  000014bc    000014bc    00000004   00000004    r-- .const:ti_sysbios_rom_ROM_ti_sysbios_family_arm_cc26xx_Timer_start__E
  000014c0    000014c0    00000004   00000004    r-- .const:ti_sysbios_rom_ROM_ti_sysbios_family_arm_cc26xx_TimestampProvider_get32__E
  000014c4    000014c4    00000004   00000004    r-- .const:ti_sysbios_rom_ROM_xdc_runtime_Startup_getState__I
  000014c8    000014c8    00000004   00000004    r-- .const:ti_sysbios_rom_ROM_xdc_runtime_System_SupportProxy_abort__E
  000014cc    000014cc    00000004   00000004    r-- .const:ti_sysbios_rom_ROM_xdc_runtime_System_SupportProxy_exit__E
  000014d0    000014d0    00000004   00000004    r-- .const:ti_sysbios_gates_GateMutex_Instance_State_sem__O
  000014d4    000014d4    00000004   00000004    r-- .const:ti_sysbios_knl_Clock_Module_State_clockQ__O
  000014d8    000014d8    00000004   00000004    r-- .const:ti_sysbios_knl_Mailbox_Instance_State_dataQue__O
  000014dc    000014dc    00000004   00000004    r-- .const:ti_sysbios_knl_Mailbox_Instance_State_dataSem__O
  000014e0    000014e0    00000004   00000004    r-- .const:ti_sysbios_knl_Mailbox_Instance_State_freeQue__O
  000014e4    000014e4    00000004   00000004    r-- .const:ti_sysbios_knl_Mailbox_Instance_State_freeSem__O
  000014e8    000014e8    00000004   00000004    r-- .const:ti_sysbios_knl_Semaphore_Instance_State_pendQ__O
  000014ec    000014ec    00000004   00000004    r-- .const:ti_sysbios_knl_Task_Module_State_inactiveQ__O
  000014f0    000014f0    0000a628   0000a628    r-x .text
  0000bb18    0000bb18    0000487a   0000487a    r-- .const
0001ffa8    0001ffa8    00000058   00000058    r--
  0001ffa8    0001ffa8    00000058   00000058    r-- .ccfg
20000100    20000100    00000104   00000000    rw-
  20000100    20000100    00000044   00000000    rw- .data:ti_sysbios_knl_Task_Module__state__V
  20000144    20000144    00000034   00000000    rw- .data:ti_sysbios_family_arm_m3_Hwi_Module__state__V
  20000178    20000178    0000002c   00000000    rw- .data:ti_sysbios_knl_Clock_Module__state__V
  200001a4    200001a4    00000024   00000000    rw- .data:ti_sysbios_BIOS_Module__state__V
  200001c8    200001c8    0000001c   00000000    rw- .data:ti_sysbios_knl_Swi_Module__state__V
  200001e4    200001e4    00000008   00000000    rw- .data:ti_sysbios_family_arm_cc26xx_Timer_Module__state__V
  200001ec    200001ec    00000004   00000000    rw- .data:ti_sysbios_family_arm_cc26xx_TimestampProvider_Module__state__V
  200001f0    200001f0    00000008   00000000    rw- .data:xdc_runtime_Startup_Module__state__V
  200001f8    200001f8    00000008   00000000    rw- .data:xdc_runtime_System_Module__state__V
  20000200    20000200    00000004   00000000    rw- .data:xdc_runtime_Memory_Module__state__V
20000280    20000280    00002c50   00000000    rw-
  20000280    20000280    00002c50   00000000    rw- .bss
20002ed0    20002ed0    00001000   00000000    r--
  20002ed0    20002ed0    00001000   00000000    r-- .priheap
20003ed0    20003ed0    000009b3   00000000    rw-
  20003ed0    20003ed0    000009b3   00000000    rw- .data
20004c00    20004c00    00000400   00000000    rw-
  20004c00    20004c00    00000400   00000000    rw- .stack


SECTION ALLOCATION MAP

 output                                  attributes/
section   page    origin      length       input sections
--------  ----  ----------  ----------   ----------------
.text      0    000014f0    0000a628     
                  000014f0    0000044c     rf_multiMode_cc13x0.aem3 : RFCC26XX_multiMode.oem3 (.text:fsmActiveState)
                  0000193c    000003c4     EasyLink.obj (.text:EasyLink_init)
                  00001d00    0000030c     drivers_cc13x0.aem3 : PowerCC26XX_calibrateRCOSC.oem3 (.text:PowerCC26XX_auxISR)
                  0000200c    00000228     driverlib.lib : sys_ctrl.obj (.text:NOROM_SysCtrlSetRechargeBeforePowerDown)
                  00002234    0000021c     drivers_cc13x0.aem3 : PowerCC26XX.oem3 (.text:Power_sleep)
                  00002450    00000200     rf_multiMode_cc13x0.aem3 : RFCC26XX_multiMode.oem3 (.text:RF_open)
                  00002650    000001e4     main.obj (.text:LSM9DS1init)
                  00002834    000001b6     rtsv7M3_T_le_eabi.lib : fd_add_t2.asm.obj (.text)
                  000029ea    00000002                           : _lock.c.obj (.text:_nop)
                  000029ec    000001a4     EasyLink.obj (.text:EasyLink_setRfPwr)
                  00002b90    0000019c     rf_multiMode_cc13x0.aem3 : RFCC26XX_multiMode.oem3 (.text:fsmSetupState)
                  00002d2c    00000190     drivers_cc13x0.aem3 : PowerCC26XX_calibrateRCOSC.oem3 (.text:PowerCC26XX_doCalibrate)
                  00002ebc    0000018c                         : PINCC26XX.oem3 (.text:PIN_init)
                  00003048    00000188     EasyLink.obj (.text:rxDoneCallback)
                  000031d0    00000180     main.obj (.text:initGyro)
                  00003350    00000170     EasyLink.obj (.text:EasyLink_receiveAsync)
                  000034c0    0000016c     main.obj (.text:gpsFunc)
                  0000362c    0000016c     main.obj (.text:txDataTaskFunc)
                  00003798    00000168     main.obj (.text:semaphoreSetup)
                  00003900    00000164     drivers_cc13x0.aem3 : UARTCC26XX.oem3 (.text:UARTCC26XX_open)
                  00003a64    00000158     rf_multiMode_cc13x0.aem3 : RFCC26XX_multiMode.oem3 (.text:RF_postCmd)
                  00003bbc    00000154     drivers_cc13x0.aem3 : I2CCC26XX.oem3 (.text:I2CCC26XX_open)
                  00003d10    00000154     rf_multiMode_cc13x0.aem3 : RFCC26XX_multiMode.oem3 (.text:radioOpDoneCb)
                  00003e64    00000150                              : RFCC26XX_multiMode.oem3 (.text:abortCmd)
                  00003fb4    00000150     smartrf_settings_predefined.obj (.text:rf_patch_mce_genook)
                  00004104    00000148     rf_multiMode_cc13x0.aem3 : RFCC26XX_multiMode.oem3 (.text:fsmChangePhyState)
                  0000424c    0000013c     EasyLink.obj (.text:EasyLink_transmit)
                  00004388    00000138     hello_pem3.oem3 (.text:ti_uia_loggers_LoggerStopMode_writeMemoryRange__E)
                  000044c0    00000136     rtsv7M3_T_le_eabi.lib : fd_div_t2.asm.obj (.text)
                  000045f6    00000002     rf_multiMode_cc13x0.aem3 : RFCC26XX_multiMode.oem3 (.text:defaultCallback)
                  000045f8    00000134     rtsv7M3_T_le_eabi.lib : vla_alloc.c.obj (.text:__vla_alloc)
                  0000472c    00000134     main.obj (.text:initAccel)
                  00004860    00000130     driverlib.lib : setup_rom.obj (.text:NOROM_SetupAfterColdResetWakeupFromShutDownCfg3)
                  00004990    0000012c     drivers_cc13x0.aem3 : PowerCC26XX.oem3 (.text:Power_init)
                  00004abc    00000128     main.obj (.text:humidityTaskFunc)
                  00004be4    00000128     smartrf_settings.obj (.text:rf_patch_rfe_genfsk)
                  00004d0c    00000128     smartrf_settings_predefined.obj (.text:rf_patch_rfe_genfsk)
                  00004e34    00000128     smartrf_settings_predefined.obj (.text:rf_patch_rfe_lrm)
                  00004f5c    00000128     smartrf_settings_predefined.obj (.text:rf_patch_rfe_sl_longrange)
                  00005084    0000011c     rf_multiMode_cc13x0.aem3 : RFCC26XX_multiMode.oem3 (.text:RF_close)
                  000051a0    00000118     drivers_cc13x0.aem3 : UARTCC26XX.oem3 (.text:UARTCC26XX_read)
                  000052b8    00000118     main.obj (.text:initMag)
                  000053d0    00000114     smartrf_settings_predefined.obj (.text:rf_patch_mce_hsp_4mbps)
                  000054e4    00000110     drivers_cc13x0.aem3 : I2CCC26XX.oem3 (.text:I2CCC26XX_hwiFxn)
                  000055f4    0000010c     hello_pem3.oem3 (.text:ti_uia_loggers_LoggerStopMode_write8__E)
                  00005700    0000010a     drivers_cc13x0.aem3 : UARTCC26XX.oem3 (.text:UARTCC26XX_hwiIntFxn)
                  0000580a    00000002                         : PowerCC26XX.oem3 (.text:emptyClockFunc)
                  0000580c    00000108     rf_multiMode_cc13x0.aem3 : RFCC26XX_multiMode.oem3 (.text:fsmPowerUpState)
                  00005914    00000108                              : RFCC26XX_multiMode.oem3 (.text:hwiFxnCpe0Active)
                  00005a1c    000000fc     drivers_cc13x0.aem3 : UARTCC26XX.oem3 (.text:UARTCC26XX_write)
                  00005b18    000000fc     rtsv7M3_T_le_eabi.lib : fd_mul_t2.asm.obj (.text)
                  00005c14    000000f4     hello_pem3.oem3 (.text:ti_uia_loggers_LoggerStopMode_write4__E)
                  00005d08    000000f0     driverlib.lib : setup_rom.obj (.text:NOROM_SetupAfterColdResetWakeupFromShutDownCfg2)
                  00005df8    000000f0     main.obj (.text:rxDoneCb)
                  00005ee8    000000ec     main.obj (.text:adcTaskFunc)
                  00005fd4    000000e8     main.obj (.text:magTaskFunc)
                  000060bc    000000e8     hello_pem3.oem3 (.text:ti_uia_loggers_LoggerStopMode_write1__E)
                  000061a4    000000e8     hello_pem3.oem3 (.text:ti_uia_loggers_LoggerStopMode_write2__E)
                  0000628c    000000dc     driverlib.lib : rfc.obj (.text:NOROM_RFCOverrideUpdate)
                  00006368    000000dc     drivers_cc13x0.aem3 : PINCC26XX.oem3 (.text:PINCC26XX_setIoCfg)
                  00006444    000000d8     EasyLink.obj (.text:EasyLink_enableRxAddrFilter)
                  0000651c    000000d8     smartrf_settings_predefined.obj (.text:rf_patch_rfe_genook)
                  000065f4    000000d8     smartrf_settings_predefined.obj (.text:rf_patch_rfe_hsp_4mbps)
                  000066cc    000000d8     hello_pem3.oem3 (.text:ti_uia_loggers_LoggerStopMode_write0__E)
                  000067a4    000000d4     driverlib.lib : rfc.obj (.text:NOROM_RFCRfTrimRead)
                  00006878    000000d0     dpl_cc13x0.aem3 : PowerCC26XX_tirtos.oem3 (.text:PowerCC26XX_standbyPolicy)
                  00006948    000000cc     EasyLink.obj (.text:EasyLink_setFrequency)
                  00006a14    000000c4     drivers_cc13x0.aem3 : ADCCC26XX.oem3 (.text:ADCCC26XX_convert)
                  00006ad8    000000c4     driverlib.lib : setup.obj (.text:TrimAfterColdResetWakeupFromShutDown)
                  00006b9c    000000c4     smartrf_settings_predefined.obj (.text:rf_patch_mce_sl_longrange)
                  00006c60    000000c0     drivers_cc13x0.aem3 : I2CCC26XX.oem3 (.text:I2CCC26XX_transfer)
                  00006d20    000000c0     driverlib.lib : aux_adc.obj (.text:NOROM_AUXADCEnableSync)
                  00006de0    000000bc     main.obj (.text:I2CreadBytes)
                  00006e9c    000000bc     drivers_cc13x0.aem3 : PowerCC26XX.oem3 (.text:Power_releaseDependency)
                  00006f58    000000bc                         : UARTCC26XX.oem3 (.text:UARTCC26XX_initHw)
                  00007014    000000b4                         : PowerCC26XX.oem3 (.text:Power_setDependency)
                  000070c8    000000a8     driverlib.lib : setup.obj (.text:NOROM_SetupTrimDevice)
                  00007170    000000a4                   : setup_rom.obj (.text:NOROM_SetupAfterColdResetWakeupFromShutDownCfg1)
                  00007214    000000a4     rf_multiMode_cc13x0.aem3 : RFCC26XX_multiMode.oem3 (.text:RF_dispatchCmd)
                  000072b8    000000a0     auto_init.aem3 : auto_init.oem3 (.text)
                  00007358    0000009c     rf_multiMode_cc13x0.aem3 : RFCC26XX_multiMode.oem3 (.text:RF_issueRadioFreeCb)
                  000073f4    0000009c                              : RFCC26XX_multiMode.oem3 (.text:hwiFxnCpe0PowerFsm)
                  00007490    0000009c     rtsv7M3_T_le_eabi.lib : memcpy_t2.asm.obj (.text)
                  0000752c    0000009c     rf_multiMode_cc13x0.aem3 : RFCC26XX_multiMode.oem3 (.text:swiFxnHw)
                  000075c8    00000098     main.obj (.text:I2Cwrite1read2HumByte)
                  00007660    00000098     drivers_cc13x0.aem3 : PINCC26XX.oem3 (.text:PIN_open)
                  000076f8    00000098                         : UARTCC26XX.oem3 (.text:UARTCC26XX_initIO)
                  00007790    00000098     rom_sysbios.aem3 : rom_sysbios.obj (.text:ti_sysbios_knl_Clock_workFuncDynamic__E)
                  00007828    00000096     rtsv7M3_T_le_eabi.lib : ull_div_t2.asm.obj (.text)
                  000078be    00000002     smartrf_settings.obj (.text:enterGenfskSysPatch)
                  000078c0    00000094     EasyLink.obj (.text:EasyLink_abort)
                  00007954    00000094     driverlib.lib : aux_adc.obj (.text:NOROM_AUXADCDisable)
                  000079e8    00000094     main.obj (.text:readAccel)
                  00007a7c    00000094     main.obj (.text:readGyro)
                  00007b10    00000094     drivers_cc13x0.aem3 : UARTCC26XX.oem3 (.text:writeFinishedDoCallback)
                  00007ba4    00000090                         : I2CCC26XX.oem3 (.text:I2CCC26XX_cancel)
                  00007c34    00000090     ti.uia.loggers.aem3 : LoggerStopMode.oem3 (.text:ti_uia_loggers_LoggerStopMode_initQueueDescriptor__E)
                  00007cc4    0000008c     drivers_cc13x0.aem3 : I2CCC26XX.oem3 (.text:I2CCC26XX_primeTransfer)
                  00007d50    0000008c     rf_multiMode_cc13x0.aem3 : RFCC26XX_multiMode.oem3 (.text:RF_pendCmd)
                  00007ddc    0000008c     drivers_cc13x0.aem3 : UARTCC26XX.oem3 (.text:UARTCC26XX_close)
                  00007e68    0000008c                         : UARTCC26XX.oem3 (.text:UARTCC26XX_writeCancel)
                  00007ef4    00000088                         : ADCCC26XX.oem3 (.text:ADCCC26XX_open)
                  00007f7c    00000088                         : PowerCC26XX.oem3 (.text:disableLFClockQualifiers)
                  00008004    00000084                         : PowerCC26XX.oem3 (.text:switchXOSCHFclockFunc)
                  00008088    00000080     main.obj (.text:getTempFarenheit)
                  00008108    0000007c     main.obj (.text:constrainScales)
                  00008184    0000007a     rtsv7M3_T_le_eabi.lib : memset_t2.asm.obj (.text)
                  000081fe    00000002     smartrf_settings_predefined.obj (.text:enterGenfskSysPatch)
                  00008200    00000078     main.obj (.text:LSM9DS1begin)
                  00008278    00000078     rtsv7M3_T_le_eabi.lib : vla_alloc.c.obj (.text:_ZN33_INTERNAL_11_vla_alloc_c_be8bd49b21free_dead_allocationsEPv)
                  000082f0    00000078                           : vla_alloc.c.obj (.text:__vla_dealloc)
                  00008368    00000078     drivers_cc13x0.aem3 : UARTCC26XX.oem3 (.text:writeTxFifoFlush)
                  000083e0    00000074     main.obj (.text:I2Cwrite2read1HumByte)
                  00008454    00000074     driverlib.lib : setup_rom.obj (.text:NOROM_SetupSetVddrLevel)
                  000084c8    00000074     main.obj (.text:configInt)
                  0000853c    00000074     rom_sysbios.aem3 : rom_sysbios.obj (.text:ti_sysbios_family_arm_cc26xx_Timer_start__E)
                  000085b0    00000074     ti.uia.runtime.aem3 : QueueDescriptor.oem3 (.text:ti_uia_runtime_QueueDescriptor_addToList__E)
                  00008624    0000006e     rtsv7M3_T_le_eabi.lib : fd_tos_t2.asm.obj (.text)
                  00008692    0000006c     CC1310_LAUNCHXL.obj (.text:CC1310_LAUNCHXL_sendExtFlashByte)
                  000086fe    00000002     smartrf_settings_predefined.obj (.text:enterGenookSysPatch)
                  00008700    0000006c     drivers_cc13x0.aem3 : PowerCC26XX_calibrateRCOSC.oem3 (.text:PowerCC26XX_initiateCalibration)
                  0000876c    00000068                         : I2CCC26XX.oem3 (.text:I2CCC26XX_close)
                  000087d4    00000068     main.obj (.text:I2CreadByte)
                  0000883c    00000068     main.obj (.text:I2Cwrite1read1HumByte)
                  000088a4    00000068     main.obj (.text:I2CwriteByte)
                  0000890c    00000068     driverlib.lib : setup_rom.obj (.text:NOROM_SetupGetTrimForAmpcompCtrl)
                  00008974    00000068                   : setup_rom.obj (.text:NOROM_SetupGetTrimForAnabypassValue1)
                  000089dc    00000068                   : sys_ctrl.obj (.text:NOROM_SysCtrl_DCDC_VoltageConditionalControl)
                  00008a44    00000068     drivers_cc13x0.aem3 : UARTCC26XX.oem3 (.text:UARTCC26XX_readCancel)
                  00008aac    00000068     rtsv7M3_T_le_eabi.lib : copy_decompress_lzss.c.obj (.text:decompress:lzss:__TI_decompress_lzss)
                  00008b14    00000068     rf_multiMode_cc13x0.aem3 : RFCC26XX_multiMode.oem3 (.text:flushPendCmd)
                  00008b7c    00000068                              : RFCC26XX_multiMode.oem3 (.text:fsmXOSCState)
                  00008be4    00000066     ti.uia.loggers.aem3 : LoggerStopMode.oem3 (.text:ti_uia_loggers_LoggerStopMode_flush__E)
                  00008c4a    00000002     smartrf_settings_predefined.obj (.text:enterLrmSysPatch)
                  00008c4c    00000064     driverlib.lib : osc.obj (.text:NOROM_OSCHF_AttemptToSwitchToXosc)
                  00008cb0    00000064     main.obj (.text:accelTaskFunc)
                  00008d14    00000064     drivers_cc13x0.aem3 : PowerCC26XX.oem3 (.text:configureXOSCHF)
                  00008d78    00000064     rf_multiMode_cc13x0.aem3 : RFCC26XX_multiMode.oem3 (.text:dispatchOpWhen)
                  00008ddc    00000064     main.obj (.text:gyroTaskFunc)
                  00008e40    00000064     rom_sysbios.aem3 : rom_sysbios.obj (.text:ti_sysbios_heaps_HeapMem_initPrimary__I)
                  00008ea4    00000062     rf_multiMode_cc13x0.aem3 : RFCC26XX_multiMode.oem3 (.text:syncCb)
                  00008f06    00000002     smartrf_settings_predefined.obj (.text:enterSl_longrangeSysPatch)
                  00008f08    00000060     driverlib.lib : osc.obj (.text:NOROM_OSCClockSourceSet)
                  00008f68    00000060     drivers_cc13x0.aem3 : UARTCC26XX.oem3 (.text:UARTCC26XX_control)
                  00008fc8    00000060     smartrf_settings.obj (.text:configureGenfskPatch)
                  00009028    00000060     smartrf_settings_predefined.obj (.text:configureGenfskPatch)
                  00009088    00000060     smartrf_settings_predefined.obj (.text:configureGenookPatch)
                  000090e8    00000060     smartrf_settings_predefined.obj (.text:configureLrmPatch)
                  00009148    00000060     smartrf_settings_predefined.obj (.text:configureSl_longrangePatch)
                  000091a8    0000005c     driverlib.lib : sys_ctrl.obj (.text:NOROM_SysCtrlAdjustRechargeAfterPowerDown)
                  00009204    0000005c     drivers_cc13x0.aem3 : PowerCC26XX_calibrateRCOSC.oem3 (.text:PowerCC26XX_RCOSC_clockFunc)
                  00009260    0000005c                         : PowerCC26XX.oem3 (.text:PowerCC26XX_calibrate)
                  000092bc    0000005c     rf_multiMode_cc13x0.aem3 : RFCC26XX_multiMode.oem3 (.text:ratChanFree)
                  00009318    0000005c     hello_pem3.oem3 (.text:xdc_runtime_Startup_getState__I)
                  00009374    00000058     rtsv7M3_T_le_eabi.lib : hostwrite.c.obj (.text:HOSTwrite)
                  000093cc    00000058     drivers_cc13x0.aem3 : I2CCC26XX.oem3 (.text:I2CCC26XX_swiFxn)
                  00009424    00000058                         : PINCC26XX.oem3 (.text:PIN_remove)
                  0000947c    00000058     rf_multiMode_cc13x0.aem3 : RFCC26XX_multiMode.oem3 (.text:applyRfCorePatch)
                  000094d4    00000058     main.obj (.text:rxRestartFunc)
                  0000952c    00000054     rf_multiMode_cc13x0.aem3 : RFCC26XX_multiMode.oem3 (.text:RF_getCurrentTime)
                  00009580    00000054     main.obj (.text:calcaRes)
                  000095d4    00000054     main.obj (.text:calcmRes)
                  00009628    00000054     main.obj (.text:getRelativeHumidity)
                  0000967c    00000054     rf_multiMode_cc13x0.aem3 : RFCC26XX_multiMode.oem3 (.text:hwiFxnHw)
                  000096d0    00000054     main.obj (.text:main)
                  00009724    00000050     driverlib.lib : setup_rom.obj (.text:NOROM_SetupSetCacheModeAccordingToCcfgSetting)
                  00009774    00000050     main.obj (.text:readMag)
                  000097c4    00000050     drivers_cc13x0.aem3 : UARTCC26XX.oem3 (.text:startTxFifoEmptyClk)
                  00009814    0000004c     CC1310_LAUNCHXL.obj (.text:CC1310_LAUNCHXL_shutDownExtFlash)
                  00009860    0000004c     drivers_cc13x0.aem3 : I2CCC26XX.oem3 (.text:I2CCC26XX_initHw)
                  000098ac    0000004c     rf_multiMode_cc13x0.aem3 : RFCC26XX_multiMode.oem3 (.text:RF_wakeupNotifyFxn)
                  000098f8    0000004c     rtsv7M3_T_le_eabi.lib : cpy_tbl.c.obj (.text:copy_in)
                  00009944    0000004c     main.obj (.text:pinCallback)
                  00009990    0000004c     ti.uia.loggers.aem3 : LoggerStopMode.oem3 (.text:ti_uia_loggers_LoggerStopMode_Module_startup__E)
                  000099dc    00000048     dpl_cc13x0.aem3 : ClockP_tirtos.oem3 (.text:ClockP_construct)
                  00009a24    00000048     drivers_cc13x0.aem3 : PINCC26XX.oem3 (.text:PIN_setOutputEnable)
                  00009a6c    00000048     main.obj (.text:calcgRes)
                  00009ab4    00000044     drivers_cc13x0.aem3 : PINCC26XX.oem3 (.text:PIN_swi)
                  00009af8    00000044     rf_multiMode_cc13x0.aem3 : RFCC26XX_multiMode.oem3 (.text:RF_releasePowerConstraint)
                  00009b3c    00000044     drivers_cc13x0.aem3 : RingBuf.oem3 (.text:RingBuf_put)
                  00009b80    00000044     main.obj (.text:adcSetup)
                  00009bc4    00000044     boot.aem3 : boot.oem3 (.text)
                  00009c08    00000044     drivers_cc13x0.aem3 : PowerCC26XX.oem3 (.text:notify)
                  00009c4c    00000044     ti.uia.loggers.aem3 : LoggerStopMode.oem3 (.text:ti_uia_loggers_LoggerStopMode_initBuffer__I)
                  00009c90    00000044     rom_sysbios.aem3 : rom_sysbios.obj (.text:xdc_runtime_SysMin_flush__E)
                  00009cd4    00000040     drivers_cc13x0.aem3 : ADCCC26XX.oem3 (.text:ADCCC26XX_convertToMicroVolts)
                  00009d14    00000040                         : ADC.oem3 (.text:ADC_init)
                  00009d54    00000040                         : ADC.oem3 (.text:ADC_open)
                  00009d94    00000040     dpl_cc13x0.aem3 : HwiP_tirtos.oem3 (.text:HwiP_construct)
                  00009dd4    00000040     drivers_cc13x0.aem3 : I2C.oem3 (.text:I2C_init)
                  00009e14    00000040                         : I2C.oem3 (.text:I2C_open)
                  00009e54    00000040                         : UART.oem3 (.text:UART_init)
                  00009e94    00000040                         : UART.oem3 (.text:UART_open)
                  00009ed4    00000040     rom_sysbios.aem3 : rom_sysbios.obj (.text:ti_sysbios_family_arm_cc26xx_Timer_setThreshold__I)
                  00009f14    0000003e     drivers_cc13x0.aem3 : RingBuf.oem3 (.text:RingBuf_get)
                  00009f52    0000003e     hello_pem3.oem3 (.text:realloc)
                  00009f90    0000003c     drivers_cc13x0.aem3 : ADCCC26XX.oem3 (.text:ADCCC26XX_close)
                  00009fcc    0000003c     driverlib.lib : chipinfo.obj (.text:NOROM_ChipInfo_GetHwRevision)
                  0000a008    0000003c                   : osc.obj (.text:NOROM_OSC_HPOSCRelativeFrequencyOffsetGet)
                  0000a044    0000003c                   : rfc.obj (.text:NOROM_RFCSynthPowerDown)
                  0000a080    0000003c     drivers_cc13x0.aem3 : PowerCC26XX.oem3 (.text:PowerCC26XX_isStableXOSC_HF)
                  0000a0bc    0000003c                         : PowerCC26XX.oem3 (.text:PowerCC26XX_switchXOSC_HF)
                  0000a0f8    0000003c     rf_multiMode_cc13x0.aem3 : RFCC26XX_multiMode.oem3 (.text:RF_runCmd)
                  0000a134    0000003c     dpl_cc13x0.aem3 : SwiP_tirtos.oem3 (.text:SwiP_construct)
                  0000a170    0000003c     main.obj (.text:beginHumidity)
                  0000a1ac    0000003c     rom_sysbios.aem3 : rom_sysbios.obj (.text:ti_sysbios_family_arm_m3_Hwi_construct2__E)
                  0000a1e8    00000038     drivers_cc13x0.aem3 : PINCC26XX.oem3 (.text:PIN_setOutputValue)
                  0000a220    00000038     rf_multiMode_cc13x0.aem3 : RFCC26XX_multiMode.oem3 (.text:Q_end)
                  0000a258    00000038                              : RFCC26XX_multiMode.oem3 (.text:RF_checkCmdFsError)
                  0000a290    00000038     drivers_cc13x0.aem3 : UARTCC26XX.oem3 (.text:UARTCC26XX_swiIntFxn)
                  0000a2c8    00000038     rtsv7M3_T_le_eabi.lib : trgmsg.c.obj (.text:__TI_writemsg)
                  0000a300    00000038     main.obj (.text:createADCTask)
                  0000a338    00000038     main.obj (.text:createAccelTask)
                  0000a370    00000038     main.obj (.text:createGPSTask)
                  0000a3a8    00000038     main.obj (.text:createGyroTask)
                  0000a3e0    00000038     main.obj (.text:createHumidityTask)
                  0000a418    00000038     main.obj (.text:createMagTask)
                  0000a450    00000038     main.obj (.text:createRFRXTasks)
                  0000a488    00000038     main.obj (.text:createRFTXTasks)
                  0000a4c0    00000038     main.obj (.text:pinSetup)
                  0000a4f8    00000038     drivers_cc13x0.aem3 : UARTCC26XX.oem3 (.text:readData)
                  0000a530    00000038     rtsv7M3_T_le_eabi.lib : fs_tod_t2.asm.obj (.text)
                  0000a568    00000038     rom_sysbios.aem3 : rom_sysbios.obj (.text:ti_sysbios_family_arm_cc26xx_Timer_getCurrentTick__E)
                  0000a5a0    00000038     drivers_cc13x0.aem3 : UARTCC26XX.oem3 (.text:writeData)
                  0000a5d8    00000038     rom_sysbios.aem3 : rom_sysbios.obj (.text:xdc_runtime_SysMin_putch__E)
                  0000a610    00000036                      : rom_sysbios.obj (.text:ti_sysbios_family_arm_cc26xx_Timer_setNextTick__E)
                  0000a646    00000002     rtsv7M3_T_le_eabi.lib : div0.asm.obj (.text)
                  0000a648    00000034     driverlib.lib : aux_adc.obj (.text:NOROM_AUXADCDisableInputScaling)
                  0000a67c    00000034                   : osc.obj (.text:NOROM_OSCHF_SwitchToRcOscTurnOffXosc)
                  0000a6b0    00000034     drivers_cc13x0.aem3 : PINCC26XX.oem3 (.text:PIN_setConfig)
                  0000a6e4    00000034                         : PowerCC26XX.oem3 (.text:Power_releaseConstraint)
                  0000a718    00000034     rf_multiMode_cc13x0.aem3 : RFCC26XX_multiMode.oem3 (.text:Q_push)
                  0000a74c    00000034     rtsv7M3_T_le_eabi.lib : trgmsg.c.obj (.text:__TI_readmsg)
                  0000a780    00000034     rom_sysbios.aem3 : rom_sysbios.obj (.text:ti_sysbios_family_arm_cc26xx_Timer_initDevice__I)
                  0000a7b4    00000034     ti.uia.loggers.aem3 : LoggerStopMode.oem3 (.text:ti_uia_loggers_LoggerStopMode_reset__E)
                  0000a7e8    00000030     driverlib.lib : chipinfo.obj (.text:NOROM_ChipInfo_GetChipType)
                  0000a818    00000030                   : setup_rom.obj (.text:NOROM_SetupSetAonRtcSubSecInc)
                  0000a848    00000030     drivers_cc13x0.aem3 : PowerCC26XX.oem3 (.text:Power_setConstraint)
                  0000a878    00000030     driverlib.lib : adi.obj (.text:SafeHapiAuxAdiSelect)
                  0000a8a8    00000030     rf_multiMode_cc13x0.aem3 : RFCC26XX_multiMode.oem3 (.text:clkPowerUpFxn)
                  0000a8d8    00000030     main.obj (.text:initI2C)
                  0000a908    00000030     drivers_cc13x0.aem3 : UARTCC26XX.oem3 (.text:readData2RingBuf)
                  0000a938    00000030     hello_pem3.oem3 (.text:ti_sysbios_BIOS_atExitFunc__I)
                  0000a968    00000030     hello_pem3.oem3 (.text:ti_sysbios_BIOS_startFunc__I)
                  0000a998    00000030     hello_pem3.oem3 (.text:ti_uia_loggers_LoggerStopMode_Object__create__S)
                  0000a9c8    00000030     rom_sysbios.aem3 : rom_sysbios.obj (.text:xdc_runtime_SysMin_abort__E)
                  0000a9f8    0000002e     hello_pem3.oem3 (.text:ti_sysbios_rts_gnu_MemAlloc_alloc)
                  0000aa26    00000002     rom_sysbios.aem3 : rom_sysbios.obj (.text:ti_sysbios_BIOS_linkedWithIncorrectBootLibrary__E)
                  0000aa28    0000002c     driverlib.lib : ddi.obj (.text:NOROM_DDI32RegWrite)
                  0000aa54    0000002c                   : osc.obj (.text:NOROM_OSCClockSourceGet)
                  0000aa80    0000002c                   : rfc.obj (.text:NOROM_RFCCPEPatchReset)
                  0000aaac    0000002c                   : setup_rom.obj (.text:NOROM_SetupGetTrimForRadcExtCfg)
                  0000aad8    0000002c     drivers_cc13x0.aem3 : PINCC26XX.oem3 (.text:PINCC26XX_setMux)
                  0000ab04    0000002c     dpl_cc13x0.aem3 : SemaphoreP_tirtos.oem3 (.text:SemaphoreP_constructBinary)
                  0000ab30    0000002c     rf_multiMode_cc13x0.aem3 : RFCC26XX_multiMode.oem3 (.text:getCmd)
                  0000ab5c    0000002c     rom_sysbios.aem3 : rom_sysbios.obj (.text:ti_sysbios_knl_Clock_getTicksUntilInterrupt__E)
                  0000ab88    0000002a                      : rom_sysbios.obj (.text:ti_sysbios_knl_Clock_getTimeout__E)
                  0000abb2    00000002     hello_pem3.oem3 (.text:ti_sysbios_BIOS_nullFunc__I)
                  0000abb4    00000028     driverlib.lib : aon_batmon.obj (.text:NOROM_AONBatMonTemperatureGetDegC)
                  0000abdc    00000028     drivers_cc13x0.aem3 : PowerCC26XX.oem3 (.text:Power_registerNotify)
                  0000ac04    00000028     driverlib.lib : adi.obj (.text:SafeHapiVoid)
                  0000ac2c    00000028     main.obj (.text:heaterOff)
                  0000ac54    00000024     driverlib.lib : rfc.obj (.text:NOROM_RFCDoorbellSendTo)
                  0000ac78    00000024     drivers_cc13x0.aem3 : PINCC26XX.oem3 (.text:PINCC26XX_getPinCount)
                  0000ac9c    00000024     rf_multiMode_cc13x0.aem3 : RFCC26XX_multiMode.oem3 (.text:allocCmd)
                  0000acc0    00000024     main.obj (.text:mReadBytes)
                  0000ace4    00000024     hello_pem3.oem3 (.text:ti_sysbios_BIOS_registerRTSLock__I)
                  0000ad08    00000024     hello_pem3.oem3 (.text:ti_sysbios_BIOS_removeRTSLock__I)
                  0000ad2c    00000024     rom_sysbios.aem3 : rom_sysbios.obj (.text:ti_sysbios_family_arm_cc26xx_Timer_getMaxTicks__E)
                  0000ad50    00000024     main.obj (.text:xgReadBytes)
                  0000ad74    00000022     drivers_cc13x0.aem3 : List.oem3 (.text:List_put)
                  0000ad96    00000022     driverlib.lib : aux_adc.obj (.text:NOROM_AUXADCAdjustValueForGainAndOffset)
                  0000adb8    00000022     hello_pem3.oem3 (.text:xdc_runtime_SysMin_output__I)
                  0000adda    00000002     rom_sysbios.aem3 : rom_sysbios.obj (.text:ti_sysbios_knl_Clock_triggerFunc__I)
                  0000addc    00000020     driverlib.lib : rfc.obj (.text:NOROM_RFCAdi3VcoLdoVoltageMode)
                  0000adfc    00000020                   : setup_rom.obj (.text:NOROM_SetupGetTrimForXoscHfCtl)
                  0000ae1c    00000020     dpl_cc13x0.aem3 : PowerCC26XX_tirtos.oem3 (.text:PowerCC26XX_schedulerDisable)
                  0000ae3c    00000020                     : PowerCC26XX_tirtos.oem3 (.text:PowerCC26XX_schedulerRestore)
                  0000ae5c    00000020     drivers_cc13x0.aem3 : PowerCC26XX.oem3 (.text:Power_unregisterNotify)
                  0000ae7c    00000020     main.obj (.text:Serial_RxDataCallback)
                  0000ae9c    00000020     main.obj (.text:mWriteByte)
                  0000aebc    00000020     rtsv7M3_T_le_eabi.lib : u_tofd_t2.asm.obj (.text)
                  0000aedc    00000020     hello_pem3.oem3 (.text:ti_sysbios_BIOS_rtsLock__I)
                  0000aefc    00000020     rom_sysbios.aem3 : rom_sysbios.obj (.text:ti_sysbios_family_arm_cc26xx_Timer_dynamicStub__E)
                  0000af1c    00000020                      : rom_sysbios.obj (.text:ti_sysbios_knl_Clock_stop__E)
                  0000af3c    00000020     hello_pem3.oem3 (.text:ti_uia_loggers_LoggerStopMode_Object__delete__S)
                  0000af5c    00000020     rom_sysbios.aem3 : rom_sysbios.obj (.text:xdc_runtime_SysMin_Module_startup__E)
                  0000af7c    00000020     main.obj (.text:xgWriteByte)
                  0000af9c    0000001e     drivers_cc13x0.aem3 : PINCC26XX.oem3 (.text:PIN_close)
                  0000afba    0000001e                         : PowerCC26XX.oem3 (.text:Power_getTransitionLatency)
                  0000afd8    0000001c     driverlib.lib : aux_adc.obj (.text:NOROM_AUXADCGetAdjustmentGain)
                  0000aff4    0000001c                   : chipinfo.obj (.text:NOROM_ChipInfo_GetChipFamily)
                  0000b010    0000001c                   : setup_rom.obj (.text:NOROM_SetupGetTrimForAmpcompTh2)
                  0000b02c    0000001c                   : setup_rom.obj (.text:NOROM_SetupGetTrimForRcOscLfRtuneCtuneTrim)
                  0000b048    0000001c     drivers_cc13x0.aem3 : PINCC26XX.oem3 (.text:PINCC26XX_setIoCfgMux)
                  0000b064    0000001c                         : PINCC26XX.oem3 (.text:PIN_hwi)
                  0000b080    0000001c     rf_multiMode_cc13x0.aem3 : RFCC26XX_multiMode.oem3 (.text:RF_setPowerConstraint)
                  0000b09c    0000001c                              : RFCC26XX_multiMode.oem3 (.text:clkInactivityFxn)
                  0000b0b8    0000001c     smartrf_settings.obj (.text:enterGenfskCpePatch)
                  0000b0d4    0000001c     smartrf_settings_predefined.obj (.text:enterGenfskCpePatch)
                  0000b0f0    0000001c     smartrf_settings_predefined.obj (.text:enterGenookCpePatch)
                  0000b10c    0000001c     smartrf_settings_predefined.obj (.text:enterLrmCpePatch)
                  0000b128    0000001c     smartrf_settings_predefined.obj (.text:enterSl_longrangeCpePatch)
                  0000b144    0000001c     rf_multiMode_cc13x0.aem3 : RFCC26XX_multiMode.oem3 (.text:hwiFxnCpe0ChangePhy)
                  0000b160    0000001c     rom_sysbios.aem3 : rom_sysbios.obj (.text:ti_sysbios_knl_Swi_construct2__E)
                  0000b17c    0000001c     ti.uia.loggers.aem3 : LoggerStopMode.oem3 (.text:ti_uia_loggers_LoggerStopMode_Instance_init__E)
                  0000b198    0000001c     rom_sysbios.aem3 : rom_sysbios.obj (.text:xdc_runtime_SysMin_exit__E)
                  0000b1b4    0000001a     hello_pem3.oem3 (.text:free)
                  0000b1ce    00000002     hello_pem3.oem3 (.text:ti_sysbios_rom_cortexm_cc13xx_CC13xx_badRomRevision__E)
                  0000b1d0    00000018     CC1310_LAUNCHXL.obj (.text:CC1310_LAUNCHXL_initGeneral)
                  0000b1e8    00000018     driverlib.lib : aon_rtc.obj (.text:NOROM_AONRTCCurrentCompareValueGet)
                  0000b200    00000018                   : aux_adc.obj (.text:NOROM_AUXADCGetAdjustmentOffset)
                  0000b218    00000018                   : chipinfo.obj (.text:NOROM_ChipInfo_GetPackageType)
                  0000b230    00000018                   : osc.obj (.text:NOROM_OSCHF_TurnOnXosc)
                  0000b248    00000018                   : rfc.obj (.text:NOROM_RFCCpeIntGetAndClear)
                  0000b260    00000018                   : setup_rom.obj (.text:NOROM_SetupGetTrimForAdcShModeEn)
                  0000b278    00000018                   : setup_rom.obj (.text:NOROM_SetupGetTrimForAdcShVbufEn)
                  0000b290    00000018                   : setup_rom.obj (.text:NOROM_SetupGetTrimForAmpcompTh1)
                  0000b2a8    00000018                   : setup_rom.obj (.text:NOROM_SetupGetTrimForDblrLoopFilterResetVoltage)
                  0000b2c0    00000018                   : setup_rom.obj (.text:NOROM_SetupGetTrimForRcOscLfIBiasTrim)
                  0000b2d8    00000018                   : setup_rom.obj (.text:NOROM_SetupGetTrimForXoscLfRegulatorAndCmirrwrRatio)
                  0000b2f0    00000018     drivers_cc13x0.aem3 : PowerCC26XX.oem3 (.text:Power_idleFunc)
                  0000b308    00000018                         : UARTCC26XX.oem3 (.text:UARTCC26XX_init)
                  0000b320    00000018                         : UART.oem3 (.text:UART_Params_init)
                  0000b338    00000018     rtsv7M3_T_le_eabi.lib : args_main.c.obj (.text:_args_main)
                  0000b350    00000018     drivers_cc13x0.aem3 : PowerCC26XX.oem3 (.text:configureRFCoreClocks)
                  0000b368    00000018     main.obj (.text:mReadByte)
                  0000b380    00000018     rtsv7M3_T_le_eabi.lib : ll_mul_t2.asm.obj (.text)
                  0000b398    00000018     rf_multiMode_cc13x0.aem3 : RFCC26XX_multiMode.oem3 (.text:swiFxnFsm)
                  0000b3b0    00000018     hello_pem3.oem3 (.text:ti_sysbios_BIOS_rtsUnlock__I)
                  0000b3c8    00000018     rom_sysbios.aem3 : rom_sysbios.obj (.text:ti_sysbios_knl_Swi_or__E)
                  0000b3e0    00000018     hello_pem3.oem3 (.text:ti_sysbios_rom_cortexm_cc13xx_CC13xx_checkRevision__E)
                  0000b3f8    00000018     hello_pem3.oem3 (.text:ti_uia_loggers_LoggerStopMode_Handle__label__S)
                  0000b410    00000018     rom_sysbios.aem3 : rom_sysbios.obj (.text:xdc_runtime_Error_init__E)
                  0000b428    00000018     main.obj (.text:xgReadByte)
                  0000b440    00000016     drivers_cc13x0.aem3 : List.oem3 (.text:List_remove)
                  0000b456    00000016     driverlib.lib : chipinfo.obj (.text:NOROM_ThisLibraryIsFor_CC13x0_HwRev20AndLater_HaltIfViolated)
                  0000b46c    00000016     rf_multiMode_cc13x0.aem3 : RFCC26XX_multiMode.oem3 (.text:Q_pop)
                  0000b482    00000016     main.obj (.text:checkID)
                  0000b498    00000016     hello_pem3.oem3 (.text:ti_sysbios_BIOS_exitFunc__I)
                  0000b4ae    00000016     EasyLink.obj (.text:ti_sysbios_knl_Semaphore_Params_init)
                  0000b4c4    00000016     main.obj (.text:ti_sysbios_knl_Semaphore_Params_init)
                  0000b4da    00000016     main.obj (.text:ti_sysbios_knl_Task_Params_init)
                  0000b4f0    00000016     ti.uia.loggers.aem3 : LoggerStopMode.oem3 (.text:ti_uia_loggers_LoggerStopMode_disable__E)
                  0000b506    00000016                         : LoggerStopMode.oem3 (.text:ti_uia_loggers_LoggerStopMode_enable__E)
                  0000b51c    00000014     driverlib.lib : aon_rtc.obj (.text:NOROM_AONRTCCurrent64BitValueGet)
                  0000b530    00000014                   : aux_adc.obj (.text:NOROM_AUXADCValueToMicrovolts)
                  0000b544    00000014     drivers_cc13x0.aem3 : PINCC26XX.oem3 (.text:PINCC26XX_getOutputValue)
                  0000b558    00000014     rf_multiMode_cc13x0.aem3 : RFCC26XX_multiMode.oem3 (.text:RF_Params_init)
                  0000b56c    00000014     main.obj (.text:SysCtrlSystemReset)
                  0000b580    00000014     hello_pem3.oem3 (.text:ti_sysbios_knl_Clock_doTick__I)
                  0000b594    00000012     drivers_cc13x0.aem3 : RingBuf.oem3 (.text:RingBuf_construct)
                  0000b5a6    00000012     dpl_cc13x0.aem3 : SemaphoreP_tirtos.oem3 (.text:SemaphoreP_pend)
                  0000b5b8    00000012     hello_pem3.oem3 (.text:xdc_runtime_Startup_exec__I)
                  0000b5ca    00000010     dpl_cc13x0.aem3 : ClockP_tirtos.oem3 (.text:ClockP_isActive)
                  0000b5da    00000010                     : HwiP_tirtos.oem3 (.text:HwiP_Params_init)
                  0000b5ea    00000002     hello_pem3.oem3 (.text:ti_uia_loggers_LoggerStopMode_setFilterLevel__E)
                  0000b5ec    00000010     drivers_cc13x0.aem3 : I2C.oem3 (.text:I2C_Params_init)
                  0000b5fc    00000010     driverlib.lib : aux_adc.obj (.text:NOROM_AUXADCFlushFifo)
                  0000b60c    00000010                   : aux_adc.obj (.text:NOROM_AUXADCReadFifo)
                  0000b61c    00000010                   : rfc.obj (.text:NOROM_RFCRfTrimSet)
                  0000b62c    00000010                   : setup_rom.obj (.text:NOROM_SetupGetTrimForXoscHfFastStart)
                  0000b63c    00000010                   : setup_rom.obj (.text:NOROM_SetupGetTrimForXoscHfIbiastherm)
                  0000b64c    00000010     dpl_cc13x0.aem3 : SwiP_tirtos.oem3 (.text:SwiP_Params_init)
                  0000b65c    00000010     smartrf_settings.obj (.text:applyGenfskPatch)
                  0000b66c    00000010     smartrf_settings_predefined.obj (.text:applyGenfskPatch)
                  0000b67c    00000010     smartrf_settings_predefined.obj (.text:applyGenookPatch)
                  0000b68c    00000010     smartrf_settings_predefined.obj (.text:applyLrmPatch)
                  0000b69c    00000010     smartrf_settings_predefined.obj (.text:applySl_longrangePatch)
                  0000b6ac    00000010     drivers_cc13x0.aem3 : I2CCC26XX.oem3 (.text:i2cPostNotify)
                  0000b6bc    00000010     rom_sysbios.aem3 : rom_sysbios.obj (.text:ti_sysbios_family_arm_m3_Hwi_post__E)
                  0000b6cc    00000010     hello_pem3.oem3 (.text:ti_uia_loggers_LoggerStopMode_Object__get__S)
                  0000b6dc    00000010     ti.uia.loggers.aem3 : LoggerStopMode.oem3 (.text:ti_uia_loggers_LoggerStopMode_isEmpty__E)
                  0000b6ec    00000010     drivers_cc13x0.aem3 : UARTCC26XX.oem3 (.text:uartPostNotify)
                  0000b6fc    0000000e     driverlib.lib : vims.obj (.text:NOROM_VIMSModeGet)
                  0000b70a    0000000e     rtsv7M3_T_le_eabi.lib : copy_decompress_none.c.obj (.text:decompress:none:__TI_decompress_none)
                  0000b718    0000000e     rom_sysbios.aem3 : rom_sysbios.obj (.text:ti_sysbios_family_arm_cc26xx_TimestampProvider_get32__E)
                  0000b726    00000002     ti.uia.loggers.aem3 : LoggerStopMode.oem3 (.text:ti_uia_loggers_LoggerStopMode_setPriority__E)
                  0000b728    0000000c     rf_multiMode_cc13x0.aem3 : RFCC26XX_multiMode.oem3 (.text:FsmNextState)
                  0000b734    0000000c     drivers_cc13x0.aem3 : List.oem3 (.text:List_empty)
                  0000b740    0000000c     driverlib.lib : cpu.obj (.text:NOROM_CPUcpsid)
                  0000b74c    0000000c                   : cpu.obj (.text:NOROM_CPUcpsie)
                  0000b758    0000000c                   : osc.obj (.text:NOROM_OSC_HPOSCRelativeFrequencyOffsetToRFCoreFormatConvert)
                  0000b764    0000000c     drivers_cc13x0.aem3 : PINCC26XX.oem3 (.text:PIN_registerIntCb)
                  0000b770    0000000c                         : PowerCC26XX.oem3 (.text:Power_getConstraintMask)
                  0000b77c    0000000c                         : PowerCC26XX.oem3 (.text:Power_getDependencyCount)
                  0000b788    0000000c     rtsv7M3_T_le_eabi.lib : _lock.c.obj (.text:_register_lock)
                  0000b794    0000000c                           : _lock.c.obj (.text:_register_unlock)
                  0000b7a0    0000000c                           : copy_zero_init.c.obj (.text:decompress:ZI:__TI_zero_init)
                  0000b7ac    0000000c     main.obj (.text:ti_sysbios_knl_Semaphore_handle)
                  0000b7b8    0000000c     rom_sysbios.aem3 : rom_sysbios.obj (.text:ti_sysbios_knl_Swi_getTrigger__E)
                  0000b7c4    0000000c     hello_pem3.oem3 (.text:xdc_runtime_Startup_reset__I)
                  0000b7d0    0000000c     rom_sysbios.aem3 : rom_sysbios.obj (.text:xdc_runtime_Startup_rtsDone__E)
                  0000b7dc    0000000a     drivers_cc13x0.aem3 : ADC.oem3 (.text:ADC_Params_init)
                  0000b7e6    0000000a                         : ADC.oem3 (.text:ADC_close)
                  0000b7f0    0000000a                         : ADC.oem3 (.text:ADC_convert)
                  0000b7fa    0000000a                         : ADC.oem3 (.text:ADC_convertToMicroVolts)
                  0000b804    0000000a                         : I2CCC26XX.oem3 (.text:I2CCC26XX_init)
                  0000b80e    0000000a                         : I2C.oem3 (.text:I2C_close)
                  0000b818    0000000a                         : I2C.oem3 (.text:I2C_transfer)
                  0000b822    0000000a                         : UART.oem3 (.text:UART_close)
                  0000b82c    0000000a                         : UART.oem3 (.text:UART_control)
                  0000b836    0000000a                         : UART.oem3 (.text:UART_read)
                  0000b840    0000000a                         : UART.oem3 (.text:UART_write)
                  0000b84a    00000008                         : ADCCC26XX.oem3 (.text:ADCCC26XX_init)
                  0000b852    00000008                         : I2CCC26XX.oem3 (.text:I2CCC26XX_blockingCallback)
                  0000b85a    00000008                         : UARTCC26XX.oem3 (.text:readSemCallback)
                  0000b862    00000008     smartrf_settings.obj (.text:rf_patch_cpe_genfsk)
                  0000b86a    00000008     smartrf_settings_predefined.obj (.text:rf_patch_cpe_genfsk)
                  0000b872    00000008     smartrf_settings_predefined.obj (.text:rf_patch_cpe_genook)
                  0000b87a    00000008     smartrf_settings_predefined.obj (.text:rf_patch_cpe_lrm)
                  0000b882    00000008     smartrf_settings_predefined.obj (.text:rf_patch_cpe_sl_longrange)
                  0000b88a    00000008     drivers_cc13x0.aem3 : UARTCC26XX.oem3 (.text:writeSemCallback)
                  0000b892    00000006                         : ADCCC26XX.oem3 (.text:ADCCC26XX_control)
                  0000b898    00000006     dpl_cc13x0.aem3 : ClockP_tirtos.oem3 (.text:ClockP_Params_init)
                  0000b89e    00000006     drivers_cc13x0.aem3 : I2CCC26XX.oem3 (.text:I2CCC26XX_control)
                  0000b8a4    00000006     driverlib.lib : cpu.obj (.text:NOROM_CPUdelay)
                  0000b8aa    00000006     drivers_cc13x0.aem3 : UARTCC26XX.oem3 (.text:UARTCC26XX_readPolling)
                  0000b8b0    00000006                         : UARTCC26XX.oem3 (.text:UARTCC26XX_writePolling)
                  0000b8b6    00000006     rf_multiMode_cc13x0.aem3 : RFCC26XX_multiMode.oem3 (.text:clkReqAccessFxn)
                  0000b8bc    00000006     rom_sysbios.aem3 : rom_sysbios.obj (.text:ti_sysbios_family_arm_m3_Hwi_setFunc__E)
                  0000b8c2    00000004     dpl_cc13x0.aem3 : PowerCC26XX_tirtos.oem3 (.text:CPUwfi)
                  0000b8c6    00000004                     : ClockP_tirtos.oem3 (.text:ClockP_destruct)
                  0000b8ca    00000004                     : ClockP_tirtos.oem3 (.text:ClockP_getCpuFreq)
                  0000b8ce    00000004                     : ClockP_tirtos.oem3 (.text:ClockP_getTimeout)
                  0000b8d2    00000004                     : ClockP_tirtos.oem3 (.text:ClockP_setTimeout)
                  0000b8d6    00000004                     : ClockP_tirtos.oem3 (.text:ClockP_start)
                  0000b8da    00000004                     : ClockP_tirtos.oem3 (.text:ClockP_stop)
                  0000b8de    00000004                     : HwiP_tirtos.oem3 (.text:HwiP_destruct)
                  0000b8e2    00000004                     : HwiP_tirtos.oem3 (.text:HwiP_disable)
                  0000b8e6    00000004                     : HwiP_tirtos.oem3 (.text:HwiP_disableInterrupt)
                  0000b8ea    00000004                     : HwiP_tirtos.oem3 (.text:HwiP_enableInterrupt)
                  0000b8ee    00000004                     : HwiP_tirtos.oem3 (.text:HwiP_post)
                  0000b8f2    00000004                     : HwiP_tirtos.oem3 (.text:HwiP_setFunc)
                  0000b8f6    00000004     drivers_cc13x0.aem3 : List.oem3 (.text:List_head)
                  0000b8fa    00000004                         : List.oem3 (.text:List_next)
                  0000b8fe    00000004     rf_multiMode_cc13x0.aem3 : RFCC26XX_multiMode.oem3 (.text:Q_peek)
                  0000b902    00000004     dpl_cc13x0.aem3 : SemaphoreP_tirtos.oem3 (.text:SemaphoreP_destruct)
                  0000b906    00000004                     : SemaphoreP_tirtos.oem3 (.text:SemaphoreP_post)
                  0000b90a    00000004                     : SwiP_tirtos.oem3 (.text:SwiP_destruct)
                  0000b90e    00000004                     : SwiP_tirtos.oem3 (.text:SwiP_disable)
                  0000b912    00000004                     : SwiP_tirtos.oem3 (.text:SwiP_getTrigger)
                  0000b916    00000004                     : SwiP_tirtos.oem3 (.text:SwiP_or)
                  0000b91a    00000004                     : SwiP_tirtos.oem3 (.text:SwiP_post)
                  0000b91e    00000004     rtsv7M3_T_le_eabi.lib : error.c.obj (.text:__abort_execution)
                  0000b922    00000004                           : exit.c.obj (.text:abort:abort)
                  0000b926    00000004     drivers_cc13x0.aem3 : PowerCC26XX.oem3 (.text:nopResourceHandler)
                  0000b92a    00000004     rom_sysbios.aem3 : rom_sysbios.obj (.text:ti_sysbios_family_arm_cc26xx_Timer_getCount64__E)
                  0000b92e    00000004                      : rom_sysbios.obj (.text:ti_sysbios_knl_Clock_isActive__E)
                  0000b932    00000004     ti.uia.loggers.aem3 : LoggerStopMode.oem3 (.text:ti_uia_loggers_LoggerStopMode_getContents__E)
                  0000b936    00000004     hello_pem3.oem3 (.text:ti_uia_loggers_LoggerStopMode_getFilterLevel__E)
                  0000b93a    00000004     ti.uia.loggers.aem3 : LoggerStopMode.oem3 (.text:ti_uia_loggers_LoggerStopMode_getInstanceId__E)
                  0000b93e    00000004                         : LoggerStopMode.oem3 (.text:ti_uia_loggers_LoggerStopMode_getMaxLength__E)
                  0000b942    00000004                         : LoggerStopMode.oem3 (.text:ti_uia_loggers_LoggerStopMode_getPriority__E)
                  0000b946    00000004                         : LoggerStopMode.oem3 (.text:ti_uia_loggers_LoggerStopMode_getTransferType__E)
                  0000b94a    00000002     rom_sysbios.aem3 : rom_sysbios.obj (.text:xdc_runtime_SysCallback_defaultAbort)
                  0000b94c    00000002                      : rom_sysbios.obj (.text:xdc_runtime_SysCallback_defaultExit)
                  0000b94e    00000002     --HOLE-- [fill = 0]
                  0000b950    00000008     (.tramp.ti_sysbios_knl_Swi_destruct.1)
                  0000b958    00000008     (.tramp.ti_sysbios_knl_Semaphore_destruct.1)
                  0000b960    00000008     (.tramp.ti_sysbios_family_arm_m3_Hwi_enableInterrupt__E.1)
                  0000b968    00000008     (.tramp.ti_sysbios_family_arm_m3_Hwi_disableInterrupt__E.1)
                  0000b970    00000008     (.tramp.ti_sysbios_family_arm_m3_Hwi_destruct.1)
                  0000b978    00000008     (.tramp.ti_sysbios_BIOS_getCpuFreq__E.1)
                  0000b980    00000008     (.tramp.ti_sysbios_knl_Clock_destruct.1)
                  0000b988    00000008     (.tramp.xdc_runtime_Startup_startMods__I.1)
                  0000b990    00000008     (.tramp.ti_sysbios_knl_Clock_logTick__E.1)
                  0000b998    00000008     (.tramp.ti_sysbios_knl_Task_Params__init__S.1)
                  0000b9a0    00000008     (.tramp.xdc_runtime_Core_assignLabel__I.1)
                  0000b9a8    00000008     (.tramp.ti_sysbios_knl_Swi_post__E.1)
                  0000b9b0    00000008     (.tramp.ti_sysbios_BIOS_RtsGateProxy_leave__E.1)
                  0000b9b8    00000008     (.tramp.xdc_runtime_Memory_free__E.1)
                  0000b9c0    00000008     (.tramp.ti_sysbios_knl_Swi_construct.1)
                  0000b9c8    00000008     (.tramp.xdc_runtime_Core_deleteObject__I.1)
                  0000b9d0    00000008     (.tramp.ti_sysbios_BIOS_RtsGateProxy_enter__E.1)
                  0000b9d8    00000008     (.tramp.ti_sysbios_knl_Task_restore__E.1)
                  0000b9e0    00000008     (.tramp.ti_sysbios_knl_Clock_getTicks__E.1)
                  0000b9e8    00000008     (.tramp.ti_sysbios_knl_Semaphore_Params__init__S.1)
                  0000b9f0    00000008     (.tramp.xdc_runtime_Memory_alloc__E.1)
                  0000b9f8    00000008     (.tramp.xdc_runtime_Core_createObject__I.1)
                  0000ba00    00000008     (.tramp.ti_sysbios_knl_Task_startup__E.1)
                  0000ba08    00000008     (.tramp.ti_sysbios_knl_Swi_startup__E.1)
                  0000ba10    00000008     (.tramp.ti_sysbios_hal_Hwi_startup__E.1)
                  0000ba18    00000008     (.tramp.ti_sysbios_family_arm_cc26xx_Timer_startup__E.1)
                  0000ba20    00000008     (.tramp.xdc_runtime_System_atexit__E.1)
                  0000ba28    00000008     (.tramp.ti_sysbios_BIOS_setThreadType__E.1)
                  0000ba30    00000008     (.tramp.ti_sysbios_knl_Task_disable__E.1)
                  0000ba38    00000008     (.tramp.ti_sysbios_knl_Swi_disable__E.1)
                  0000ba40    00000008     (.tramp.ti_sysbios_knl_Task_construct.1)
                  0000ba48    00000008     (.tramp.ti_sysbios_family_arm_m3_Hwi_construct.1)
                  0000ba50    00000008     (.tramp.ti_sysbios_knl_Swi_Params__init__S.1)
                  0000ba58    00000008     (.tramp.ti_sysbios_family_arm_m3_Hwi_Params__init__S.1)
                  0000ba60    00000008     (.tramp.xdc_runtime_System_exit__E.1)
                  0000ba68    00000008     (.tramp.ti_sysbios_knl_Clock_construct.1)
                  0000ba70    00000008     (.tramp.ti_sysbios_knl_Clock_Params__init__S.1)
                  0000ba78    00000008     (.tramp.ti_sysbios_BIOS_start__E.1)
                  0000ba80    00000008     (.tramp.ti_sysbios_heaps_HeapMem_restore__E.1)
                  0000ba88    00000008     (.tramp.ti_sysbios_heaps_HeapMem_Object__get__S.1)
                  0000ba90    00000008     (.tramp.xdc_runtime_Gate_leaveSystem__E.1)
                  0000ba98    00000008     (.tramp.xdc_runtime_Gate_enterSystem__E.1)
                  0000baa0    00000008     (.tramp.xdc_runtime_Assert_raise__I.1)
                  0000baa8    00000008     (.tramp.ti_sysbios_knl_Clock_scheduleNextTick__E.1)
                  0000bab0    00000008     (.tramp.ti_sysbios_knl_Clock_walkQueueDynamic__E.1)
                  0000bab8    00000008     (.tramp.ti_sysbios_knl_Clock_TimerProxy_getCurrentTick__E.1)
                  0000bac0    00000008     (.tramp.ti_sysbios_knl_Clock_start__E.1)
                  0000bac8    00000008     (.tramp.ti_sysbios_knl_Clock_setTimeout__E.1)
                  0000bad0    00000008     (.tramp.xdc_runtime_Timestamp_get64__E.1)
                  0000bad8    00000008     (.tramp.ti_sysbios_family_arm_m3_Hwi_disableFxn__E.1)
                  0000bae0    00000008     (.tramp.ti_sysbios_knl_Semaphore_construct.1)
                  0000bae8    00000008     (.tramp.ti_sysbios_knl_Task_sleep__E.1)
                  0000baf0    00000008     (.tramp.ti_sysbios_knl_Swi_restore__E.1)
                  0000baf8    00000008     (.tramp.ti_sysbios_knl_Semaphore_create.1)
                  0000bb00    00000008     (.tramp.ti_sysbios_knl_Semaphore_post__E.1)
                  0000bb08    00000008     (.tramp.ti_sysbios_knl_Semaphore_pend__E.1)
                  0000bb10    00000008     (.tramp.ti_sysbios_family_arm_m3_Hwi_restoreFxn__E.1)

.const     0    0000bb18    0000487a     
                  0000bb18    0000073c     smartrf_settings_predefined.obj (.const:patchGenookMce)
                  0000c254    000006b4     smartrf_settings.obj (.const:patchGenfskRfe)
                  0000c908    000006b4     smartrf_settings_predefined.obj (.const:patchGenfskRfe)
                  0000cfbc    000006b4     smartrf_settings_predefined.obj (.const:patchLrmRfe)
                  0000d670    000006b4     smartrf_settings_predefined.obj (.const:patchSl_longrangeRfe)
                  0000dd24    000006a4     smartrf_settings_predefined.obj (.const:patchGenookRfe)
                  0000e3c8    00000504     smartrf_settings_predefined.obj (.const:patchHsp4mbpsRfe)
                  0000e8cc    00000400     smartrf_settings_predefined.obj (.const:patchSl_longrangeMce)
                  0000eccc    000003f0     smartrf_settings_predefined.obj (.const:patchHsp4mbpsMce)
                  0000f0bc    000002b0     smartrf_settings.obj (.const:patchImageGenfsk)
                  0000f36c    000002b0     smartrf_settings_predefined.obj (.const:patchImageGenfsk)
                  0000f61c    000002b0     smartrf_settings_predefined.obj (.const:patchImageGenook)
                  0000f8cc    000002b0     smartrf_settings_predefined.obj (.const:patchImageLrm)
                  0000fb7c    000002b0     smartrf_settings_predefined.obj (.const:patchImageSl_longrange)
                  0000fe2c    00000090     main.obj (.const:$P$T4$3)
                  0000febc    00000084     CC1310_LAUNCHXL.obj (.const:ADC_config)
                  0000ff40    00000060     hello_pem3.oem3 (.const:ti_uia_loggers_LoggerStopMode_Module__FXNS__C)
                  0000ffa0    0000004d     CC1310_LAUNCHXL.obj (.const:adcCC26xxHWAttrs)
                  0000ffed    00000001     smartrf_settings_predefined.obj (.const)
                  0000ffee    0000004c     drivers_cc13x0.aem3 : PowerCC26XX.oem3 (.const:resourceDB)
                  0001003a    00000002     hello_pem3.oem3 (.const:ti_uia_loggers_LoggerStopMode_Module__id__C)
                  0001003c    00000048     hello_pem3.oem3 (.const:.string)
                  00010084    00000040     drivers_cc13x0.aem3 : UARTCC26XX.oem3 (.const:$O1$$)
                  000100c4    00000040     smartrf_settings_predefined.obj (.const:rfPowerTable)
                  00010104    0000002c     CC1310_LAUNCHXL.obj (.const:BoardGpioInitTable)
                  00010130    0000002c     hello_pem3.oem3 (.const:xdc_runtime_Startup_sfxnTab__A)
                  0001015c    00000028     drivers_cc13x0.aem3 : UARTCC26XX.oem3 (.const:UARTCC26XX_fxnTable)
                  00010184    00000028     hello_pem3.oem3 (.const:ti_uia_loggers_LoggerStopMode_Object__PARAMS__C)
                  000101ac    00000024     drivers_cc13x0.aem3 : UART.oem3 (.const:UART_defaultParams)
                  000101d0    00000020     hello_pem3.oem3 (.const:ti_uia_loggers_LoggerStopMode_Object__DESC__C)
                  000101f0    00000020     CC1310_LAUNCHXL.obj (.const:uartCC26XXHWAttrs)
                  00010210    0000001c     rf_multiMode_cc13x0.aem3 : RFCC26XX_multiMode.oem3 (.const:RF_defaultParams)
                  0001022c    00000018     EasyLink.obj (.const:$P$T0$3)
                  00010244    00000018     drivers_cc13x0.aem3 : ADCCC26XX.oem3 (.const:ADCCC26XX_fxnTable)
                  0001025c    00000018                         : I2CCC26XX.oem3 (.const:I2CCC26XX_fxnTable)
                  00010274    00000018     CC1310_LAUNCHXL.obj (.const:i2cCC26xxHWAttrs)
                  0001028c    00000018     driverlib.lib : rfc.obj (.const:rfc_defaultIrqAddr)
                  000102a4    00000016     hello_pem3.oem3 (.const:xdc_runtime_Startup_sfxnRts__A)
                  000102ba    00000002     hello_pem3.oem3 (.const:ti_uia_loggers_LoggerStopMode_isTimestampEnabled__C)
                  000102bc    00000014     CC1310_LAUNCHXL.obj (.const:$P$T0$1)
                  000102d0    00000010     drivers_cc13x0.aem3 : I2C.oem3 (.const:I2C_defaultParams)
                  000102e0    00000010     CC1310_LAUNCHXL.obj (.const:PowerCC26XX_config)
                  000102f0    0000000c     CC1310_LAUNCHXL.obj (.const:I2C_config)
                  000102fc    0000000c     CC1310_LAUNCHXL.obj (.const:UART_config)
                  00010308    0000000c     hello_pem3.oem3 (.const:xdc_runtime_Startup_firstFxns__A)
                  00010314    0000000b     main.obj (.const:.string:$P$T1$2)
                  0001031f    00000009     CC1310_LAUNCHXL.obj (.const)
                  00010328    00000008     drivers_cc13x0.aem3 : ADC.oem3 (.const:ADC_defaultParams)
                  00010330    00000008     CC1310_LAUNCHXL.obj (.const:PINCC26XX_hwAttrs)
                  00010338    00000008     drivers_cc13x0.aem3 : I2CCC26XX.oem3 (.const:bitRate)
                  00010340    00000004     EasyLink.obj (.const:$P$T1$4)
                  00010344    00000004     CC1310_LAUNCHXL.obj (.const:RFCC26XX_hwAttrs)
                  00010348    00000004     hello_pem3.oem3 (.const:ti_sysbios_family_arm_m3_Hwi_swiDisable__C)
                  0001034c    00000004     hello_pem3.oem3 (.const:ti_sysbios_family_arm_m3_Hwi_swiRestoreHwi__C)
                  00010350    00000004     hello_pem3.oem3 (.const:ti_sysbios_heaps_HeapMem_primaryHeapBaseAddr__C)
                  00010354    00000004     hello_pem3.oem3 (.const:ti_sysbios_heaps_HeapMem_primaryHeapEndAddr__C)
                  00010358    00000004     hello_pem3.oem3 (.const:ti_sysbios_knl_Clock_tickPeriod__C)
                  0001035c    00000004     hello_pem3.oem3 (.const:ti_sysbios_knl_Clock_triggerClock__C)
                  00010360    00000004     hello_pem3.oem3 (.const:ti_sysbios_knl_Idle_funcList__A)
                  00010364    00000004     hello_pem3.oem3 (.const:ti_uia_loggers_LoggerStopMode_Module__diagsEnabled__C)
                  00010368    00000004     hello_pem3.oem3 (.const:ti_uia_loggers_LoggerStopMode_Module__diagsIncluded__C)
                  0001036c    00000004     hello_pem3.oem3 (.const:ti_uia_loggers_LoggerStopMode_Module__diagsMask__C)
                  00010370    00000004     hello_pem3.oem3 (.const:ti_uia_loggers_LoggerStopMode_Object__count__C)
                  00010374    00000004     hello_pem3.oem3 (.const:ti_uia_runtime_ILoggerSnapshot_Interface__BASE__C)
                  00010378    00000004     hello_pem3.oem3 (.const:ti_uia_runtime_IUIATransfer_Interface__BASE__C)
                  0001037c    00000004     hello_pem3.oem3 (.const:xdc_runtime_IFilterLogger_Interface__BASE__C)
                  00010380    00000004     hello_pem3.oem3 (.const:xdc_runtime_ILogger_Interface__BASE__C)
                  00010384    00000004     hello_pem3.oem3 (.const:xdc_runtime_SysMin_bufSize__C)
                  00010388    00000004     hello_pem3.oem3 (.const:xdc_runtime_SysMin_outputFunc__C)
                  0001038c    00000003     main.obj (.const:.string:$P$T0$1)
                  0001038f    00000001     hello_pem3.oem3 (.const:xdc_runtime_Text_charTab__A)
                  00010390    00000002     hello_pem3.oem3 (.const:xdc_runtime_SysMin_flushAtExit__C)

.cinit     0    00000040    000004d0     
                  00000040    0000038f     (.cinit..data.load) [load image, compression = lzss]
                  000003cf    00000029     (.cinit..data:ti_sysbios_family_arm_m3_Hwi_Module__state__V.load) [load image, compression = lzss]
                  000003f8    00000021     (.cinit..data:ti_sysbios_knl_Task_Module__state__V.load) [load image, compression = lzss]
                  00000419    0000001f     (.cinit..data:ti_sysbios_BIOS_Module__state__V.load) [load image, compression = lzss]
                  00000438    0000001e     (.cinit..data:ti_sysbios_knl_Clock_Module__state__V.load) [load image, compression = lzss]
                  00000456    00000010     (.cinit..data:ti_sysbios_knl_Swi_Module__state__V.load) [load image, compression = lzss]
                  00000466    00000002     --HOLE-- [fill = 0]
                  00000468    0000000c     (__TI_handler_table)
                  00000474    0000000b     (.cinit..data:ti_sysbios_family_arm_cc26xx_Timer_Module__state__V.load) [load image, compression = lzss]
                  0000047f    0000000b     (.cinit..data:xdc_runtime_System_Module__state__V.load) [load image, compression = lzss]
                  0000048a    00000006     --HOLE-- [fill = 0]
                  00000490    00000008     (.cinit..bss.load) [load image, compression = zero_init]
                  00000498    00000008     (.cinit..data:xdc_runtime_Memory_Module__state__V.load) [load image, compression = lzss]
                  000004a0    00000007     (.cinit..data:ti_sysbios_family_arm_cc26xx_TimestampProvider_Module__state__V.load) [load image, compression = lzss]
                  000004a7    00000007     (.cinit..data:xdc_runtime_Startup_Module__state__V.load) [load image, compression = lzss]
                  000004ae    00000002     --HOLE-- [fill = 0]
                  000004b0    00000060     (__TI_cinit_table)

.init_array 
*          0    00000000    00000000     UNINITIALIZED

.const:ti_sysbios_knl_Task_Object__PARAMS__C 
*          0    00001000    0000003c     
                  00001000    0000003c     hello_pem3.oem3 (.const:ti_sysbios_knl_Task_Object__PARAMS__C)

.const:ti_sysbios_knl_Mailbox_Object__PARAMS__C 
*          0    0000103c    00000034     
                  0000103c    00000034     hello_pem3.oem3 (.const:ti_sysbios_knl_Mailbox_Object__PARAMS__C)

.const:ti_sysbios_family_arm_m3_Hwi_Object__PARAMS__C 
*          0    00001070    00000030     
                  00001070    00000030     hello_pem3.oem3 (.const:ti_sysbios_family_arm_m3_Hwi_Object__PARAMS__C)

.const:ti_sysbios_hal_Hwi_Object__PARAMS__C 
*          0    000010a0    0000002c     
                  000010a0    0000002c     hello_pem3.oem3 (.const:ti_sysbios_hal_Hwi_Object__PARAMS__C)

.const:ti_sysbios_heaps_HeapMem_Module__FXNS__C 
*          0    000010cc    00000028     
                  000010cc    00000028     hello_pem3.oem3 (.const:ti_sysbios_heaps_HeapMem_Module__FXNS__C)

.const:ti_sysbios_knl_Swi_Object__PARAMS__C 
*          0    000010f4    00000028     
                  000010f4    00000028     hello_pem3.oem3 (.const:ti_sysbios_knl_Swi_Object__PARAMS__C)

.const:ti_sysbios_gates_GateHwi_Module__FXNS__C 
*          0    0000111c    00000024     
                  0000111c    00000024     hello_pem3.oem3 (.const:ti_sysbios_gates_GateHwi_Module__FXNS__C)

.const:ti_sysbios_gates_GateMutex_Module__FXNS__C 
*          0    00001140    00000024     
                  00001140    00000024     hello_pem3.oem3 (.const:ti_sysbios_gates_GateMutex_Module__FXNS__C)

.const:ti_sysbios_heaps_HeapMem_Object__PARAMS__C 
*          0    00001164    00000024     
                  00001164    00000024     hello_pem3.oem3 (.const:ti_sysbios_heaps_HeapMem_Object__PARAMS__C)

.const:ti_sysbios_knl_Clock_Object__PARAMS__C 
*          0    00001188    00000024     
                  00001188    00000024     hello_pem3.oem3 (.const:ti_sysbios_knl_Clock_Object__PARAMS__C)

.const:ti_sysbios_knl_Semaphore_Object__PARAMS__C 
*          0    000011ac    00000024     
                  000011ac    00000024     hello_pem3.oem3 (.const:ti_sysbios_knl_Semaphore_Object__PARAMS__C)

.const:ti_sysbios_family_arm_m3_Hwi_Object__DESC__C 
*          0    000011d0    00000020     
                  000011d0    00000020     hello_pem3.oem3 (.const:ti_sysbios_family_arm_m3_Hwi_Object__DESC__C)

.const:ti_sysbios_gates_GateHwi_Object__DESC__C 
*          0    000011f0    00000020     
                  000011f0    00000020     hello_pem3.oem3 (.const:ti_sysbios_gates_GateHwi_Object__DESC__C)

.const:ti_sysbios_gates_GateMutex_Object__DESC__C 
*          0    00001210    00000020     
[...]
1001c2e5  ti_sysbios_knl_Swi_destruct                                               
1001c2e9  ti_sysbios_knl_Swi_postInit__I                                            
1001c2ed  ti_sysbios_knl_Task_SupportProxy_Module__startupDone__S                   
1001c2f1  ti_sysbios_knl_Task_SupportProxy_getStackAlignment__E                     
1001c2f5  ti_sysbios_knl_Task_SupportProxy_start__E                                 
1001c2f9  ti_sysbios_knl_Task_SupportProxy_swap__E                                  
1001c2fd  ti_sysbios_knl_Task_delete                                                
1001c301  ti_sysbios_knl_Task_destruct                                              
1001c305  ti_sysbios_knl_Task_startup__E                                            
1001c309  xdc_runtime_Startup_startMods__I                                          
1001c401  xdc_runtime_Core_createObject__I                                          
1001c483  xdc_runtime_Error_policySpin__E                                           
1001c485  xdc_runtime_Memory_alloc__E                                               
1001c4f5  xdc_runtime_Core_deleteObject__I                                          
1001c555  xdc_runtime_Startup_exec__E                                               
1001c5a5  xdc_runtime_Assert_raise__I                                               
1001c5ed  xdc_runtime_Core_assignParams__I                                          
1001c635  xdc_runtime_Core_constructObject__I                                       
1001c67d  xdc_runtime_System_atexit__E                                              
1001c6b5  xdc_runtime_System_processAtExit__E                                       
1001c6e9  xdc_runtime_Core_assignLabel__I                                           
1001c719  xdc_runtime_Text_cordText__E                                              
1001c745  xdc_runtime_System_abort__E                                               
1001c765  xdc_runtime_Error_raiseX__E                                               
1001c781  xdc_runtime_Memory_valloc__E                                              
1001c79d  xdc_runtime_Core_destructObject__I                                        
1001c7b5  xdc_runtime_Error_check__E                                                
1001c7cd  xdc_runtime_System_exit__E                                                
1001c7e5  xdc_runtime_Text_ropeText__E                                              
1001c7fd  xdc_runtime_Memory_free__E                                                
1001c80d  xdc_runtime_SysCallback_abort__E                                          
1001c81d  xdc_runtime_SysCallback_exit__E                                           
1001c82d  xdc_runtime_Timestamp_SupportProxy_get32__E                               
1001c82d  xdc_runtime_Timestamp_get32__E                                            
1001c82d  xdc_runtime_Timestamp_get32__E                                            
1001c849  xdc_runtime_Memory_calloc__E                                              
1001c855  xdc_runtime_Memory_getMaxDefaultTypeAlign__E                              
1001c875  xdc_runtime_Gate_leaveSystem__E                                           
1001c87b  xdc_runtime_System_Module_startup__E                                      
1001c881  xdc_runtime_Gate_enterSystem__E                                           
1001c885  xdc_runtime_Memory_HeapProxy_alloc__E                                     
1001c889  xdc_runtime_Memory_HeapProxy_free__E                                      
1001c88d  xdc_runtime_System_Module_GateProxy_enter__E                              
1001c891  xdc_runtime_System_Module_GateProxy_leave__E                              
1001c895  xdc_runtime_System_abortSpin__E                                           
1001c897  xdc_runtime_System_exitSpin__E                                            
1001c899  ti_sysbios_family_arm_m3_Hwi_dispatch__I                                  
1001c969  ti_sysbios_family_arm_m3_TaskSupport_buildTaskStack                       
1001c9b5  ti_sysbios_family_arm_m3_Hwi_initStacks__E                                
1001c9fd  ti_sysbios_family_arm_m3_Hwi_excHandlerAsm__I                             
1001ca1d  ti_sysbios_family_xxx_Hwi_switchAndRunFunc                                
1001ca3b  ti_sysbios_family_arm_m3_Hwi_pendSV__I                                    
1001ca53  ti_sysbios_family_arm_m3_Hwi_return                                       
1001ca55  ti_sysbios_family_arm_m3_TaskSupport_glue                                 
1001ca65  ti_sysbios_family_arm_m3_TaskSupport_swap__E                              
1001ca65  ti_sysbios_knl_Task_SupportProxy_swap__E__mangled__                       
1001ca6d  ti_sysbios_knl_Task_swapReturn                                            
1001ca97  ti_sysbios_rom_cortexm_cc13xx_CC13xx_getRevision__E                       
20000000  ti_sysbios_family_arm_m3_Hwi_ramVectors                                   
20000100  ti_sysbios_knl_Task_Module__state__V                                      
20000144  ti_sysbios_family_arm_m3_Hwi_Module__state__V                             
20000178  ti_sysbios_knl_Clock_Module__state__V                                     
200001a4  ti_sysbios_BIOS_Module__state__V                                          
200001c8  ti_sysbios_knl_Swi_Module__state__V                                       
200001e4  ti_sysbios_family_arm_cc26xx_Timer_Module__state__V                       
200001ec  ti_sysbios_family_arm_cc26xx_TimestampProvider_Module__state__V           
200001f0  xdc_runtime_Startup_Module__state__V                                      
200001f8  xdc_runtime_System_Module__state__V                                       
20000200  xdc_runtime_Memory_Module__state__V                                       
20000680  ti_uia_loggers_LoggerStopMode_Instance_State_0_packetArray__A             
20000a80  ti_uia_loggers_LoggerStopMode_Instance_State_1_packetArray__A             
2000140c  xdc_runtime_SysMin_Module_State_0_outbuf__A                               
20001fd8  uartCC26XXObjects                                                         
20002104  __CIOBUF_                                                                 
20002224  PIN_NumPins                                                               
200022b8  PIN_HandleTable                                                           
20002334  i2cCC26xxObjects                                                          
20002414  adcCC26xxObjects                                                          
200025b8  ti_sysbios_family_arm_m3_Hwi_dispatchTable                                
2000283c  accelTask                                                                 
2000288c  adcTask                                                                   
200028dc  gpsTask                                                                   
2000292c  gyroTask                                                                  
2000297c  humidityTask                                                              
200029cc  magTask                                                                   
20002a1c  rxRestartTask                                                             
20002a6c  txDataTask                                                                
20002b4c  settings                                                                  
20002b80  ti_uia_loggers_LoggerStopMode_Instance_State_0_hdr__A                     
20002bb0  uartParams                                                                
20002c00  ti_uia_loggers_LoggerStopMode_Instance_State_1_hdr__A                     
20002d9c  i2cTransaction                                                            
20002e0c  i2cParams                                                                 
20002e28  aBias                                                                     
20002e34  gBias                                                                     
20002e40  mBias                                                                     
20002e4c  PowerCC26XX_taskKey                                                       
20002e50  PowerCC26XX_swiKey                                                        
20002e64  aBiasRaw                                                                  
20002e6c  gBiasRaw                                                                  
20002e74  mBiasRaw                                                                  
20002e7c  params                                                                    
20002e84  parmbuf                                                                   
20002e8c  ClockP_tickPeriod                                                         
20002e90  aRes                                                                      
20002e94  adc0                                                                      
20002e98  adc1                                                                      
20002e9c  adcValue0MicroVolt                                                        
20002ea0  adcValue1MicroVolt                                                        
20002ea4  gRes                                                                      
20002ea8  i2c                                                                       
20002eac  mRes                                                                      
20002eb0  uart                                                                      
20002eb6  adcValue0                                                                 
20002eb8  adcValue1                                                                 
20002eba  ax                                                                        
20002ebc  ay                                                                        
20002ebe  az                                                                        
20002ec0  gx                                                                        
20002ec2  gy                                                                        
20002ec4  gz                                                                        
20002ec6  mx                                                                        
20002ec8  my                                                                        
20002eca  mz                                                                        
20002ecc  _autoCalc                                                                 
20002ecd  _mAddress                                                                 
20002ece  _xgAddress                                                                
20002ecf  driverlib_release_0_48919                                                 
20002ed0  __primary_heap_start__                                                    
20003ed0  PowerCC26XX_module                                                        
20003ed0  __primary_heap_end__                                                      
20003fe4  globalPacket                                                              
2000407c  pOverrides_sl_lr                                                          
200040e4  ti_uia_loggers_LoggerStopMode_Object__table__V                            
2000414c  pOverrides_hsm                                                            
200041ac  pOverrides_lrm                                                            
20004208  pOverrides_ook                                                            
200042bc  pOverrides_fsk                                                            
20004314  main_func_sp                                                              
20004318  ti_sysbios_family_arm_cc26xx_Timer_Object__table__V                       
20004360  RF_pProp_fsk                                                              
20004364  RF_pProp_lrm                                                              
20004368  RF_pProp_ook                                                              
2000436c  RF_pProp_hsm                                                              
20004370  RF_pProp_sl_lr                                                            
20004374  RF_pProp_2_4G_fsk                                                         
20004378  RF_pCmdPropRadioDivSetup_fsk                                              
2000437c  RF_pCmdPropRadioDivSetup_lrm                                              
20004380  RF_pCmdPropRadioDivSetup_ook                                              
20004384  RF_pCmdRadioSetup_hsm                                                     
20004388  RF_pCmdPropRadioDivSetup_sl_lr                                            
2000438c  RF_pCmdPropRadioSetup_2_4G_fsk                                            
20004390  RF_pCmdTxHS                                                               
20004394  RF_pCmdRxHS                                                               
20004398  RF_pCmdFs_preDef                                                          
2000439c  RF_pCmdPropTx_preDef                                                      
200043a0  RF_pCmdPropRxAdv_preDef                                                   
200043a4  ti_sysbios_gates_GateMutex_Object__table__V                               
200043dc  RF_cmdPropRxAdv_preDef                                                    
2000440c  ti_sysbios_knl_Swi_Module_State_0_readyQ__A                               
2000443c  ti_sysbios_knl_Swi_Object__table__V                                       
2000446c  ti_sysbios_knl_Task_Module_State_0_readyQ__A                              
2000449c  goodToGo                                                                  
200044a0  halt                                                                      
200044a4  pwmPeriod                                                                 
200044a6  pwmduty                                                                   
200044a8  pwmdutyInc                                                                
200044ac  pwmtime                                                                   
200044b0  pwm1                                                                      
200044b4  bytesRead                                                                 
200044b8  numConnections                                                            
200044bc  AXN                                                                       
200044c0  AYN                                                                       
200044c4  AZN                                                                       
200044c8  RF_cmdPropRadioDivSetup                                                   
200044f0  RF_cmdPropRadioDivSetup_fsk                                               
20004518  RF_cmdPropRadioDivSetup_lrm                                               
20004540  RF_cmdPropRadioDivSetup_ook                                               
20004568  RF_cmdPropRadioDivSetup_sl_lr                                             
20004590  RF_cmdRxHS                                                                
200045d4  pinTable2                                                                 
200045f4  pinTable                                                                  
20004614  ti_sysbios_knl_Clock_Object__table__V                                     
20004634  xdc_runtime_Error_IgnoreBlock                                             
20004654  message                                                                   
20004672  ti_sysbios_family_arm_m3_Hwi_Module_State_0_excActive__A                  
20004674  RF_cmdFs                                                                  
2000468c  RF_cmdFs_preDef                                                           
200046a4  RF_cmdPropTx                                                              
200046bc  RF_cmdPropTx_preDef                                                       
200046d4  RF_cmdRadioSetup_hsm                                                      
20004704  shapeovr                                                                  
2000471c  ti_sysbios_family_arm_m3_Hwi_Object__table__V                             
20004734  ti_sysbios_heaps_HeapMem_Object__table__V                                 
2000474c  RF_cmdTxHS                                                                
20004770  RF_prop                                                                   
20004780  RF_prop_fsk                                                               
20004790  RF_prop_hsm                                                               
200047a0  RF_prop_lrm                                                               
200047b0  RF_prop_ook                                                               
200047c0  RF_prop_sl_lr                                                             
200047de  xdc_runtime_Main_Module__root__V                                          
200047e0  ti_sysbios_knl_Task_Module__root__V                                       
200047ec  ti_uia_runtime_QueueDescriptor_Module__state__V                           
200047f8  xdc_runtime_SysMin_Module__state__V                                       
20004804  _lock                                                                     
20004808  _unlock                                                                   
2000480c  ti_uia_runtime_QueueDescriptor_gPtrToFirstDescriptor                      
20004810  ti_uia_runtime_QueueDescriptor_gUpdateCount                               
20004814  ti_sysbios_family_arm_m3_Hwi_Module__root__V                              
2000481c  ti_sysbios_gates_GateHwi_Module__root__V                                  
20004824  ti_sysbios_gates_GateMutex_Module__root__V                                
2000482c  ti_sysbios_hal_Hwi_Module__root__V                                        
20004834  ti_sysbios_heaps_HeapMem_Module__root__V                                  
2000483c  ti_sysbios_knl_Clock_Module__root__V                                      
20004844  ti_sysbios_knl_Mailbox_Module__root__V                                    
2000484c  ti_sysbios_knl_Queue_Module__root__V                                      
20004854  ti_sysbios_knl_Semaphore_Module__root__V                                  
2000485c  ti_sysbios_knl_Swi_Module__root__V                                        
20004864  ti_uia_loggers_LoggerStopMode_Module__root__V                             
2000486c  xdc_runtime_System_Module_State_0_atexitHandlers__A                       
20004874  ti_sysbios_family_arm_m3_Hwi_Module_State_0_excContext__A                 
20004878  ti_sysbios_family_arm_m3_Hwi_Module_State_0_excStack__A                   
2000487c  ti_sysbios_knl_Task_Module_State_0_idleTask__A                            
20004c00  __stack                                                                   
20005000  __STACK_END                                                               
e000e000  ti_sysbios_family_arm_m3_Hwi_nvic                                         
ffffffff  __TI_pprof_out_hndl                                                       
ffffffff  __TI_prof_data_size                                                       
ffffffff  __TI_prof_data_start                                                      
ffffffff  __binit__                                                                 
ffffffff  __c_args__                                                                
ffffffff  binit                                                                     
UNDEFED   SHT$$INIT_ARRAY$$Base                                                     
UNDEFED   SHT$$INIT_ARRAY$$Limit                                                    

[1081 symbols]
