******************************************************************************
                  TI ARM Linker Unix v16.9.3                   
******************************************************************************
>> Linked Tue Sep 26 15:42:18 2017

OUTPUT FILE NAME:   <Sprite.out>
ENTRY POINT SYMBOL: "ResetISR"  address: 0000a2bd


MEMORY CONFIGURATION

         name            origin    length      used     unused   attr    fill
----------------------  --------  ---------  --------  --------  ----  --------
  FLASH                 00000000   00020000  000123f9  0000dc07  R  X
  SRAM                  20000000   00005000  00004b50  000004b0  RW X


SEGMENT ALLOCATION MAP

run origin  load origin   length   init length attrs members
----------  ----------- ---------- ----------- ----- -------
00000000    00000000    000123a8   000123a8    r-x
  00000000    00000000    0000003c   0000003c    r-- .resetVecs
  0000003c    0000003c    0000d198   0000d198    r-x .text
  0000d1d4    0000d1d4    00004ddd   00004ddd    r-- .const
  00011fb8    00011fb8    000003f0   000003f0    r-- .cinit
0001ffa8    0001ffa8    00000058   00000058    r--
  0001ffa8    0001ffa8    00000058   00000058    r-- .ccfg
20000100    20000100    00002c6c   00000000    rw-
  20000100    20000100    00002c6c   00000000    rw- .bss
20002d70    20002d70    00001000   00000000    r--
  20002d70    20002d70    00001000   00000000    r-- .priheap
20003d70    20003d70    00000a1c   00000000    rw-
  20003d70    20003d70    00000a1c   00000000    rw- .data
20004c00    20004c00    00000400   00000000    rw-
  20004c00    20004c00    00000400   00000000    rw- .stack


SECTION ALLOCATION MAP

 output                                  attributes/
section   page    origin      length       input sections
--------  ----  ----------  ----------   ----------------
.text      0    0000003c    0000d198     
                  0000003c    0000044c     rf_multiMode_cc13x0.aem3 : RFCC26XX_multiMode.oem3 (.text:fsmActiveState)
                  00000488    000003c4     EasyLink.obj (.text:EasyLink_init)
                  0000084c    0000033c     sysbios.aem3 : BIOS.obj (.text:xdc_runtime_System_doPrint__I)
                  00000b88    00000324     rtsv7M3_T_le_eabi.lib : trgdrv.obj (.text)
                  00000eac    0000030c     drivers_cc13x0.aem3 : PowerCC26XX_calibrateRCOSC.oem3 (.text:PowerCC26XX_auxISR)
                  000011b8    00000248     rtsv7M3_T_le_eabi.lib : vla_alloc.obj (.text)
                  00001400    00000228     driverlib.lib : sys_ctrl.obj (.text:NOROM_SysCtrlSetRechargeBeforePowerDown)
                  00001628    0000021c     drivers_cc13x0.aem3 : PowerCC26XX.oem3 (.text:Power_sleep)
                  00001844    00000200     rf_multiMode_cc13x0.aem3 : RFCC26XX_multiMode.oem3 (.text:RF_open)
                  00001a44    000001f4     rtsv7M3_T_le_eabi.lib : ull_div_t2.obj (.text)
                  00001c38    000001e4     main.obj (.text:LSM9DS1init)
                  00001e1c    000001dc     hello_pem3.oem3 (.text:xdc_runtime_System_printfExtend__I)
                  00001ff8    000001b6     rtsv7M3_T_le_eabi.lib : fd_add_t2.obj (.text)
                  000021ae    00000002     display.aem3 : DisplayUart.oem3 (.text:DisplayUartMin_clear)
                  000021b0    000001a4     EasyLink.obj (.text:EasyLink_setRfPwr)
                  00002354    0000019c     rf_multiMode_cc13x0.aem3 : RFCC26XX_multiMode.oem3 (.text:fsmSetupState)
                  000024f0    00000190     drivers_cc13x0.aem3 : PowerCC26XX_calibrateRCOSC.oem3 (.text:PowerCC26XX_doCalibrate)
                  00002680    0000018c                         : PINCC26XX.oem3 (.text:PIN_init)
                  0000280c    00000180     main.obj (.text:initGyro)
                  0000298c    00000164     drivers_cc13x0.aem3 : UARTCC26XX.oem3 (.text:UARTCC26XX_open)
                  00002af0    00000158     rf_multiMode_cc13x0.aem3 : RFCC26XX_multiMode.oem3 (.text:RF_postCmd)
                  00002c48    00000158     main.obj (.text:calibrate)
                  00002da0    00000154     drivers_cc13x0.aem3 : I2CCC26XX.oem3 (.text:I2CCC26XX_open)
                  00002ef4    00000154     rf_multiMode_cc13x0.aem3 : RFCC26XX_multiMode.oem3 (.text:radioOpDoneCb)
                  00003048    00000150                              : RFCC26XX_multiMode.oem3 (.text:abortCmd)
                  00003198    00000150     smartrf_settings_predefined.obj (.text:rf_patch_mce_genook)
                  000032e8    00000148     rf_multiMode_cc13x0.aem3 : RFCC26XX_multiMode.oem3 (.text:fsmChangePhyState)
                  00003430    0000013c     EasyLink.obj (.text:EasyLink_transmit)
                  0000356c    00000138     hello_pem3.oem3 (.text:ti_uia_loggers_LoggerStopMode_writeMemoryRange__E)
                  000036a4    00000134     main.obj (.text:initAccel)
                  000037d8    00000130     driverlib.lib : setup_rom.obj (.text:NOROM_SetupAfterColdResetWakeupFromShutDownCfg3)
                  00003908    0000012c     drivers_cc13x0.aem3 : PowerCC26XX.oem3 (.text:Power_init)
                  00003a34    0000012c     sysbios.aem3 : BIOS.obj (.text:ti_sysbios_knl_Semaphore_pend__E)
                  00003b60    00000128     smartrf_settings.obj (.text:rf_patch_rfe_genfsk)
                  00003c88    00000128     smartrf_settings_predefined.obj (.text:rf_patch_rfe_genfsk)
                  00003db0    00000128     smartrf_settings_predefined.obj (.text:rf_patch_rfe_lrm)
                  00003ed8    00000128     smartrf_settings_predefined.obj (.text:rf_patch_rfe_sl_longrange)
                  00004000    0000011c     rf_multiMode_cc13x0.aem3 : RFCC26XX_multiMode.oem3 (.text:RF_close)
                  0000411c    0000011c     main.obj (.text:semaphoreSetup)
                  00004238    00000118     drivers_cc13x0.aem3 : UARTCC26XX.oem3 (.text:UARTCC26XX_read)
                  00004350    00000118     main.obj (.text:initMag)
                  00004468    00000118     sysbios.aem3 : BIOS.obj (.text:ti_sysbios_family_arm_m3_Hwi_dispatchC__I)
                  00004580    00000114     smartrf_settings_predefined.obj (.text:rf_patch_mce_hsp_4mbps)
                  00004694    00000110     drivers_cc13x0.aem3 : I2CCC26XX.oem3 (.text:I2CCC26XX_hwiFxn)
                  000047a4    00000110     sysbios.aem3 : BIOS.obj (.text:ti_sysbios_knl_Swi_run__I)
                  000048b4    0000010c     hello_pem3.oem3 (.text:ti_uia_loggers_LoggerStopMode_write8__E)
                  000049c0    0000010a     drivers_cc13x0.aem3 : UARTCC26XX.oem3 (.text:UARTCC26XX_hwiIntFxn)
                  00004aca    00000002     display.aem3 : DisplayUart.oem3 (.text:DisplayUartMin_clearLines)
                  00004acc    00000108     rf_multiMode_cc13x0.aem3 : RFCC26XX_multiMode.oem3 (.text:fsmPowerUpState)
                  00004bd4    00000108                              : RFCC26XX_multiMode.oem3 (.text:hwiFxnCpe0Active)
                  00004cdc    000000fc     drivers_cc13x0.aem3 : UARTCC26XX.oem3 (.text:UARTCC26XX_write)
                  00004dd8    000000fc     rtsv7M3_T_le_eabi.lib : fd_mul_t2.obj (.text)
                  00004ed4    000000f8     sysbios.aem3 : BIOS.obj (.text:xdc_runtime_Startup_startMods__I)
                  00004fcc    000000f4     hello_pem3.oem3 (.text:ti_uia_loggers_LoggerStopMode_write4__E)
                  000050c0    000000f0     driverlib.lib : setup_rom.obj (.text:NOROM_SetupAfterColdResetWakeupFromShutDownCfg2)
                  000051b0    000000ec     drivers_cc13x0.aem3 : PWMTimerCC26XX.oem3 (.text:PWMTimerCC26XX_open)
                  0000529c    000000e8     hello_pem3.oem3 (.text:ti_uia_loggers_LoggerStopMode_write1__E)
                  00005384    000000e8     hello_pem3.oem3 (.text:ti_uia_loggers_LoggerStopMode_write2__E)
                  0000546c    000000e0     main.obj (.text:txDataTaskFunc)
                  0000554c    000000dc     driverlib.lib : rfc.obj (.text:NOROM_RFCOverrideUpdate)
                  00005628    000000dc     drivers_cc13x0.aem3 : PINCC26XX.oem3 (.text:PINCC26XX_setIoCfg)
                  00005704    000000d8     EasyLink.obj (.text:EasyLink_enableRxAddrFilter)
                  000057dc    000000d8     smartrf_settings_predefined.obj (.text:rf_patch_rfe_genook)
                  000058b4    000000d8     smartrf_settings_predefined.obj (.text:rf_patch_rfe_hsp_4mbps)
                  0000598c    000000d8     sysbios.aem3 : BIOS.obj (.text:ti_sysbios_knl_Clock_walkQueueDynamic__E)
                  00005a64    000000d8     hello_pem3.oem3 (.text:ti_uia_loggers_LoggerStopMode_write0__E)
                  00005b3c    000000d4     driverlib.lib : rfc.obj (.text:NOROM_RFCRfTrimRead)
                  00005c10    000000d4     sysbios.aem3 : BIOS.obj (.text:ti_sysbios_knl_Task_sleep__E)
                  00005ce4    000000d0     dpl_cc13x0.aem3 : PowerCC26XX_tirtos.oem3 (.text:PowerCC26XX_standbyPolicy)
                  00005db4    000000cc     sysbios.aem3 : m3_Hwi_asm.obj (.text:ti_sysbios_family_arm_m3_Hwi_dispatch__I)
                  00005e80    000000c4     driverlib.lib : setup.obj (.text:TrimAfterColdResetWakeupFromShutDown)
                  00005f44    000000c4     smartrf_settings_predefined.obj (.text:rf_patch_mce_sl_longrange)
                  00006008    000000c4     sysbios.aem3 : BIOS.obj (.text:ti_sysbios_knl_Task_Instance_init__E)
                  000060cc    000000c0     drivers_cc13x0.aem3 : I2CCC26XX.oem3 (.text:I2CCC26XX_transfer)
                  0000618c    000000c0     main.obj (.text:pwmTaskFunc)
                  0000624c    000000c0     sysbios.aem3 : BIOS.obj (.text:ti_sysbios_knl_Task_schedule__I)
                  0000630c    000000bc     drivers_cc13x0.aem3 : GPTimerCC26XX.oem3 (.text:GPTimerCC26XX_open)
                  000063c8    000000bc     main.obj (.text:I2CreadBytes)
                  00006484    000000bc     drivers_cc13x0.aem3 : PowerCC26XX.oem3 (.text:Power_releaseDependency)
                  00006540    000000bc                         : UARTCC26XX.oem3 (.text:UARTCC26XX_initHw)
                  000065fc    000000bc     sysbios.aem3 : BIOS.obj (.text:ti_sysbios_knl_Semaphore_post__E)
                  000066b8    000000b8                  : BIOS.obj (.text:ti_sysbios_knl_Task_startCore__E)
                  00006770    000000b4     drivers_cc13x0.aem3 : PowerCC26XX.oem3 (.text:Power_setDependency)
                  00006824    000000b4     main.obj (.text:getMagInitial)
                  000068d8    000000a8     driverlib.lib : setup.obj (.text:NOROM_SetupTrimDevice)
                  00006980    000000a8     sysbios.aem3 : BIOS.obj (.text:ti_sysbios_knl_Swi_post__E)
                  00006a28    000000a4     driverlib.lib : setup_rom.obj (.text:NOROM_SetupAfterColdResetWakeupFromShutDownCfg1)
                  00006acc    000000a4     rf_multiMode_cc13x0.aem3 : RFCC26XX_multiMode.oem3 (.text:RF_dispatchCmd)
                  00006b70    000000a0     drivers_cc13x0.aem3 : GPTimerCC26XX.oem3 (.text:GPTimerCC26XX_close)
                  00006c10    000000a0     auto_init.aem3 : auto_init.oem3 (.text)
                  00006cb0    0000009e     sysbios.aem3 : BIOS.obj (.text:xdc_runtime_Text_putSite__E)
                  00006d4e    00000002     display.aem3 : DisplayUart.oem3 (.text:DisplayUartMin_init)
                  00006d50    0000009c     rf_multiMode_cc13x0.aem3 : RFCC26XX_multiMode.oem3 (.text:RF_issueRadioFreeCb)
                  00006dec    0000009c     drivers_cc13x0.aem3 : WatchdogCC26XX.oem3 (.text:WatchdogCC26XX_open)
                  00006e88    0000009c     rf_multiMode_cc13x0.aem3 : RFCC26XX_multiMode.oem3 (.text:hwiFxnCpe0PowerFsm)
                  00006f24    0000009c     rtsv7M3_T_le_eabi.lib : memcpy_t2.obj (.text)
                  00006fc0    0000009c     rf_multiMode_cc13x0.aem3 : RFCC26XX_multiMode.oem3 (.text:swiFxnHw)
                  0000705c    00000098     drivers_cc13x0.aem3 : PINCC26XX.oem3 (.text:PIN_open)
                  000070f4    00000098                         : UARTCC26XX.oem3 (.text:UARTCC26XX_initIO)
                  0000718c    00000098     sysbios.aem3 : BIOS.obj (.text:ti_sysbios_knl_Clock_workFuncDynamic__E)
                  00007224    00000098                  : BIOS.obj (.text:ti_sysbios_knl_Task_blockI__E)
                  000072bc    00000098                  : BIOS.obj (.text:xdc_runtime_Text_putMod__E)
                  00007354    00000094     EasyLink.obj (.text:EasyLink_abort)
                  000073e8    00000094     main.obj (.text:readAccel)
                  0000747c    00000094     main.obj (.text:readGyro)
                  00007510    00000094     sysbios.aem3 : BIOS.obj (.text:ti_sysbios_knl_Task_Instance_finalize__E)
                  000075a4    00000094                  : BIOS.obj (.text:ti_sysbios_knl_Task_exit__E)
                  00007638    00000094     drivers_cc13x0.aem3 : UARTCC26XX.oem3 (.text:writeFinishedDoCallback)
                  000076cc    00000092     rtsv7M3_T_le_eabi.lib : fs_div_t2.obj (.text)
                  0000775e    00000002     drivers_cc13x0.aem3 : PWMTimerCC26XX.oem3 (.text:PWMTimerCC26XX_init)
                  00007760    00000090                         : I2CCC26XX.oem3 (.text:I2CCC26XX_cancel)
                  000077f0    00000090     ti.uia.loggers.aem3 : LoggerStopMode.oem3 (.text:ti_uia_loggers_LoggerStopMode_initQueueDescriptor__E)
                  00007880    0000008c     drivers_cc13x0.aem3 : I2CCC26XX.oem3 (.text:I2CCC26XX_primeTransfer)
                  0000790c    0000008c     rf_multiMode_cc13x0.aem3 : RFCC26XX_multiMode.oem3 (.text:RF_pendCmd)
                  00007998    0000008c     drivers_cc13x0.aem3 : UARTCC26XX.oem3 (.text:UARTCC26XX_close)
                  00007a24    0000008c                         : UARTCC26XX.oem3 (.text:UARTCC26XX_writeCancel)
                  00007ab0    0000008c     sysbios.aem3 : BIOS.obj (.text:ti_sysbios_family_arm_m3_Hwi_Instance_init__E)
                  00007b3c    0000008c                  : BIOS.obj (.text:ti_sysbios_knl_Task_unblockI__E)
                  00007bc8    00000088     drivers_cc13x0.aem3 : PowerCC26XX.oem3 (.text:disableLFClockQualifiers)
                  00007c50    00000086     rtsv7M3_T_le_eabi.lib : fd_cmp_t2.obj (.text:__aeabi_cdcmple)
                  00007cd6    00000086                           : fd_cmp_t2.obj (.text:__aeabi_cdrcmple)
                  00007d5c    00000084     drivers_cc13x0.aem3 : PowerCC26XX.oem3 (.text:switchXOSCHFclockFunc)
                  00007de0    00000080                         : PWMTimerCC26XX.oem3 (.text:PWMTimerCC26XX_setPeriod)
                  00007e60    00000080     sysbios.aem3 : BIOS.obj (.text:ti_sysbios_family_arm_m3_Hwi_initNVIC__E)
                  00007ee0    00000080                  : BIOS.obj (.text:ti_sysbios_knl_Task_postInit__I)
                  00007f60    0000007c     main.obj (.text:constrainScales)
                  00007fdc    0000007a     rtsv7M3_T_le_eabi.lib : fs_mul_t2.obj (.text)
                  00008056    0000007a                           : memset_t2.obj (.text)
                  000080d0    00000078     main.obj (.text:LSM9DS1begin)
                  00008148    00000078     drivers_cc13x0.aem3 : UARTCC26XX.oem3 (.text:writeTxFifoFlush)
                  000081c0    00000074     driverlib.lib : setup_rom.obj (.text:NOROM_SetupSetVddrLevel)
                  00008234    00000074     main.obj (.text:configInt)
                  000082a8    00000074     sysbios.aem3 : BIOS.obj (.text:ti_sysbios_family_arm_cc26xx_Timer_start__E)
                  0000831c    00000074                  : BIOS.obj (.text:ti_sysbios_heaps_HeapMem_allocUnprotected__E)
                  00008390    00000074     ti.uia.runtime.aem3 : QueueDescriptor.oem3 (.text:ti_uia_runtime_QueueDescriptor_addToList__E)
                  00008404    0000006e     sysbios.aem3 : BIOS.obj (.text:xdc_runtime_Core_createObject__I)
                  00008472    00000002     drivers_cc13x0.aem3 : WatchdogCC26XX.oem3 (.text:WatchdogCC26XX_close)
                  00008474    0000006d     sysbios.aem3 : BIOS.obj (.text:xdc_runtime_System_formatNum__I)
                  000084e1    00000001     --HOLE-- [fill = 0]
                  000084e2    00000002     rf_multiMode_cc13x0.aem3 : RFCC26XX_multiMode.oem3 (.text:defaultCallback)
                  000084e4    0000006c     drivers_cc13x0.aem3 : PowerCC26XX_calibrateRCOSC.oem3 (.text:PowerCC26XX_initiateCalibration)
                  00008550    0000006c     sysbios.aem3 : BIOS.obj (.text:xdc_runtime_Memory_alloc__E)
                  000085bc    00000068     drivers_cc13x0.aem3 : I2CCC26XX.oem3 (.text:I2CCC26XX_close)
                  00008624    00000068     main.obj (.text:I2CreadByte)
                  0000868c    00000068     main.obj (.text:I2CwriteByte)
                  000086f4    00000068     driverlib.lib : setup_rom.obj (.text:NOROM_SetupGetTrimForAmpcompCtrl)
                  0000875c    00000068                   : setup_rom.obj (.text:NOROM_SetupGetTrimForAnabypassValue1)
                  000087c4    00000068                   : sys_ctrl.obj (.text:NOROM_SysCtrl_DCDC_VoltageConditionalControl)
                  0000882c    00000068     drivers_cc13x0.aem3 : UARTCC26XX.oem3 (.text:UARTCC26XX_readCancel)
                  00008894    00000068     rtsv7M3_T_le_eabi.lib : copy_decompress_lzss.obj (.text:decompress:lzss)
                  000088fc    00000068     rf_multiMode_cc13x0.aem3 : RFCC26XX_multiMode.oem3 (.text:flushPendCmd)
                  00008964    00000068                              : RFCC26XX_multiMode.oem3 (.text:fsmXOSCState)
                  000089cc    00000068     rtsv7M3_T_le_eabi.lib : trgmsg.obj (.text)
                  00008a34    00000068     sysbios.aem3 : BIOS.obj (.text:ti_sysbios_knl_Clock_startI__E)
                  00008a9c    00000068                  : BIOS.obj (.text:ti_sysbios_knl_Swi_restoreHwi__E)
                  00008b04    00000066     ti.uia.loggers.aem3 : LoggerStopMode.oem3 (.text:ti_uia_loggers_LoggerStopMode_flush__E)
                  00008b6a    00000066     sysbios.aem3 : BIOS.obj (.text:xdc_runtime_Core_deleteObject__I)
                  00008bd0    00000064     driverlib.lib : osc.obj (.text:NOROM_OSCHF_AttemptToSwitchToXosc)
                  00008c34    00000064     drivers_cc13x0.aem3 : PINCC26XX.oem3 (.text:PIN_add)
                  00008c98    00000064                         : PowerCC26XX.oem3 (.text:configureXOSCHF)
                  00008cfc    00000064     rf_multiMode_cc13x0.aem3 : RFCC26XX_multiMode.oem3 (.text:dispatchOpWhen)
                  00008d60    00000064     main.obj (.text:main)
                  00008dc4    00000064     sysbios.aem3 : BIOS.obj (.text:ti_sysbios_heaps_HeapMem_initPrimary__I)
                  00008e28    00000062     rf_multiMode_cc13x0.aem3 : RFCC26XX_multiMode.oem3 (.text:syncCb)
                  00008e8a    00000002     drivers_cc13x0.aem3 : PowerCC26XX.oem3 (.text:emptyClockFunc)
                  00008e8c    00000060     driverlib.lib : osc.obj (.text:NOROM_OSCClockSourceSet)
                  00008eec    00000060     drivers_cc13x0.aem3 : UARTCC26XX.oem3 (.text:UARTCC26XX_control)
                  00008f4c    00000060     smartrf_settings.obj (.text:configureGenfskPatch)
                  00008fac    00000060     smartrf_settings_predefined.obj (.text:configureGenfskPatch)
                  0000900c    00000060     smartrf_settings_predefined.obj (.text:configureGenookPatch)
                  0000906c    00000060     smartrf_settings_predefined.obj (.text:configureLrmPatch)
                  000090cc    00000060     smartrf_settings_predefined.obj (.text:configureSl_longrangePatch)
                  0000912c    00000060     sysbios.aem3 : BIOS.obj (.text:ti_sysbios_knl_Clock_logTick__E)
                  0000918c    0000005c     display.aem3 : Display.oem3 (.text:Display_doOpen)
                  000091e8    0000005c     driverlib.lib : sys_ctrl.obj (.text:NOROM_SysCtrlAdjustRechargeAfterPowerDown)
                  00009244    0000005c     drivers_cc13x0.aem3 : PowerCC26XX_calibrateRCOSC.oem3 (.text:PowerCC26XX_RCOSC_clockFunc)
                  000092a0    0000005c                         : PowerCC26XX.oem3 (.text:PowerCC26XX_calibrate)
                  000092fc    0000005c     rf_multiMode_cc13x0.aem3 : RFCC26XX_multiMode.oem3 (.text:ratChanFree)
                  00009358    0000005c     sysbios.aem3 : BIOS.obj (.text:ti_sysbios_knl_Task_Module_startup__E)
                  000093b4    0000005b                  : BIOS.obj (.text:xdc_runtime_Text_putLab__E)
                  0000940f    00000001     --HOLE-- [fill = 0]
                  00009410    00000058     drivers_cc13x0.aem3 : GPTimerCC26XX.oem3 (.text:GPTimerCC26XX_stop)
                  00009468    00000058                         : I2CCC26XX.oem3 (.text:I2CCC26XX_swiFxn)
                  000094c0    00000058                         : PINCC26XX.oem3 (.text:PIN_remove)
                  00009518    00000058     rf_multiMode_cc13x0.aem3 : RFCC26XX_multiMode.oem3 (.text:applyRfCorePatch)
                  00009570    00000058     main.obj (.text:pwm1Setup)
                  000095c8    00000058     main.obj (.text:pwm2Setup)
                  00009620    00000058     sysbios.aem3 : BIOS.obj (.text:ti_sysbios_family_arm_m3_Hwi_postInit__I)
                  00009678    00000058                  : BIOS.obj (.text:ti_sysbios_heaps_HeapMem_alloc__E)
                  000096d0    00000058                  : BIOS.obj (.text:ti_sysbios_heaps_HeapMem_freeUnprotected__E)
                  00009728    00000054     rf_multiMode_cc13x0.aem3 : RFCC26XX_multiMode.oem3 (.text:RF_getCurrentTime)
                  0000977c    00000054     main.obj (.text:calcaRes)
                  000097d0    00000054     main.obj (.text:calcmRes)
                  00009824    00000054     rf_multiMode_cc13x0.aem3 : RFCC26XX_multiMode.oem3 (.text:hwiFxnHw)
                  00009878    00000054     rtsv7M3_T_le_eabi.lib : exit.obj (.text)
                  000098cc    00000054     sysbios.aem3 : BIOS.obj (.text:ti_sysbios_knl_Swi_schedule__I)
                  00009920    00000050     driverlib.lib : setup_rom.obj (.text:NOROM_SetupSetCacheModeAccordingToCcfgSetting)
                  00009970    00000050     main.obj (.text:readMag)
                  000099c0    00000050     drivers_cc13x0.aem3 : UARTCC26XX.oem3 (.text:startTxFifoEmptyClk)
                  00009a10    00000050     hello_pem3.oem3 (.text:ti_sysbios_family_arm_m3_Hwi_construct)
                  00009a60    00000050     sysbios.aem3 : BIOS.obj (.text:ti_sysbios_knl_Swi_Instance_init__E)
                  00009ab0    00000050                  : BIOS.obj (.text:ti_sysbios_knl_Swi_runLoop__I)
                  00009b00    00000050                  : BIOS.obj (.text:xdc_runtime_Startup_exec__E)
                  00009b50    0000004c     drivers_cc13x0.aem3 : GPTimerCC26XX.oem3 (.text:GPTimerCC26XX_start)
                  00009b9c    0000004c                         : I2CCC26XX.oem3 (.text:I2CCC26XX_initHw)
                  00009be8    0000004c                         : PWMTimerCC26XX.oem3 (.text:PWMTimerCC26XX_getdutyCounts)
                  00009c34    0000004c     rf_multiMode_cc13x0.aem3 : RFCC26XX_multiMode.oem3 (.text:RF_wakeupNotifyFxn)
                  00009c80    0000004c     rtsv7M3_T_le_eabi.lib : cpy_tbl.obj (.text)
                  00009ccc    0000004c     sysbios.aem3 : m3_TaskSupport_asm.obj (.text:ti_sysbios_family_arm_m3_TaskSupport_buildTaskStack)
                  00009d18    0000004c     hello_pem3.oem3 (.text:ti_sysbios_knl_Swi_construct)
                  00009d64    0000004c     hello_pem3.oem3 (.text:ti_sysbios_knl_Task_construct)
                  00009db0    0000004c     ti.uia.loggers.aem3 : LoggerStopMode.oem3 (.text:ti_uia_loggers_LoggerStopMode_Module_startup__E)
                  00009dfc    0000004a     display.aem3 : DisplayUart.oem3 (.text:DisplayUartMin_open)
                  00009e46    00000002     smartrf_settings.obj (.text:enterGenfskSysPatch)
                  00009e48    00000048     dpl_cc13x0.aem3 : ClockP_tirtos.oem3 (.text:ClockP_construct)
                  00009e90    00000048     drivers_cc13x0.aem3 : PINCC26XX.oem3 (.text:PIN_setOutputEnable)
                  00009ed8    00000048     main.obj (.text:calcgRes)
                  00009f20    00000048     main.obj (.text:clockSetup)
                  00009f68    00000048     main.obj (.text:pinCallback)
                  00009fb0    00000048     rtsv7M3_T_le_eabi.lib : fd_toi_t2.obj (.text)
                  00009ff8    00000048     sysbios.aem3 : BIOS.obj (.text:ti_sysbios_family_arm_m3_Hwi_Module_startup__E)
                  0000a040    00000048                  : m3_Hwi_asm_switch.obj (.text:ti_sysbios_family_arm_m3_Hwi_initStacks__E)
                  0000a088    00000048                  : BIOS.obj (.text:ti_sysbios_heaps_HeapMem_getStats__E)
                  0000a0d0    00000048                  : BIOS.obj (.text:xdc_runtime_Assert_raise__I)
                  0000a118    00000048                  : BIOS.obj (.text:xdc_runtime_Core_assignParams__I)
                  0000a160    00000048                  : BIOS.obj (.text:xdc_runtime_Core_constructObject__I)
                  0000a1a8    00000046     display.aem3 : DisplayUart.oem3 (.text:DisplayUartMin_vprintf)
                  0000a1ee    00000002     smartrf_settings_predefined.obj (.text:enterGenfskSysPatch)
                  0000a1f0    00000044     drivers_cc13x0.aem3 : PINCC26XX.oem3 (.text:PIN_swi)
                  0000a234    00000044     rf_multiMode_cc13x0.aem3 : RFCC26XX_multiMode.oem3 (.text:RF_releasePowerConstraint)
                  0000a278    00000044     drivers_cc13x0.aem3 : RingBuf.oem3 (.text:RingBuf_put)
                  0000a2bc    00000044     boot.aem3 : boot.oem3 (.text)
                  0000a300    00000044     main.obj (.text:initializationTaskFunc)
                  0000a344    00000044     drivers_cc13x0.aem3 : PowerCC26XX.oem3 (.text:notify)
                  0000a388    00000044     rtsv7M3_T_le_eabi.lib : fd_tou_t2.obj (.text)
                  0000a3cc    00000044     sysbios.aem3 : BIOS.obj (.text:ti_sysbios_family_arm_m3_Hwi_disableInterrupt__E)
                  0000a410    00000044                  : BIOS.obj (.text:ti_sysbios_family_arm_m3_Hwi_enableInterrupt__E)
                  0000a454    00000044                  : BIOS.obj (.text:ti_sysbios_knl_Task_allBlockedFunction__I)
                  0000a498    00000044     ti.uia.loggers.aem3 : LoggerStopMode.oem3 (.text:ti_uia_loggers_LoggerStopMode_initBuffer__I)
                  0000a4dc    00000044     sysbios.aem3 : BIOS.obj (.text:xdc_runtime_SysMin_flush__E)
                  0000a520    00000044                  : BIOS.obj (.text:xdc_runtime_Text_xprintf__I)
                  0000a564    00000040     dpl_cc13x0.aem3 : HwiP_tirtos.oem3 (.text:HwiP_construct)
                  0000a5a4    00000040     drivers_cc13x0.aem3 : I2C.oem3 (.text:I2C_init)
                  0000a5e4    00000040                         : I2C.oem3 (.text:I2C_open)
                  0000a624    00000040                         : PWMTimerCC26XX.oem3 (.text:PWMTimerCC26XX_setDuty)
                  0000a664    00000040                         : PWM.oem3 (.text:PWM_init)
                  0000a6a4    00000040                         : PWM.oem3 (.text:PWM_open)
                  0000a6e4    00000040                         : UART.oem3 (.text:UART_init)
                  0000a724    00000040                         : UART.oem3 (.text:UART_open)
                  0000a764    00000040                         : Watchdog.oem3 (.text:Watchdog_init)
                  0000a7a4    00000040                         : Watchdog.oem3 (.text:Watchdog_open)
                  0000a7e4    00000040     main.obj (.text:accelTaskFunc)
                  0000a824    00000040     main.obj (.text:gyroTaskFunc)
                  0000a864    00000040     main.obj (.text:magTaskFunc)
                  0000a8a4    00000040     rtsv7M3_T_le_eabi.lib : u_divt2.obj (.text)
                  0000a8e4    00000040     sysbios.aem3 : BIOS.obj (.text:ti_sysbios_family_arm_cc26xx_Timer_setThreshold__I)
                  0000a924    00000040                  : BIOS.obj (.text:ti_sysbios_family_arm_m3_Hwi_getStackInfo__E)
                  0000a964    0000003e     drivers_cc13x0.aem3 : RingBuf.oem3 (.text:RingBuf_get)
                  0000a9a2    0000003e     hello_pem3.oem3 (.text:realloc)
                  0000a9e0    0000003c     driverlib.lib : chipinfo.obj (.text:NOROM_ChipInfo_GetHwRevision)
                  0000aa1c    0000003c                   : osc.obj (.text:NOROM_OSC_HPOSCRelativeFrequencyOffsetGet)
                  0000aa58    0000003c                   : rfc.obj (.text:NOROM_RFCSynthPowerDown)
                  0000aa94    0000003c     drivers_cc13x0.aem3 : PowerCC26XX.oem3 (.text:PowerCC26XX_isStableXOSC_HF)
                  0000aad0    0000003c                         : PowerCC26XX.oem3 (.text:PowerCC26XX_switchXOSC_HF)
                  0000ab0c    0000003c     rf_multiMode_cc13x0.aem3 : RFCC26XX_multiMode.oem3 (.text:RF_runCmd)
                  0000ab48    0000003c     dpl_cc13x0.aem3 : SwiP_tirtos.oem3 (.text:SwiP_construct)
                  0000ab84    0000003c     main.obj (.text:calibrationTaskFunc)
                  0000abc0    0000003c     sysbios.aem3 : BIOS.obj (.text:ti_sysbios_family_arm_m3_Hwi_construct2__E)
                  0000abfc    00000038     drivers_cc13x0.aem3 : PINCC26XX.oem3 (.text:PIN_setOutputValue)
                  0000ac34    00000038     rf_multiMode_cc13x0.aem3 : RFCC26XX_multiMode.oem3 (.text:Q_end)
                  0000ac6c    00000038                              : RFCC26XX_multiMode.oem3 (.text:RF_checkCmdFsError)
                  0000aca4    00000038     drivers_cc13x0.aem3 : UARTCC26XX.oem3 (.text:UARTCC26XX_swiIntFxn)
                  0000acdc    00000038     main.obj (.text:createAccelTask)
                  0000ad14    00000038     main.obj (.text:createCalibrationTask)
                  0000ad4c    00000038     main.obj (.text:createGyroTask)
                  0000ad84    00000038     main.obj (.text:createInitializationTask)
                  0000adbc    00000038     main.obj (.text:createMagTask)
                  0000adf4    00000038     main.obj (.text:createPWMTask)
                  0000ae2c    00000038     main.obj (.text:createRFTXTasks)
                  0000ae64    00000038     main.obj (.text:pinSetup)
                  0000ae9c    00000038     drivers_cc13x0.aem3 : UARTCC26XX.oem3 (.text:readData)
                  0000aed4    00000038     rtsv7M3_T_le_eabi.lib : fs_tod_t2.obj (.text)
                  0000af0c    00000038                           : fs_toi_t2.obj (.text)
                  0000af44    00000038                           : i_tofs_t2.obj (.text)
                  0000af7c    00000038     sysbios.aem3 : BIOS.obj (.text:ti_sysbios_family_arm_cc26xx_Timer_getCurrentTick__E)
                  0000afb4    00000038                  : BIOS.obj (.text:ti_sysbios_family_arm_m3_Hwi_Instance_finalize__E)
                  0000afec    00000038                  : BIOS.obj (.text:ti_sysbios_heaps_HeapMem_Instance_init__E)
                  0000b024    00000038                  : BIOS.obj (.text:ti_sysbios_knl_Clock_Instance_init__E)
                  0000b05c    00000038     drivers_cc13x0.aem3 : UARTCC26XX.oem3 (.text:writeData)
                  0000b094    00000038     sysbios.aem3 : BIOS.obj (.text:xdc_runtime_SysMin_putch__E)
                  0000b0cc    00000038                  : BIOS.obj (.text:xdc_runtime_System_atexit__E)
                  0000b104    00000034     drivers_cc13x0.aem3 : GPTimerCC26XX.oem3 (.text:GPTimerCC26XXSetLoadMatch)
                  0000b138    00000034     driverlib.lib : osc.obj (.text:NOROM_OSCHF_SwitchToRcOscTurnOffXosc)
                  0000b16c    00000034     drivers_cc13x0.aem3 : PINCC26XX.oem3 (.text:PIN_setConfig)
                  0000b1a0    00000034                         : PowerCC26XX.oem3 (.text:Power_releaseConstraint)
                  0000b1d4    00000034     rf_multiMode_cc13x0.aem3 : RFCC26XX_multiMode.oem3 (.text:Q_push)
                  0000b208    00000034     sysbios.aem3 : BIOS.obj (.text:ti_sysbios_family_arm_cc26xx_Timer_initDevice__I)
                  0000b23c    00000034     hello_pem3.oem3 (.text:ti_sysbios_knl_Semaphore_create)
                  0000b270    00000034     sysbios.aem3 : BIOS.obj (.text:ti_sysbios_knl_Swi_restore__E)
                  0000b2a4    00000034     ti.uia.loggers.aem3 : LoggerStopMode.oem3 (.text:ti_uia_loggers_LoggerStopMode_reset__E)
                  0000b2d8    00000034     main.obj (.text:wdtSetup)
                  0000b30c    00000034     sysbios.aem3 : BIOS.obj (.text:xdc_runtime_Core_assignLabel__I)
                  0000b340    00000032                  : BIOS.obj (.text:ti_sysbios_family_arm_cc26xx_Timer_setNextTick__E)
                  0000b372    00000002     smartrf_settings_predefined.obj (.text:enterGenookSysPatch)
                  0000b374    00000030     drivers_cc13x0.aem3 : GPTimerCC26XX.oem3 (.text:GPTimerCC26XX_configureDebugStall)
                  0000b3a4    00000030     driverlib.lib : chipinfo.obj (.text:NOROM_ChipInfo_GetChipType)
                  0000b3d4    00000030                   : setup_rom.obj (.text:NOROM_SetupSetAonRtcSubSecInc)
                  0000b404    00000030     drivers_cc13x0.aem3 : PowerCC26XX.oem3 (.text:Power_setConstraint)
                  0000b434    00000030                         : WatchdogCC26XX.oem3 (.text:WatchdogCC26XX_setReload)
                  0000b464    00000030     rf_multiMode_cc13x0.aem3 : RFCC26XX_multiMode.oem3 (.text:clkPowerUpFxn)
                  0000b494    00000030     main.obj (.text:initI2C)
                  0000b4c4    00000030     drivers_cc13x0.aem3 : UARTCC26XX.oem3 (.text:readData2RingBuf)
                  0000b4f4    00000030     hello_pem3.oem3 (.text:ti_sysbios_BIOS_atExitFunc__I)
                  0000b524    00000030     hello_pem3.oem3 (.text:ti_sysbios_BIOS_startFunc__I)
                  0000b554    00000030     hello_pem3.oem3 (.text:ti_sysbios_gates_GateHwi_Object__create__S)
                  0000b584    00000030     hello_pem3.oem3 (.text:ti_sysbios_gates_GateMutex_Object__create__S)
                  0000b5b4    00000030     sysbios.aem3 : BIOS.obj (.text:ti_sysbios_gates_GateMutex_enter__E)
                  0000b5e4    00000030     hello_pem3.oem3 (.text:ti_sysbios_heaps_HeapMem_Object__create__S)
                  0000b614    00000030     sysbios.aem3 : BIOS.obj (.text:ti_sysbios_heaps_HeapMem_free__E)
                  0000b644    00000030     hello_pem3.oem3 (.text:ti_sysbios_knl_Clock_construct)
                  0000b674    00000030     hello_pem3.oem3 (.text:ti_sysbios_knl_Semaphore_construct)
                  0000b6a4    00000030     sysbios.aem3 : BIOS.obj (.text:ti_sysbios_knl_Task_processVitalTaskFlag__I)
                  0000b6d4    00000030     hello_pem3.oem3 (.text:ti_uia_loggers_LoggerStopMode_Object__create__S)
                  0000b704    00000030     sysbios.aem3 : BIOS.obj (.text:xdc_runtime_SysMin_abort__E)
                  0000b734    00000030                  : BIOS.obj (.text:xdc_runtime_System_processAtExit__E)
                  0000b764    0000002f                  : BIOS.obj (.text:xdc_runtime_Text_printVisFxn__I)
                  0000b793    00000001     --HOLE-- [fill = 0]
                  0000b794    0000002e     rtsv7M3_T_le_eabi.lib : i_tofd_t2.obj (.text)
                  0000b7c2    0000002e     sysbios.aem3 : BIOS.obj (.text:ti_sysbios_family_arm_m3_TaskSupport_start__E)
                  0000b7f0    0000002e                  : BIOS.obj (.text:ti_sysbios_hal_Hwi_initStack)
                  0000b81e    0000002e     hello_pem3.oem3 (.text:ti_sysbios_rts_gnu_MemAlloc_alloc)
                  0000b84c    0000002c     driverlib.lib : ddi.obj (.text:NOROM_DDI32RegWrite)
                  0000b878    0000002c                   : osc.obj (.text:NOROM_OSCClockSourceGet)
                  0000b8a4    0000002c                   : rfc.obj (.text:NOROM_RFCCPEPatchReset)
                  0000b8d0    0000002c                   : setup_rom.obj (.text:NOROM_SetupGetTrimForRadcExtCfg)
                  0000b8fc    0000002c     drivers_cc13x0.aem3 : PINCC26XX.oem3 (.text:PINCC26XX_setMux)
                  0000b928    0000002c                         : PWMTimerCC26XX.oem3 (.text:PWMTimerCC26XX_close)
                  0000b954    0000002c     dpl_cc13x0.aem3 : SemaphoreP_tirtos.oem3 (.text:SemaphoreP_constructBinary)
                  0000b980    0000002c                     : SemaphoreP_tirtos.oem3 (.text:SemaphoreP_createBinary)
                  0000b9ac    0000002c     main.obj (.text:calcAccel)
                  0000b9d8    0000002c     rf_multiMode_cc13x0.aem3 : RFCC26XX_multiMode.oem3 (.text:getCmd)
                  0000ba04    0000002c     sysbios.aem3 : BIOS.obj (.text:ti_sysbios_knl_Clock_getTicksUntilInterrupt__E)
                  0000ba30    0000002c     hello_pem3.oem3 (.text:ti_sysbios_knl_Queue_construct)
                  0000ba5c    0000002c     sysbios.aem3 : BIOS.obj (.text:ti_sysbios_knl_Semaphore_pendTimeout__I)
                  0000ba88    0000002c                  : BIOS.obj (.text:xdc_runtime_Text_cordText__E)
                  0000bab4    0000002a     display.aem3 : Display.oem3 (.text:Display_doPrintf)
                  0000bade    0000002a     sysbios.aem3 : BIOS.obj (.text:ti_sysbios_knl_Clock_getTimeout__E)
                  0000bb08    0000002a                  : BIOS.obj (.text:xdc_runtime_System_putchar__I)
                  0000bb32    00000002     smartrf_settings_predefined.obj (.text:enterLrmSysPatch)
                  0000bb34    00000028     display.aem3 : Display.oem3 (.text:Display_doInit)
                  0000bb5c    00000028     driverlib.lib : aon_batmon.obj (.text:NOROM_AONBatMonTemperatureGetDegC)
                  0000bb84    00000028     drivers_cc13x0.aem3 : PowerCC26XX.oem3 (.text:Power_registerNotify)
                  0000bbac    00000028     driverlib.lib : adi.obj (.text:SafeHapiVoid)
                  0000bbd4    00000028     drivers_cc13x0.aem3 : WatchdogCC26XX.oem3 (.text:WatchdogCC26XX_convertMsToTicks)
                  0000bbfc    00000028     main.obj (.text:clk0Fxn)
                  0000bc24    00000028     sysbios.aem3 : BIOS.obj (.text:ti_sysbios_knl_Clock_addI__E)
                  0000bc4c    00000028                  : BIOS.obj (.text:ti_sysbios_knl_Task_restore__E)
                  0000bc74    00000024     driverlib.lib : rfc.obj (.text:NOROM_RFCDoorbellSendTo)
                  0000bc98    00000024     drivers_cc13x0.aem3 : PINCC26XX.oem3 (.text:PINCC26XX_getPinCount)
                  0000bcbc    00000024                         : PWMTimerCC26XX.oem3 (.text:PWMTimerCC26XX_start)
                  0000bce0    00000024     rf_multiMode_cc13x0.aem3 : RFCC26XX_multiMode.oem3 (.text:allocCmd)
                  0000bd04    00000024     main.obj (.text:mReadBytes)
                  0000bd28    00000024     hello_pem3.oem3 (.text:ti_sysbios_BIOS_registerRTSLock__I)
                  0000bd4c    00000024     hello_pem3.oem3 (.text:ti_sysbios_BIOS_removeRTSLock__I)
                  0000bd70    00000024     sysbios.aem3 : BIOS.obj (.text:ti_sysbios_family_arm_cc26xx_Timer_Module_startup__E)
                  0000bd94    00000024                  : BIOS.obj (.text:ti_sysbios_family_arm_cc26xx_Timer_getMaxTicks__E)
                  0000bdb8    00000024                  : BIOS.obj (.text:ti_sysbios_family_arm_cc26xx_Timer_startup__E)
                  0000bddc    00000024     hello_pem3.oem3 (.text:ti_sysbios_gates_GateMutex_Object__delete__S)
                  0000be00    00000024     sysbios.aem3 : BIOS.obj (.text:ti_sysbios_knl_Semaphore_Instance_init__E)
                  0000be24    00000024     hello_pem3.oem3 (.text:ti_sysbios_knl_Semaphore_Object__delete__S)
                  0000be48    00000024     sysbios.aem3 : BIOS.obj (.text:ti_sysbios_knl_Swi_Module_startup__E)
                  0000be6c    00000024     main.obj (.text:xgReadBytes)
                  0000be90    00000022     drivers_cc13x0.aem3 : List.oem3 (.text:List_put)
                  0000beb2    00000022     sysbios.aem3 : BIOS.obj (.text:ti_sysbios_family_arm_cc26xx_Timer_postInit__I)
                  0000bed4    00000022     hello_pem3.oem3 (.text:xdc_runtime_SysMin_output__I)
                  0000bef6    00000002     smartrf_settings_predefined.obj (.text:enterSl_longrangeSysPatch)
                  0000bef8    00000020     driverlib.lib : rfc.obj (.text:NOROM_RFCAdi3VcoLdoVoltageMode)
                  0000bf18    00000020                   : setup_rom.obj (.text:NOROM_SetupGetTrimForXoscHfCtl)
                  0000bf38    00000020     drivers_cc13x0.aem3 : PWMTimerCC26XX.oem3 (.text:PWMTimerCC26XX_stop)
                  0000bf58    00000020     dpl_cc13x0.aem3 : PowerCC26XX_tirtos.oem3 (.text:PowerCC26XX_schedulerDisable)
                  0000bf78    00000020                     : PowerCC26XX_tirtos.oem3 (.text:PowerCC26XX_schedulerRestore)
                  0000bf98    00000020     drivers_cc13x0.aem3 : PowerCC26XX.oem3 (.text:Power_unregisterNotify)
                  0000bfb8    00000020     main.obj (.text:calcGyro)
                  0000bfd8    00000020     main.obj (.text:displaySetup)
                  0000bff8    00000020     main.obj (.text:mWriteByte)
                  0000c018    00000020     hello_pem3.oem3 (.text:ti_sysbios_BIOS_rtsLock__I)
                  0000c038    00000020     sysbios.aem3 : BIOS.obj (.text:ti_sysbios_family_arm_cc26xx_Timer_dynamicStub__E)
                  0000c058    00000020                  : BIOS.obj (.text:ti_sysbios_family_arm_cc26xx_TimestampProvider_Module_startup__E)
                  0000c078    00000020                  : m3_Hwi_asm.obj (.text:ti_sysbios_family_arm_m3_Hwi_excHandlerAsm__I)
                  0000c098    00000020                  : BIOS.obj (.text:ti_sysbios_family_arm_m3_Hwi_excHandler__I)
                  0000c0b8    00000020     hello_pem3.oem3 (.text:ti_sysbios_gates_GateHwi_Object__delete__S)
                  0000c0d8    00000020     hello_pem3.oem3 (.text:ti_sysbios_heaps_HeapMem_Object__delete__S)
                  0000c0f8    00000020     sysbios.aem3 : BIOS.obj (.text:ti_sysbios_knl_Clock_Module_startup__E)
                  0000c118    00000020     hello_pem3.oem3 (.text:ti_sysbios_knl_Clock_destruct)
                  0000c138    00000020     sysbios.aem3 : BIOS.obj (.text:ti_sysbios_knl_Clock_getTicks__E)
                  0000c158    00000020                  : BIOS.obj (.text:ti_sysbios_knl_Clock_stop__E)
                  0000c178    00000020                  : BIOS.obj (.text:ti_sysbios_knl_Idle_run__E)
                  0000c198    00000020     hello_pem3.oem3 (.text:ti_sysbios_knl_Semaphore_destruct)
                  0000c1b8    00000020     sysbios.aem3 : BIOS.obj (.text:ti_sysbios_knl_Task_restoreHwi__E)
                  0000c1d8    00000020     hello_pem3.oem3 (.text:ti_uia_loggers_LoggerStopMode_Object__delete__S)
                  0000c1f8    00000020     sysbios.aem3 : BIOS.obj (.text:xdc_runtime_Registry_findById__E)
                  0000c218    00000020                  : BIOS.obj (.text:xdc_runtime_SysMin_Module_startup__E)
                  0000c238    00000020     main.obj (.text:xgWriteByte)
                  0000c258    0000001e     drivers_cc13x0.aem3 : PINCC26XX.oem3 (.text:PIN_close)
                  0000c276    0000001e                         : PowerCC26XX.oem3 (.text:Power_getTransitionLatency)
                  0000c294    0000001e     sysbios.aem3 : m3_Hwi_asm_switch.obj (.text:ti_sysbios_family_xxx_Hwi_switchAndRunFunc)
                  0000c2b2    00000002     rtsv7M3_T_le_eabi.lib : i_div0.obj (.text)
                  0000c2b4    0000001c     driverlib.lib : chipinfo.obj (.text:NOROM_ChipInfo_GetChipFamily)
                  0000c2d0    0000001c                   : setup_rom.obj (.text:NOROM_SetupGetTrimForAmpcompTh2)
                  0000c2ec    0000001c                   : setup_rom.obj (.text:NOROM_SetupGetTrimForRcOscLfRtuneCtuneTrim)
                  0000c308    0000001c     drivers_cc13x0.aem3 : PINCC26XX.oem3 (.text:PINCC26XX_setIoCfgMux)
                  0000c324    0000001c                         : PINCC26XX.oem3 (.text:PIN_hwi)
                  0000c340    0000001c     rf_multiMode_cc13x0.aem3 : RFCC26XX_multiMode.oem3 (.text:RF_setPowerConstraint)
                  0000c35c    0000001c                              : RFCC26XX_multiMode.oem3 (.text:clkInactivityFxn)
                  0000c378    0000001c     smartrf_settings.obj (.text:enterGenfskCpePatch)
                  0000c394    0000001c     smartrf_settings_predefined.obj (.text:enterGenfskCpePatch)
                  0000c3b0    0000001c     smartrf_settings_predefined.obj (.text:enterGenookCpePatch)
                  0000c3cc    0000001c     smartrf_settings_predefined.obj (.text:enterLrmCpePatch)
                  0000c3e8    0000001c     smartrf_settings_predefined.obj (.text:enterSl_longrangeCpePatch)
                  0000c404    0000001c     rf_multiMode_cc13x0.aem3 : RFCC26XX_multiMode.oem3 (.text:hwiFxnCpe0ChangePhy)
                  0000c420    0000001c     hello_pem3.oem3 (.text:ti_sysbios_family_arm_m3_Hwi_destruct)
                  0000c43c    0000001c     sysbios.aem3 : BIOS.obj (.text:ti_sysbios_family_arm_m3_Hwi_setPriority__E)
                  0000c458    0000001c                  : BIOS.obj (.text:ti_sysbios_gates_GateMutex_Instance_init__E)
                  0000c474    0000001c                  : BIOS.obj (.text:ti_sysbios_knl_Clock_scheduleNextTick__E)
                  0000c490    0000001c     hello_pem3.oem3 (.text:ti_sysbios_knl_Queue_destruct)
                  0000c4ac    0000001c     sysbios.aem3 : BIOS.obj (.text:ti_sysbios_knl_Queue_put__E)
                  0000c4c8    0000001c                  : BIOS.obj (.text:ti_sysbios_knl_Swi_construct2__E)
                  0000c4e4    0000001c     hello_pem3.oem3 (.text:ti_sysbios_knl_Swi_destruct)
                  0000c500    0000001c     sysbios.aem3 : BIOS.obj (.text:ti_sysbios_knl_Task_enter__I)
                  0000c51c    0000001c     ti.uia.loggers.aem3 : LoggerStopMode.oem3 (.text:ti_uia_loggers_LoggerStopMode_Instance_init__E)
                  0000c538    0000001c     sysbios.aem3 : BIOS.obj (.text:xdc_runtime_Error_check__E)
                  0000c554    0000001c                  : BIOS.obj (.text:xdc_runtime_Error_raiseX__E)
                  0000c570    0000001c                  : BIOS.obj (.text:xdc_runtime_Memory_valloc__E)
                  0000c58c    0000001c                  : BIOS.obj (.text:xdc_runtime_SysMin_exit__E)
                  0000c5a8    0000001c                  : BIOS.obj (.text:xdc_runtime_System_abort__E)
                  0000c5c4    0000001a     drivers_cc13x0.aem3 : PWMTimerCC26XX.oem3 (.text:PWMTimerCC26XX_control)
                  0000c5de    0000001a     sysbios.aem3 : m3_Hwi_asm.obj (.text:ti_sysbios_family_arm_m3_Hwi_pendSV__I)
                  0000c5f8    0000001a                  : BIOS.obj (.text:ti_sysbios_knl_Task_sleepTimeout__I)
                  0000c612    00000002                  : BIOS.obj (.text:ti_sysbios_BIOS_linkedWithIncorrectBootLibrary__E)
                  0000c614    00000018     CC1310_LAUNCHXL.obj (.text:CC1310_LAUNCHXL_initGeneral)
                  0000c62c    00000018     driverlib.lib : aon_rtc.obj (.text:NOROM_AONRTCCurrentCompareValueGet)
                  0000c644    00000018                   : chipinfo.obj (.text:NOROM_ChipInfo_GetPackageType)
                  0000c65c    00000018                   : osc.obj (.text:NOROM_OSCHF_TurnOnXosc)
                  0000c674    00000018                   : rfc.obj (.text:NOROM_RFCCpeIntGetAndClear)
                  0000c68c    00000018                   : setup_rom.obj (.text:NOROM_SetupGetTrimForAdcShModeEn)
                  0000c6a4    00000018                   : setup_rom.obj (.text:NOROM_SetupGetTrimForAdcShVbufEn)
                  0000c6bc    00000018                   : setup_rom.obj (.text:NOROM_SetupGetTrimForAmpcompTh1)
                  0000c6d4    00000018                   : setup_rom.obj (.text:NOROM_SetupGetTrimForDblrLoopFilterResetVoltage)
                  0000c6ec    00000018                   : setup_rom.obj (.text:NOROM_SetupGetTrimForRcOscLfIBiasTrim)
                  0000c704    00000018                   : setup_rom.obj (.text:NOROM_SetupGetTrimForXoscLfRegulatorAndCmirrwrRatio)
                  0000c71c    00000018     drivers_cc13x0.aem3 : PowerCC26XX.oem3 (.text:Power_idleFunc)
                  0000c734    00000018                         : UARTCC26XX.oem3 (.text:UARTCC26XX_init)
                  0000c74c    00000018                         : UART.oem3 (.text:UART_Params_init)
                  0000c764    00000018                         : PowerCC26XX.oem3 (.text:configureRFCoreClocks)
                  0000c77c    00000018     hello_pem3.oem3 (.text:free)
                  0000c794    00000018     main.obj (.text:mReadByte)
                  0000c7ac    00000018     rtsv7M3_T_le_eabi.lib : args_main.obj (.text)
                  0000c7c4    00000018                           : ll_mul_t2.obj (.text)
                  0000c7dc    00000018     rf_multiMode_cc13x0.aem3 : RFCC26XX_multiMode.oem3 (.text:swiFxnFsm)
                  0000c7f4    00000018     hello_pem3.oem3 (.text:ti_sysbios_BIOS_rtsUnlock__I)
                  0000c80c    00000018     hello_pem3.oem3 (.text:ti_sysbios_family_arm_cc26xx_Timer_Module__startupDone__F)
                  0000c824    00000018     sysbios.aem3 : BIOS.obj (.text:ti_sysbios_family_arm_cc26xx_TimestampProvider_get64__E)
                  0000c83c    00000018     hello_pem3.oem3 (.text:ti_sysbios_family_arm_m3_Hwi_Module__startupDone__F)
                  0000c854    00000018     sysbios.aem3 : BIOS.obj (.text:ti_sysbios_family_arm_m3_Hwi_plug__E)
                  0000c86c    00000018     hello_pem3.oem3 (.text:ti_sysbios_gates_GateHwi_Handle__label__S)
                  0000c884    00000018     hello_pem3.oem3 (.text:ti_sysbios_gates_GateMutex_Handle__label__S)
                  0000c89c    00000018     sysbios.aem3 : BIOS.obj (.text:ti_sysbios_gates_GateMutex_leave__E)
                  0000c8b4    00000018     hello_pem3.oem3 (.text:ti_sysbios_heaps_HeapMem_Handle__label__S)
                  0000c8cc    00000018     sysbios.aem3 : BIOS.obj (.text:ti_sysbios_knl_Swi_or__E)
                  0000c8e4    00000018                  : BIOS.obj (.text:ti_sysbios_knl_Task_unblock__E)
                  0000c8fc    00000018     hello_pem3.oem3 (.text:ti_uia_loggers_LoggerStopMode_Handle__label__S)
                  0000c914    00000018     sysbios.aem3 : BIOS.obj (.text:xdc_runtime_Error_init__E)
                  0000c92c    00000018                  : BIOS.obj (.text:xdc_runtime_System_exit__E)
                  0000c944    00000018                  : BIOS.obj (.text:xdc_runtime_Text_ropeText__E)
                  0000c95c    00000018     main.obj (.text:xgReadByte)
                  0000c974    00000016     display.aem3 : DisplayUart.oem3 (.text:DisplayUartMin_close)
                  0000c98a    00000016     drivers_cc13x0.aem3 : List.oem3 (.text:List_remove)
                  0000c9a0    00000016     driverlib.lib : chipinfo.obj (.text:NOROM_ThisLibraryIsFor_CC13x0_HwRev20AndLater_HaltIfViolated)
                  0000c9b6    00000016     rf_multiMode_cc13x0.aem3 : RFCC26XX_multiMode.oem3 (.text:Q_pop)
                  0000c9cc    00000016     rtsv7M3_T_le_eabi.lib : strcpy.obj (.text)
                  0000c9e2    00000016     hello_pem3.oem3 (.text:ti_sysbios_BIOS_exitFunc__I)
                  0000c9f8    00000016     sysbios.aem3 : BIOS.obj (.text:ti_sysbios_knl_Clock_Instance_finalize__E)
                  0000ca0e    00000016     main.obj (.text:ti_sysbios_knl_Clock_Params_init)
                  0000ca24    00000016     sysbios.aem3 : BIOS.obj (.text:ti_sysbios_knl_Clock_start__E)
                  0000ca3a    00000016     EasyLink.obj (.text:ti_sysbios_knl_Semaphore_Params_init)
                  0000ca50    00000016     main.obj (.text:ti_sysbios_knl_Task_Params_init)
                  0000ca66    00000016     ti.uia.loggers.aem3 : LoggerStopMode.oem3 (.text:ti_uia_loggers_LoggerStopMode_disable__E)
                  0000ca7c    00000016                         : LoggerStopMode.oem3 (.text:ti_uia_loggers_LoggerStopMode_enable__E)
                  0000ca92    00000002     hello_pem3.oem3 (.text:ti_sysbios_BIOS_nullFunc__I)
                  0000ca94    00000014     driverlib.lib : aon_rtc.obj (.text:NOROM_AONRTCCurrent64BitValueGet)
                  0000caa8    00000014     drivers_cc13x0.aem3 : PINCC26XX.oem3 (.text:PINCC26XX_getOutputValue)
                  0000cabc    00000014                         : PWM.oem3 (.text:PWM_Params_init)
                  0000cad0    00000014     rf_multiMode_cc13x0.aem3 : RFCC26XX_multiMode.oem3 (.text:RF_Params_init)
                  0000cae4    00000014     rtsv7M3_T_le_eabi.lib : _lock.obj (.text)
                  0000caf8    00000014                           : strlen.obj (.text)
                  0000cb0c    00000014     hello_pem3.oem3 (.text:ti_sysbios_family_arm_m3_Hwi_Object__get__S)
                  0000cb20    00000014     sysbios.aem3 : BIOS.obj (.text:ti_sysbios_family_arm_m3_Hwi_switchFromBootStack__E)
                  0000cb34    00000014     hello_pem3.oem3 (.text:ti_sysbios_heaps_HeapMem_Object__get__S)
                  0000cb48    00000014     hello_pem3.oem3 (.text:ti_sysbios_knl_Clock_doTick__I)
                  0000cb5c    00000014     hello_pem3.oem3 (.text:ti_sysbios_knl_Swi_Object__get__S)
                  0000cb70    00000012     drivers_cc13x0.aem3 : RingBuf.oem3 (.text:RingBuf_construct)
                  0000cb82    00000012     dpl_cc13x0.aem3 : SemaphoreP_tirtos.oem3 (.text:SemaphoreP_pend)
                  0000cb94    00000012     sysbios.aem3 : BIOS.obj (.text:ti_sysbios_hal_Hwi_Module_startup__E)
                  0000cba6    00000012     hello_pem3.oem3 (.text:xdc_runtime_Startup_exec__I)
                  0000cbb8    00000010     dpl_cc13x0.aem3 : ClockP_tirtos.oem3 (.text:ClockP_isActive)
                  0000cbc8    00000010                     : HwiP_tirtos.oem3 (.text:HwiP_Params_init)
                  0000cbd8    00000010     drivers_cc13x0.aem3 : I2C.oem3 (.text:I2C_Params_init)
                  0000cbe8    00000010     driverlib.lib : rfc.obj (.text:NOROM_RFCRfTrimSet)
                  0000cbf8    00000010                   : setup_rom.obj (.text:NOROM_SetupGetTrimForXoscHfFastStart)
                  0000cc08    00000010                   : setup_rom.obj (.text:NOROM_SetupGetTrimForXoscHfIbiastherm)
                  0000cc18    00000010     dpl_cc13x0.aem3 : SwiP_tirtos.oem3 (.text:SwiP_Params_init)
                  0000cc28    00000010     drivers_cc13x0.aem3 : WatchdogCC26XX.oem3 (.text:WatchdogCC26XX_clear)
                  0000cc38    00000010                         : Watchdog.oem3 (.text:Watchdog_Params_init)
                  0000cc48    00000010     smartrf_settings.obj (.text:applyGenfskPatch)
                  0000cc58    00000010     smartrf_settings_predefined.obj (.text:applyGenfskPatch)
                  0000cc68    00000010     smartrf_settings_predefined.obj (.text:applyGenookPatch)
                  0000cc78    00000010     smartrf_settings_predefined.obj (.text:applyLrmPatch)
                  0000cc88    00000010     smartrf_settings_predefined.obj (.text:applySl_longrangePatch)
                  0000cc98    00000010     drivers_cc13x0.aem3 : I2CCC26XX.oem3 (.text:i2cPostNotify)
                  0000cca8    00000010     sysbios.aem3 : BIOS.obj (.text:ti_sysbios_BIOS_exit__E)
                  0000ccb8    00000010                  : BIOS.obj (.text:ti_sysbios_BIOS_getCpuFreq__E)
                  0000ccc8    00000010                  : BIOS.obj (.text:ti_sysbios_BIOS_setThreadType__E)
                  0000ccd8    00000010                  : BIOS.obj (.text:ti_sysbios_BIOS_start__E)
                  0000cce8    00000010                  : BIOS.obj (.text:ti_sysbios_family_arm_m3_Hwi_post__E)
                  0000ccf8    00000010                  : m3_TaskSupport_asm.obj (.text:ti_sysbios_family_arm_m3_TaskSupport_glue)
                  0000cd08    00000010                  : m3_TaskSupport_asm.obj (.text:ti_sysbios_family_arm_m3_TaskSupport_swap__E)
                  0000cd18    00000010                  : BIOS.obj (.text:ti_sysbios_gates_GateMutex_Instance_finalize__E)
                  0000cd28    00000010                  : BIOS.obj (.text:ti_sysbios_knl_Semaphore_Instance_finalize__E)
                  0000cd38    00000010                  : BIOS.obj (.text:ti_sysbios_knl_Swi_disable__E)
                  0000cd48    00000010                  : BIOS.obj (.text:ti_sysbios_knl_Swi_enabled__E)
                  0000cd58    00000010     hello_pem3.oem3 (.text:ti_sysbios_knl_Task_Object__get__S)
                  0000cd68    00000010     sysbios.aem3 : BIOS.obj (.text:ti_sysbios_knl_Task_disable__E)
                  0000cd78    00000010     hello_pem3.oem3 (.text:ti_uia_loggers_LoggerStopMode_Object__get__S)
                  0000cd88    00000010     ti.uia.loggers.aem3 : LoggerStopMode.oem3 (.text:ti_uia_loggers_LoggerStopMode_isEmpty__E)
                  0000cd98    00000010     drivers_cc13x0.aem3 : UARTCC26XX.oem3 (.text:uartPostNotify)
                  0000cda8    00000010     sysbios.aem3 : BIOS.obj (.text:xdc_runtime_Gate_leaveSystem__E)
                  0000cdb8    00000010                  : BIOS.obj (.text:xdc_runtime_Memory_free__E)
                  0000cdc8    00000010                  : BIOS.obj (.text:xdc_runtime_SysMin_ready__E)
                  0000cdd8    00000010                  : BIOS.obj (.text:xdc_runtime_System_vsnprintf__E)
                  0000cde8    0000000e     driverlib.lib : vims.obj (.text:NOROM_VIMSModeGet)
                  0000cdf6    0000000e     rtsv7M3_T_le_eabi.lib : copy_decompress_none.obj (.text:decompress:none)
                  0000ce04    0000000e     sysbios.aem3 : BIOS.obj (.text:ti_sysbios_heaps_HeapMem_restore__E)
                  0000ce12    0000000e                  : BIOS.obj (.text:ti_sysbios_knl_Queue_empty__E)
                  0000ce20    0000000e                  : BIOS.obj (.text:ti_sysbios_knl_Queue_remove__E)
                  0000ce2e    00000002                  : BIOS.obj (.text:ti_sysbios_gates_GateHwi_Instance_init__E)
                  0000ce30    0000000c     rf_multiMode_cc13x0.aem3 : RFCC26XX_multiMode.oem3 (.text:FsmNextState)
                  0000ce3c    0000000c     drivers_cc13x0.aem3 : GPTimerCC26XX.oem3 (.text:GPTimerCC26XX_Params_init)
                  0000ce48    0000000c                         : List.oem3 (.text:List_empty)
                  0000ce54    0000000c     driverlib.lib : cpu.obj (.text:NOROM_CPUcpsid)
                  0000ce60    0000000c                   : cpu.obj (.text:NOROM_CPUcpsie)
                  0000ce6c    0000000c                   : osc.obj (.text:NOROM_OSC_HPOSCRelativeFrequencyOffsetToRFCoreFormatConvert)
                  0000ce78    0000000c     drivers_cc13x0.aem3 : PINCC26XX.oem3 (.text:PIN_registerIntCb)
                  0000ce84    0000000c                         : PowerCC26XX.oem3 (.text:Power_getConstraintMask)
                  0000ce90    0000000c                         : PowerCC26XX.oem3 (.text:Power_getDependencyCount)
                  0000ce9c    0000000c     dpl_cc13x0.aem3 : SemaphoreP_tirtos.oem3 (.text:SemaphoreP_delete)
                  0000cea8    0000000c     rtsv7M3_T_le_eabi.lib : copy_zero_init.obj (.text:decompress:ZI)
                  0000ceb4    0000000c     hello_pem3.oem3 (.text:ti_sysbios_family_arm_m3_Hwi_Params__init__S)
                  0000cec0    0000000c     sysbios.aem3 : BIOS.obj (.text:ti_sysbios_family_arm_m3_Hwi_disableFxn__E)
                  0000cecc    0000000c                  : BIOS.obj (.text:ti_sysbios_family_arm_m3_TaskSupport_getStackAlignment__E)
                  0000ced8    0000000c                  : BIOS.obj (.text:ti_sysbios_gates_GateHwi_enter__E)
                  0000cee4    0000000c     hello_pem3.oem3 (.text:ti_sysbios_knl_Clock_Params__init__S)
                  0000cef0    0000000c     sysbios.aem3 : BIOS.obj (.text:ti_sysbios_knl_Clock_getTimerHandle__E)
                  0000cefc    0000000c     hello_pem3.oem3 (.text:ti_sysbios_knl_Queue_Object__get__S)
                  0000cf08    0000000c     sysbios.aem3 : BIOS.obj (.text:ti_sysbios_knl_Queue_dequeue__E)
                  0000cf14    0000000c                  : BIOS.obj (.text:ti_sysbios_knl_Queue_enqueue__E)
                  0000cf20    0000000c     hello_pem3.oem3 (.text:ti_sysbios_knl_Semaphore_Params__init__S)
                  0000cf2c    0000000c     main.obj (.text:ti_sysbios_knl_Semaphore_handle)
                  0000cf38    0000000c     hello_pem3.oem3 (.text:ti_sysbios_knl_Swi_Params__init__S)
                  0000cf44    0000000c     sysbios.aem3 : BIOS.obj (.text:ti_sysbios_knl_Swi_getTrigger__E)
                  0000cf50    0000000c     hello_pem3.oem3 (.text:ti_sysbios_knl_Task_Params__init__S)
                  0000cf5c    0000000c     sysbios.aem3 : BIOS.obj (.text:ti_sysbios_knl_Task_self__E)
                  0000cf68    0000000c                  : BIOS.obj (.text:xdc_runtime_Gate_enterSystem__E)
                  0000cf74    0000000c                  : BIOS.obj (.text:xdc_runtime_Memory_calloc__E)
                  0000cf80    0000000c                  : BIOS.obj (.text:xdc_runtime_Memory_getMaxDefaultTypeAlign__E)
                  0000cf8c    0000000c                  : BIOS.obj (.text:xdc_runtime_Startup_rtsDone__E)
                  0000cf98    0000000a     drivers_cc13x0.aem3 : I2CCC26XX.oem3 (.text:I2CCC26XX_init)
                  0000cfa2    0000000a                         : I2C.oem3 (.text:I2C_transfer)
                  0000cfac    0000000a                         : PWM.oem3 (.text:PWM_setDuty)
                  0000cfb6    0000000a                         : PWM.oem3 (.text:PWM_start)
                  0000cfc0    0000000a                         : UART.oem3 (.text:UART_close)
                  0000cfca    0000000a                         : UART.oem3 (.text:UART_control)
                  0000cfd4    0000000a                         : UART.oem3 (.text:UART_write)
                  0000cfde    0000000a                         : Watchdog.oem3 (.text:Watchdog_clear)
                  0000cfe8    0000000a                         : Watchdog.oem3 (.text:Watchdog_setReload)
                  0000cff2    0000000a     hello_pem3.oem3 (.text:xdc_runtime_IHeap_alloc)
                  0000cffc    0000000a     hello_pem3.oem3 (.text:xdc_runtime_IHeap_free)
                  0000d006    00000008     drivers_cc13x0.aem3 : GPTimerCC26XX.oem3 (.text:GPTimerCC26XX_setLoadValue)
                  0000d00e    00000008                         : GPTimerCC26XX.oem3 (.text:GPTimerCC26XX_setMatchValue)
                  0000d016    00000008                         : I2CCC26XX.oem3 (.text:I2CCC26XX_blockingCallback)
                  0000d01e    00000008                         : WatchdogCC26XX.oem3 (.text:WatchdogCC26XX_init)
                  0000d026    00000008                         : UARTCC26XX.oem3 (.text:readSemCallback)
                  0000d02e    00000008     smartrf_settings.obj (.text:rf_patch_cpe_genfsk)
                  0000d036    00000008     smartrf_settings_predefined.obj (.text:rf_patch_cpe_genfsk)
                  0000d03e    00000008     smartrf_settings_predefined.obj (.text:rf_patch_cpe_genook)
                  0000d046    00000008     smartrf_settings_predefined.obj (.text:rf_patch_cpe_lrm)
                  0000d04e    00000008     smartrf_settings_predefined.obj (.text:rf_patch_cpe_sl_longrange)
                  0000d056    00000008     sysbios.aem3 : BIOS.obj (.text:ti_sysbios_family_arm_m3_Hwi_doSwiRestore__I)
                  0000d05e    00000008                  : BIOS.obj (.text:ti_sysbios_family_arm_m3_Hwi_startup__E)
                  0000d066    00000008                  : BIOS.obj (.text:ti_sysbios_knl_Idle_loop__E)
                  0000d06e    00000008     drivers_cc13x0.aem3 : UARTCC26XX.oem3 (.text:writeSemCallback)
                  0000d076    00000008     hello_pem3.oem3 (.text:xdc_runtime_Text_visitRope__I)
                  0000d07e    00000006     dpl_cc13x0.aem3 : ClockP_tirtos.oem3 (.text:ClockP_Params_init)
                  0000d084    00000006     display.aem3 : DisplayUart.oem3 (.text:DisplayUartMin_control)
                  0000d08a    00000006                  : DisplayUart.oem3 (.text:DisplayUartMin_getType)
                  0000d090    00000006     drivers_cc13x0.aem3 : I2CCC26XX.oem3 (.text:I2CCC26XX_control)
                  0000d096    00000006     driverlib.lib : cpu.obj (.text:NOROM_CPUdelay)
                  0000d09c    00000006     drivers_cc13x0.aem3 : UARTCC26XX.oem3 (.text:UARTCC26XX_readPolling)
                  0000d0a2    00000006                         : UARTCC26XX.oem3 (.text:UARTCC26XX_writePolling)
                  0000d0a8    00000006                         : WatchdogCC26XX.oem3 (.text:WatchdogCC26XX_control)
                  0000d0ae    00000006     rf_multiMode_cc13x0.aem3 : RFCC26XX_multiMode.oem3 (.text:clkReqAccessFxn)
                  0000d0b4    00000006     sysbios.aem3 : BIOS.obj (.text:ti_sysbios_family_arm_m3_Hwi_doTaskRestore__I)
                  0000d0ba    00000006                  : BIOS.obj (.text:ti_sysbios_family_arm_m3_Hwi_restoreFxn__E)
                  0000d0c0    00000006                  : BIOS.obj (.text:ti_sysbios_family_arm_m3_Hwi_setFunc__E)
                  0000d0c6    00000006                  : BIOS.obj (.text:ti_sysbios_gates_GateHwi_leave__E)
                  0000d0cc    00000006                  : BIOS.obj (.text:ti_sysbios_heaps_HeapMem_isBlocking__E)
                  0000d0d2    00000006                  : BIOS.obj (.text:ti_sysbios_knl_Queue_Instance_init__E)
                  0000d0d8    00000006                  : BIOS.obj (.text:ti_sysbios_knl_Queue_elemClear__E)
                  0000d0de    00000006                  : BIOS.obj (.text:ti_sysbios_knl_Swi_startup__E)
                  0000d0e4    00000006                  : BIOS.obj (.text:xdc_runtime_System_Module_startup__E)
                  0000d0ea    00000004     dpl_cc13x0.aem3 : PowerCC26XX_tirtos.oem3 (.text:CPUwfi)
                  0000d0ee    00000004                     : ClockP_tirtos.oem3 (.text:ClockP_destruct)
                  0000d0f2    00000004                     : ClockP_tirtos.oem3 (.text:ClockP_getCpuFreq)
                  0000d0f6    00000004                     : ClockP_tirtos.oem3 (.text:ClockP_getTimeout)
                  0000d0fa    00000004                     : ClockP_tirtos.oem3 (.text:ClockP_setTimeout)
                  0000d0fe    00000004                     : ClockP_tirtos.oem3 (.text:ClockP_start)
                  0000d102    00000004                     : ClockP_tirtos.oem3 (.text:ClockP_stop)
                  0000d106    00000004                     : HwiP_tirtos.oem3 (.text:HwiP_destruct)
                  0000d10a    00000004                     : HwiP_tirtos.oem3 (.text:HwiP_disable)
                  0000d10e    00000004                     : HwiP_tirtos.oem3 (.text:HwiP_disableInterrupt)
                  0000d112    00000004                     : HwiP_tirtos.oem3 (.text:HwiP_enableInterrupt)
                  0000d116    00000004                     : HwiP_tirtos.oem3 (.text:HwiP_plug)
                  0000d11a    00000004                     : HwiP_tirtos.oem3 (.text:HwiP_post)
                  0000d11e    00000004                     : HwiP_tirtos.oem3 (.text:HwiP_setFunc)
                  0000d122    00000004     drivers_cc13x0.aem3 : List.oem3 (.text:List_head)
                  0000d126    00000004                         : List.oem3 (.text:List_next)
                  0000d12a    00000004     rf_multiMode_cc13x0.aem3 : RFCC26XX_multiMode.oem3 (.text:Q_peek)
                  0000d12e    00000004     dpl_cc13x0.aem3 : SemaphoreP_tirtos.oem3 (.text:SemaphoreP_destruct)
                  0000d132    00000004                     : SemaphoreP_tirtos.oem3 (.text:SemaphoreP_post)
                  0000d136    00000004                     : SwiP_tirtos.oem3 (.text:SwiP_destruct)
                  0000d13a    00000004                     : SwiP_tirtos.oem3 (.text:SwiP_disable)
                  0000d13e    00000004                     : SwiP_tirtos.oem3 (.text:SwiP_getTrigger)
                  0000d142    00000004                     : SwiP_tirtos.oem3 (.text:SwiP_or)
                  0000d146    00000004                     : SwiP_tirtos.oem3 (.text:SwiP_post)
                  0000d14a    00000004                     : SystemP_tirtos.oem3 (.text:SystemP_vsnprintf)
                  0000d14e    00000004     drivers_cc13x0.aem3 : PowerCC26XX.oem3 (.text:nopResourceHandler)
                  0000d152    00000004     rtsv7M3_T_le_eabi.lib : error.obj (.text)
                  0000d156    00000004     hello_pem3.oem3 (.text:ti_sysbios_BIOS_RtsGateProxy_enter__E)
                  0000d15a    00000004     hello_pem3.oem3 (.text:ti_sysbios_BIOS_RtsGateProxy_leave__E)
                  0000d15e    00000004     sysbios.aem3 : BIOS.obj (.text:ti_sysbios_family_arm_cc26xx_Timer_getCount64__E)
                  0000d162    00000004                  : BIOS.obj (.text:ti_sysbios_family_arm_cc26xx_Timer_setPeriod__E)
                  0000d166    00000004     hello_pem3.oem3 (.text:ti_sysbios_family_arm_m3_TaskSupport_Module__startupDone__S)
                  0000d16a    00000004     sysbios.aem3 : BIOS.obj (.text:ti_sysbios_gates_GateHwi_query__E)
                  0000d16e    00000004                  : BIOS.obj (.text:ti_sysbios_gates_GateMutex_query__E)
                  0000d172    00000004     hello_pem3.oem3 (.text:ti_sysbios_heaps_HeapMem_Module_GateProxy_enter__E)
                  0000d176    00000004     hello_pem3.oem3 (.text:ti_sysbios_heaps_HeapMem_Module_GateProxy_leave__E)
                  0000d17a    00000004     hello_pem3.oem3 (.text:ti_sysbios_knl_Clock_TimerProxy_getCurrentTick__E)
                  0000d17e    00000004     hello_pem3.oem3 (.text:ti_sysbios_knl_Clock_TimerProxy_getMaxTicks__E)
                  0000d182    00000004     hello_pem3.oem3 (.text:ti_sysbios_knl_Clock_TimerProxy_setNextTick__E)
                  0000d186    00000004     sysbios.aem3 : BIOS.obj (.text:ti_sysbios_knl_Clock_isActive__E)
                  0000d18a    00000004                  : BIOS.obj (.text:ti_sysbios_knl_Clock_removeI__E)
                  0000d18e    00000004                  : BIOS.obj (.text:ti_sysbios_knl_Clock_setTimeout__E)
                  0000d192    00000004                  : BIOS.obj (.text:ti_sysbios_knl_Queue_head__E)
                  0000d196    00000004                  : BIOS.obj (.text:ti_sysbios_knl_Queue_next__E)
                  0000d19a    00000004     hello_pem3.oem3 (.text:ti_sysbios_knl_Semaphore_delete)
                  0000d19e    00000004     sysbios.aem3 : BIOS.obj (.text:ti_sysbios_knl_Swi_postInit__I)
                  0000d1a2    00000004                  : BIOS.obj (.text:ti_sysbios_knl_Task_startup__E)
                  0000d1a6    00000004     ti.uia.loggers.aem3 : LoggerStopMode.oem3 (.text:ti_uia_loggers_LoggerStopMode_getContents__E)
                  0000d1aa    00000004     hello_pem3.oem3 (.text:ti_uia_loggers_LoggerStopMode_getFilterLevel__E)
                  0000d1ae    00000004     ti.uia.loggers.aem3 : LoggerStopMode.oem3 (.text:ti_uia_loggers_LoggerStopMode_getInstanceId__E)
                  0000d1b2    00000004                         : LoggerStopMode.oem3 (.text:ti_uia_loggers_LoggerStopMode_getMaxLength__E)
                  0000d1b6    00000004                         : LoggerStopMode.oem3 (.text:ti_uia_loggers_LoggerStopMode_getPriority__E)
                  0000d1ba    00000004                         : LoggerStopMode.oem3 (.text:ti_uia_loggers_LoggerStopMode_getTransferType__E)
                  0000d1be    00000004     hello_pem3.oem3 (.text:xdc_runtime_System_Module_GateProxy_enter__E)
                  0000d1c2    00000004     hello_pem3.oem3 (.text:xdc_runtime_System_Module_GateProxy_leave__E)
                  0000d1c6    00000002     sysbios.aem3 : BIOS.obj (.text:ti_sysbios_knl_Clock_triggerFunc__I)
                  0000d1c8    00000002                  : BIOS.obj (.text:ti_sysbios_knl_Swi_Instance_finalize__E)
                  0000d1ca    00000002     hello_pem3.oem3 (.text:ti_uia_loggers_LoggerStopMode_setFilterLevel__E)
                  0000d1cc    00000002     ti.uia.loggers.aem3 : LoggerStopMode.oem3 (.text:ti_uia_loggers_LoggerStopMode_setPriority__E)
                  0000d1ce    00000002     sysbios.aem3 : BIOS.obj (.text:xdc_runtime_Error_policySpin__E)
                  0000d1d0    00000002                  : BIOS.obj (.text:xdc_runtime_System_abortSpin__E)
                  0000d1d2    00000002                  : BIOS.obj (.text:xdc_runtime_System_exitSpin__E)

.const     0    0000d1d4    00004ddd     
                  0000d1d4    0000073c     smartrf_settings_predefined.obj (.const:patchGenookMce)
                  0000d910    000006b4     smartrf_settings.obj (.const:patchGenfskRfe)
                  0000dfc4    000006b4     smartrf_settings_predefined.obj (.const:patchGenfskRfe)
                  0000e678    000006b4     smartrf_settings_predefined.obj (.const:patchLrmRfe)
                  0000ed2c    000006b4     smartrf_settings_predefined.obj (.const:patchSl_longrangeRfe)
                  0000f3e0    000006a4     smartrf_settings_predefined.obj (.const:patchGenookRfe)
                  0000fa84    00000504     smartrf_settings_predefined.obj (.const:patchHsp4mbpsRfe)
                  0000ff88    00000400     smartrf_settings_predefined.obj (.const:patchSl_longrangeMce)
                  00010388    000003f0     smartrf_settings_predefined.obj (.const:patchHsp4mbpsMce)
                  00010778    000002b0     smartrf_settings.obj (.const:patchImageGenfsk)
                  00010a28    000002b0     smartrf_settings_predefined.obj (.const:patchImageGenfsk)
                  00010cd8    000002b0     smartrf_settings_predefined.obj (.const:patchImageGenook)
                  00010f88    000002b0     smartrf_settings_predefined.obj (.const:patchImageLrm)
                  00011238    000002b0     smartrf_settings_predefined.obj (.const:patchImageSl_longrange)
                  000114e8    00000090     main.obj (.const:$P$T3$2)
                  00011578    00000060     CC1310_LAUNCHXL.obj (.const:GPTimerCC26XX_config)
                  000115d8    00000060     CC1310_LAUNCHXL.obj (.const:PWM_config)
                  00011638    00000060     CC1310_LAUNCHXL.obj (.const:gptimerCC26xxHWAttrs)
                  00011698    00000060     hello_pem3.oem3 (.const:ti_uia_loggers_LoggerStopMode_Module__FXNS__C)
                  000116f8    0000004c     drivers_cc13x0.aem3 : PowerCC26XX.oem3 (.const:resourceDB)
                  00011744    00000048     hello_pem3.oem3 (.const:.string)
                  0001178c    00000040     drivers_cc13x0.aem3 : UARTCC26XX.oem3 (.const:$O1$$)
                  000117cc    00000040     smartrf_settings_predefined.obj (.const:rfPowerTable)
                  0001180c    0000003c     hello_pem3.oem3 (.const:ti_sysbios_knl_Task_Object__PARAMS__C)
                  00011848    00000030     hello_pem3.oem3 (.const:ti_sysbios_family_arm_m3_Hwi_Object__PARAMS__C)
                  00011878    0000002c     CC1310_LAUNCHXL.obj (.const:BoardGpioInitTable)
                  000118a4    00000028     drivers_cc13x0.aem3 : UARTCC26XX.oem3 (.const:UARTCC26XX_fxnTable)
                  000118cc    00000028     hello_pem3.oem3 (.const:ti_sysbios_heaps_HeapMem_Module__FXNS__C)
                  000118f4    00000028     hello_pem3.oem3 (.const:ti_sysbios_knl_Swi_Object__PARAMS__C)
                  0001191c    00000028     hello_pem3.oem3 (.const:ti_uia_loggers_LoggerStopMode_Object__PARAMS__C)
                  00011944    00000028     hello_pem3.oem3 (.const:xdc_runtime_Startup_sfxnTab__A)
                  0001196c    00000024     drivers_cc13x0.aem3 : GPTimerCC26XX.oem3 (.const:$O1$$)
                  00011990    00000024                         : UART.oem3 (.const:UART_defaultParams)
                  000119b4    00000024     hello_pem3.oem3 (.const:ti_sysbios_gates_GateHwi_Module__FXNS__C)
                  000119d8    00000024     hello_pem3.oem3 (.const:ti_sysbios_gates_GateMutex_Module__FXNS__C)
                  000119fc    00000024     hello_pem3.oem3 (.const:ti_sysbios_heaps_HeapMem_Object__PARAMS__C)
                  00011a20    00000024     hello_pem3.oem3 (.const:ti_sysbios_knl_Clock_Object__PARAMS__C)
                  00011a44    00000024     hello_pem3.oem3 (.const:ti_sysbios_knl_Semaphore_Object__PARAMS__C)
                  00011a68    00000020     display.aem3 : DisplayUart.oem3 (.const:DisplayUartMin_fxnTable)
                  00011a88    00000020     drivers_cc13x0.aem3 : PWMTimerCC26XX.oem3 (.const:PWMTimerCC26XX_fxnTable)
                  00011aa8    00000020     hello_pem3.oem3 (.const:ti_sysbios_family_arm_m3_Hwi_Object__DESC__C)
                  00011ac8    00000020     hello_pem3.oem3 (.const:ti_sysbios_gates_GateHwi_Object__DESC__C)
                  00011ae8    00000020     hello_pem3.oem3 (.const:ti_sysbios_gates_GateMutex_Object__DESC__C)
                  00011b08    00000020     hello_pem3.oem3 (.const:ti_sysbios_heaps_HeapMem_Object__DESC__C)
                  00011b28    00000020     hello_pem3.oem3 (.const:ti_sysbios_knl_Clock_Object__DESC__C)
                  00011b48    00000020     hello_pem3.oem3 (.const:ti_sysbios_knl_Queue_Object__DESC__C)
                  00011b68    00000020     hello_pem3.oem3 (.const:ti_sysbios_knl_Semaphore_Object__DESC__C)
                  00011b88    00000020     hello_pem3.oem3 (.const:ti_sysbios_knl_Swi_Object__DESC__C)
                  00011ba8    00000020     hello_pem3.oem3 (.const:ti_sysbios_knl_Task_Object__DESC__C)
                  00011bc8    00000020     hello_pem3.oem3 (.const:ti_uia_loggers_LoggerStopMode_Object__DESC__C)
                  00011be8    00000020     CC1310_LAUNCHXL.obj (.const:uartCC26XXHWAttrs)
                  00011c08    0000001c     rf_multiMode_cc13x0.aem3 : RFCC26XX_multiMode.oem3 (.const:RF_defaultParams)
                  00011c24    0000001c     drivers_cc13x0.aem3 : WatchdogCC26XX.oem3 (.const:WatchdogCC26XX_fxnTable)
                  00011c40    00000018     EasyLink.obj (.const:$P$T0$3)
                  00011c58    00000018     drivers_cc13x0.aem3 : I2CCC26XX.oem3 (.const:I2CCC26XX_fxnTable)
                  00011c70    00000018                         : PWM.oem3 (.const:PWM_defaultParams)
                  00011c88    00000018     CC1310_LAUNCHXL.obj (.const:i2cCC26xxHWAttrs)
                  00011ca0    00000018     driverlib.lib : rfc.obj (.const:rfc_defaultIrqAddr)
                  00011cb8    00000018     hello_pem3.oem3 (.const:ti_sysbios_gates_GateHwi_Object__PARAMS__C)
                  00011cd0    00000018     hello_pem3.oem3 (.const:ti_sysbios_gates_GateMutex_Object__PARAMS__C)
                  00011ce8    00000018     hello_pem3.oem3 (.const:ti_sysbios_knl_Queue_Object__PARAMS__C)
[...]
00011e90  ti_sysbios_knl_Semaphore_Module__diagsMask__C                   
00011e94  ti_sysbios_knl_Semaphore_Module__loggerFxn2__C                  
00011e98  ti_sysbios_knl_Semaphore_Module__loggerFxn4__C                  
00011e9c  ti_sysbios_knl_Semaphore_Module__loggerObj__C                   
00011ea0  ti_sysbios_knl_Swi_LD_end__C                                    
00011ea4  ti_sysbios_knl_Swi_LM_begin__C                                  
00011ea8  ti_sysbios_knl_Swi_LM_post__C                                   
00011eac  ti_sysbios_knl_Swi_Module__diagsEnabled__C                      
00011eb0  ti_sysbios_knl_Swi_Module__diagsIncluded__C                     
00011eb4  ti_sysbios_knl_Swi_Module__diagsMask__C                         
00011eb8  ti_sysbios_knl_Swi_Module__loggerFxn1__C                        
00011ebc  ti_sysbios_knl_Swi_Module__loggerFxn4__C                        
00011ec0  ti_sysbios_knl_Swi_Module__loggerObj__C                         
00011ec4  ti_sysbios_knl_Swi_Object__count__C                             
00011ec8  ti_sysbios_knl_Task_LD_block__C                                 
00011ecc  ti_sysbios_knl_Task_LD_exit__C                                  
00011ed0  ti_sysbios_knl_Task_LD_ready__C                                 
00011ed4  ti_sysbios_knl_Task_LM_sleep__C                                 
00011ed8  ti_sysbios_knl_Task_LM_switch__C                                
00011edc  ti_sysbios_knl_Task_Module_State_inactiveQ__O                   
00011ee0  ti_sysbios_knl_Task_Module__diagsEnabled__C                     
00011ee4  ti_sysbios_knl_Task_Module__diagsIncluded__C                    
00011ee8  ti_sysbios_knl_Task_Module__diagsMask__C                        
00011eec  ti_sysbios_knl_Task_Module__loggerFxn2__C                       
00011ef0  ti_sysbios_knl_Task_Module__loggerFxn4__C                       
00011ef4  ti_sysbios_knl_Task_Module__loggerObj__C                        
00011ef8  ti_sysbios_knl_Task_Object__count__C                            
00011efc  ti_sysbios_knl_Task_allBlockedFunc__C                           
00011f00  ti_sysbios_knl_Task_defaultStackHeap__C                         
00011f04  ti_sysbios_knl_Task_defaultStackSize__C                         
00011f08  ti_sysbios_knl_Task_numConstructedTasks__C                      
00011f0c  ti_uia_loggers_LoggerStopMode_Module__diagsEnabled__C           
00011f10  ti_uia_loggers_LoggerStopMode_Module__diagsIncluded__C          
00011f14  ti_uia_loggers_LoggerStopMode_Module__diagsMask__C              
00011f18  ti_uia_loggers_LoggerStopMode_Object__count__C                  
00011f1c  ti_uia_runtime_ILoggerSnapshot_Interface__BASE__C               
00011f20  ti_uia_runtime_IUIATransfer_Interface__BASE__C                  
00011f24  xdc_runtime_Assert_E_assertFailed__C                            
00011f28  xdc_runtime_Error_E_memory__C                                   
00011f2c  xdc_runtime_Error_policyFxn__C                                  
00011f30  xdc_runtime_IFilterLogger_Interface__BASE__C                    
00011f34  xdc_runtime_IGateProvider_Interface__BASE__C                    
00011f38  xdc_runtime_IHeap_Interface__BASE__C                            
00011f3c  xdc_runtime_ILogger_Interface__BASE__C                          
00011f40  xdc_runtime_IModule_Interface__BASE__C                          
00011f44  xdc_runtime_Memory_defaultHeapInstance__C                       
00011f48  xdc_runtime_Startup_execImpl__C                                 
00011f4c  xdc_runtime_Startup_maxPasses__C                                
00011f50  xdc_runtime_Startup_sfxnRts__C                                  
00011f54  xdc_runtime_Startup_sfxnTab__C                                  
00011f58  xdc_runtime_SysMin_bufSize__C                                   
00011f5c  xdc_runtime_SysMin_outputFunc__C                                
00011f60  xdc_runtime_System_Module__gateObj__C                           
00011f64  xdc_runtime_System_abortFxn__C                                  
00011f68  xdc_runtime_System_exitFxn__C                                   
00011f6c  xdc_runtime_System_extendFxn__C                                 
00011f70  xdc_runtime_System_maxAtexitHandlers__C                         
00011f74  xdc_runtime_Text_charTab__C                                     
00011f78  xdc_runtime_Text_nameEmpty__C                                   
00011f7c  xdc_runtime_Text_nameStatic__C                                  
00011f80  xdc_runtime_Text_nameUnknown__C                                 
00011f84  xdc_runtime_Text_visitRopeFxn__C                                
00011f88  ti_sysbios_family_arm_m3_Hwi_Module__id__C                      
00011f8a  ti_sysbios_family_arm_m3_Hwi_Module__loggerDefined__C           
00011f8c  ti_sysbios_heaps_HeapMem_Module__id__C                          
00011f8e  ti_sysbios_knl_Clock_Module__id__C                              
00011f90  ti_sysbios_knl_Clock_Module__loggerDefined__C                   
00011f92  ti_sysbios_knl_Semaphore_Module__id__C                          
00011f94  ti_sysbios_knl_Semaphore_Module__loggerDefined__C               
00011f96  ti_sysbios_knl_Swi_Module__id__C                                
00011f98  ti_sysbios_knl_Swi_Module__loggerDefined__C                     
00011f9a  ti_sysbios_knl_Task_Module__id__C                               
00011f9c  ti_sysbios_knl_Task_Module__loggerDefined__C                    
00011f9e  ti_uia_loggers_LoggerStopMode_Module__id__C                     
00011fa0  ti_uia_loggers_LoggerStopMode_isTimestampEnabled__C             
00011fa2  xdc_runtime_Memory_Module__id__C                                
00011fa4  xdc_runtime_SysMin_flushAtExit__C                               
00011fa6  xdc_runtime_Text_charCnt__C                                     
00011fa8  xdc_runtime_Text_isLoaded__C                                    
00011faa  xdc_runtime_Text_registryModsLastId__C                          
00011fac  xdc_runtime_Text_unnamedModsLastId__C                           
00011fae  rfPowerTableSize                                                
00011faf  xdc_runtime_Error_policy__C                                     
00011fb0  xdc_runtime_Text_charTab__A                                     
00011fb8  __TI_static_base__                                              
00012384  __TI_Handler_Table_Base                                         
00012390  __TI_Handler_Table_Limit                                        
00012398  __TI_CINIT_Base                                                 
000123a8  __TI_CINIT_Limit                                                
0001ffa8  __ccfg                                                          
20000000  ti_sysbios_family_arm_m3_Hwi_ramVectors                         
20000500  ti_uia_loggers_LoggerStopMode_Instance_State_0_packetArray__A   
20000900  ti_uia_loggers_LoggerStopMode_Instance_State_1_packetArray__A   
20000fd0  ti_sysbios_knl_Task_Instance_State_0_stack__A                   
200011d0  xdc_runtime_SysMin_Module_State_0_outbuf__A                     
20001e34  uartCC26XXObjects                                               
20001f60  __CIOBUF_                                                       
20002080  gptimerCC26XXObjects                                            
200021a0  PIN_NumPins                                                     
20002234  PIN_HandleTable                                                 
200022b0  pwmtimerCC26xxObjects                                           
200023b0  i2cCC26xxObjects                                                
20002558  ti_sysbios_family_arm_m3_Hwi_dispatchTable                      
2000272c  accelTask                                                       
2000277c  calibrationTask                                                 
200027cc  gyroTask                                                        
2000281c  initializationTask                                              
2000286c  magTask                                                         
200028bc  pwmTask                                                         
2000290c  txDataTask                                                      
20002a00  ti_uia_loggers_LoggerStopMode_Instance_State_0_hdr__A           
20002a30  watchdogCC26XXObjects                                           
20002a58  settings                                                        
20002a80  ti_uia_loggers_LoggerStopMode_Instance_State_1_hdr__A           
20002ab0  clk0Struct                                                      
20002c08  i2cTransaction                                                  
20002c54  pwmparams                                                       
20002ca0  i2cParams                                                       
20002cc8  aBias                                                           
20002cd4  displayUartObject                                               
20002ce0  gBias                                                           
20002cec  mBias                                                           
20002cf8  PowerCC26XX_taskKey                                             
20002cfc  PowerCC26XX_swiKey                                              
20002d18  aBiasRaw                                                        
20002d20  gBiasRaw                                                        
20002d28  mBiasRaw                                                        
20002d30  ClockP_tickPeriod                                               
20002d34  MXN                                                             
20002d38  MYN                                                             
20002d3c  MZN                                                             
20002d40  aRes                                                            
20002d44  gRes                                                            
20002d48  i2c                                                             
20002d4c  mRes                                                            
20002d50  watchdogHandle                                                  
20002d56  ax                                                              
20002d58  ay                                                              
20002d5a  az                                                              
20002d5c  gx                                                              
20002d5e  gy                                                              
20002d60  gz                                                              
20002d62  mx                                                              
20002d64  my                                                              
20002d66  mz                                                              
20002d68  _autoCalc                                                       
20002d69  _mAddress                                                       
20002d6a  _xgAddress                                                      
20002d6b  driverlib_release_0_48919                                       
20002d70  __primary_heap_start__                                          
20003d70  PowerCC26XX_module                                              
20003d70  __primary_heap_end__                                            
20003e84  pOverrides_sl_lr                                                
20003eec  ti_uia_loggers_LoggerStopMode_Object__table__V                  
20003f54  pOverrides_hsm                                                  
20003fb4  pOverrides_lrm                                                  
20004010  pOverrides_ook                                                  
200040c4  pOverrides_fsk                                                  
2000411c  ti_sysbios_knl_Task_Object__table__V                            
20004168  ti_sysbios_family_arm_cc26xx_Timer_Object__table__V             
200041b0  RF_pProp_fsk                                                    
200041b4  RF_pProp_lrm                                                    
200041b8  RF_pProp_ook                                                    
200041bc  RF_pProp_hsm                                                    
200041c0  RF_pProp_sl_lr                                                  
200041c4  RF_pProp_2_4G_fsk                                               
200041c8  RF_pCmdPropRadioDivSetup_fsk                                    
200041cc  RF_pCmdPropRadioDivSetup_lrm                                    
200041d0  RF_pCmdPropRadioDivSetup_ook                                    
200041d4  RF_pCmdRadioSetup_hsm                                           
200041d8  RF_pCmdPropRadioDivSetup_sl_lr                                  
200041dc  RF_pCmdPropRadioSetup_2_4G_fsk                                  
200041e0  RF_pCmdTxHS                                                     
200041e4  RF_pCmdRxHS                                                     
200041e8  RF_pCmdFs_preDef                                                
200041ec  RF_pCmdPropTx_preDef                                            
200041f0  RF_pCmdPropRxAdv_preDef                                         
200041f4  ti_sysbios_knl_Task_Module__state__V                            
20004238  ti_sysbios_gates_GateMutex_Object__table__V                     
20004270  ti_sysbios_family_arm_m3_Hwi_Module__state__V                   
200042a4  RF_cmdPropRxAdv_preDef                                          
200042d4  ti_sysbios_knl_Swi_Module_State_0_readyQ__A                     
20004304  ti_sysbios_knl_Swi_Object__table__V                             
20004334  ti_sysbios_knl_Task_Module_State_0_readyQ__A                    
20004364  goodToGo                                                        
20004368  pwmPeriod                                                       
2000436a  pwmduty                                                         
2000436c  pwmdutyInc                                                      
20004370  pwmtime                                                         
20004374  pwm1                                                            
20004378  pwm2                                                            
2000437c  AXN                                                             
20004380  AYN                                                             
20004384  AZN                                                             
20004388  bytesRead                                                       
2000438c  numConnections                                                  
20004390  ti_sysbios_knl_Clock_Module__state__V                           
200043bc  RF_cmdPropRadioDivSetup                                         
200043e4  RF_cmdPropRadioDivSetup_fsk                                     
2000440c  RF_cmdPropRadioDivSetup_lrm                                     
20004434  RF_cmdPropRadioDivSetup_ook                                     
2000445c  RF_cmdPropRadioDivSetup_sl_lr                                   
20004484  RF_cmdRxHS                                                      
200044a8  ti_sysbios_BIOS_Module__state__V                                
200044cc  ti_sysbios_knl_Clock_Object__table__V                           
200044ec  xdc_runtime_Error_IgnoreBlock                                   
2000450c  ti_sysbios_knl_Swi_Module__state__V                             
20004528  RF_cmdFs                                                        
20004540  RF_cmdFs_preDef                                                 
20004558  RF_cmdPropTx                                                    
20004570  RF_cmdPropTx_preDef                                             
20004588  RF_cmdRadioSetup_hsm                                            
200045b8  pinTable                                                        
200045d0  shapeovr                                                        
200045e8  ti_sysbios_family_arm_m3_Hwi_Object__table__V                   
20004600  ti_sysbios_heaps_HeapMem_Object__table__V                       
20004618  RF_cmdTxHS                                                      
2000464c  RF_prop                                                         
2000465c  RF_prop_fsk                                                     
2000466c  RF_prop_hsm                                                     
2000467c  RF_prop_lrm                                                     
2000468c  RF_prop_ook                                                     
2000469c  RF_prop_sl_lr                                                   
200046ba  ti_sysbios_family_arm_m3_Hwi_Module_State_0_excActive__A        
200046bc  __TI_cleanup_ptr                                                
200046c0  __TI_dtors_ptr                                                  
200046c4  __TI_enable_exit_profile_output                                 
200046c8  ti_sysbios_knl_Task_Module__root__V                             
200046d4  ti_uia_runtime_QueueDescriptor_Module__state__V                 
200046e0  xdc_runtime_SysMin_Module__state__V                             
200046ec  _lock                                                           
200046f0  _unlock                                                         
200046f4  ti_uia_runtime_QueueDescriptor_gPtrToFirstDescriptor            
200046f8  ti_uia_runtime_QueueDescriptor_gUpdateCount                     
200046fc  ti_sysbios_family_arm_cc26xx_Timer_Module__state__V             
20004704  ti_sysbios_family_arm_m3_Hwi_Module__root__V                    
2000470c  ti_sysbios_gates_GateHwi_Module__root__V                        
20004714  ti_sysbios_gates_GateMutex_Module__root__V                      
2000471c  ti_sysbios_heaps_HeapMem_Module__root__V                        
20004724  ti_sysbios_knl_Clock_Module__root__V                            
2000472c  ti_sysbios_knl_Queue_Module__root__V                            
20004734  ti_sysbios_knl_Semaphore_Module__root__V                        
2000473c  ti_sysbios_knl_Swi_Module__root__V                              
20004744  ti_uia_loggers_LoggerStopMode_Module__root__V                   
2000474c  xdc_runtime_Registry_Module__state__V                           
20004754  xdc_runtime_Startup_Module__state__V                            
2000475c  xdc_runtime_System_Module_State_0_atexitHandlers__A             
20004764  xdc_runtime_System_Module__state__V                             
2000476c  main_func_sp                                                    
20004770  ti_sysbios_family_arm_cc26xx_TimestampProvider_Module__state__V 
20004774  ti_sysbios_family_arm_m3_Hwi_Module_State_0_excContext__A       
20004778  ti_sysbios_family_arm_m3_Hwi_Module_State_0_excStack__A         
2000477c  ti_sysbios_gates_GateHwi_Object__table__V                       
20004780  ti_sysbios_knl_Task_Module_State_0_idleTask__A                  
20004784  xdc_runtime_Memory_Module__state__V                             
20004c00  __stack                                                         
20005000  __STACK_END                                                     
e000e000  ti_sysbios_family_arm_m3_Hwi_nvic                               
ffffffff  __TI_pprof_out_hndl                                             
ffffffff  __TI_prof_data_size                                             
ffffffff  __TI_prof_data_start                                            
ffffffff  __binit__                                                       
ffffffff  __c_args__                                                      
ffffffff  binit                                                           
UNDEFED   SHT$$INIT_ARRAY$$Base                                           
UNDEFED   SHT$$INIT_ARRAY$$Limit                                          

[1037 symbols]
