******************************************************************************
                  TI ARM Linker Unix v16.9.3                   
******************************************************************************
>> Linked Wed Dec 19 18:29:30 2018

OUTPUT FILE NAME:   <Sprite.out>
ENTRY POINT SYMBOL: "ResetISR"  address: 00009f89


MEMORY CONFIGURATION

         name            origin    length      used     unused   attr    fill
----------------------  --------  ---------  --------  --------  ----  --------
  FLASH                 00000000   00020000  0000fc26  000103da  R  X
  SRAM                  20000000   00005000  00004b1f  000004e1  RW X


SEGMENT ALLOCATION MAP

run origin  load origin   length   init length attrs members
----------  ----------- ---------- ----------- ----- -------
00000000    00000000    00000500   00000500    r--
  00000000    00000000    0000003c   0000003c    r-- .resetVecs
  00000040    00000040    000004c0   000004c0    r-- .cinit
00001000    00001000    0000f6de   0000f6de    r-x
  00001000    00001000    0000003c   0000003c    r-- .const:ti_sysbios_knl_Task_Object__PARAMS__C
  0000103c    0000103c    00000034   00000034    r-- .const:ti_sysbios_knl_Mailbox_Object__PARAMS__C
  00001070    00001070    00000030   00000030    r-- .const:ti_sysbios_family_arm_m3_Hwi_Object__PARAMS__C
  000010a0    000010a0    0000002c   0000002c    r-- .const:ti_sysbios_hal_Hwi_Object__PARAMS__C
  000010cc    000010cc    00000028   00000028    r-- .const:ti_sysbios_heaps_HeapMem_Module__FXNS__C
  000010f4    000010f4    00000028   00000028    r-- .const:ti_sysbios_knl_Swi_Object__PARAMS__C
  0000111c    0000111c    00000024   00000024    r-- .const:ti_sysbios_gates_GateHwi_Module__FXNS__C
  00001140    00001140    00000024   00000024    r-- .const:ti_sysbios_gates_GateMutex_Module__FXNS__C
  00001164    00001164    00000024   00000024    r-- .const:ti_sysbios_heaps_HeapMem_Object__PARAMS__C
  00001188    00001188    00000024   00000024    r-- .const:ti_sysbios_knl_Clock_Object__PARAMS__C
  000011ac    000011ac    00000024   00000024    r-- .const:ti_sysbios_knl_Semaphore_Object__PARAMS__C
  000011d0    000011d0    00000020   00000020    r-- .const:ti_sysbios_family_arm_m3_Hwi_Object__DESC__C
  000011f0    000011f0    00000020   00000020    r-- .const:ti_sysbios_gates_GateHwi_Object__DESC__C
  00001210    00001210    00000020   00000020    r-- .const:ti_sysbios_gates_GateMutex_Object__DESC__C
  00001230    00001230    00000020   00000020    r-- .const:ti_sysbios_hal_Hwi_Object__DESC__C
  00001250    00001250    00000020   00000020    r-- .const:ti_sysbios_heaps_HeapMem_Object__DESC__C
  00001270    00001270    00000020   00000020    r-- .const:ti_sysbios_knl_Clock_Object__DESC__C
  00001290    00001290    00000020   00000020    r-- .const:ti_sysbios_knl_Mailbox_Object__DESC__C
  000012b0    000012b0    00000020   00000020    r-- .const:ti_sysbios_knl_Queue_Object__DESC__C
  000012d0    000012d0    00000020   00000020    r-- .const:ti_sysbios_knl_Semaphore_Object__DESC__C
  000012f0    000012f0    00000020   00000020    r-- .const:ti_sysbios_knl_Swi_Object__DESC__C
  00001310    00001310    00000020   00000020    r-- .const:ti_sysbios_knl_Task_Object__DESC__C
  00001330    00001330    00000018   00000018    r-- .const:ti_sysbios_gates_GateHwi_Object__PARAMS__C
  00001348    00001348    00000018   00000018    r-- .const:ti_sysbios_gates_GateMutex_Object__PARAMS__C
  00001360    00001360    00000018   00000018    r-- .const:ti_sysbios_knl_Queue_Object__PARAMS__C
  00001378    00001378    00000008   00000008    r-- .const:ti_sysbios_knl_Idle_funcList__C
  00001384    00001384    00000004   00000004    r-- .const:ti_sysbios_family_arm_cc26xx_Timer_startupNeeded__C
  00001388    00001388    00000004   00000004    r-- .const:ti_sysbios_family_arm_m3_Hwi_E_alreadyDefined__C
  0000138c    0000138c    00000004   00000004    r-- .const:ti_sysbios_family_arm_m3_Hwi_E_hwiLimitExceeded__C
  00001390    00001390    00000004   00000004    r-- .const:ti_sysbios_family_arm_m3_Hwi_NUM_INTERRUPTS__C
  00001394    00001394    00000004   00000004    r-- .const:ti_sysbios_family_arm_m3_Hwi_Object__count__C
  00001398    00001398    00000004   00000004    r-- .const:ti_sysbios_family_arm_m3_Hwi_Object__table__C
  0000139c    0000139c    00000004   00000004    r-- .const:ti_sysbios_family_arm_m3_Hwi_ccr__C
  000013a0    000013a0    00000004   00000004    r-- .const:ti_sysbios_family_arm_m3_Hwi_excHandlerFunc__C
  000013a4    000013a4    00000004   00000004    r-- .const:ti_sysbios_family_arm_m3_Hwi_nullIsrFunc__C
  000013a8    000013a8    00000004   00000004    r-- .const:ti_sysbios_family_arm_m3_Hwi_numSparseInterrupts__C
  000013ac    000013ac    00000004   00000004    r-- .const:ti_sysbios_family_arm_m3_Hwi_priGroup__C
  000013b0    000013b0    00000004   00000004    r-- .const:ti_sysbios_family_arm_m3_TaskSupport_stackAlignment__C
  000013b4    000013b4    00000004   00000004    r-- .const:ti_sysbios_heaps_HeapMem_E_memory__C
  000013b8    000013b8    00000004   00000004    r-- .const:ti_sysbios_heaps_HeapMem_Module__gateObj__C
  000013bc    000013bc    00000004   00000004    r-- .const:ti_sysbios_heaps_HeapMem_Object__count__C
  000013c0    000013c0    00000004   00000004    r-- .const:ti_sysbios_heaps_HeapMem_Object__table__C
  000013c4    000013c4    00000004   00000004    r-- .const:ti_sysbios_heaps_HeapMem_reqAlign__C
  000013c8    000013c8    00000004   00000004    r-- .const:ti_sysbios_knl_Clock_serviceMargin__C
  000013cc    000013cc    00000004   00000004    r-- .const:ti_sysbios_knl_Mailbox_Object__count__C
  000013d0    000013d0    00000004   00000004    r-- .const:ti_sysbios_knl_Mailbox_Object__table__C
  000013d4    000013d4    00000004   00000004    r-- .const:ti_sysbios_knl_Mailbox_maxTypeAlign__C
  000013d8    000013d8    00000004   00000004    r-- .const:ti_sysbios_knl_Queue_Object__count__C
  000013dc    000013dc    00000004   00000004    r-- .const:ti_sysbios_knl_Queue_Object__table__C
  000013e0    000013e0    00000004   00000004    r-- .const:ti_sysbios_knl_Swi_Object__count__C
  000013e4    000013e4    00000004   00000004    r-- .const:ti_sysbios_knl_Swi_Object__table__C
  000013e8    000013e8    00000004   00000004    r-- .const:ti_sysbios_knl_Swi_numPriorities__C
  000013ec    000013ec    00000004   00000004    r-- .const:ti_sysbios_knl_Task_Object__count__C
  000013f0    000013f0    00000004   00000004    r-- .const:ti_sysbios_knl_Task_Object__table__C
  000013f4    000013f4    00000004   00000004    r-- .const:ti_sysbios_knl_Task_allBlockedFunc__C
  000013f8    000013f8    00000004   00000004    r-- .const:ti_sysbios_knl_Task_defaultStackHeap__C
  000013fc    000013fc    00000004   00000004    r-- .const:ti_sysbios_knl_Task_defaultStackSize__C
  00001400    00001400    00000004   00000004    r-- .const:ti_sysbios_knl_Task_numConstructedTasks__C
  00001406    00001406    00000002   00000002    r-- .const:ti_sysbios_family_arm_cc26xx_Timer_Module__id__C
  00001408    00001408    00000002   00000002    r-- .const:ti_sysbios_family_arm_cc26xx_TimestampProvider_useClockTimer__C
  0000140a    0000140a    00000002   00000002    r-- .const:ti_sysbios_family_arm_m3_Hwi_Module__id__C
  0000140c    0000140c    00000002   00000002    r-- .const:ti_sysbios_gates_GateHwi_Module__id__C
  0000140e    0000140e    00000002   00000002    r-- .const:ti_sysbios_gates_GateMutex_Module__id__C
  00001410    00001410    00000002   00000002    r-- .const:ti_sysbios_heaps_HeapMem_Module__id__C
  00001412    00001412    00000002   00000002    r-- .const:ti_sysbios_knl_Task_initStackFlag__C
  00001414    00001414    00000001   00000001    r-- .const:ti_sysbios_knl_Clock_tickMode__C
  00001418    00001418    00000008   00000008    r-- .const:xdc_runtime_Startup_firstFxns__C
  00001420    00001420    00000008   00000008    r-- .const:xdc_runtime_Startup_lastFxns__C
  00001428    00001428    00000004   00000004    r-- .const:xdc_runtime_Assert_E_assertFailed__C
  0000142c    0000142c    00000004   00000004    r-- .const:xdc_runtime_Error_E_memory__C
  00001430    00001430    00000004   00000004    r-- .const:xdc_runtime_Error_policyFxn__C
  00001434    00001434    00000004   00000004    r-- .const:xdc_runtime_IGateProvider_Interface__BASE__C
  00001438    00001438    00000004   00000004    r-- .const:xdc_runtime_IHeap_Interface__BASE__C
  0000143c    0000143c    00000004   00000004    r-- .const:xdc_runtime_IModule_Interface__BASE__C
  00001440    00001440    00000004   00000004    r-- .const:xdc_runtime_Main_Module__diagsEnabled__C
  00001444    00001444    00000004   00000004    r-- .const:xdc_runtime_Main_Module__diagsIncluded__C
  00001448    00001448    00000004   00000004    r-- .const:xdc_runtime_Main_Module__diagsMask__C
  0000144c    0000144c    00000004   00000004    r-- .const:xdc_runtime_Memory_defaultHeapInstance__C
  00001450    00001450    00000004   00000004    r-- .const:xdc_runtime_Startup_execImpl__C
  00001454    00001454    00000004   00000004    r-- .const:xdc_runtime_Startup_maxPasses__C
  00001458    00001458    00000004   00000004    r-- .const:xdc_runtime_Startup_sfxnRts__C
  0000145c    0000145c    00000004   00000004    r-- .const:xdc_runtime_Startup_sfxnTab__C
  00001460    00001460    00000004   00000004    r-- .const:xdc_runtime_Startup_startModsFxn__C
  00001464    00001464    00000004   00000004    r-- .const:xdc_runtime_SysCallback_abortFxn__C
  00001468    00001468    00000004   00000004    r-- .const:xdc_runtime_SysCallback_exitFxn__C
  0000146c    0000146c    00000004   00000004    r-- .const:xdc_runtime_System_abortFxn__C
  00001470    00001470    00000004   00000004    r-- .const:xdc_runtime_System_exitFxn__C
  00001474    00001474    00000004   00000004    r-- .const:xdc_runtime_System_maxAtexitHandlers__C
  00001478    00001478    00000004   00000004    r-- .const:xdc_runtime_Text_charTab__C
  0000147c    0000147c    00000004   00000004    r-- .const:xdc_runtime_Text_nameEmpty__C
  00001480    00001480    00000004   00000004    r-- .const:xdc_runtime_Text_nameStatic__C
  00001484    00001484    00000004   00000004    r-- .const:xdc_runtime_Text_nameUnknown__C
  00001488    00001488    00000002   00000002    r-- .const:xdc_runtime_Main_Module__id__C
  0000148a    0000148a    00000002   00000002    r-- .const:xdc_runtime_Memory_Module__id__C
  0000148c    0000148c    00000002   00000002    r-- .const:xdc_runtime_Text_charCnt__C
  0000148e    0000148e    00000002   00000002    r-- .const:xdc_runtime_Text_isLoaded__C
  00001490    00001490    00000001   00000001    r-- .const:xdc_runtime_Error_policy__C
  00001494    00001494    00000004   00000004    r-- .const:ti_sysbios_rom_ROM_AONRTCChannelEnable
  00001498    00001498    00000004   00000004    r-- .const:ti_sysbios_rom_ROM_AONRTCCompareValueSet
  0000149c    0000149c    00000004   00000004    r-- .const:ti_sysbios_rom_ROM_AONRTCCurrentCompareValueGet
  000014a0    000014a0    00000004   00000004    r-- .const:ti_sysbios_rom_ROM_AONRTCEventClear
  000014a4    000014a4    00000004   00000004    r-- .const:ti_sysbios_rom_ROM_ti_sysbios_family_arm_cc26xx_Timer_getCount64__E
  000014a8    000014a8    00000004   00000004    r-- .const:ti_sysbios_rom_ROM_ti_sysbios_family_arm_cc26xx_Timer_getCurrentTick__E
  000014ac    000014ac    00000004   00000004    r-- .const:ti_sysbios_rom_ROM_ti_sysbios_family_arm_cc26xx_Timer_getMaxTicks__E
  000014b0    000014b0    00000004   00000004    r-- .const:ti_sysbios_rom_ROM_ti_sysbios_family_arm_cc26xx_Timer_initDevice__I
  000014b4    000014b4    00000004   00000004    r-- .const:ti_sysbios_rom_ROM_ti_sysbios_family_arm_cc26xx_Timer_setNextTick__E
  000014b8    000014b8    00000004   00000004    r-- .const:ti_sysbios_rom_ROM_ti_sysbios_family_arm_cc26xx_Timer_setThreshold__I
  000014bc    000014bc    00000004   00000004    r-- .const:ti_sysbios_rom_ROM_ti_sysbios_family_arm_cc26xx_Timer_start__E
  000014c0    000014c0    00000004   00000004    r-- .const:ti_sysbios_rom_ROM_ti_sysbios_family_arm_cc26xx_TimestampProvider_get32__E
  000014c4    000014c4    00000004   00000004    r-- .const:ti_sysbios_rom_ROM_xdc_runtime_Startup_getState__I
  000014c8    000014c8    00000004   00000004    r-- .const:ti_sysbios_rom_ROM_xdc_runtime_System_SupportProxy_abort__E
  000014cc    000014cc    00000004   00000004    r-- .const:ti_sysbios_rom_ROM_xdc_runtime_System_SupportProxy_exit__E
  000014d0    000014d0    00000004   00000004    r-- .const:ti_sysbios_gates_GateMutex_Instance_State_sem__O
  000014d4    000014d4    00000004   00000004    r-- .const:ti_sysbios_knl_Clock_Module_State_clockQ__O
  000014d8    000014d8    00000004   00000004    r-- .const:ti_sysbios_knl_Mailbox_Instance_State_dataQue__O
  000014dc    000014dc    00000004   00000004    r-- .const:ti_sysbios_knl_Mailbox_Instance_State_dataSem__O
  000014e0    000014e0    00000004   00000004    r-- .const:ti_sysbios_knl_Mailbox_Instance_State_freeQue__O
  000014e4    000014e4    00000004   00000004    r-- .const:ti_sysbios_knl_Mailbox_Instance_State_freeSem__O
  000014e8    000014e8    00000004   00000004    r-- .const:ti_sysbios_knl_Semaphore_Instance_State_pendQ__O
  000014ec    000014ec    00000004   00000004    r-- .const:ti_sysbios_knl_Task_Module_State_inactiveQ__O
  000014f0    000014f0    0000a988   0000a988    r-x .text
  0000be78    0000be78    00004866   00004866    r-- .const
0001ffa8    0001ffa8    00000058   00000058    r--
  0001ffa8    0001ffa8    00000058   00000058    r-- .ccfg
20000100    20000100    00000104   00000000    rw-
  20000100    20000100    00000044   00000000    rw- .data:ti_sysbios_knl_Task_Module__state__V
  20000144    20000144    00000034   00000000    rw- .data:ti_sysbios_family_arm_m3_Hwi_Module__state__V
  20000178    20000178    0000002c   00000000    rw- .data:ti_sysbios_knl_Clock_Module__state__V
  200001a4    200001a4    00000024   00000000    rw- .data:ti_sysbios_BIOS_Module__state__V
  200001c8    200001c8    0000001c   00000000    rw- .data:ti_sysbios_knl_Swi_Module__state__V
  200001e4    200001e4    00000008   00000000    rw- .data:ti_sysbios_family_arm_cc26xx_Timer_Module__state__V
  200001ec    200001ec    00000004   00000000    rw- .data:ti_sysbios_family_arm_cc26xx_TimestampProvider_Module__state__V
  200001f0    200001f0    00000008   00000000    rw- .data:xdc_runtime_Startup_Module__state__V
  200001f8    200001f8    00000008   00000000    rw- .data:xdc_runtime_System_Module__state__V
  20000200    20000200    00000004   00000000    rw- .data:xdc_runtime_Memory_Module__state__V
20000280    20000280    00002bb0   00000000    rw-
  20000280    20000280    00002bb0   00000000    rw- .bss
20002e30    20002e30    00001000   00000000    r--
  20002e30    20002e30    00001000   00000000    r-- .priheap
20003e30    20003e30    000009a3   00000000    rw-
  20003e30    20003e30    000009a3   00000000    rw- .data
20004c00    20004c00    00000400   00000000    rw-
  20004c00    20004c00    00000400   00000000    rw- .stack


SECTION ALLOCATION MAP

 output                                  attributes/
section   page    origin      length       input sections
--------  ----  ----------  ----------   ----------------
.text      0    000014f0    0000a988     
                  000014f0    0000044c     rf_multiMode_cc13x0.aem3 : RFCC26XX_multiMode.oem3 (.text:fsmActiveState)
                  0000193c    000003c4     EasyLink.obj (.text:EasyLink_init)
                  00001d00    00000324     rtsv7M3_T_le_eabi.lib : trgdrv.obj (.text)
                  00002024    0000030c     drivers_cc13x0.aem3 : PowerCC26XX_calibrateRCOSC.oem3 (.text:PowerCC26XX_auxISR)
                  00002330    00000248     rtsv7M3_T_le_eabi.lib : vla_alloc.obj (.text)
                  00002578    00000228     driverlib.lib : sys_ctrl.obj (.text:NOROM_SysCtrlSetRechargeBeforePowerDown)
                  000027a0    0000021c     drivers_cc13x0.aem3 : PowerCC26XX.oem3 (.text:Power_sleep)
                  000029bc    00000200     rf_multiMode_cc13x0.aem3 : RFCC26XX_multiMode.oem3 (.text:RF_open)
                  00002bbc    000001f4     rtsv7M3_T_le_eabi.lib : ull_div_t2.obj (.text)
                  00002db0    000001e4     main.obj (.text:LSM9DS1init)
                  00002f94    000001b6     rtsv7M3_T_le_eabi.lib : fd_add_t2.obj (.text)
                  0000314a    00000002     rf_multiMode_cc13x0.aem3 : RFCC26XX_multiMode.oem3 (.text:defaultCallback)
                  0000314c    000001a4     EasyLink.obj (.text:EasyLink_setRfPwr)
                  000032f0    0000019c     rf_multiMode_cc13x0.aem3 : RFCC26XX_multiMode.oem3 (.text:fsmSetupState)
                  0000348c    00000190     drivers_cc13x0.aem3 : PowerCC26XX_calibrateRCOSC.oem3 (.text:PowerCC26XX_doCalibrate)
                  0000361c    0000018c                         : PINCC26XX.oem3 (.text:PIN_init)
                  000037a8    00000188     EasyLink.obj (.text:rxDoneCallback)
                  00003930    00000180     main.obj (.text:initGyro)
                  00003ab0    00000178     main.obj (.text:txDataTaskFunc)
                  00003c28    00000170     EasyLink.obj (.text:EasyLink_receiveAsync)
                  00003d98    00000164     drivers_cc13x0.aem3 : UARTCC26XX.oem3 (.text:UARTCC26XX_open)
                  00003efc    0000015c     main.obj (.text:gpsFunc)
                  00004058    00000158     rf_multiMode_cc13x0.aem3 : RFCC26XX_multiMode.oem3 (.text:RF_postCmd)
                  000041b0    00000154     drivers_cc13x0.aem3 : I2CCC26XX.oem3 (.text:I2CCC26XX_open)
                  00004304    00000154     rf_multiMode_cc13x0.aem3 : RFCC26XX_multiMode.oem3 (.text:radioOpDoneCb)
                  00004458    00000150                              : RFCC26XX_multiMode.oem3 (.text:abortCmd)
                  000045a8    00000150     smartrf_settings_predefined.obj (.text:rf_patch_mce_genook)
                  000046f8    00000148     rf_multiMode_cc13x0.aem3 : RFCC26XX_multiMode.oem3 (.text:fsmChangePhyState)
                  00004840    0000013c     EasyLink.obj (.text:EasyLink_transmit)
                  0000497c    00000138     hello_pem3.oem3 (.text:ti_uia_loggers_LoggerStopMode_writeMemoryRange__E)
                  00004ab4    00000136     rtsv7M3_T_le_eabi.lib : fd_div_t2.obj (.text)
                  00004bea    00000002     drivers_cc13x0.aem3 : PowerCC26XX.oem3 (.text:emptyClockFunc)
                  00004bec    00000134     main.obj (.text:initAccel)
                  00004d20    00000130     driverlib.lib : setup_rom.obj (.text:NOROM_SetupAfterColdResetWakeupFromShutDownCfg3)
                  00004e50    0000012c     drivers_cc13x0.aem3 : PowerCC26XX.oem3 (.text:Power_init)
                  00004f7c    00000128     smartrf_settings.obj (.text:rf_patch_rfe_genfsk)
                  000050a4    00000128     smartrf_settings_predefined.obj (.text:rf_patch_rfe_genfsk)
                  000051cc    00000128     smartrf_settings_predefined.obj (.text:rf_patch_rfe_lrm)
                  000052f4    00000128     smartrf_settings_predefined.obj (.text:rf_patch_rfe_sl_longrange)
                  0000541c    0000011c     rf_multiMode_cc13x0.aem3 : RFCC26XX_multiMode.oem3 (.text:RF_close)
                  00005538    00000118     drivers_cc13x0.aem3 : UARTCC26XX.oem3 (.text:UARTCC26XX_read)
                  00005650    00000118     main.obj (.text:initMag)
                  00005768    00000114     smartrf_settings_predefined.obj (.text:rf_patch_mce_hsp_4mbps)
                  0000587c    00000110     drivers_cc13x0.aem3 : I2CCC26XX.oem3 (.text:I2CCC26XX_hwiFxn)
                  0000598c    0000010c     hello_pem3.oem3 (.text:ti_uia_loggers_LoggerStopMode_write8__E)
                  00005a98    0000010a     drivers_cc13x0.aem3 : UARTCC26XX.oem3 (.text:UARTCC26XX_hwiIntFxn)
                  00005ba2    00000002     smartrf_settings.obj (.text:enterGenfskSysPatch)
                  00005ba4    00000108     rf_multiMode_cc13x0.aem3 : RFCC26XX_multiMode.oem3 (.text:fsmPowerUpState)
                  00005cac    00000108                              : RFCC26XX_multiMode.oem3 (.text:hwiFxnCpe0Active)
                  00005db4    000000fc     drivers_cc13x0.aem3 : UARTCC26XX.oem3 (.text:UARTCC26XX_write)
                  00005eb0    000000fc     rtsv7M3_T_le_eabi.lib : fd_mul_t2.obj (.text)
                  00005fac    000000f8     main.obj (.text:adcTaskFunc)
                  000060a4    000000f4     hello_pem3.oem3 (.text:ti_uia_loggers_LoggerStopMode_write4__E)
                  00006198    000000f0     driverlib.lib : setup_rom.obj (.text:NOROM_SetupAfterColdResetWakeupFromShutDownCfg2)
                  00006288    000000f0     main.obj (.text:rxDoneCb)
                  00006378    000000e8     hello_pem3.oem3 (.text:ti_uia_loggers_LoggerStopMode_write1__E)
                  00006460    000000e8     hello_pem3.oem3 (.text:ti_uia_loggers_LoggerStopMode_write2__E)
                  00006548    000000dc     driverlib.lib : rfc.obj (.text:NOROM_RFCOverrideUpdate)
                  00006624    000000dc     drivers_cc13x0.aem3 : PINCC26XX.oem3 (.text:PINCC26XX_setIoCfg)
                  00006700    000000dc     main.obj (.text:semaphoreSetup)
                  000067dc    000000d8     EasyLink.obj (.text:EasyLink_enableRxAddrFilter)
                  000068b4    000000d8     smartrf_settings_predefined.obj (.text:rf_patch_rfe_genook)
                  0000698c    000000d8     smartrf_settings_predefined.obj (.text:rf_patch_rfe_hsp_4mbps)
                  00006a64    000000d8     hello_pem3.oem3 (.text:ti_uia_loggers_LoggerStopMode_write0__E)
                  00006b3c    000000d4     driverlib.lib : rfc.obj (.text:NOROM_RFCRfTrimRead)
                  00006c10    000000d0     dpl_cc13x0.aem3 : PowerCC26XX_tirtos.oem3 (.text:PowerCC26XX_standbyPolicy)
                  00006ce0    000000cc     EasyLink.obj (.text:EasyLink_setFrequency)
                  00006dac    000000c4     drivers_cc13x0.aem3 : ADCCC26XX.oem3 (.text:ADCCC26XX_convert)
                  00006e70    000000c4     driverlib.lib : setup.obj (.text:TrimAfterColdResetWakeupFromShutDown)
                  00006f34    000000c4     main.obj (.text:humidityTaskFunc)
                  00006ff8    000000c4     smartrf_settings_predefined.obj (.text:rf_patch_mce_sl_longrange)
                  000070bc    000000c0     drivers_cc13x0.aem3 : I2CCC26XX.oem3 (.text:I2CCC26XX_transfer)
                  0000717c    000000c0     driverlib.lib : aux_adc.obj (.text:NOROM_AUXADCEnableSync)
                  0000723c    000000bc     main.obj (.text:I2CreadBytes)
                  000072f8    000000bc     drivers_cc13x0.aem3 : PowerCC26XX.oem3 (.text:Power_releaseDependency)
                  000073b4    000000bc                         : UARTCC26XX.oem3 (.text:UARTCC26XX_initHw)
                  00007470    000000b4                         : PowerCC26XX.oem3 (.text:Power_setDependency)
                  00007524    000000a8     driverlib.lib : setup.obj (.text:NOROM_SetupTrimDevice)
                  000075cc    000000a4                   : setup_rom.obj (.text:NOROM_SetupAfterColdResetWakeupFromShutDownCfg1)
                  00007670    000000a4     rf_multiMode_cc13x0.aem3 : RFCC26XX_multiMode.oem3 (.text:RF_dispatchCmd)
                  00007714    000000a4     main.obj (.text:beginHumidity)
                  000077b8    000000a0     auto_init.aem3 : auto_init.oem3 (.text)
                  00007858    000000a0     main.obj (.text:magTaskFunc)
                  000078f8    0000009c     rf_multiMode_cc13x0.aem3 : RFCC26XX_multiMode.oem3 (.text:RF_issueRadioFreeCb)
                  00007994    0000009c                              : RFCC26XX_multiMode.oem3 (.text:hwiFxnCpe0PowerFsm)
                  00007a30    0000009c     rtsv7M3_T_le_eabi.lib : memcpy_t2.obj (.text)
                  00007acc    0000009c     rf_multiMode_cc13x0.aem3 : RFCC26XX_multiMode.oem3 (.text:swiFxnHw)
                  00007b68    00000098     main.obj (.text:I2Cwrite1read2HumByte)
                  00007c00    00000098     drivers_cc13x0.aem3 : PINCC26XX.oem3 (.text:PIN_open)
                  00007c98    00000098                         : UARTCC26XX.oem3 (.text:UARTCC26XX_initIO)
                  00007d30    00000098     rom_sysbios.aem3 : rom_sysbios.obj (.text:ti_sysbios_knl_Clock_workFuncDynamic__E)
                  00007dc8    00000094     EasyLink.obj (.text:EasyLink_abort)
                  00007e5c    00000094     driverlib.lib : aux_adc.obj (.text:NOROM_AUXADCDisable)
                  00007ef0    00000094     main.obj (.text:readAccel)
                  00007f84    00000094     main.obj (.text:readGyro)
                  00008018    00000094     drivers_cc13x0.aem3 : UARTCC26XX.oem3 (.text:writeFinishedDoCallback)
                  000080ac    00000090                         : I2CCC26XX.oem3 (.text:I2CCC26XX_cancel)
                  0000813c    00000090     ti.uia.loggers.aem3 : LoggerStopMode.oem3 (.text:ti_uia_loggers_LoggerStopMode_initQueueDescriptor__E)
                  000081cc    0000008c     drivers_cc13x0.aem3 : I2CCC26XX.oem3 (.text:I2CCC26XX_primeTransfer)
                  00008258    0000008c     rf_multiMode_cc13x0.aem3 : RFCC26XX_multiMode.oem3 (.text:RF_pendCmd)
                  000082e4    0000008c     drivers_cc13x0.aem3 : UARTCC26XX.oem3 (.text:UARTCC26XX_close)
                  00008370    0000008c                         : UARTCC26XX.oem3 (.text:UARTCC26XX_writeCancel)
                  000083fc    00000088                         : ADCCC26XX.oem3 (.text:ADCCC26XX_open)
                  00008484    00000088                         : PowerCC26XX.oem3 (.text:disableLFClockQualifiers)
                  0000850c    00000084                         : PowerCC26XX.oem3 (.text:switchXOSCHFclockFunc)
                  00008590    00000080     main.obj (.text:getTempFarenheit)
                  00008610    0000007c     main.obj (.text:constrainScales)
                  0000868c    0000007a     rtsv7M3_T_le_eabi.lib : memset_t2.obj (.text)
                  00008706    00000002     smartrf_settings_predefined.obj (.text:enterGenfskSysPatch)
                  00008708    00000078     main.obj (.text:LSM9DS1begin)
                  00008780    00000078     drivers_cc13x0.aem3 : UARTCC26XX.oem3 (.text:writeTxFifoFlush)
                  000087f8    00000074     main.obj (.text:I2Cwrite2read1HumByte)
                  0000886c    00000074     driverlib.lib : setup_rom.obj (.text:NOROM_SetupSetVddrLevel)
                  000088e0    00000074     main.obj (.text:configInt)
                  00008954    00000074     rom_sysbios.aem3 : rom_sysbios.obj (.text:ti_sysbios_family_arm_cc26xx_Timer_start__E)
                  000089c8    00000074     ti.uia.runtime.aem3 : QueueDescriptor.oem3 (.text:ti_uia_runtime_QueueDescriptor_addToList__E)
                  00008a3c    00000070     main.obj (.text:main)
                  00008aac    0000006e     rtsv7M3_T_le_eabi.lib : fd_tos_t2.obj (.text)
                  00008b1a    00000002     smartrf_settings_predefined.obj (.text:enterGenookSysPatch)
                  00008b1c    0000006c     drivers_cc13x0.aem3 : PowerCC26XX_calibrateRCOSC.oem3 (.text:PowerCC26XX_initiateCalibration)
                  00008b88    00000068                         : I2CCC26XX.oem3 (.text:I2CCC26XX_close)
                  00008bf0    00000068     main.obj (.text:I2CreadByte)
                  00008c58    00000068     main.obj (.text:I2Cwrite1read1HumByte)
                  00008cc0    00000068     main.obj (.text:I2CwriteByte)
                  00008d28    00000068     driverlib.lib : setup_rom.obj (.text:NOROM_SetupGetTrimForAmpcompCtrl)
                  00008d90    00000068                   : setup_rom.obj (.text:NOROM_SetupGetTrimForAnabypassValue1)
                  00008df8    00000068                   : sys_ctrl.obj (.text:NOROM_SysCtrl_DCDC_VoltageConditionalControl)
                  00008e60    00000068     drivers_cc13x0.aem3 : UARTCC26XX.oem3 (.text:UARTCC26XX_readCancel)
                  00008ec8    00000068     rtsv7M3_T_le_eabi.lib : copy_decompress_lzss.obj (.text:decompress:lzss)
                  00008f30    00000068     rf_multiMode_cc13x0.aem3 : RFCC26XX_multiMode.oem3 (.text:flushPendCmd)
                  00008f98    00000068                              : RFCC26XX_multiMode.oem3 (.text:fsmXOSCState)
                  00009000    00000068     rtsv7M3_T_le_eabi.lib : trgmsg.obj (.text)
                  00009068    00000066     ti.uia.loggers.aem3 : LoggerStopMode.oem3 (.text:ti_uia_loggers_LoggerStopMode_flush__E)
                  000090ce    00000002     smartrf_settings_predefined.obj (.text:enterLrmSysPatch)
                  000090d0    00000064     driverlib.lib : osc.obj (.text:NOROM_OSCHF_AttemptToSwitchToXosc)
                  00009134    00000064     drivers_cc13x0.aem3 : PowerCC26XX.oem3 (.text:configureXOSCHF)
                  00009198    00000064     rf_multiMode_cc13x0.aem3 : RFCC26XX_multiMode.oem3 (.text:dispatchOpWhen)
                  000091fc    00000064     rom_sysbios.aem3 : rom_sysbios.obj (.text:ti_sysbios_heaps_HeapMem_initPrimary__I)
                  00009260    00000062     rf_multiMode_cc13x0.aem3 : RFCC26XX_multiMode.oem3 (.text:syncCb)
                  000092c2    00000002     smartrf_settings_predefined.obj (.text:enterSl_longrangeSysPatch)
                  000092c4    00000060     driverlib.lib : osc.obj (.text:NOROM_OSCClockSourceSet)
                  00009324    00000060     drivers_cc13x0.aem3 : UARTCC26XX.oem3 (.text:UARTCC26XX_control)
                  00009384    00000060     smartrf_settings.obj (.text:configureGenfskPatch)
                  000093e4    00000060     smartrf_settings_predefined.obj (.text:configureGenfskPatch)
                  00009444    00000060     smartrf_settings_predefined.obj (.text:configureGenookPatch)
                  000094a4    00000060     smartrf_settings_predefined.obj (.text:configureLrmPatch)
                  00009504    00000060     smartrf_settings_predefined.obj (.text:configureSl_longrangePatch)
                  00009564    0000005c     driverlib.lib : sys_ctrl.obj (.text:NOROM_SysCtrlAdjustRechargeAfterPowerDown)
                  000095c0    0000005c     drivers_cc13x0.aem3 : PowerCC26XX_calibrateRCOSC.oem3 (.text:PowerCC26XX_RCOSC_clockFunc)
                  0000961c    0000005c                         : PowerCC26XX.oem3 (.text:PowerCC26XX_calibrate)
                  00009678    0000005c     rf_multiMode_cc13x0.aem3 : RFCC26XX_multiMode.oem3 (.text:ratChanFree)
                  000096d4    0000005c     hello_pem3.oem3 (.text:xdc_runtime_Startup_getState__I)
                  00009730    00000058     drivers_cc13x0.aem3 : I2CCC26XX.oem3 (.text:I2CCC26XX_swiFxn)
                  00009788    00000058                         : PINCC26XX.oem3 (.text:PIN_remove)
                  000097e0    00000058     rf_multiMode_cc13x0.aem3 : RFCC26XX_multiMode.oem3 (.text:applyRfCorePatch)
                  00009838    00000058     main.obj (.text:rxRestartFunc)
                  00009890    00000054     rf_multiMode_cc13x0.aem3 : RFCC26XX_multiMode.oem3 (.text:RF_getCurrentTime)
                  000098e4    00000054     main.obj (.text:accelTaskFunc)
                  00009938    00000054     main.obj (.text:calcaRes)
                  0000998c    00000054     main.obj (.text:calcmRes)
                  000099e0    00000054     main.obj (.text:getRelativeHumidity)
                  00009a34    00000054     main.obj (.text:gyroTaskFunc)
                  00009a88    00000054     rf_multiMode_cc13x0.aem3 : RFCC26XX_multiMode.oem3 (.text:hwiFxnHw)
                  00009adc    00000054     rtsv7M3_T_le_eabi.lib : exit.obj (.text)
                  00009b30    00000050     driverlib.lib : setup_rom.obj (.text:NOROM_SetupSetCacheModeAccordingToCcfgSetting)
                  00009b80    00000050     main.obj (.text:pinCallback)
                  00009bd0    00000050     main.obj (.text:readMag)
                  00009c20    00000050     drivers_cc13x0.aem3 : UARTCC26XX.oem3 (.text:startTxFifoEmptyClk)
                  00009c70    0000004c                         : I2CCC26XX.oem3 (.text:I2CCC26XX_initHw)
                  00009cbc    0000004c     rf_multiMode_cc13x0.aem3 : RFCC26XX_multiMode.oem3 (.text:RF_wakeupNotifyFxn)
                  00009d08    0000004c     rtsv7M3_T_le_eabi.lib : cpy_tbl.obj (.text)
                  00009d54    0000004c     ti.uia.loggers.aem3 : LoggerStopMode.oem3 (.text:ti_uia_loggers_LoggerStopMode_Module_startup__E)
                  00009da0    00000048     dpl_cc13x0.aem3 : ClockP_tirtos.oem3 (.text:ClockP_construct)
                  00009de8    00000048     drivers_cc13x0.aem3 : PINCC26XX.oem3 (.text:PIN_setOutputEnable)
                  00009e30    00000048     main.obj (.text:calcgRes)
                  00009e78    00000044     drivers_cc13x0.aem3 : PINCC26XX.oem3 (.text:PIN_swi)
                  00009ebc    00000044     rf_multiMode_cc13x0.aem3 : RFCC26XX_multiMode.oem3 (.text:RF_releasePowerConstraint)
                  00009f00    00000044     drivers_cc13x0.aem3 : RingBuf.oem3 (.text:RingBuf_put)
                  00009f44    00000044     main.obj (.text:adcSetup)
                  00009f88    00000044     boot.aem3 : boot.oem3 (.text)
                  00009fcc    00000044     drivers_cc13x0.aem3 : PowerCC26XX.oem3 (.text:notify)
                  0000a010    00000044     ti.uia.loggers.aem3 : LoggerStopMode.oem3 (.text:ti_uia_loggers_LoggerStopMode_initBuffer__I)
                  0000a054    00000044     rom_sysbios.aem3 : rom_sysbios.obj (.text:xdc_runtime_SysMin_flush__E)
                  0000a098    00000040     drivers_cc13x0.aem3 : ADCCC26XX.oem3 (.text:ADCCC26XX_convertToMicroVolts)
                  0000a0d8    00000040                         : ADC.oem3 (.text:ADC_init)
                  0000a118    00000040                         : ADC.oem3 (.text:ADC_open)
                  0000a158    00000040     dpl_cc13x0.aem3 : HwiP_tirtos.oem3 (.text:HwiP_construct)
                  0000a198    00000040     drivers_cc13x0.aem3 : I2C.oem3 (.text:I2C_init)
                  0000a1d8    00000040                         : I2C.oem3 (.text:I2C_open)
                  0000a218    00000040                         : UART.oem3 (.text:UART_init)
                  0000a258    00000040                         : UART.oem3 (.text:UART_open)
                  0000a298    00000040     rom_sysbios.aem3 : rom_sysbios.obj (.text:ti_sysbios_family_arm_cc26xx_Timer_setThreshold__I)
                  0000a2d8    0000003e     drivers_cc13x0.aem3 : RingBuf.oem3 (.text:RingBuf_get)
                  0000a316    0000003e     hello_pem3.oem3 (.text:realloc)
                  0000a354    0000003c     drivers_cc13x0.aem3 : ADCCC26XX.oem3 (.text:ADCCC26XX_close)
                  0000a390    0000003c     driverlib.lib : chipinfo.obj (.text:NOROM_ChipInfo_GetHwRevision)
                  0000a3cc    0000003c                   : osc.obj (.text:NOROM_OSC_HPOSCRelativeFrequencyOffsetGet)
                  0000a408    0000003c                   : rfc.obj (.text:NOROM_RFCSynthPowerDown)
                  0000a444    0000003c     drivers_cc13x0.aem3 : PowerCC26XX.oem3 (.text:PowerCC26XX_isStableXOSC_HF)
                  0000a480    0000003c                         : PowerCC26XX.oem3 (.text:PowerCC26XX_switchXOSC_HF)
                  0000a4bc    0000003c     rf_multiMode_cc13x0.aem3 : RFCC26XX_multiMode.oem3 (.text:RF_runCmd)
                  0000a4f8    0000003c     dpl_cc13x0.aem3 : SwiP_tirtos.oem3 (.text:SwiP_construct)
                  0000a534    0000003c     rom_sysbios.aem3 : rom_sysbios.obj (.text:ti_sysbios_family_arm_m3_Hwi_construct2__E)
                  0000a570    00000038     drivers_cc13x0.aem3 : PINCC26XX.oem3 (.text:PIN_setOutputValue)
                  0000a5a8    00000038     rf_multiMode_cc13x0.aem3 : RFCC26XX_multiMode.oem3 (.text:Q_end)
                  0000a5e0    00000038                              : RFCC26XX_multiMode.oem3 (.text:RF_checkCmdFsError)
                  0000a618    00000038     drivers_cc13x0.aem3 : UARTCC26XX.oem3 (.text:UARTCC26XX_swiIntFxn)
                  0000a650    00000038     main.obj (.text:createADCTask)
                  0000a688    00000038     main.obj (.text:createAccelTask)
                  0000a6c0    00000038     main.obj (.text:createGPSTask)
                  0000a6f8    00000038     main.obj (.text:createGyroTask)
                  0000a730    00000038     main.obj (.text:createHumidityTask)
                  0000a768    00000038     main.obj (.text:createMagTask)
                  0000a7a0    00000038     main.obj (.text:createRFRXTasks)
                  0000a7d8    00000038     main.obj (.text:createRFTXTasks)
                  0000a810    00000038     main.obj (.text:pinSetup)
                  0000a848    00000038     drivers_cc13x0.aem3 : UARTCC26XX.oem3 (.text:readData)
                  0000a880    00000038     rtsv7M3_T_le_eabi.lib : fs_tod_t2.obj (.text)
                  0000a8b8    00000038     rom_sysbios.aem3 : rom_sysbios.obj (.text:ti_sysbios_family_arm_cc26xx_Timer_getCurrentTick__E)
                  0000a8f0    00000038     drivers_cc13x0.aem3 : UARTCC26XX.oem3 (.text:writeData)
                  0000a928    00000038     rom_sysbios.aem3 : rom_sysbios.obj (.text:xdc_runtime_SysMin_putch__E)
                  0000a960    00000034     driverlib.lib : aux_adc.obj (.text:NOROM_AUXADCDisableInputScaling)
                  0000a994    00000034                   : osc.obj (.text:NOROM_OSCHF_SwitchToRcOscTurnOffXosc)
                  0000a9c8    00000034     drivers_cc13x0.aem3 : PINCC26XX.oem3 (.text:PIN_setConfig)
                  0000a9fc    00000034                         : PowerCC26XX.oem3 (.text:Power_releaseConstraint)
                  0000aa30    00000034     rf_multiMode_cc13x0.aem3 : RFCC26XX_multiMode.oem3 (.text:Q_push)
                  0000aa64    00000034     rom_sysbios.aem3 : rom_sysbios.obj (.text:ti_sysbios_family_arm_cc26xx_Timer_initDevice__I)
                  0000aa98    00000034     ti.uia.loggers.aem3 : LoggerStopMode.oem3 (.text:ti_uia_loggers_LoggerStopMode_reset__E)
                  0000aacc    00000032     rom_sysbios.aem3 : rom_sysbios.obj (.text:ti_sysbios_family_arm_cc26xx_Timer_setNextTick__E)
                  0000aafe    00000002                      : rom_sysbios.obj (.text:ti_sysbios_BIOS_linkedWithIncorrectBootLibrary__E)
                  0000ab00    00000030     driverlib.lib : chipinfo.obj (.text:NOROM_ChipInfo_GetChipType)
                  0000ab30    00000030                   : setup_rom.obj (.text:NOROM_SetupSetAonRtcSubSecInc)
                  0000ab60    00000030     drivers_cc13x0.aem3 : PowerCC26XX.oem3 (.text:Power_setConstraint)
                  0000ab90    00000030     driverlib.lib : adi.obj (.text:SafeHapiAuxAdiSelect)
                  0000abc0    00000030     rf_multiMode_cc13x0.aem3 : RFCC26XX_multiMode.oem3 (.text:clkPowerUpFxn)
                  0000abf0    00000030     main.obj (.text:initI2C)
                  0000ac20    00000030     drivers_cc13x0.aem3 : UARTCC26XX.oem3 (.text:readData2RingBuf)
                  0000ac50    00000030     hello_pem3.oem3 (.text:ti_sysbios_BIOS_atExitFunc__I)
                  0000ac80    00000030     hello_pem3.oem3 (.text:ti_sysbios_BIOS_startFunc__I)
                  0000acb0    00000030     hello_pem3.oem3 (.text:ti_uia_loggers_LoggerStopMode_Object__create__S)
                  0000ace0    00000030     rom_sysbios.aem3 : rom_sysbios.obj (.text:xdc_runtime_SysMin_abort__E)
                  0000ad10    0000002e     hello_pem3.oem3 (.text:ti_sysbios_rts_gnu_MemAlloc_alloc)
                  0000ad3e    00000002     hello_pem3.oem3 (.text:ti_sysbios_BIOS_nullFunc__I)
                  0000ad40    0000002c     driverlib.lib : ddi.obj (.text:NOROM_DDI32RegWrite)
                  0000ad6c    0000002c                   : osc.obj (.text:NOROM_OSCClockSourceGet)
                  0000ad98    0000002c                   : rfc.obj (.text:NOROM_RFCCPEPatchReset)
                  0000adc4    0000002c                   : setup_rom.obj (.text:NOROM_SetupGetTrimForRadcExtCfg)
                  0000adf0    0000002c     drivers_cc13x0.aem3 : PINCC26XX.oem3 (.text:PINCC26XX_setMux)
                  0000ae1c    0000002c     dpl_cc13x0.aem3 : SemaphoreP_tirtos.oem3 (.text:SemaphoreP_constructBinary)
                  0000ae48    0000002c     rf_multiMode_cc13x0.aem3 : RFCC26XX_multiMode.oem3 (.text:getCmd)
                  0000ae74    0000002c     rom_sysbios.aem3 : rom_sysbios.obj (.text:ti_sysbios_knl_Clock_getTicksUntilInterrupt__E)
                  0000aea0    0000002a     display.aem3 : Display.oem3 (.text:Display_doPrintf)
                  0000aeca    0000002a     rom_sysbios.aem3 : rom_sysbios.obj (.text:ti_sysbios_knl_Clock_getTimeout__E)
                  0000aef4    00000028     driverlib.lib : aon_batmon.obj (.text:NOROM_AONBatMonTemperatureGetDegC)
                  0000af1c    00000028     drivers_cc13x0.aem3 : PowerCC26XX.oem3 (.text:Power_registerNotify)
                  0000af44    00000028     driverlib.lib : adi.obj (.text:SafeHapiVoid)
                  0000af6c    00000028     main.obj (.text:heaterOff)
                  0000af94    00000024     driverlib.lib : rfc.obj (.text:NOROM_RFCDoorbellSendTo)
                  0000afb8    00000024     drivers_cc13x0.aem3 : PINCC26XX.oem3 (.text:PINCC26XX_getPinCount)
                  0000afdc    00000024     rf_multiMode_cc13x0.aem3 : RFCC26XX_multiMode.oem3 (.text:allocCmd)
                  0000b000    00000024     main.obj (.text:mReadBytes)
                  0000b024    00000024     hello_pem3.oem3 (.text:ti_sysbios_BIOS_registerRTSLock__I)
                  0000b048    00000024     hello_pem3.oem3 (.text:ti_sysbios_BIOS_removeRTSLock__I)
                  0000b06c    00000024     rom_sysbios.aem3 : rom_sysbios.obj (.text:ti_sysbios_family_arm_cc26xx_Timer_getMaxTicks__E)
                  0000b090    00000024     main.obj (.text:xgReadBytes)
                  0000b0b4    00000022     drivers_cc13x0.aem3 : List.oem3 (.text:List_put)
                  0000b0d6    00000022     driverlib.lib : aux_adc.obj (.text:NOROM_AUXADCAdjustValueForGainAndOffset)
                  0000b0f8    00000022     hello_pem3.oem3 (.text:xdc_runtime_SysMin_output__I)
                  0000b11a    00000002     rom_sysbios.aem3 : rom_sysbios.obj (.text:ti_sysbios_knl_Clock_triggerFunc__I)
                  0000b11c    00000020     driverlib.lib : rfc.obj (.text:NOROM_RFCAdi3VcoLdoVoltageMode)
                  0000b13c    00000020                   : setup_rom.obj (.text:NOROM_SetupGetTrimForXoscHfCtl)
                  0000b15c    00000020     dpl_cc13x0.aem3 : PowerCC26XX_tirtos.oem3 (.text:PowerCC26XX_schedulerDisable)
                  0000b17c    00000020                     : PowerCC26XX_tirtos.oem3 (.text:PowerCC26XX_schedulerRestore)
                  0000b19c    00000020     drivers_cc13x0.aem3 : PowerCC26XX.oem3 (.text:Power_unregisterNotify)
                  0000b1bc    00000020     main.obj (.text:Serial_RxDataCallback)
                  0000b1dc    00000020     main.obj (.text:mWriteByte)
                  0000b1fc    00000020     rtsv7M3_T_le_eabi.lib : u_tofd_t2.obj (.text)
                  0000b21c    00000020     hello_pem3.oem3 (.text:ti_sysbios_BIOS_rtsLock__I)
                  0000b23c    00000020     rom_sysbios.aem3 : rom_sysbios.obj (.text:ti_sysbios_family_arm_cc26xx_Timer_dynamicStub__E)
                  0000b25c    00000020                      : rom_sysbios.obj (.text:ti_sysbios_knl_Clock_stop__E)
                  0000b27c    00000020     hello_pem3.oem3 (.text:ti_uia_loggers_LoggerStopMode_Object__delete__S)
                  0000b29c    00000020     rom_sysbios.aem3 : rom_sysbios.obj (.text:xdc_runtime_SysMin_Module_startup__E)
                  0000b2bc    00000020     main.obj (.text:xgWriteByte)
                  0000b2dc    0000001e     drivers_cc13x0.aem3 : PINCC26XX.oem3 (.text:PIN_close)
                  0000b2fa    0000001e                         : PowerCC26XX.oem3 (.text:Power_getTransitionLatency)
                  0000b318    0000001c     driverlib.lib : aux_adc.obj (.text:NOROM_AUXADCGetAdjustmentGain)
                  0000b334    0000001c                   : chipinfo.obj (.text:NOROM_ChipInfo_GetChipFamily)
                  0000b350    0000001c                   : setup_rom.obj (.text:NOROM_SetupGetTrimForAmpcompTh2)
                  0000b36c    0000001c                   : setup_rom.obj (.text:NOROM_SetupGetTrimForRcOscLfRtuneCtuneTrim)
                  0000b388    0000001c     drivers_cc13x0.aem3 : PINCC26XX.oem3 (.text:PINCC26XX_setIoCfgMux)
                  0000b3a4    0000001c                         : PINCC26XX.oem3 (.text:PIN_hwi)
                  0000b3c0    0000001c     rf_multiMode_cc13x0.aem3 : RFCC26XX_multiMode.oem3 (.text:RF_setPowerConstraint)
                  0000b3dc    0000001c                              : RFCC26XX_multiMode.oem3 (.text:clkInactivityFxn)
                  0000b3f8    0000001c     smartrf_settings.obj (.text:enterGenfskCpePatch)
                  0000b414    0000001c     smartrf_settings_predefined.obj (.text:enterGenfskCpePatch)
                  0000b430    0000001c     smartrf_settings_predefined.obj (.text:enterGenookCpePatch)
                  0000b44c    0000001c     smartrf_settings_predefined.obj (.text:enterLrmCpePatch)
                  0000b468    0000001c     smartrf_settings_predefined.obj (.text:enterSl_longrangeCpePatch)
                  0000b484    0000001c     rf_multiMode_cc13x0.aem3 : RFCC26XX_multiMode.oem3 (.text:hwiFxnCpe0ChangePhy)
                  0000b4a0    0000001c     rom_sysbios.aem3 : rom_sysbios.obj (.text:ti_sysbios_knl_Swi_construct2__E)
                  0000b4bc    0000001c     ti.uia.loggers.aem3 : LoggerStopMode.oem3 (.text:ti_uia_loggers_LoggerStopMode_Instance_init__E)
                  0000b4d8    0000001c     rom_sysbios.aem3 : rom_sysbios.obj (.text:xdc_runtime_SysMin_exit__E)
                  0000b4f4    00000018     CC1310_LAUNCHXL.obj (.text:CC1310_LAUNCHXL_initGeneral)
                  0000b50c    00000018     driverlib.lib : aon_rtc.obj (.text:NOROM_AONRTCCurrentCompareValueGet)
                  0000b524    00000018                   : aux_adc.obj (.text:NOROM_AUXADCGetAdjustmentOffset)
                  0000b53c    00000018                   : chipinfo.obj (.text:NOROM_ChipInfo_GetPackageType)
                  0000b554    00000018                   : osc.obj (.text:NOROM_OSCHF_TurnOnXosc)
                  0000b56c    00000018                   : rfc.obj (.text:NOROM_RFCCpeIntGetAndClear)
                  0000b584    00000018                   : setup_rom.obj (.text:NOROM_SetupGetTrimForAdcShModeEn)
                  0000b59c    00000018                   : setup_rom.obj (.text:NOROM_SetupGetTrimForAdcShVbufEn)
                  0000b5b4    00000018                   : setup_rom.obj (.text:NOROM_SetupGetTrimForAmpcompTh1)
                  0000b5cc    00000018                   : setup_rom.obj (.text:NOROM_SetupGetTrimForDblrLoopFilterResetVoltage)
                  0000b5e4    00000018                   : setup_rom.obj (.text:NOROM_SetupGetTrimForRcOscLfIBiasTrim)
                  0000b5fc    00000018                   : setup_rom.obj (.text:NOROM_SetupGetTrimForXoscLfRegulatorAndCmirrwrRatio)
                  0000b614    00000018     drivers_cc13x0.aem3 : PowerCC26XX.oem3 (.text:Power_idleFunc)
                  0000b62c    00000018                         : UARTCC26XX.oem3 (.text:UARTCC26XX_init)
                  0000b644    00000018                         : UART.oem3 (.text:UART_Params_init)
                  0000b65c    00000018                         : PowerCC26XX.oem3 (.text:configureRFCoreClocks)
                  0000b674    00000018     hello_pem3.oem3 (.text:free)
                  0000b68c    00000018     main.obj (.text:mReadByte)
                  0000b6a4    00000018     rtsv7M3_T_le_eabi.lib : args_main.obj (.text)
                  0000b6bc    00000018                           : ll_mul_t2.obj (.text)
                  0000b6d4    00000018     rf_multiMode_cc13x0.aem3 : RFCC26XX_multiMode.oem3 (.text:swiFxnFsm)
                  0000b6ec    00000018     hello_pem3.oem3 (.text:ti_sysbios_BIOS_rtsUnlock__I)
                  0000b704    00000018     rom_sysbios.aem3 : rom_sysbios.obj (.text:ti_sysbios_knl_Swi_or__E)
                  0000b71c    00000018     hello_pem3.oem3 (.text:ti_sysbios_rom_cortexm_cc13xx_CC13xx_checkRevision__E)
                  0000b734    00000018     hello_pem3.oem3 (.text:ti_uia_loggers_LoggerStopMode_Handle__label__S)
                  0000b74c    00000018     rom_sysbios.aem3 : rom_sysbios.obj (.text:xdc_runtime_Error_init__E)
                  0000b764    00000018     main.obj (.text:xgReadByte)
                  0000b77c    00000016     drivers_cc13x0.aem3 : List.oem3 (.text:List_remove)
                  0000b792    00000016     driverlib.lib : chipinfo.obj (.text:NOROM_ThisLibraryIsFor_CC13x0_HwRev20AndLater_HaltIfViolated)
                  0000b7a8    00000016     rf_multiMode_cc13x0.aem3 : RFCC26XX_multiMode.oem3 (.text:Q_pop)
                  0000b7be    00000016     main.obj (.text:checkID)
                  0000b7d4    00000016     rtsv7M3_T_le_eabi.lib : strcpy.obj (.text)
                  0000b7ea    00000016     hello_pem3.oem3 (.text:ti_sysbios_BIOS_exitFunc__I)
                  0000b800    00000016     EasyLink.obj (.text:ti_sysbios_knl_Semaphore_Params_init)
                  0000b816    00000016     main.obj (.text:ti_sysbios_knl_Semaphore_Params_init)
                  0000b82c    00000016     main.obj (.text:ti_sysbios_knl_Task_Params_init)
                  0000b842    00000016     ti.uia.loggers.aem3 : LoggerStopMode.oem3 (.text:ti_uia_loggers_LoggerStopMode_disable__E)
                  0000b858    00000016                         : LoggerStopMode.oem3 (.text:ti_uia_loggers_LoggerStopMode_enable__E)
                  0000b86e    00000002     hello_pem3.oem3 (.text:ti_sysbios_rom_cortexm_cc13xx_CC13xx_badRomRevision__E)
                  0000b870    00000014     driverlib.lib : aon_rtc.obj (.text:NOROM_AONRTCCurrent64BitValueGet)
                  0000b884    00000014                   : aux_adc.obj (.text:NOROM_AUXADCValueToMicrovolts)
                  0000b898    00000014     drivers_cc13x0.aem3 : PINCC26XX.oem3 (.text:PINCC26XX_getOutputValue)
                  0000b8ac    00000014     rf_multiMode_cc13x0.aem3 : RFCC26XX_multiMode.oem3 (.text:RF_Params_init)
                  0000b8c0    00000014     main.obj (.text:SysCtrlSystemReset)
                  0000b8d4    00000014     rtsv7M3_T_le_eabi.lib : _lock.obj (.text)
                  0000b8e8    00000014                           : strlen.obj (.text)
                  0000b8fc    00000014     hello_pem3.oem3 (.text:ti_sysbios_knl_Clock_doTick__I)
                  0000b910    00000012     drivers_cc13x0.aem3 : RingBuf.oem3 (.text:RingBuf_construct)
                  0000b922    00000012     dpl_cc13x0.aem3 : SemaphoreP_tirtos.oem3 (.text:SemaphoreP_pend)
                  0000b934    00000012     hello_pem3.oem3 (.text:xdc_runtime_Startup_exec__I)
                  0000b946    00000010     dpl_cc13x0.aem3 : ClockP_tirtos.oem3 (.text:ClockP_isActive)
                  0000b956    00000010                     : HwiP_tirtos.oem3 (.text:HwiP_Params_init)
                  0000b966    00000002     hello_pem3.oem3 (.text:ti_uia_loggers_LoggerStopMode_setFilterLevel__E)
                  0000b968    00000010     drivers_cc13x0.aem3 : I2C.oem3 (.text:I2C_Params_init)
                  0000b978    00000010     driverlib.lib : aux_adc.obj (.text:NOROM_AUXADCFlushFifo)
                  0000b988    00000010                   : aux_adc.obj (.text:NOROM_AUXADCReadFifo)
                  0000b998    00000010                   : rfc.obj (.text:NOROM_RFCRfTrimSet)
                  0000b9a8    00000010                   : setup_rom.obj (.text:NOROM_SetupGetTrimForXoscHfFastStart)
                  0000b9b8    00000010                   : setup_rom.obj (.text:NOROM_SetupGetTrimForXoscHfIbiastherm)
                  0000b9c8    00000010     dpl_cc13x0.aem3 : SwiP_tirtos.oem3 (.text:SwiP_Params_init)
                  0000b9d8    00000010     smartrf_settings.obj (.text:applyGenfskPatch)
                  0000b9e8    00000010     smartrf_settings_predefined.obj (.text:applyGenfskPatch)
                  0000b9f8    00000010     smartrf_settings_predefined.obj (.text:applyGenookPatch)
                  0000ba08    00000010     smartrf_settings_predefined.obj (.text:applyLrmPatch)
                  0000ba18    00000010     smartrf_settings_predefined.obj (.text:applySl_longrangePatch)
                  0000ba28    00000010     drivers_cc13x0.aem3 : I2CCC26XX.oem3 (.text:i2cPostNotify)
                  0000ba38    00000010     rom_sysbios.aem3 : rom_sysbios.obj (.text:ti_sysbios_family_arm_m3_Hwi_post__E)
                  0000ba48    00000010     hello_pem3.oem3 (.text:ti_uia_loggers_LoggerStopMode_Object__get__S)
                  0000ba58    00000010     ti.uia.loggers.aem3 : LoggerStopMode.oem3 (.text:ti_uia_loggers_LoggerStopMode_isEmpty__E)
                  0000ba68    00000010     drivers_cc13x0.aem3 : UARTCC26XX.oem3 (.text:uartPostNotify)
                  0000ba78    0000000e     driverlib.lib : vims.obj (.text:NOROM_VIMSModeGet)
                  0000ba86    0000000e     rtsv7M3_T_le_eabi.lib : copy_decompress_none.obj (.text:decompress:none)
                  0000ba94    0000000e     rom_sysbios.aem3 : rom_sysbios.obj (.text:ti_sysbios_family_arm_cc26xx_TimestampProvider_get32__E)
                  0000baa2    00000002     ti.uia.loggers.aem3 : LoggerStopMode.oem3 (.text:ti_uia_loggers_LoggerStopMode_setPriority__E)
                  0000baa4    0000000c     rf_multiMode_cc13x0.aem3 : RFCC26XX_multiMode.oem3 (.text:FsmNextState)
                  0000bab0    0000000c     drivers_cc13x0.aem3 : List.oem3 (.text:List_empty)
                  0000babc    0000000c     driverlib.lib : cpu.obj (.text:NOROM_CPUcpsid)
                  0000bac8    0000000c                   : cpu.obj (.text:NOROM_CPUcpsie)
                  0000bad4    0000000c                   : osc.obj (.text:NOROM_OSC_HPOSCRelativeFrequencyOffsetToRFCoreFormatConvert)
                  0000bae0    0000000c     drivers_cc13x0.aem3 : PINCC26XX.oem3 (.text:PIN_registerIntCb)
                  0000baec    0000000c                         : PowerCC26XX.oem3 (.text:Power_getConstraintMask)
                  0000baf8    0000000c                         : PowerCC26XX.oem3 (.text:Power_getDependencyCount)
                  0000bb04    0000000c     rtsv7M3_T_le_eabi.lib : copy_zero_init.obj (.text:decompress:ZI)
                  0000bb10    0000000c     main.obj (.text:ti_sysbios_knl_Semaphore_handle)
                  0000bb1c    0000000c     rom_sysbios.aem3 : rom_sysbios.obj (.text:ti_sysbios_knl_Swi_getTrigger__E)
                  0000bb28    0000000c     hello_pem3.oem3 (.text:xdc_runtime_Startup_reset__I)
                  0000bb34    0000000c     rom_sysbios.aem3 : rom_sysbios.obj (.text:xdc_runtime_Startup_rtsDone__E)
                  0000bb40    0000000a     drivers_cc13x0.aem3 : ADC.oem3 (.text:ADC_Params_init)
                  0000bb4a    0000000a                         : ADC.oem3 (.text:ADC_close)
                  0000bb54    0000000a                         : ADC.oem3 (.text:ADC_convert)
                  0000bb5e    0000000a                         : ADC.oem3 (.text:ADC_convertToMicroVolts)
                  0000bb68    0000000a                         : I2CCC26XX.oem3 (.text:I2CCC26XX_init)
                  0000bb72    0000000a                         : I2C.oem3 (.text:I2C_close)
                  0000bb7c    0000000a                         : I2C.oem3 (.text:I2C_transfer)
                  0000bb86    0000000a                         : UART.oem3 (.text:UART_close)
                  0000bb90    0000000a                         : UART.oem3 (.text:UART_control)
                  0000bb9a    0000000a                         : UART.oem3 (.text:UART_read)
                  0000bba4    0000000a                         : UART.oem3 (.text:UART_write)
                  0000bbae    00000008                         : ADCCC26XX.oem3 (.text:ADCCC26XX_init)
                  0000bbb6    00000008                         : I2CCC26XX.oem3 (.text:I2CCC26XX_blockingCallback)
                  0000bbbe    00000008                         : UARTCC26XX.oem3 (.text:readSemCallback)
                  0000bbc6    00000008     smartrf_settings.obj (.text:rf_patch_cpe_genfsk)
                  0000bbce    00000008     smartrf_settings_predefined.obj (.text:rf_patch_cpe_genfsk)
                  0000bbd6    00000008     smartrf_settings_predefined.obj (.text:rf_patch_cpe_genook)
                  0000bbde    00000008     smartrf_settings_predefined.obj (.text:rf_patch_cpe_lrm)
                  0000bbe6    00000008     smartrf_settings_predefined.obj (.text:rf_patch_cpe_sl_longrange)
                  0000bbee    00000008     drivers_cc13x0.aem3 : UARTCC26XX.oem3 (.text:writeSemCallback)
                  0000bbf6    00000006                         : ADCCC26XX.oem3 (.text:ADCCC26XX_control)
                  0000bbfc    00000006     dpl_cc13x0.aem3 : ClockP_tirtos.oem3 (.text:ClockP_Params_init)
                  0000bc02    00000006     drivers_cc13x0.aem3 : I2CCC26XX.oem3 (.text:I2CCC26XX_control)
                  0000bc08    00000006     driverlib.lib : cpu.obj (.text:NOROM_CPUdelay)
                  0000bc0e    00000006     drivers_cc13x0.aem3 : UARTCC26XX.oem3 (.text:UARTCC26XX_readPolling)
                  0000bc14    00000006                         : UARTCC26XX.oem3 (.text:UARTCC26XX_writePolling)
                  0000bc1a    00000006     rf_multiMode_cc13x0.aem3 : RFCC26XX_multiMode.oem3 (.text:clkReqAccessFxn)
                  0000bc20    00000006     rom_sysbios.aem3 : rom_sysbios.obj (.text:ti_sysbios_family_arm_m3_Hwi_setFunc__E)
                  0000bc26    00000004     dpl_cc13x0.aem3 : PowerCC26XX_tirtos.oem3 (.text:CPUwfi)
                  0000bc2a    00000004                     : ClockP_tirtos.oem3 (.text:ClockP_destruct)
                  0000bc2e    00000004                     : ClockP_tirtos.oem3 (.text:ClockP_getCpuFreq)
                  0000bc32    00000004                     : ClockP_tirtos.oem3 (.text:ClockP_getTimeout)
                  0000bc36    00000004                     : ClockP_tirtos.oem3 (.text:ClockP_setTimeout)
                  0000bc3a    00000004                     : ClockP_tirtos.oem3 (.text:ClockP_start)
                  0000bc3e    00000004                     : ClockP_tirtos.oem3 (.text:ClockP_stop)
                  0000bc42    00000004                     : HwiP_tirtos.oem3 (.text:HwiP_destruct)
                  0000bc46    00000004                     : HwiP_tirtos.oem3 (.text:HwiP_disable)
                  0000bc4a    00000004                     : HwiP_tirtos.oem3 (.text:HwiP_disableInterrupt)
                  0000bc4e    00000004                     : HwiP_tirtos.oem3 (.text:HwiP_enableInterrupt)
                  0000bc52    00000004                     : HwiP_tirtos.oem3 (.text:HwiP_post)
                  0000bc56    00000004                     : HwiP_tirtos.oem3 (.text:HwiP_setFunc)
                  0000bc5a    00000004     drivers_cc13x0.aem3 : List.oem3 (.text:List_head)
                  0000bc5e    00000004                         : List.oem3 (.text:List_next)
                  0000bc62    00000004     rf_multiMode_cc13x0.aem3 : RFCC26XX_multiMode.oem3 (.text:Q_peek)
                  0000bc66    00000004     dpl_cc13x0.aem3 : SemaphoreP_tirtos.oem3 (.text:SemaphoreP_destruct)
                  0000bc6a    00000004                     : SemaphoreP_tirtos.oem3 (.text:SemaphoreP_post)
                  0000bc6e    00000004                     : SwiP_tirtos.oem3 (.text:SwiP_destruct)
                  0000bc72    00000004                     : SwiP_tirtos.oem3 (.text:SwiP_disable)
                  0000bc76    00000004                     : SwiP_tirtos.oem3 (.text:SwiP_getTrigger)
                  0000bc7a    00000004                     : SwiP_tirtos.oem3 (.text:SwiP_or)
                  0000bc7e    00000004                     : SwiP_tirtos.oem3 (.text:SwiP_post)
                  0000bc82    00000004     drivers_cc13x0.aem3 : PowerCC26XX.oem3 (.text:nopResourceHandler)
                  0000bc86    00000004     rtsv7M3_T_le_eabi.lib : error.obj (.text)
                  0000bc8a    00000004     rom_sysbios.aem3 : rom_sysbios.obj (.text:ti_sysbios_family_arm_cc26xx_Timer_getCount64__E)
                  0000bc8e    00000004                      : rom_sysbios.obj (.text:ti_sysbios_knl_Clock_isActive__E)
                  0000bc92    00000004     ti.uia.loggers.aem3 : LoggerStopMode.oem3 (.text:ti_uia_loggers_LoggerStopMode_getContents__E)
                  0000bc96    00000004     hello_pem3.oem3 (.text:ti_uia_loggers_LoggerStopMode_getFilterLevel__E)
                  0000bc9a    00000004     ti.uia.loggers.aem3 : LoggerStopMode.oem3 (.text:ti_uia_loggers_LoggerStopMode_getInstanceId__E)
                  0000bc9e    00000004                         : LoggerStopMode.oem3 (.text:ti_uia_loggers_LoggerStopMode_getMaxLength__E)
                  0000bca2    00000004                         : LoggerStopMode.oem3 (.text:ti_uia_loggers_LoggerStopMode_getPriority__E)
                  0000bca6    00000004                         : LoggerStopMode.oem3 (.text:ti_uia_loggers_LoggerStopMode_getTransferType__E)
                  0000bcaa    00000002     rom_sysbios.aem3 : rom_sysbios.obj (.text:xdc_runtime_SysCallback_defaultAbort)
                  0000bcac    00000002                      : rom_sysbios.obj (.text:xdc_runtime_SysCallback_defaultExit)
                  0000bcae    00000002     --HOLE-- [fill = 0]
                  0000bcb0    00000008     (.tramp.ti_sysbios_knl_Swi_destruct.1)
                  0000bcb8    00000008     (.tramp.ti_sysbios_knl_Semaphore_destruct.1)
                  0000bcc0    00000008     (.tramp.ti_sysbios_family_arm_m3_Hwi_enableInterrupt__E.1)
                  0000bcc8    00000008     (.tramp.ti_sysbios_family_arm_m3_Hwi_disableInterrupt__E.1)
                  0000bcd0    00000008     (.tramp.ti_sysbios_family_arm_m3_Hwi_destruct.1)
                  0000bcd8    00000008     (.tramp.ti_sysbios_BIOS_getCpuFreq__E.1)
                  0000bce0    00000008     (.tramp.ti_sysbios_knl_Clock_destruct.1)
                  0000bce8    00000008     (.tramp.xdc_runtime_Startup_startMods__I.1)
                  0000bcf0    00000008     (.tramp.ti_sysbios_knl_Clock_logTick__E.1)
                  0000bcf8    00000008     (.tramp.ti_sysbios_knl_Task_Params__init__S.1)
                  0000bd00    00000008     (.tramp.xdc_runtime_Core_assignLabel__I.1)
                  0000bd08    00000008     (.tramp.ti_sysbios_knl_Swi_post__E.1)
                  0000bd10    00000008     (.tramp.ti_sysbios_BIOS_RtsGateProxy_leave__E.1)
                  0000bd18    00000008     (.tramp.xdc_runtime_Memory_free__E.1)
                  0000bd20    00000008     (.tramp.ti_sysbios_knl_Swi_construct.1)
                  0000bd28    00000008     (.tramp.xdc_runtime_Core_deleteObject__I.1)
                  0000bd30    00000008     (.tramp.ti_sysbios_BIOS_RtsGateProxy_enter__E.1)
                  0000bd38    00000008     (.tramp.ti_sysbios_knl_Task_restore__E.1)
                  0000bd40    00000008     (.tramp.ti_sysbios_knl_Clock_getTicks__E.1)
                  0000bd48    00000008     (.tramp.ti_sysbios_knl_Semaphore_Params__init__S.1)
                  0000bd50    00000008     (.tramp.xdc_runtime_Memory_alloc__E.1)
                  0000bd58    00000008     (.tramp.xdc_runtime_Core_createObject__I.1)
                  0000bd60    00000008     (.tramp.ti_sysbios_knl_Task_startup__E.1)
                  0000bd68    00000008     (.tramp.ti_sysbios_knl_Swi_startup__E.1)
                  0000bd70    00000008     (.tramp.ti_sysbios_hal_Hwi_startup__E.1)
                  0000bd78    00000008     (.tramp.ti_sysbios_family_arm_cc26xx_Timer_startup__E.1)
                  0000bd80    00000008     (.tramp.xdc_runtime_System_atexit__E.1)
                  0000bd88    00000008     (.tramp.ti_sysbios_BIOS_setThreadType__E.1)
                  0000bd90    00000008     (.tramp.ti_sysbios_knl_Task_disable__E.1)
                  0000bd98    00000008     (.tramp.ti_sysbios_knl_Swi_disable__E.1)
                  0000bda0    00000008     (.tramp.ti_sysbios_knl_Task_construct.1)
                  0000bda8    00000008     (.tramp.ti_sysbios_family_arm_m3_Hwi_construct.1)
                  0000bdb0    00000008     (.tramp.ti_sysbios_knl_Swi_Params__init__S.1)
                  0000bdb8    00000008     (.tramp.ti_sysbios_family_arm_m3_Hwi_Params__init__S.1)
                  0000bdc0    00000008     (.tramp.xdc_runtime_System_exit__E.1)
                  0000bdc8    00000008     (.tramp.ti_sysbios_knl_Clock_construct.1)
                  0000bdd0    00000008     (.tramp.ti_sysbios_knl_Clock_Params__init__S.1)
                  0000bdd8    00000008     (.tramp.ti_sysbios_heaps_HeapMem_restore__E.1)
                  0000bde0    00000008     (.tramp.ti_sysbios_heaps_HeapMem_Object__get__S.1)
                  0000bde8    00000008     (.tramp.ti_sysbios_BIOS_start__E.1)
                  0000bdf0    00000008     (.tramp.xdc_runtime_Gate_leaveSystem__E.1)
                  0000bdf8    00000008     (.tramp.xdc_runtime_Gate_enterSystem__E.1)
                  0000be00    00000008     (.tramp.xdc_runtime_Assert_raise__I.1)
                  0000be08    00000008     (.tramp.ti_sysbios_knl_Clock_scheduleNextTick__E.1)
                  0000be10    00000008     (.tramp.ti_sysbios_knl_Clock_walkQueueDynamic__E.1)
                  0000be18    00000008     (.tramp.ti_sysbios_knl_Clock_TimerProxy_getCurrentTick__E.1)
                  0000be20    00000008     (.tramp.ti_sysbios_knl_Clock_start__E.1)
                  0000be28    00000008     (.tramp.ti_sysbios_knl_Clock_setTimeout__E.1)
                  0000be30    00000008     (.tramp.ti_sysbios_knl_Semaphore_construct.1)
                  0000be38    00000008     (.tramp.xdc_runtime_Timestamp_get64__E.1)
                  0000be40    00000008     (.tramp.ti_sysbios_family_arm_m3_Hwi_disableFxn__E.1)
                  0000be48    00000008     (.tramp.ti_sysbios_knl_Task_sleep__E.1)
                  0000be50    00000008     (.tramp.ti_sysbios_knl_Swi_restore__E.1)
                  0000be58    00000008     (.tramp.ti_sysbios_knl_Semaphore_create.1)
                  0000be60    00000008     (.tramp.ti_sysbios_knl_Semaphore_post__E.1)
                  0000be68    00000008     (.tramp.ti_sysbios_knl_Semaphore_pend__E.1)
                  0000be70    00000008     (.tramp.ti_sysbios_family_arm_m3_Hwi_restoreFxn__E.1)

.const     0    0000be78    00004866     
                  0000be78    0000073c     smartrf_settings_predefined.obj (.const:patchGenookMce)
                  0000c5b4    000006b4     smartrf_settings.obj (.const:patchGenfskRfe)
                  0000cc68    000006b4     smartrf_settings_predefined.obj (.const:patchGenfskRfe)
                  0000d31c    000006b4     smartrf_settings_predefined.obj (.const:patchLrmRfe)
                  0000d9d0    000006b4     smartrf_settings_predefined.obj (.const:patchSl_longrangeRfe)
                  0000e084    000006a4     smartrf_settings_predefined.obj (.const:patchGenookRfe)
                  0000e728    00000504     smartrf_settings_predefined.obj (.const:patchHsp4mbpsRfe)
                  0000ec2c    00000400     smartrf_settings_predefined.obj (.const:patchSl_longrangeMce)
                  0000f02c    000003f0     smartrf_settings_predefined.obj (.const:patchHsp4mbpsMce)
                  0000f41c    000002b0     smartrf_settings.obj (.const:patchImageGenfsk)
                  0000f6cc    000002b0     smartrf_settings_predefined.obj (.const:patchImageGenfsk)
                  0000f97c    000002b0     smartrf_settings_predefined.obj (.const:patchImageGenook)
                  0000fc2c    000002b0     smartrf_settings_predefined.obj (.const:patchImageLrm)
                  0000fedc    000002b0     smartrf_settings_predefined.obj (.const:patchImageSl_longrange)
                  0001018c    00000090     main.obj (.const:$P$T4$3)
                  0001021c    00000084     CC1310_LAUNCHXL.obj (.const:ADC_config)
                  000102a0    00000060     hello_pem3.oem3 (.const:ti_uia_loggers_LoggerStopMode_Module__FXNS__C)
                  00010300    0000004d     CC1310_LAUNCHXL.obj (.const:adcCC26xxHWAttrs)
                  0001034d    00000001     smartrf_settings_predefined.obj (.const)
                  0001034e    0000004c     drivers_cc13x0.aem3 : PowerCC26XX.oem3 (.const:resourceDB)
                  0001039a    00000002     hello_pem3.oem3 (.const:ti_uia_loggers_LoggerStopMode_Module__id__C)
                  0001039c    00000048     hello_pem3.oem3 (.const:.string)
                  000103e4    00000040     drivers_cc13x0.aem3 : UARTCC26XX.oem3 (.const:$O1$$)
                  00010424    00000040     smartrf_settings_predefined.obj (.const:rfPowerTable)
                  00010464    0000002c     CC1310_LAUNCHXL.obj (.const:BoardGpioInitTable)
                  00010490    0000002c     hello_pem3.oem3 (.const:xdc_runtime_Startup_sfxnTab__A)
                  000104bc    00000028     drivers_cc13x0.aem3 : UARTCC26XX.oem3 (.const:UARTCC26XX_fxnTable)
                  000104e4    00000028     hello_pem3.oem3 (.const:ti_uia_loggers_LoggerStopMode_Object__PARAMS__C)
                  0001050c    00000024     drivers_cc13x0.aem3 : UART.oem3 (.const:UART_defaultParams)
                  00010530    00000020     hello_pem3.oem3 (.const:ti_uia_loggers_LoggerStopMode_Object__DESC__C)
                  00010550    00000020     CC1310_LAUNCHXL.obj (.const:uartCC26XXHWAttrs)
                  00010570    0000001c     rf_multiMode_cc13x0.aem3 : RFCC26XX_multiMode.oem3 (.const:RF_defaultParams)
                  0001058c    00000018     EasyLink.obj (.const:$P$T0$3)
                  000105a4    00000018     drivers_cc13x0.aem3 : ADCCC26XX.oem3 (.const:ADCCC26XX_fxnTable)
                  000105bc    00000018                         : I2CCC26XX.oem3 (.const:I2CCC26XX_fxnTable)
                  000105d4    00000018     CC1310_LAUNCHXL.obj (.const:i2cCC26xxHWAttrs)
                  000105ec    00000018     driverlib.lib : rfc.obj (.const:rfc_defaultIrqAddr)
                  00010604    00000016     hello_pem3.oem3 (.const:xdc_runtime_Startup_sfxnRts__A)
                  0001061a    00000002     hello_pem3.oem3 (.const:ti_uia_loggers_LoggerStopMode_isTimestampEnabled__C)
                  0001061c    00000010     drivers_cc13x0.aem3 : I2C.oem3 (.const:I2C_defaultParams)
                  0001062c    00000010     CC1310_LAUNCHXL.obj (.const:PowerCC26XX_config)
                  0001063c    0000000c     CC1310_LAUNCHXL.obj (.const:I2C_config)
                  00010648    0000000c     CC1310_LAUNCHXL.obj (.const:UART_config)
                  00010654    0000000c     hello_pem3.oem3 (.const:xdc_runtime_Startup_firstFxns__A)
                  00010660    0000000b     main.obj (.const:.string:$P$T1$2)
                  0001066b    00000009     CC1310_LAUNCHXL.obj (.const)
                  00010674    00000008     drivers_cc13x0.aem3 : ADC.oem3 (.const:ADC_defaultParams)
                  0001067c    00000008     CC1310_LAUNCHXL.obj (.const:PINCC26XX_hwAttrs)
                  00010684    00000008     drivers_cc13x0.aem3 : I2CCC26XX.oem3 (.const:bitRate)
                  0001068c    00000004     EasyLink.obj (.const:$P$T1$4)
                  00010690    00000004     CC1310_LAUNCHXL.obj (.const:RFCC26XX_hwAttrs)
                  00010694    00000004     hello_pem3.oem3 (.const:ti_sysbios_family_arm_m3_Hwi_swiDisable__C)
                  00010698    00000004     hello_pem3.oem3 (.const:ti_sysbios_family_arm_m3_Hwi_swiRestoreHwi__C)
                  0001069c    00000004     hello_pem3.oem3 (.const:ti_sysbios_heaps_HeapMem_primaryHeapBaseAddr__C)
                  000106a0    00000004     hello_pem3.oem3 (.const:ti_sysbios_heaps_HeapMem_primaryHeapEndAddr__C)
                  000106a4    00000004     hello_pem3.oem3 (.const:ti_sysbios_knl_Clock_tickPeriod__C)
                  000106a8    00000004     hello_pem3.oem3 (.const:ti_sysbios_knl_Clock_triggerClock__C)
                  000106ac    00000004     hello_pem3.oem3 (.const:ti_sysbios_knl_Idle_funcList__A)
                  000106b0    00000004     hello_pem3.oem3 (.const:ti_uia_loggers_LoggerStopMode_Module__diagsEnabled__C)
                  000106b4    00000004     hello_pem3.oem3 (.const:ti_uia_loggers_LoggerStopMode_Module__diagsIncluded__C)
                  000106b8    00000004     hello_pem3.oem3 (.const:ti_uia_loggers_LoggerStopMode_Module__diagsMask__C)
                  000106bc    00000004     hello_pem3.oem3 (.const:ti_uia_loggers_LoggerStopMode_Object__count__C)
                  000106c0    00000004     hello_pem3.oem3 (.const:ti_uia_runtime_ILoggerSnapshot_Interface__BASE__C)
                  000106c4    00000004     hello_pem3.oem3 (.const:ti_uia_runtime_IUIATransfer_Interface__BASE__C)
                  000106c8    00000004     hello_pem3.oem3 (.const:xdc_runtime_IFilterLogger_Interface__BASE__C)
                  000106cc    00000004     hello_pem3.oem3 (.const:xdc_runtime_ILogger_Interface__BASE__C)
                  000106d0    00000004     hello_pem3.oem3 (.const:xdc_runtime_SysMin_bufSize__C)
                  000106d4    00000004     hello_pem3.oem3 (.const:xdc_runtime_SysMin_outputFunc__C)
                  000106d8    00000003     main.obj (.const:.string:$P$T0$1)
                  000106db    00000001     hello_pem3.oem3 (.const:xdc_runtime_Text_charTab__A)
                  000106dc    00000002     hello_pem3.oem3 (.const:xdc_runtime_SysMin_flushAtExit__C)

.cinit     0    00000040    000004c0     
                  00000040    00000384     (.cinit..data.load) [load image, compression = lzss]
                  000003c4    00000029     (.cinit..data:ti_sysbios_family_arm_m3_Hwi_Module__state__V.load) [load image, compression = lzss]
                  000003ed    00000020     (.cinit..data:ti_sysbios_knl_Task_Module__state__V.load) [load image, compression = lzss]
                  0000040d    0000001f     (.cinit..data:ti_sysbios_BIOS_Module__state__V.load) [load image, compression = lzss]
                  0000042c    0000001e     (.cinit..data:ti_sysbios_knl_Clock_Module__state__V.load) [load image, compression = lzss]
                  0000044a    00000010     (.cinit..data:ti_sysbios_knl_Swi_Module__state__V.load) [load image, compression = lzss]
                  0000045a    00000002     --HOLE-- [fill = 0]
                  0000045c    0000000c     (__TI_handler_table)
                  00000468    0000000b     (.cinit..data:ti_sysbios_family_arm_cc26xx_Timer_Module__state__V.load) [load image, compression = lzss]
                  00000473    0000000b     (.cinit..data:xdc_runtime_System_Module__state__V.load) [load image, compression = lzss]
                  0000047e    00000002     --HOLE-- [fill = 0]
                  00000480    00000008     (.cinit..bss.load) [load image, compression = zero_init]
                  00000488    00000008     (.cinit..data:xdc_runtime_Memory_Module__state__V.load) [load image, compression = lzss]
                  00000490    00000007     (.cinit..data:ti_sysbios_family_arm_cc26xx_TimestampProvider_Module__state__V.load) [load image, compression = lzss]
                  00000497    00000007     (.cinit..data:xdc_runtime_Startup_Module__state__V.load) [load image, compression = lzss]
                  0000049e    00000002     --HOLE-- [fill = 0]
                  000004a0    00000060     (__TI_cinit_table)

.init_array 
*          0    00000000    00000000     UNINITIALIZED

.const:ti_sysbios_knl_Task_Object__PARAMS__C 
*          0    00001000    0000003c     
                  00001000    0000003c     hello_pem3.oem3 (.const:ti_sysbios_knl_Task_Object__PARAMS__C)

.const:ti_sysbios_knl_Mailbox_Object__PARAMS__C 
*          0    0000103c    00000034     
                  0000103c    00000034     hello_pem3.oem3 (.const:ti_sysbios_knl_Mailbox_Object__PARAMS__C)

.const:ti_sysbios_family_arm_m3_Hwi_Object__PARAMS__C 
*          0    00001070    00000030     
                  00001070    00000030     hello_pem3.oem3 (.const:ti_sysbios_family_arm_m3_Hwi_Object__PARAMS__C)

.const:ti_sysbios_hal_Hwi_Object__PARAMS__C 
*          0    000010a0    0000002c     
                  000010a0    0000002c     hello_pem3.oem3 (.const:ti_sysbios_hal_Hwi_Object__PARAMS__C)

.const:ti_sysbios_heaps_HeapMem_Module__FXNS__C 
*          0    000010cc    00000028     
                  000010cc    00000028     hello_pem3.oem3 (.const:ti_sysbios_heaps_HeapMem_Module__FXNS__C)

.const:ti_sysbios_knl_Swi_Object__PARAMS__C 
*          0    000010f4    00000028     
                  000010f4    00000028     hello_pem3.oem3 (.const:ti_sysbios_knl_Swi_Object__PARAMS__C)

.const:ti_sysbios_gates_GateHwi_Module__FXNS__C 
*          0    0000111c    00000024     
                  0000111c    00000024     hello_pem3.oem3 (.const:ti_sysbios_gates_GateHwi_Module__FXNS__C)

.const:ti_sysbios_gates_GateMutex_Module__FXNS__C 
*          0    00001140    00000024     
                  00001140    00000024     hello_pem3.oem3 (.const:ti_sysbios_gates_GateMutex_Module__FXNS__C)

.const:ti_sysbios_heaps_HeapMem_Object__PARAMS__C 
*          0    00001164    00000024     
                  00001164    00000024     hello_pem3.oem3 (.const:ti_sysbios_heaps_HeapMem_Object__PARAMS__C)

.const:ti_sysbios_knl_Clock_Object__PARAMS__C 
*          0    00001188    00000024     
                  00001188    00000024     hello_pem3.oem3 (.const:ti_sysbios_knl_Clock_Object__PARAMS__C)

.const:ti_sysbios_knl_Semaphore_Object__PARAMS__C 
*          0    000011ac    00000024     
                  000011ac    00000024     hello_pem3.oem3 (.const:ti_sysbios_knl_Semaphore_Object__PARAMS__C)

.const:ti_sysbios_family_arm_m3_Hwi_Object__DESC__C 
*          0    000011d0    00000020     
                  000011d0    00000020     hello_pem3.oem3 (.const:ti_sysbios_family_arm_m3_Hwi_Object__DESC__C)

.const:ti_sysbios_gates_GateHwi_Object__DESC__C 
*          0    000011f0    00000020     
                  000011f0    00000020     hello_pem3.oem3 (.const:ti_sysbios_gates_GateHwi_Object__DESC__C)

.const:ti_sysbios_gates_GateMutex_Object__DESC__C 
*          0    00001210    00000020     
                  00001210    00000020     hello_pem3.oem3 (.const:ti_sysbios_gates_GateMutex_Object__DESC__C)

.const:ti_sysbios_hal_Hwi_Object__DESC__C 
*          0    00001230    00000020     
                  00001230    00000020     hello_pem3.oem3 (.const:ti_sysbios_hal_Hwi_Object__DESC__C)

.const:ti_sysbios_heaps_HeapMem_Object__DESC__C 
*          0    00001250    00000020     
                  00001250    00000020     hello_pem3.oem3 (.const:ti_sysbios_heaps_HeapMem_Object__DESC__C)

.const:ti_sysbios_knl_Clock_Object__DESC__C 
*          0    00001270    00000020     
                  00001270    00000020     hello_pem3.oem3 (.const:ti_sysbios_knl_Clock_Object__DESC__C)

.const:ti_sysbios_knl_Mailbox_Object__DESC__C 
*          0    00001290    00000020     
                  00001290    00000020     hello_pem3.oem3 (.const:ti_sysbios_knl_Mailbox_Object__DESC__C)

.const:ti_sysbios_knl_Queue_Object__DESC__C 
[...]
1001c875  xdc_runtime_Gate_leaveSystem__E                                           
1001c87b  xdc_runtime_System_Module_startup__E                                      
1001c881  xdc_runtime_Gate_enterSystem__E                                           
1001c885  xdc_runtime_Memory_HeapProxy_alloc__E                                     
1001c889  xdc_runtime_Memory_HeapProxy_free__E                                      
1001c88d  xdc_runtime_System_Module_GateProxy_enter__E                              
1001c891  xdc_runtime_System_Module_GateProxy_leave__E                              
1001c895  xdc_runtime_System_abortSpin__E                                           
1001c897  xdc_runtime_System_exitSpin__E                                            
1001c899  ti_sysbios_family_arm_m3_Hwi_dispatch__I                                  
1001c969  ti_sysbios_family_arm_m3_TaskSupport_buildTaskStack                       
1001c9b5  ti_sysbios_family_arm_m3_Hwi_initStacks__E                                
1001c9fd  ti_sysbios_family_arm_m3_Hwi_excHandlerAsm__I                             
1001ca1d  ti_sysbios_family_xxx_Hwi_switchAndRunFunc                                
1001ca3b  ti_sysbios_family_arm_m3_Hwi_pendSV__I                                    
1001ca53  ti_sysbios_family_arm_m3_Hwi_return                                       
1001ca55  ti_sysbios_family_arm_m3_TaskSupport_glue                                 
1001ca65  ti_sysbios_family_arm_m3_TaskSupport_swap__E                              
1001ca6d  ti_sysbios_knl_Task_swapReturn                                            
1001ca97  ti_sysbios_rom_cortexm_cc13xx_CC13xx_getRevision__E                       
20000000  ti_sysbios_family_arm_m3_Hwi_ramVectors                                   
20000100  ti_sysbios_knl_Task_Module__state__V                                      
20000144  ti_sysbios_family_arm_m3_Hwi_Module__state__V                             
20000178  ti_sysbios_knl_Clock_Module__state__V                                     
200001a4  ti_sysbios_BIOS_Module__state__V                                          
200001c8  ti_sysbios_knl_Swi_Module__state__V                                       
200001e4  ti_sysbios_family_arm_cc26xx_Timer_Module__state__V                       
200001ec  ti_sysbios_family_arm_cc26xx_TimestampProvider_Module__state__V           
200001f0  xdc_runtime_Startup_Module__state__V                                      
200001f8  xdc_runtime_System_Module__state__V                                       
20000200  xdc_runtime_Memory_Module__state__V                                       
20000680  ti_uia_loggers_LoggerStopMode_Instance_State_0_packetArray__A             
20000a80  ti_uia_loggers_LoggerStopMode_Instance_State_1_packetArray__A             
2000140c  xdc_runtime_SysMin_Module_State_0_outbuf__A                               
20001fd8  uartCC26XXObjects                                                         
20002104  __CIOBUF_                                                                 
20002224  PIN_NumPins                                                               
200022b8  PIN_HandleTable                                                           
20002334  i2cCC26xxObjects                                                          
20002414  adcCC26xxObjects                                                          
200025b8  ti_sysbios_family_arm_m3_Hwi_dispatchTable                                
2000283c  accelTask                                                                 
2000288c  adcTask                                                                   
200028dc  gpsTask                                                                   
2000292c  gyroTask                                                                  
2000297c  humidityTask                                                              
200029cc  magTask                                                                   
20002a1c  rxRestartTask                                                             
20002a6c  txDataTask                                                                
20002b00  ti_uia_loggers_LoggerStopMode_Instance_State_0_hdr__A                     
20002b58  settings                                                                  
20002b80  ti_uia_loggers_LoggerStopMode_Instance_State_1_hdr__A                     
20002bd4  uartParams                                                                
20002cf4  i2cTransaction                                                            
20002d60  i2cParams                                                                 
20002d88  aBias                                                                     
20002d94  gBias                                                                     
20002da0  mBias                                                                     
20002dac  PowerCC26XX_taskKey                                                       
20002db0  PowerCC26XX_swiKey                                                        
20002dcc  aBiasRaw                                                                  
20002dd4  gBiasRaw                                                                  
20002ddc  mBiasRaw                                                                  
20002de4  params                                                                    
20002dec  ClockP_tickPeriod                                                         
20002df0  aRes                                                                      
20002df4  adc0                                                                      
20002df8  adc1                                                                      
20002dfc  adcValue0MicroVolt                                                        
20002e00  adcValue1MicroVolt                                                        
20002e04  gRes                                                                      
20002e08  i2c                                                                       
20002e0c  mRes                                                                      
20002e10  uart                                                                      
20002e16  adcValue0                                                                 
20002e18  adcValue1                                                                 
20002e1a  ax                                                                        
20002e1c  ay                                                                        
20002e1e  az                                                                        
20002e20  gx                                                                        
20002e22  gy                                                                        
20002e24  gz                                                                        
20002e26  mx                                                                        
20002e28  my                                                                        
20002e2a  mz                                                                        
20002e2c  _autoCalc                                                                 
20002e2d  _mAddress                                                                 
20002e2e  _xgAddress                                                                
20002e2f  driverlib_release_0_48919                                                 
20002e30  __primary_heap_start__                                                    
20003e30  PowerCC26XX_module                                                        
20003e30  __primary_heap_end__                                                      
20003f44  globalPacket                                                              
20003fdc  pOverrides_sl_lr                                                          
20004044  ti_uia_loggers_LoggerStopMode_Object__table__V                            
200040ac  pOverrides_hsm                                                            
2000410c  pOverrides_lrm                                                            
20004168  pOverrides_ook                                                            
2000421c  pOverrides_fsk                                                            
20004274  main_func_sp                                                              
20004278  ti_sysbios_family_arm_cc26xx_Timer_Object__table__V                       
200042c0  RF_pProp_fsk                                                              
200042c4  RF_pProp_lrm                                                              
200042c8  RF_pProp_ook                                                              
200042cc  RF_pProp_hsm                                                              
200042d0  RF_pProp_sl_lr                                                            
200042d4  RF_pProp_2_4G_fsk                                                         
200042d8  RF_pCmdPropRadioDivSetup_fsk                                              
200042dc  RF_pCmdPropRadioDivSetup_lrm                                              
200042e0  RF_pCmdPropRadioDivSetup_ook                                              
200042e4  RF_pCmdRadioSetup_hsm                                                     
200042e8  RF_pCmdPropRadioDivSetup_sl_lr                                            
200042ec  RF_pCmdPropRadioSetup_2_4G_fsk                                            
200042f0  RF_pCmdTxHS                                                               
200042f4  RF_pCmdRxHS                                                               
200042f8  RF_pCmdFs_preDef                                                          
200042fc  RF_pCmdPropTx_preDef                                                      
20004300  RF_pCmdPropRxAdv_preDef                                                   
20004304  ti_sysbios_gates_GateMutex_Object__table__V                               
2000433c  RF_cmdPropRxAdv_preDef                                                    
2000436c  ti_sysbios_knl_Swi_Module_State_0_readyQ__A                               
2000439c  ti_sysbios_knl_Swi_Object__table__V                                       
200043cc  ti_sysbios_knl_Task_Module_State_0_readyQ__A                              
200043fc  goodToGo                                                                  
20004400  halt                                                                      
20004404  pwmPeriod                                                                 
20004406  pwmduty                                                                   
20004408  pwmdutyInc                                                                
2000440c  pwmtime                                                                   
20004410  pwm1                                                                      
20004414  bytesRead                                                                 
20004418  numConnections                                                            
2000441c  AXN                                                                       
20004420  AYN                                                                       
20004424  AZN                                                                       
20004428  RF_cmdPropRadioDivSetup                                                   
20004450  RF_cmdPropRadioDivSetup_fsk                                               
20004478  RF_cmdPropRadioDivSetup_lrm                                               
200044a0  RF_cmdPropRadioDivSetup_ook                                               
200044c8  RF_cmdPropRadioDivSetup_sl_lr                                             
200044f0  RF_cmdRxHS                                                                
20004514  pinTable                                                                  
20004558  ti_sysbios_knl_Clock_Object__table__V                                     
20004578  xdc_runtime_Error_IgnoreBlock                                             
20004598  message                                                                   
200045b6  ti_sysbios_family_arm_m3_Hwi_Module_State_0_excActive__A                  
200045b8  RF_cmdFs                                                                  
200045d0  RF_cmdFs_preDef                                                           
200045e8  RF_cmdPropTx                                                              
20004600  RF_cmdPropTx_preDef                                                       
20004618  RF_cmdRadioSetup_hsm                                                      
20004648  shapeovr                                                                  
20004660  ti_sysbios_family_arm_m3_Hwi_Object__table__V                             
20004678  ti_sysbios_heaps_HeapMem_Object__table__V                                 
20004690  RF_cmdTxHS                                                                
200046b4  RF_prop                                                                   
200046c4  RF_prop_fsk                                                               
200046d4  RF_prop_hsm                                                               
200046e4  RF_prop_lrm                                                               
200046f4  RF_prop_ook                                                               
20004704  RF_prop_sl_lr                                                             
20004722  xdc_runtime_Main_Module__root__V                                          
20004724  __TI_cleanup_ptr                                                          
20004728  __TI_dtors_ptr                                                            
2000472c  __TI_enable_exit_profile_output                                           
20004730  ti_sysbios_knl_Task_Module__root__V                                       
2000473c  ti_uia_runtime_QueueDescriptor_Module__state__V                           
20004748  xdc_runtime_SysMin_Module__state__V                                       
20004754  _lock                                                                     
20004758  _unlock                                                                   
2000475c  ti_uia_runtime_QueueDescriptor_gPtrToFirstDescriptor                      
20004760  ti_uia_runtime_QueueDescriptor_gUpdateCount                               
20004764  ti_sysbios_family_arm_m3_Hwi_Module__root__V                              
2000476c  ti_sysbios_gates_GateHwi_Module__root__V                                  
20004774  ti_sysbios_gates_GateMutex_Module__root__V                                
2000477c  ti_sysbios_hal_Hwi_Module__root__V                                        
20004784  ti_sysbios_heaps_HeapMem_Module__root__V                                  
2000478c  ti_sysbios_knl_Clock_Module__root__V                                      
20004794  ti_sysbios_knl_Mailbox_Module__root__V                                    
2000479c  ti_sysbios_knl_Queue_Module__root__V                                      
200047a4  ti_sysbios_knl_Semaphore_Module__root__V                                  
200047ac  ti_sysbios_knl_Swi_Module__root__V                                        
200047b4  ti_uia_loggers_LoggerStopMode_Module__root__V                             
200047bc  xdc_runtime_System_Module_State_0_atexitHandlers__A                       
200047c4  ti_sysbios_family_arm_m3_Hwi_Module_State_0_excContext__A                 
200047c8  ti_sysbios_family_arm_m3_Hwi_Module_State_0_excStack__A                   
200047cc  ti_sysbios_knl_Task_Module_State_0_idleTask__A                            
20004c00  __stack                                                                   
20005000  __STACK_END                                                               
e000e000  ti_sysbios_family_arm_m3_Hwi_nvic                                         
ffffffff  __TI_pprof_out_hndl                                                       
ffffffff  __TI_prof_data_size                                                       
ffffffff  __TI_prof_data_start                                                      
ffffffff  __binit__                                                                 
ffffffff  __c_args__                                                                
ffffffff  binit                                                                     
UNDEFED   ClockP_getSystemTicks                                                     
UNDEFED   HwiP_restore                                                              
UNDEFED   SHT$$INIT_ARRAY$$Base                                                     
UNDEFED   SHT$$INIT_ARRAY$$Limit                                                    
UNDEFED   SwiP_restore                                                              
UNDEFED   ti_sysbios_BIOS_RtsGateProxy_Handle__label__S__mangled__                  
UNDEFED   ti_sysbios_BIOS_RtsGateProxy_Params__init__S__mangled__                   
UNDEFED   ti_sysbios_BIOS_RtsGateProxy_query__E__mangled__                          
UNDEFED   ti_sysbios_hal_Hwi_HwiProxy_Module__startupDone__S__mangled__             
UNDEFED   ti_sysbios_hal_Hwi_HwiProxy_Params__init__S__mangled__                    
UNDEFED   ti_sysbios_hal_Hwi_HwiProxy_disableInterrupt__E__mangled__                
UNDEFED   ti_sysbios_hal_Hwi_HwiProxy_enableInterrupt__E__mangled__                 
UNDEFED   ti_sysbios_hal_Hwi_HwiProxy_getStackInfo__E__mangled__                    
UNDEFED   ti_sysbios_hal_Hwi_HwiProxy_startup__E__mangled__                         
UNDEFED   ti_sysbios_hal_Hwi_HwiProxy_switchFromBootStack__E__mangled__             
UNDEFED   ti_sysbios_hal_Hwi_disableInterrupt__E                                    
UNDEFED   ti_sysbios_hal_Hwi_enableInterrupt__E                                     
UNDEFED   ti_sysbios_hal_Hwi_getStackInfo__E                                        
UNDEFED   ti_sysbios_hal_Hwi_startup__E                                             
UNDEFED   ti_sysbios_hal_Hwi_switchFromBootStack__E                                 
UNDEFED   ti_sysbios_heaps_HeapMem_Module_GateProxy_Handle__label__S__mangled__     
UNDEFED   ti_sysbios_heaps_HeapMem_Module_GateProxy_Params__init__S__mangled__      
UNDEFED   ti_sysbios_heaps_HeapMem_Module_GateProxy_query__E__mangled__             
UNDEFED   ti_sysbios_knl_Clock_TimerProxy_Module__startupDone__S__mangled__         
UNDEFED   ti_sysbios_knl_Clock_TimerProxy_startup__E__mangled__                     
UNDEFED   ti_sysbios_knl_Task_SupportProxy_Module__startupDone__S__mangled__        
UNDEFED   ti_sysbios_knl_Task_SupportProxy_getStackAlignment__E__mangled__          
UNDEFED   ti_sysbios_knl_Task_SupportProxy_start__E__mangled__                      
UNDEFED   ti_sysbios_knl_Task_SupportProxy_swap__E__mangled__                       
UNDEFED   xdc_runtime_Main_Module_GateProxy_Handle__label__S                        
UNDEFED   xdc_runtime_Main_Module_GateProxy_query__E                                
UNDEFED   xdc_runtime_Memory_HeapProxy_Handle__label__S__mangled__                  
UNDEFED   xdc_runtime_System_Module_GateProxy_Handle__label__S__mangled__           
UNDEFED   xdc_runtime_System_Module_GateProxy_query__E__mangled__                   
UNDEFED   xdc_runtime_Timestamp_SupportProxy_get64__E__mangled__                    
UNDEFED   xdc_runtime_Timestamp_SupportProxy_getFreq__E__mangled__                  
UNDEFED   xdc_runtime_Timestamp_get32__E                                            
UNDEFED   xdc_runtime_Timestamp_get64__E                                            
UNDEFED   xdc_runtime_Timestamp_getFreq__E                                          

[1093 symbols]
