******************************************************************************
                  TI ARM Linker Unix v16.9.3                   
******************************************************************************
>> Linked Mon Oct 30 17:30:24 2017

OUTPUT FILE NAME:   <Sprite.out>
ENTRY POINT SYMBOL: "ResetISR"  address: 00009ccd


MEMORY CONFIGURATION

         name            origin    length      used     unused   attr    fill
----------------------  --------  ---------  --------  --------  ----  --------
  FLASH                 00000000   00020000  0000fe43  000101bd  R  X
  SRAM                  20000000   00005000  00004ed7  00000129  RW X


SEGMENT ALLOCATION MAP

run origin  load origin   length   init length attrs members
----------  ----------- ---------- ----------- ----- -------
00000000    00000000    000004d8   000004d8    r--
  00000000    00000000    0000003c   0000003c    r-- .resetVecs
  00000040    00000040    00000498   00000498    r-- .cinit
00001000    00001000    0000f923   0000f923    r-x
  00001000    00001000    0000003c   0000003c    r-- .const:ti_sysbios_knl_Task_Object__PARAMS__C
  0000103c    0000103c    00000034   00000034    r-- .const:ti_sysbios_knl_Mailbox_Object__PARAMS__C
  00001070    00001070    00000030   00000030    r-- .const:ti_sysbios_family_arm_m3_Hwi_Object__PARAMS__C
  000010a0    000010a0    0000002c   0000002c    r-- .const:ti_sysbios_hal_Hwi_Object__PARAMS__C
  000010cc    000010cc    00000028   00000028    r-- .const:ti_sysbios_heaps_HeapMem_Module__FXNS__C
  000010f4    000010f4    00000028   00000028    r-- .const:ti_sysbios_knl_Swi_Object__PARAMS__C
  0000111c    0000111c    00000024   00000024    r-- .const:ti_sysbios_gates_GateHwi_Module__FXNS__C
  00001140    00001140    00000024   00000024    r-- .const:ti_sysbios_gates_GateMutex_Module__FXNS__C
  00001164    00001164    00000024   00000024    r-- .const:ti_sysbios_heaps_HeapMem_Object__PARAMS__C
  00001188    00001188    00000024   00000024    r-- .const:ti_sysbios_knl_Clock_Object__PARAMS__C
  000011ac    000011ac    00000024   00000024    r-- .const:ti_sysbios_knl_Semaphore_Object__PARAMS__C
  000011d0    000011d0    00000020   00000020    r-- .const:ti_sysbios_family_arm_m3_Hwi_Object__DESC__C
  000011f0    000011f0    00000020   00000020    r-- .const:ti_sysbios_gates_GateHwi_Object__DESC__C
  00001210    00001210    00000020   00000020    r-- .const:ti_sysbios_gates_GateMutex_Object__DESC__C
  00001230    00001230    00000020   00000020    r-- .const:ti_sysbios_hal_Hwi_Object__DESC__C
  00001250    00001250    00000020   00000020    r-- .const:ti_sysbios_heaps_HeapMem_Object__DESC__C
  00001270    00001270    00000020   00000020    r-- .const:ti_sysbios_knl_Clock_Object__DESC__C
  00001290    00001290    00000020   00000020    r-- .const:ti_sysbios_knl_Mailbox_Object__DESC__C
  000012b0    000012b0    00000020   00000020    r-- .const:ti_sysbios_knl_Queue_Object__DESC__C
  000012d0    000012d0    00000020   00000020    r-- .const:ti_sysbios_knl_Semaphore_Object__DESC__C
  000012f0    000012f0    00000020   00000020    r-- .const:ti_sysbios_knl_Swi_Object__DESC__C
  00001310    00001310    00000020   00000020    r-- .const:ti_sysbios_knl_Task_Object__DESC__C
  00001330    00001330    00000018   00000018    r-- .const:ti_sysbios_gates_GateHwi_Object__PARAMS__C
  00001348    00001348    00000018   00000018    r-- .const:ti_sysbios_gates_GateMutex_Object__PARAMS__C
  00001360    00001360    00000018   00000018    r-- .const:ti_sysbios_knl_Queue_Object__PARAMS__C
  00001378    00001378    00000008   00000008    r-- .const:ti_sysbios_knl_Idle_funcList__C
  00001384    00001384    00000004   00000004    r-- .const:ti_sysbios_family_arm_cc26xx_Timer_startupNeeded__C
  00001388    00001388    00000004   00000004    r-- .const:ti_sysbios_family_arm_m3_Hwi_E_alreadyDefined__C
  0000138c    0000138c    00000004   00000004    r-- .const:ti_sysbios_family_arm_m3_Hwi_E_hwiLimitExceeded__C
  00001390    00001390    00000004   00000004    r-- .const:ti_sysbios_family_arm_m3_Hwi_NUM_INTERRUPTS__C
  00001394    00001394    00000004   00000004    r-- .const:ti_sysbios_family_arm_m3_Hwi_Object__count__C
  00001398    00001398    00000004   00000004    r-- .const:ti_sysbios_family_arm_m3_Hwi_Object__table__C
  0000139c    0000139c    00000004   00000004    r-- .const:ti_sysbios_family_arm_m3_Hwi_ccr__C
  000013a0    000013a0    00000004   00000004    r-- .const:ti_sysbios_family_arm_m3_Hwi_excHandlerFunc__C
  000013a4    000013a4    00000004   00000004    r-- .const:ti_sysbios_family_arm_m3_Hwi_nullIsrFunc__C
  000013a8    000013a8    00000004   00000004    r-- .const:ti_sysbios_family_arm_m3_Hwi_numSparseInterrupts__C
  000013ac    000013ac    00000004   00000004    r-- .const:ti_sysbios_family_arm_m3_Hwi_priGroup__C
  000013b0    000013b0    00000004   00000004    r-- .const:ti_sysbios_family_arm_m3_TaskSupport_stackAlignment__C
  000013b4    000013b4    00000004   00000004    r-- .const:ti_sysbios_heaps_HeapMem_E_memory__C
  000013b8    000013b8    00000004   00000004    r-- .const:ti_sysbios_heaps_HeapMem_Module__gateObj__C
  000013bc    000013bc    00000004   00000004    r-- .const:ti_sysbios_heaps_HeapMem_Object__count__C
  000013c0    000013c0    00000004   00000004    r-- .const:ti_sysbios_heaps_HeapMem_Object__table__C
  000013c4    000013c4    00000004   00000004    r-- .const:ti_sysbios_heaps_HeapMem_reqAlign__C
  000013c8    000013c8    00000004   00000004    r-- .const:ti_sysbios_knl_Clock_serviceMargin__C
  000013cc    000013cc    00000004   00000004    r-- .const:ti_sysbios_knl_Mailbox_Object__count__C
  000013d0    000013d0    00000004   00000004    r-- .const:ti_sysbios_knl_Mailbox_Object__table__C
  000013d4    000013d4    00000004   00000004    r-- .const:ti_sysbios_knl_Mailbox_maxTypeAlign__C
  000013d8    000013d8    00000004   00000004    r-- .const:ti_sysbios_knl_Queue_Object__count__C
  000013dc    000013dc    00000004   00000004    r-- .const:ti_sysbios_knl_Queue_Object__table__C
  000013e0    000013e0    00000004   00000004    r-- .const:ti_sysbios_knl_Swi_Object__count__C
  000013e4    000013e4    00000004   00000004    r-- .const:ti_sysbios_knl_Swi_Object__table__C
  000013e8    000013e8    00000004   00000004    r-- .const:ti_sysbios_knl_Swi_numPriorities__C
  000013ec    000013ec    00000004   00000004    r-- .const:ti_sysbios_knl_Task_Object__count__C
  000013f0    000013f0    00000004   00000004    r-- .const:ti_sysbios_knl_Task_Object__table__C
  000013f4    000013f4    00000004   00000004    r-- .const:ti_sysbios_knl_Task_allBlockedFunc__C
  000013f8    000013f8    00000004   00000004    r-- .const:ti_sysbios_knl_Task_defaultStackHeap__C
  000013fc    000013fc    00000004   00000004    r-- .const:ti_sysbios_knl_Task_defaultStackSize__C
  00001400    00001400    00000004   00000004    r-- .const:ti_sysbios_knl_Task_numConstructedTasks__C
  00001406    00001406    00000002   00000002    r-- .const:ti_sysbios_family_arm_cc26xx_Timer_Module__id__C
  00001408    00001408    00000002   00000002    r-- .const:ti_sysbios_family_arm_cc26xx_TimestampProvider_useClockTimer__C
  0000140a    0000140a    00000002   00000002    r-- .const:ti_sysbios_family_arm_m3_Hwi_Module__id__C
  0000140c    0000140c    00000002   00000002    r-- .const:ti_sysbios_gates_GateHwi_Module__id__C
  0000140e    0000140e    00000002   00000002    r-- .const:ti_sysbios_gates_GateMutex_Module__id__C
  00001410    00001410    00000002   00000002    r-- .const:ti_sysbios_heaps_HeapMem_Module__id__C
  00001412    00001412    00000002   00000002    r-- .const:ti_sysbios_knl_Task_initStackFlag__C
  00001414    00001414    00000001   00000001    r-- .const:ti_sysbios_knl_Clock_tickMode__C
  00001418    00001418    00000008   00000008    r-- .const:xdc_runtime_Startup_firstFxns__C
  00001420    00001420    00000008   00000008    r-- .const:xdc_runtime_Startup_lastFxns__C
  00001428    00001428    00000004   00000004    r-- .const:xdc_runtime_Assert_E_assertFailed__C
  0000142c    0000142c    00000004   00000004    r-- .const:xdc_runtime_Error_E_memory__C
  00001430    00001430    00000004   00000004    r-- .const:xdc_runtime_Error_policyFxn__C
  00001434    00001434    00000004   00000004    r-- .const:xdc_runtime_IGateProvider_Interface__BASE__C
  00001438    00001438    00000004   00000004    r-- .const:xdc_runtime_IHeap_Interface__BASE__C
  0000143c    0000143c    00000004   00000004    r-- .const:xdc_runtime_IModule_Interface__BASE__C
  00001440    00001440    00000004   00000004    r-- .const:xdc_runtime_Main_Module__diagsEnabled__C
  00001444    00001444    00000004   00000004    r-- .const:xdc_runtime_Main_Module__diagsIncluded__C
  00001448    00001448    00000004   00000004    r-- .const:xdc_runtime_Main_Module__diagsMask__C
  0000144c    0000144c    00000004   00000004    r-- .const:xdc_runtime_Memory_defaultHeapInstance__C
  00001450    00001450    00000004   00000004    r-- .const:xdc_runtime_Startup_execImpl__C
  00001454    00001454    00000004   00000004    r-- .const:xdc_runtime_Startup_maxPasses__C
  00001458    00001458    00000004   00000004    r-- .const:xdc_runtime_Startup_sfxnRts__C
  0000145c    0000145c    00000004   00000004    r-- .const:xdc_runtime_Startup_sfxnTab__C
  00001460    00001460    00000004   00000004    r-- .const:xdc_runtime_Startup_startModsFxn__C
  00001464    00001464    00000004   00000004    r-- .const:xdc_runtime_SysCallback_abortFxn__C
  00001468    00001468    00000004   00000004    r-- .const:xdc_runtime_SysCallback_exitFxn__C
  0000146c    0000146c    00000004   00000004    r-- .const:xdc_runtime_System_abortFxn__C
  00001470    00001470    00000004   00000004    r-- .const:xdc_runtime_System_exitFxn__C
  00001474    00001474    00000004   00000004    r-- .const:xdc_runtime_System_maxAtexitHandlers__C
  00001478    00001478    00000004   00000004    r-- .const:xdc_runtime_Text_charTab__C
  0000147c    0000147c    00000004   00000004    r-- .const:xdc_runtime_Text_nameEmpty__C
  00001480    00001480    00000004   00000004    r-- .const:xdc_runtime_Text_nameStatic__C
  00001484    00001484    00000004   00000004    r-- .const:xdc_runtime_Text_nameUnknown__C
  00001488    00001488    00000002   00000002    r-- .const:xdc_runtime_Main_Module__id__C
  0000148a    0000148a    00000002   00000002    r-- .const:xdc_runtime_Memory_Module__id__C
  0000148c    0000148c    00000002   00000002    r-- .const:xdc_runtime_Text_charCnt__C
  0000148e    0000148e    00000002   00000002    r-- .const:xdc_runtime_Text_isLoaded__C
  00001490    00001490    00000001   00000001    r-- .const:xdc_runtime_Error_policy__C
  00001494    00001494    00000004   00000004    r-- .const:ti_sysbios_rom_ROM_AONRTCChannelEnable
  00001498    00001498    00000004   00000004    r-- .const:ti_sysbios_rom_ROM_AONRTCCompareValueSet
  0000149c    0000149c    00000004   00000004    r-- .const:ti_sysbios_rom_ROM_AONRTCCurrentCompareValueGet
  000014a0    000014a0    00000004   00000004    r-- .const:ti_sysbios_rom_ROM_AONRTCEventClear
  000014a4    000014a4    00000004   00000004    r-- .const:ti_sysbios_rom_ROM_ti_sysbios_family_arm_cc26xx_Timer_getCount64__E
  000014a8    000014a8    00000004   00000004    r-- .const:ti_sysbios_rom_ROM_ti_sysbios_family_arm_cc26xx_Timer_getCurrentTick__E
  000014ac    000014ac    00000004   00000004    r-- .const:ti_sysbios_rom_ROM_ti_sysbios_family_arm_cc26xx_Timer_getMaxTicks__E
  000014b0    000014b0    00000004   00000004    r-- .const:ti_sysbios_rom_ROM_ti_sysbios_family_arm_cc26xx_Timer_initDevice__I
  000014b4    000014b4    00000004   00000004    r-- .const:ti_sysbios_rom_ROM_ti_sysbios_family_arm_cc26xx_Timer_setNextTick__E
  000014b8    000014b8    00000004   00000004    r-- .const:ti_sysbios_rom_ROM_ti_sysbios_family_arm_cc26xx_Timer_setThreshold__I
  000014bc    000014bc    00000004   00000004    r-- .const:ti_sysbios_rom_ROM_ti_sysbios_family_arm_cc26xx_Timer_start__E
  000014c0    000014c0    00000004   00000004    r-- .const:ti_sysbios_rom_ROM_ti_sysbios_family_arm_cc26xx_TimestampProvider_get32__E
  000014c4    000014c4    00000004   00000004    r-- .const:ti_sysbios_rom_ROM_xdc_runtime_Startup_getState__I
  000014c8    000014c8    00000004   00000004    r-- .const:ti_sysbios_rom_ROM_xdc_runtime_System_SupportProxy_abort__E
  000014cc    000014cc    00000004   00000004    r-- .const:ti_sysbios_rom_ROM_xdc_runtime_System_SupportProxy_exit__E
  000014d0    000014d0    00000004   00000004    r-- .const:ti_sysbios_gates_GateMutex_Instance_State_sem__O
  000014d4    000014d4    00000004   00000004    r-- .const:ti_sysbios_knl_Clock_Module_State_clockQ__O
  000014d8    000014d8    00000004   00000004    r-- .const:ti_sysbios_knl_Mailbox_Instance_State_dataQue__O
  000014dc    000014dc    00000004   00000004    r-- .const:ti_sysbios_knl_Mailbox_Instance_State_dataSem__O
  000014e0    000014e0    00000004   00000004    r-- .const:ti_sysbios_knl_Mailbox_Instance_State_freeQue__O
  000014e4    000014e4    00000004   00000004    r-- .const:ti_sysbios_knl_Mailbox_Instance_State_freeSem__O
  000014e8    000014e8    00000004   00000004    r-- .const:ti_sysbios_knl_Semaphore_Instance_State_pendQ__O
  000014ec    000014ec    00000004   00000004    r-- .const:ti_sysbios_knl_Task_Module_State_inactiveQ__O
  000014f0    000014f0    0000aa10   0000aa10    r-x .text
  0000bf00    0000bf00    00004a23   00004a23    r-- .const
0001ffa8    0001ffa8    00000058   00000058    r--
  0001ffa8    0001ffa8    00000058   00000058    r-- .ccfg
20000100    20000100    00000104   00000000    rw-
  20000100    20000100    00000044   00000000    rw- .data:ti_sysbios_knl_Task_Module__state__V
  20000144    20000144    00000034   00000000    rw- .data:ti_sysbios_family_arm_m3_Hwi_Module__state__V
  20000178    20000178    0000002c   00000000    rw- .data:ti_sysbios_knl_Clock_Module__state__V
  200001a4    200001a4    00000024   00000000    rw- .data:ti_sysbios_BIOS_Module__state__V
  200001c8    200001c8    0000001c   00000000    rw- .data:ti_sysbios_knl_Swi_Module__state__V
  200001e4    200001e4    00000008   00000000    rw- .data:ti_sysbios_family_arm_cc26xx_Timer_Module__state__V
  200001ec    200001ec    00000004   00000000    rw- .data:ti_sysbios_family_arm_cc26xx_TimestampProvider_Module__state__V
  200001f0    200001f0    00000008   00000000    rw- .data:xdc_runtime_Startup_Module__state__V
  200001f8    200001f8    00000008   00000000    rw- .data:xdc_runtime_System_Module__state__V
  20000200    20000200    00000004   00000000    rw- .data:xdc_runtime_Memory_Module__state__V
20000280    20000280    00002f74   00000000    rw-
  20000280    20000280    00002f74   00000000    rw- .bss
200031f8    200031f8    00001000   00000000    r--
  200031f8    200031f8    00001000   00000000    r-- .priheap
200041f8    200041f8    00000997   00000000    rw-
  200041f8    200041f8    00000997   00000000    rw- .data
20004c00    20004c00    00000400   00000000    rw-
  20004c00    20004c00    00000400   00000000    rw- .stack


SECTION ALLOCATION MAP

 output                                  attributes/
section   page    origin      length       input sections
--------  ----  ----------  ----------   ----------------
.text      0    000014f0    0000aa10     
                  000014f0    0000044c     rf_multiMode_cc13x0.aem3 : RFCC26XX_multiMode.oem3 (.text:fsmActiveState)
                  0000193c    000003c4     EasyLink.obj (.text:EasyLink_init)
                  00001d00    00000324     rtsv7M3_T_le_eabi.lib : trgdrv.obj (.text)
                  00002024    0000030c     drivers_cc13x0.aem3 : PowerCC26XX_calibrateRCOSC.oem3 (.text:PowerCC26XX_auxISR)
                  00002330    00000248     rtsv7M3_T_le_eabi.lib : vla_alloc.obj (.text)
                  00002578    00000228     driverlib.lib : sys_ctrl.obj (.text:NOROM_SysCtrlSetRechargeBeforePowerDown)
                  000027a0    0000021c     drivers_cc13x0.aem3 : PowerCC26XX.oem3 (.text:Power_sleep)
                  000029bc    00000200     rf_multiMode_cc13x0.aem3 : RFCC26XX_multiMode.oem3 (.text:RF_open)
                  00002bbc    000001f4     rtsv7M3_T_le_eabi.lib : ull_div_t2.obj (.text)
                  00002db0    000001e4     main.obj (.text:LSM9DS1init)
                  00002f94    000001a4     EasyLink.obj (.text:EasyLink_setRfPwr)
                  00003138    0000019c     rf_multiMode_cc13x0.aem3 : RFCC26XX_multiMode.oem3 (.text:fsmSetupState)
                  000032d4    00000190     drivers_cc13x0.aem3 : PowerCC26XX_calibrateRCOSC.oem3 (.text:PowerCC26XX_doCalibrate)
                  00003464    0000018c                         : PINCC26XX.oem3 (.text:PIN_init)
                  000035f0    00000188     EasyLink.obj (.text:rxDoneCallback)
                  00003778    00000180     main.obj (.text:initGyro)
                  000038f8    00000170     EasyLink.obj (.text:EasyLink_receiveAsync)
                  00003a68    00000164     drivers_cc13x0.aem3 : UARTCC26XX.oem3 (.text:UARTCC26XX_open)
                  00003bcc    00000158     rf_multiMode_cc13x0.aem3 : RFCC26XX_multiMode.oem3 (.text:RF_postCmd)
                  00003d24    00000154     drivers_cc13x0.aem3 : I2CCC26XX.oem3 (.text:I2CCC26XX_open)
                  00003e78    00000154     rf_multiMode_cc13x0.aem3 : RFCC26XX_multiMode.oem3 (.text:radioOpDoneCb)
                  00003fcc    00000150                              : RFCC26XX_multiMode.oem3 (.text:abortCmd)
                  0000411c    00000150     smartrf_settings_predefined.obj (.text:rf_patch_mce_genook)
                  0000426c    00000148     rf_multiMode_cc13x0.aem3 : RFCC26XX_multiMode.oem3 (.text:fsmChangePhyState)
                  000043b4    0000013c     EasyLink.obj (.text:EasyLink_transmit)
                  000044f0    00000138     hello_pem3.oem3 (.text:ti_uia_loggers_LoggerStopMode_writeMemoryRange__E)
                  00004628    00000134     main.obj (.text:initAccel)
                  0000475c    00000130     driverlib.lib : setup_rom.obj (.text:NOROM_SetupAfterColdResetWakeupFromShutDownCfg3)
                  0000488c    0000012c     drivers_cc13x0.aem3 : PowerCC26XX.oem3 (.text:Power_init)
                  000049b8    00000128     smartrf_settings.obj (.text:rf_patch_rfe_genfsk)
                  00004ae0    00000128     smartrf_settings_predefined.obj (.text:rf_patch_rfe_genfsk)
                  00004c08    00000128     smartrf_settings_predefined.obj (.text:rf_patch_rfe_lrm)
                  00004d30    00000128     smartrf_settings_predefined.obj (.text:rf_patch_rfe_sl_longrange)
                  00004e58    00000120     main.obj (.text:rxDoneCb)
                  00004f78    0000011c     rf_multiMode_cc13x0.aem3 : RFCC26XX_multiMode.oem3 (.text:RF_close)
                  00005094    00000118     drivers_cc13x0.aem3 : UARTCC26XX.oem3 (.text:UARTCC26XX_read)
                  000051ac    00000118     main.obj (.text:initMag)
                  000052c4    00000114     smartrf_settings_predefined.obj (.text:rf_patch_mce_hsp_4mbps)
                  000053d8    00000110     drivers_cc13x0.aem3 : I2CCC26XX.oem3 (.text:I2CCC26XX_hwiFxn)
                  000054e8    0000010c     hello_pem3.oem3 (.text:ti_uia_loggers_LoggerStopMode_write8__E)
                  000055f4    0000010a     drivers_cc13x0.aem3 : UARTCC26XX.oem3 (.text:UARTCC26XX_hwiIntFxn)
                  000056fe    00000002                         : PWMTimerCC26XX.oem3 (.text:PWMTimerCC26XX_init)
                  00005700    00000108     rf_multiMode_cc13x0.aem3 : RFCC26XX_multiMode.oem3 (.text:fsmPowerUpState)
                  00005808    00000108                              : RFCC26XX_multiMode.oem3 (.text:hwiFxnCpe0Active)
                  00005910    000000fc     drivers_cc13x0.aem3 : UARTCC26XX.oem3 (.text:UARTCC26XX_write)
                  00005a0c    000000fc     main.obj (.text:adcTaskFunc)
                  00005b08    000000fc     main.obj (.text:gpsFunc)
                  00005c04    000000f8     main.obj (.text:semaphoreSetup)
                  00005cfc    000000f4     hello_pem3.oem3 (.text:ti_uia_loggers_LoggerStopMode_write4__E)
                  00005df0    000000f0     driverlib.lib : setup_rom.obj (.text:NOROM_SetupAfterColdResetWakeupFromShutDownCfg2)
                  00005ee0    000000ec     drivers_cc13x0.aem3 : PWMTimerCC26XX.oem3 (.text:PWMTimerCC26XX_open)
                  00005fcc    000000ec     main.obj (.text:txDataTaskFunc)
                  000060b8    000000e8     hello_pem3.oem3 (.text:ti_uia_loggers_LoggerStopMode_write1__E)
                  000061a0    000000e8     hello_pem3.oem3 (.text:ti_uia_loggers_LoggerStopMode_write2__E)
                  00006288    000000dc     driverlib.lib : rfc.obj (.text:NOROM_RFCOverrideUpdate)
                  00006364    000000dc     drivers_cc13x0.aem3 : PINCC26XX.oem3 (.text:PINCC26XX_setIoCfg)
                  00006440    000000d8     EasyLink.obj (.text:EasyLink_enableRxAddrFilter)
                  00006518    000000d8     smartrf_settings_predefined.obj (.text:rf_patch_rfe_genook)
                  000065f0    000000d8     smartrf_settings_predefined.obj (.text:rf_patch_rfe_hsp_4mbps)
                  000066c8    000000d8     hello_pem3.oem3 (.text:ti_uia_loggers_LoggerStopMode_write0__E)
                  000067a0    000000d4     driverlib.lib : rfc.obj (.text:NOROM_RFCRfTrimRead)
                  00006874    000000d0     dpl_cc13x0.aem3 : PowerCC26XX_tirtos.oem3 (.text:PowerCC26XX_standbyPolicy)
                  00006944    000000c4     drivers_cc13x0.aem3 : ADCCC26XX.oem3 (.text:ADCCC26XX_convert)
                  00006a08    000000c4     driverlib.lib : setup.obj (.text:TrimAfterColdResetWakeupFromShutDown)
                  00006acc    000000c4     smartrf_settings_predefined.obj (.text:rf_patch_mce_sl_longrange)
                  00006b90    000000c4     main.obj (.text:rxBeaconFunc)
                  00006c54    000000c0     drivers_cc13x0.aem3 : I2CCC26XX.oem3 (.text:I2CCC26XX_transfer)
                  00006d14    000000c0     driverlib.lib : aux_adc.obj (.text:NOROM_AUXADCEnableSync)
                  00006dd4    000000bc     drivers_cc13x0.aem3 : GPTimerCC26XX.oem3 (.text:GPTimerCC26XX_open)
                  00006e90    000000bc     main.obj (.text:I2CreadBytes)
                  00006f4c    000000bc     drivers_cc13x0.aem3 : PowerCC26XX.oem3 (.text:Power_releaseDependency)
                  00007008    000000bc                         : UARTCC26XX.oem3 (.text:UARTCC26XX_initHw)
                  000070c4    000000b4                         : PowerCC26XX.oem3 (.text:Power_setDependency)
                  00007178    000000ac     main.obj (.text:pwmTaskFunc)
                  00007224    000000a8     driverlib.lib : setup.obj (.text:NOROM_SetupTrimDevice)
                  000072cc    000000a4                   : setup_rom.obj (.text:NOROM_SetupAfterColdResetWakeupFromShutDownCfg1)
                  00007370    000000a4     rf_multiMode_cc13x0.aem3 : RFCC26XX_multiMode.oem3 (.text:RF_dispatchCmd)
                  00007414    000000a0     drivers_cc13x0.aem3 : GPTimerCC26XX.oem3 (.text:GPTimerCC26XX_close)
                  000074b4    000000a0     auto_init.aem3 : auto_init.oem3 (.text)
                  00007554    0000009c     rf_multiMode_cc13x0.aem3 : RFCC26XX_multiMode.oem3 (.text:RF_issueRadioFreeCb)
                  000075f0    0000009c     drivers_cc13x0.aem3 : WatchdogCC26XX.oem3 (.text:WatchdogCC26XX_open)
                  0000768c    0000009c     rf_multiMode_cc13x0.aem3 : RFCC26XX_multiMode.oem3 (.text:hwiFxnCpe0PowerFsm)
                  00007728    0000009c     rtsv7M3_T_le_eabi.lib : memcpy_t2.obj (.text)
                  000077c4    0000009c     rf_multiMode_cc13x0.aem3 : RFCC26XX_multiMode.oem3 (.text:swiFxnHw)
                  00007860    00000098     drivers_cc13x0.aem3 : PINCC26XX.oem3 (.text:PIN_open)
                  000078f8    00000098                         : UARTCC26XX.oem3 (.text:UARTCC26XX_initIO)
                  00007990    00000098     rom_sysbios.aem3 : rom_sysbios.obj (.text:ti_sysbios_knl_Clock_workFuncDynamic__E)
                  00007a28    00000094     EasyLink.obj (.text:EasyLink_abort)
                  00007abc    00000094     driverlib.lib : aux_adc.obj (.text:NOROM_AUXADCDisable)
                  00007b50    00000094     main.obj (.text:readAccel)
                  00007be4    00000094     main.obj (.text:readGyro)
                  00007c78    00000094     drivers_cc13x0.aem3 : UARTCC26XX.oem3 (.text:writeFinishedDoCallback)
                  00007d0c    00000090                         : I2CCC26XX.oem3 (.text:I2CCC26XX_cancel)
                  00007d9c    00000090     ti.uia.loggers.aem3 : LoggerStopMode.oem3 (.text:ti_uia_loggers_LoggerStopMode_initQueueDescriptor__E)
                  00007e2c    0000008c     drivers_cc13x0.aem3 : I2CCC26XX.oem3 (.text:I2CCC26XX_primeTransfer)
                  00007eb8    0000008c     rf_multiMode_cc13x0.aem3 : RFCC26XX_multiMode.oem3 (.text:RF_pendCmd)
                  00007f44    0000008c     drivers_cc13x0.aem3 : UARTCC26XX.oem3 (.text:UARTCC26XX_close)
                  00007fd0    0000008c                         : UARTCC26XX.oem3 (.text:UARTCC26XX_writeCancel)
                  0000805c    00000088                         : ADCCC26XX.oem3 (.text:ADCCC26XX_open)
                  000080e4    00000088                         : PowerCC26XX.oem3 (.text:disableLFClockQualifiers)
                  0000816c    00000084                         : PowerCC26XX.oem3 (.text:switchXOSCHFclockFunc)
                  000081f0    00000080                         : PWMTimerCC26XX.oem3 (.text:PWMTimerCC26XX_setPeriod)
                  00008270    00000080     main.obj (.text:magTaskFunc)
                  000082f0    0000007c     main.obj (.text:clockSetup)
                  0000836c    0000007c     main.obj (.text:constrainScales)
                  000083e8    0000007a     rtsv7M3_T_le_eabi.lib : memset_t2.obj (.text)
                  00008462    00000002     drivers_cc13x0.aem3 : WatchdogCC26XX.oem3 (.text:WatchdogCC26XX_close)
                  00008464    00000078     main.obj (.text:LSM9DS1begin)
                  000084dc    00000078     main.obj (.text:pinCallback)
                  00008554    00000078     main.obj (.text:pwmSetup)
                  000085cc    00000078     drivers_cc13x0.aem3 : UARTCC26XX.oem3 (.text:writeTxFifoFlush)
                  00008644    00000074     driverlib.lib : setup_rom.obj (.text:NOROM_SetupSetVddrLevel)
                  000086b8    00000074     main.obj (.text:configInt)
                  0000872c    00000074     rom_sysbios.aem3 : rom_sysbios.obj (.text:ti_sysbios_family_arm_cc26xx_Timer_start__E)
                  000087a0    00000074     ti.uia.runtime.aem3 : QueueDescriptor.oem3 (.text:ti_uia_runtime_QueueDescriptor_addToList__E)
                  00008814    0000006c     drivers_cc13x0.aem3 : PowerCC26XX_calibrateRCOSC.oem3 (.text:PowerCC26XX_initiateCalibration)
                  00008880    00000068                         : I2CCC26XX.oem3 (.text:I2CCC26XX_close)
                  000088e8    00000068     main.obj (.text:I2CreadByte)
                  00008950    00000068     main.obj (.text:I2CwriteByte)
                  000089b8    00000068     driverlib.lib : setup_rom.obj (.text:NOROM_SetupGetTrimForAmpcompCtrl)
                  00008a20    00000068                   : setup_rom.obj (.text:NOROM_SetupGetTrimForAnabypassValue1)
                  00008a88    00000068                   : sys_ctrl.obj (.text:NOROM_SysCtrl_DCDC_VoltageConditionalControl)
                  00008af0    00000068     drivers_cc13x0.aem3 : UARTCC26XX.oem3 (.text:UARTCC26XX_readCancel)
                  00008b58    00000068     rtsv7M3_T_le_eabi.lib : copy_decompress_lzss.obj (.text:decompress:lzss)
                  00008bc0    00000068     rf_multiMode_cc13x0.aem3 : RFCC26XX_multiMode.oem3 (.text:flushPendCmd)
                  00008c28    00000068                              : RFCC26XX_multiMode.oem3 (.text:fsmXOSCState)
                  00008c90    00000068     rtsv7M3_T_le_eabi.lib : trgmsg.obj (.text)
                  00008cf8    00000066     ti.uia.loggers.aem3 : LoggerStopMode.oem3 (.text:ti_uia_loggers_LoggerStopMode_flush__E)
                  00008d5e    00000002     rf_multiMode_cc13x0.aem3 : RFCC26XX_multiMode.oem3 (.text:defaultCallback)
                  00008d60    00000064     driverlib.lib : osc.obj (.text:NOROM_OSCHF_AttemptToSwitchToXosc)
                  00008dc4    00000064     drivers_cc13x0.aem3 : PINCC26XX.oem3 (.text:PIN_add)
                  00008e28    00000064                         : PowerCC26XX.oem3 (.text:configureXOSCHF)
                  00008e8c    00000064     rf_multiMode_cc13x0.aem3 : RFCC26XX_multiMode.oem3 (.text:dispatchOpWhen)
                  00008ef0    00000064     rom_sysbios.aem3 : rom_sysbios.obj (.text:ti_sysbios_heaps_HeapMem_initPrimary__I)
                  00008f54    00000062     rf_multiMode_cc13x0.aem3 : RFCC26XX_multiMode.oem3 (.text:syncCb)
                  00008fb6    00000002     drivers_cc13x0.aem3 : PowerCC26XX.oem3 (.text:emptyClockFunc)
                  00008fb8    00000060     driverlib.lib : osc.obj (.text:NOROM_OSCClockSourceSet)
                  00009018    00000060     drivers_cc13x0.aem3 : UARTCC26XX.oem3 (.text:UARTCC26XX_control)
                  00009078    00000060     smartrf_settings.obj (.text:configureGenfskPatch)
                  000090d8    00000060     smartrf_settings_predefined.obj (.text:configureGenfskPatch)
                  00009138    00000060     smartrf_settings_predefined.obj (.text:configureGenookPatch)
                  00009198    00000060     smartrf_settings_predefined.obj (.text:configureLrmPatch)
                  000091f8    00000060     smartrf_settings_predefined.obj (.text:configureSl_longrangePatch)
                  00009258    0000005c     driverlib.lib : sys_ctrl.obj (.text:NOROM_SysCtrlAdjustRechargeAfterPowerDown)
                  000092b4    0000005c     drivers_cc13x0.aem3 : PowerCC26XX_calibrateRCOSC.oem3 (.text:PowerCC26XX_RCOSC_clockFunc)
                  00009310    0000005c                         : PowerCC26XX.oem3 (.text:PowerCC26XX_calibrate)
                  0000936c    0000005c     main.obj (.text:createRFRXTasks)
                  000093c8    0000005c     rf_multiMode_cc13x0.aem3 : RFCC26XX_multiMode.oem3 (.text:ratChanFree)
                  00009424    0000005c     hello_pem3.oem3 (.text:xdc_runtime_Startup_getState__I)
                  00009480    00000058     drivers_cc13x0.aem3 : GPTimerCC26XX.oem3 (.text:GPTimerCC26XX_stop)
                  000094d8    00000058                         : I2CCC26XX.oem3 (.text:I2CCC26XX_swiFxn)
                  00009530    00000058                         : PINCC26XX.oem3 (.text:PIN_remove)
                  00009588    00000058     rf_multiMode_cc13x0.aem3 : RFCC26XX_multiMode.oem3 (.text:applyRfCorePatch)
                  000095e0    00000058     main.obj (.text:clk1Fxn)
                  00009638    00000054     rf_multiMode_cc13x0.aem3 : RFCC26XX_multiMode.oem3 (.text:RF_getCurrentTime)
                  0000968c    00000054     main.obj (.text:calcaRes)
                  000096e0    00000054     main.obj (.text:calcmRes)
                  00009734    00000054     rf_multiMode_cc13x0.aem3 : RFCC26XX_multiMode.oem3 (.text:hwiFxnHw)
                  00009788    00000054     rtsv7M3_T_le_eabi.lib : exit.obj (.text)
                  000097dc    00000050     driverlib.lib : setup_rom.obj (.text:NOROM_SetupSetCacheModeAccordingToCcfgSetting)
                  0000982c    00000050     main.obj (.text:main)
                  0000987c    00000050     main.obj (.text:readMag)
                  000098cc    00000050     drivers_cc13x0.aem3 : UARTCC26XX.oem3 (.text:startTxFifoEmptyClk)
                  0000991c    0000004c                         : GPTimerCC26XX.oem3 (.text:GPTimerCC26XX_start)
                  00009968    0000004c                         : I2CCC26XX.oem3 (.text:I2CCC26XX_initHw)
                  000099b4    0000004c                         : PWMTimerCC26XX.oem3 (.text:PWMTimerCC26XX_getdutyCounts)
                  00009a00    0000004c     rf_multiMode_cc13x0.aem3 : RFCC26XX_multiMode.oem3 (.text:RF_wakeupNotifyFxn)
                  00009a4c    0000004c     rtsv7M3_T_le_eabi.lib : cpy_tbl.obj (.text)
                  00009a98    0000004c     ti.uia.loggers.aem3 : LoggerStopMode.oem3 (.text:ti_uia_loggers_LoggerStopMode_Module_startup__E)
                  00009ae4    00000048     dpl_cc13x0.aem3 : ClockP_tirtos.oem3 (.text:ClockP_construct)
                  00009b2c    00000048     drivers_cc13x0.aem3 : PINCC26XX.oem3 (.text:PIN_setOutputEnable)
                  00009b74    00000048     main.obj (.text:calcgRes)
                  00009bbc    00000044     drivers_cc13x0.aem3 : PINCC26XX.oem3 (.text:PIN_swi)
                  00009c00    00000044     rf_multiMode_cc13x0.aem3 : RFCC26XX_multiMode.oem3 (.text:RF_releasePowerConstraint)
                  00009c44    00000044     drivers_cc13x0.aem3 : RingBuf.oem3 (.text:RingBuf_put)
                  00009c88    00000044     main.obj (.text:adcSetup)
                  00009ccc    00000044     boot.aem3 : boot.oem3 (.text)
                  00009d10    00000044     drivers_cc13x0.aem3 : PowerCC26XX.oem3 (.text:notify)
                  00009d54    00000044     ti.uia.loggers.aem3 : LoggerStopMode.oem3 (.text:ti_uia_loggers_LoggerStopMode_initBuffer__I)
                  00009d98    00000044     rom_sysbios.aem3 : rom_sysbios.obj (.text:xdc_runtime_SysMin_flush__E)
                  00009ddc    00000040     drivers_cc13x0.aem3 : ADCCC26XX.oem3 (.text:ADCCC26XX_convertToMicroVolts)
                  00009e1c    00000040                         : ADC.oem3 (.text:ADC_init)
                  00009e5c    00000040                         : ADC.oem3 (.text:ADC_open)
                  00009e9c    00000040     dpl_cc13x0.aem3 : HwiP_tirtos.oem3 (.text:HwiP_construct)
                  00009edc    00000040     drivers_cc13x0.aem3 : I2C.oem3 (.text:I2C_init)
                  00009f1c    00000040                         : I2C.oem3 (.text:I2C_open)
                  00009f5c    00000040                         : PWMTimerCC26XX.oem3 (.text:PWMTimerCC26XX_setDuty)
                  00009f9c    00000040                         : PWM.oem3 (.text:PWM_init)
                  00009fdc    00000040                         : PWM.oem3 (.text:PWM_open)
                  0000a01c    00000040                         : UART.oem3 (.text:UART_init)
                  0000a05c    00000040                         : UART.oem3 (.text:UART_open)
                  0000a09c    00000040                         : Watchdog.oem3 (.text:Watchdog_init)
                  0000a0dc    00000040                         : Watchdog.oem3 (.text:Watchdog_open)
                  0000a11c    00000040     main.obj (.text:accelTaskFunc)
                  0000a15c    00000040     main.obj (.text:gyroTaskFunc)
                  0000a19c    00000040     rom_sysbios.aem3 : rom_sysbios.obj (.text:ti_sysbios_family_arm_cc26xx_Timer_setThreshold__I)
                  0000a1dc    0000003e     drivers_cc13x0.aem3 : RingBuf.oem3 (.text:RingBuf_get)
                  0000a21a    0000003e     hello_pem3.oem3 (.text:realloc)
                  0000a258    0000003c     drivers_cc13x0.aem3 : ADCCC26XX.oem3 (.text:ADCCC26XX_close)
                  0000a294    0000003c     driverlib.lib : chipinfo.obj (.text:NOROM_ChipInfo_GetHwRevision)
                  0000a2d0    0000003c                   : osc.obj (.text:NOROM_OSC_HPOSCRelativeFrequencyOffsetGet)
                  0000a30c    0000003c                   : rfc.obj (.text:NOROM_RFCSynthPowerDown)
                  0000a348    0000003c     drivers_cc13x0.aem3 : PowerCC26XX.oem3 (.text:PowerCC26XX_isStableXOSC_HF)
                  0000a384    0000003c                         : PowerCC26XX.oem3 (.text:PowerCC26XX_switchXOSC_HF)
                  0000a3c0    0000003c     rf_multiMode_cc13x0.aem3 : RFCC26XX_multiMode.oem3 (.text:RF_runCmd)
                  0000a3fc    0000003c     dpl_cc13x0.aem3 : SwiP_tirtos.oem3 (.text:SwiP_construct)
                  0000a438    0000003c     rom_sysbios.aem3 : rom_sysbios.obj (.text:ti_sysbios_family_arm_m3_Hwi_construct2__E)
                  0000a474    00000038     drivers_cc13x0.aem3 : PINCC26XX.oem3 (.text:PIN_setOutputValue)
                  0000a4ac    00000038     rf_multiMode_cc13x0.aem3 : RFCC26XX_multiMode.oem3 (.text:Q_end)
                  0000a4e4    00000038                              : RFCC26XX_multiMode.oem3 (.text:RF_checkCmdFsError)
                  0000a51c    00000038     drivers_cc13x0.aem3 : UARTCC26XX.oem3 (.text:UARTCC26XX_swiIntFxn)
                  0000a554    00000038     main.obj (.text:createADCTask)
                  0000a58c    00000038     main.obj (.text:createAccelTask)
                  0000a5c4    00000038     main.obj (.text:createGPSTask)
                  0000a5fc    00000038     main.obj (.text:createGyroTask)
                  0000a634    00000038     main.obj (.text:createMagTask)
                  0000a66c    00000038     main.obj (.text:createPWMTask)
                  0000a6a4    00000038     main.obj (.text:createRFTXTasks)
                  0000a6dc    00000038     main.obj (.text:pinSetup)
                  0000a714    00000038     drivers_cc13x0.aem3 : UARTCC26XX.oem3 (.text:readData)
                  0000a74c    00000038     rom_sysbios.aem3 : rom_sysbios.obj (.text:ti_sysbios_family_arm_cc26xx_Timer_getCurrentTick__E)
                  0000a784    00000038     drivers_cc13x0.aem3 : UARTCC26XX.oem3 (.text:writeData)
                  0000a7bc    00000038     rom_sysbios.aem3 : rom_sysbios.obj (.text:xdc_runtime_SysMin_putch__E)
                  0000a7f4    00000034     drivers_cc13x0.aem3 : GPTimerCC26XX.oem3 (.text:GPTimerCC26XXSetLoadMatch)
                  0000a828    00000034     driverlib.lib : aux_adc.obj (.text:NOROM_AUXADCDisableInputScaling)
                  0000a85c    00000034                   : osc.obj (.text:NOROM_OSCHF_SwitchToRcOscTurnOffXosc)
                  0000a890    00000034     drivers_cc13x0.aem3 : PINCC26XX.oem3 (.text:PIN_setConfig)
                  0000a8c4    00000034                         : PowerCC26XX.oem3 (.text:Power_releaseConstraint)
                  0000a8f8    00000034     rf_multiMode_cc13x0.aem3 : RFCC26XX_multiMode.oem3 (.text:Q_push)
                  0000a92c    00000034     rom_sysbios.aem3 : rom_sysbios.obj (.text:ti_sysbios_family_arm_cc26xx_Timer_initDevice__I)
                  0000a960    00000034     ti.uia.loggers.aem3 : LoggerStopMode.oem3 (.text:ti_uia_loggers_LoggerStopMode_reset__E)
                  0000a994    00000034     main.obj (.text:wdtSetup)
                  0000a9c8    00000032     rom_sysbios.aem3 : rom_sysbios.obj (.text:ti_sysbios_family_arm_cc26xx_Timer_setNextTick__E)
                  0000a9fa    00000002     smartrf_settings.obj (.text:enterGenfskSysPatch)
                  0000a9fc    00000030     drivers_cc13x0.aem3 : GPTimerCC26XX.oem3 (.text:GPTimerCC26XX_configureDebugStall)
                  0000aa2c    00000030     driverlib.lib : chipinfo.obj (.text:NOROM_ChipInfo_GetChipType)
                  0000aa5c    00000030                   : setup_rom.obj (.text:NOROM_SetupSetAonRtcSubSecInc)
                  0000aa8c    00000030     drivers_cc13x0.aem3 : PowerCC26XX.oem3 (.text:Power_setConstraint)
                  0000aabc    00000030     driverlib.lib : adi.obj (.text:SafeHapiAuxAdiSelect)
                  0000aaec    00000030     drivers_cc13x0.aem3 : WatchdogCC26XX.oem3 (.text:WatchdogCC26XX_setReload)
                  0000ab1c    00000030     rf_multiMode_cc13x0.aem3 : RFCC26XX_multiMode.oem3 (.text:clkPowerUpFxn)
                  0000ab4c    00000030     main.obj (.text:initI2C)
                  0000ab7c    00000030     drivers_cc13x0.aem3 : UARTCC26XX.oem3 (.text:readData2RingBuf)
                  0000abac    00000030     main.obj (.text:rxRestartFunc)
                  0000abdc    00000030     hello_pem3.oem3 (.text:ti_sysbios_BIOS_atExitFunc__I)
                  0000ac0c    00000030     hello_pem3.oem3 (.text:ti_sysbios_BIOS_startFunc__I)
                  0000ac3c    00000030     hello_pem3.oem3 (.text:ti_uia_loggers_LoggerStopMode_Object__create__S)
                  0000ac6c    00000030     rom_sysbios.aem3 : rom_sysbios.obj (.text:xdc_runtime_SysMin_abort__E)
                  0000ac9c    0000002e     hello_pem3.oem3 (.text:ti_sysbios_rts_gnu_MemAlloc_alloc)
                  0000acca    00000002     smartrf_settings_predefined.obj (.text:enterGenfskSysPatch)
                  0000accc    0000002c     driverlib.lib : ddi.obj (.text:NOROM_DDI32RegWrite)
                  0000acf8    0000002c                   : osc.obj (.text:NOROM_OSCClockSourceGet)
                  0000ad24    0000002c                   : rfc.obj (.text:NOROM_RFCCPEPatchReset)
                  0000ad50    0000002c                   : setup_rom.obj (.text:NOROM_SetupGetTrimForRadcExtCfg)
                  0000ad7c    0000002c     drivers_cc13x0.aem3 : PINCC26XX.oem3 (.text:PINCC26XX_setMux)
                  0000ada8    0000002c                         : PWMTimerCC26XX.oem3 (.text:PWMTimerCC26XX_close)
                  0000add4    0000002c     dpl_cc13x0.aem3 : SemaphoreP_tirtos.oem3 (.text:SemaphoreP_constructBinary)
                  0000ae00    0000002c     rf_multiMode_cc13x0.aem3 : RFCC26XX_multiMode.oem3 (.text:getCmd)
                  0000ae2c    0000002c     rom_sysbios.aem3 : rom_sysbios.obj (.text:ti_sysbios_knl_Clock_getTicksUntilInterrupt__E)
                  0000ae58    0000002a     display.aem3 : Display.oem3 (.text:Display_doPrintf)
                  0000ae82    0000002a     rom_sysbios.aem3 : rom_sysbios.obj (.text:ti_sysbios_knl_Clock_getTimeout__E)
                  0000aeac    00000028     driverlib.lib : aon_batmon.obj (.text:NOROM_AONBatMonTemperatureGetDegC)
                  0000aed4    00000028     drivers_cc13x0.aem3 : PowerCC26XX.oem3 (.text:Power_registerNotify)
                  0000aefc    00000028     driverlib.lib : adi.obj (.text:SafeHapiVoid)
                  0000af24    00000028     drivers_cc13x0.aem3 : WatchdogCC26XX.oem3 (.text:WatchdogCC26XX_convertMsToTicks)
                  0000af4c    00000028     main.obj (.text:clk0Fxn)
                  0000af74    00000024     driverlib.lib : rfc.obj (.text:NOROM_RFCDoorbellSendTo)
                  0000af98    00000024     drivers_cc13x0.aem3 : PINCC26XX.oem3 (.text:PINCC26XX_getPinCount)
                  0000afbc    00000024                         : PWMTimerCC26XX.oem3 (.text:PWMTimerCC26XX_start)
                  0000afe0    00000024     rf_multiMode_cc13x0.aem3 : RFCC26XX_multiMode.oem3 (.text:allocCmd)
                  0000b004    00000024     main.obj (.text:mReadBytes)
                  0000b028    00000024     hello_pem3.oem3 (.text:ti_sysbios_BIOS_registerRTSLock__I)
                  0000b04c    00000024     hello_pem3.oem3 (.text:ti_sysbios_BIOS_removeRTSLock__I)
                  0000b070    00000024     rom_sysbios.aem3 : rom_sysbios.obj (.text:ti_sysbios_family_arm_cc26xx_Timer_getMaxTicks__E)
                  0000b094    00000024     main.obj (.text:xgReadBytes)
                  0000b0b8    00000022     drivers_cc13x0.aem3 : List.oem3 (.text:List_put)
                  0000b0da    00000022     driverlib.lib : aux_adc.obj (.text:NOROM_AUXADCAdjustValueForGainAndOffset)
                  0000b0fc    00000022     hello_pem3.oem3 (.text:xdc_runtime_SysMin_output__I)
                  0000b11e    00000002     smartrf_settings_predefined.obj (.text:enterGenookSysPatch)
                  0000b120    00000020     driverlib.lib : rfc.obj (.text:NOROM_RFCAdi3VcoLdoVoltageMode)
                  0000b140    00000020                   : setup_rom.obj (.text:NOROM_SetupGetTrimForXoscHfCtl)
                  0000b160    00000020     drivers_cc13x0.aem3 : PWMTimerCC26XX.oem3 (.text:PWMTimerCC26XX_stop)
                  0000b180    00000020     dpl_cc13x0.aem3 : PowerCC26XX_tirtos.oem3 (.text:PowerCC26XX_schedulerDisable)
                  0000b1a0    00000020                     : PowerCC26XX_tirtos.oem3 (.text:PowerCC26XX_schedulerRestore)
                  0000b1c0    00000020     drivers_cc13x0.aem3 : PowerCC26XX.oem3 (.text:Power_unregisterNotify)
                  0000b1e0    00000020     main.obj (.text:Serial_RxDataCallback)
                  0000b200    00000020     main.obj (.text:mWriteByte)
                  0000b220    00000020     hello_pem3.oem3 (.text:ti_sysbios_BIOS_rtsLock__I)
                  0000b240    00000020     rom_sysbios.aem3 : rom_sysbios.obj (.text:ti_sysbios_family_arm_cc26xx_Timer_dynamicStub__E)
                  0000b260    00000020                      : rom_sysbios.obj (.text:ti_sysbios_knl_Clock_stop__E)
                  0000b280    00000020     hello_pem3.oem3 (.text:ti_uia_loggers_LoggerStopMode_Object__delete__S)
                  0000b2a0    00000020     rom_sysbios.aem3 : rom_sysbios.obj (.text:xdc_runtime_SysMin_Module_startup__E)
                  0000b2c0    00000020     main.obj (.text:xgWriteByte)
                  0000b2e0    0000001e     drivers_cc13x0.aem3 : PINCC26XX.oem3 (.text:PIN_close)
                  0000b2fe    0000001e                         : PowerCC26XX.oem3 (.text:Power_getTransitionLatency)
                  0000b31c    0000001c     driverlib.lib : aux_adc.obj (.text:NOROM_AUXADCGetAdjustmentGain)
                  0000b338    0000001c                   : chipinfo.obj (.text:NOROM_ChipInfo_GetChipFamily)
                  0000b354    0000001c                   : setup_rom.obj (.text:NOROM_SetupGetTrimForAmpcompTh2)
                  0000b370    0000001c                   : setup_rom.obj (.text:NOROM_SetupGetTrimForRcOscLfRtuneCtuneTrim)
                  0000b38c    0000001c     drivers_cc13x0.aem3 : PINCC26XX.oem3 (.text:PINCC26XX_setIoCfgMux)
                  0000b3a8    0000001c                         : PINCC26XX.oem3 (.text:PIN_hwi)
                  0000b3c4    0000001c     rf_multiMode_cc13x0.aem3 : RFCC26XX_multiMode.oem3 (.text:RF_setPowerConstraint)
                  0000b3e0    0000001c                              : RFCC26XX_multiMode.oem3 (.text:clkInactivityFxn)
                  0000b3fc    0000001c     smartrf_settings.obj (.text:enterGenfskCpePatch)
                  0000b418    0000001c     smartrf_settings_predefined.obj (.text:enterGenfskCpePatch)
                  0000b434    0000001c     smartrf_settings_predefined.obj (.text:enterGenookCpePatch)
                  0000b450    0000001c     smartrf_settings_predefined.obj (.text:enterLrmCpePatch)
                  0000b46c    0000001c     smartrf_settings_predefined.obj (.text:enterSl_longrangeCpePatch)
                  0000b488    0000001c     rf_multiMode_cc13x0.aem3 : RFCC26XX_multiMode.oem3 (.text:hwiFxnCpe0ChangePhy)
                  0000b4a4    0000001c     rom_sysbios.aem3 : rom_sysbios.obj (.text:ti_sysbios_knl_Swi_construct2__E)
                  0000b4c0    0000001c     ti.uia.loggers.aem3 : LoggerStopMode.oem3 (.text:ti_uia_loggers_LoggerStopMode_Instance_init__E)
                  0000b4dc    0000001c     rom_sysbios.aem3 : rom_sysbios.obj (.text:xdc_runtime_SysMin_exit__E)
                  0000b4f8    0000001a     drivers_cc13x0.aem3 : PWMTimerCC26XX.oem3 (.text:PWMTimerCC26XX_control)
                  0000b512    00000002     smartrf_settings_predefined.obj (.text:enterLrmSysPatch)
                  0000b514    00000018     CC1310_LAUNCHXL.obj (.text:CC1310_LAUNCHXL_initGeneral)
                  0000b52c    00000018     driverlib.lib : aon_rtc.obj (.text:NOROM_AONRTCCurrentCompareValueGet)
                  0000b544    00000018                   : aux_adc.obj (.text:NOROM_AUXADCGetAdjustmentOffset)
                  0000b55c    00000018                   : chipinfo.obj (.text:NOROM_ChipInfo_GetPackageType)
                  0000b574    00000018                   : osc.obj (.text:NOROM_OSCHF_TurnOnXosc)
                  0000b58c    00000018                   : rfc.obj (.text:NOROM_RFCCpeIntGetAndClear)
                  0000b5a4    00000018                   : setup_rom.obj (.text:NOROM_SetupGetTrimForAdcShModeEn)
                  0000b5bc    00000018                   : setup_rom.obj (.text:NOROM_SetupGetTrimForAdcShVbufEn)
                  0000b5d4    00000018                   : setup_rom.obj (.text:NOROM_SetupGetTrimForAmpcompTh1)
                  0000b5ec    00000018                   : setup_rom.obj (.text:NOROM_SetupGetTrimForDblrLoopFilterResetVoltage)
                  0000b604    00000018                   : setup_rom.obj (.text:NOROM_SetupGetTrimForRcOscLfIBiasTrim)
                  0000b61c    00000018                   : setup_rom.obj (.text:NOROM_SetupGetTrimForXoscLfRegulatorAndCmirrwrRatio)
                  0000b634    00000018     drivers_cc13x0.aem3 : PowerCC26XX.oem3 (.text:Power_idleFunc)
                  0000b64c    00000018                         : UARTCC26XX.oem3 (.text:UARTCC26XX_init)
                  0000b664    00000018                         : UART.oem3 (.text:UART_Params_init)
                  0000b67c    00000018                         : PowerCC26XX.oem3 (.text:configureRFCoreClocks)
                  0000b694    00000018     hello_pem3.oem3 (.text:free)
                  0000b6ac    00000018     main.obj (.text:mReadByte)
                  0000b6c4    00000018     rtsv7M3_T_le_eabi.lib : args_main.obj (.text)
                  0000b6dc    00000018                           : ll_mul_t2.obj (.text)
                  0000b6f4    00000018     rf_multiMode_cc13x0.aem3 : RFCC26XX_multiMode.oem3 (.text:swiFxnFsm)
                  0000b70c    00000018     hello_pem3.oem3 (.text:ti_sysbios_BIOS_rtsUnlock__I)
                  0000b724    00000018     rom_sysbios.aem3 : rom_sysbios.obj (.text:ti_sysbios_knl_Swi_or__E)
                  0000b73c    00000018     hello_pem3.oem3 (.text:ti_sysbios_rom_cortexm_cc13xx_CC13xx_checkRevision__E)
                  0000b754    00000018     hello_pem3.oem3 (.text:ti_uia_loggers_LoggerStopMode_Handle__label__S)
                  0000b76c    00000018     rom_sysbios.aem3 : rom_sysbios.obj (.text:xdc_runtime_Error_init__E)
                  0000b784    00000018     main.obj (.text:xgReadByte)
                  0000b79c    00000016     drivers_cc13x0.aem3 : List.oem3 (.text:List_remove)
                  0000b7b2    00000016     driverlib.lib : chipinfo.obj (.text:NOROM_ThisLibraryIsFor_CC13x0_HwRev20AndLater_HaltIfViolated)
                  0000b7c8    00000016     rf_multiMode_cc13x0.aem3 : RFCC26XX_multiMode.oem3 (.text:Q_pop)
                  0000b7de    00000016     rtsv7M3_T_le_eabi.lib : strcpy.obj (.text)
                  0000b7f4    00000016     hello_pem3.oem3 (.text:ti_sysbios_BIOS_exitFunc__I)
                  0000b80a    00000016     main.obj (.text:ti_sysbios_knl_Clock_Params_init)
                  0000b820    00000016     EasyLink.obj (.text:ti_sysbios_knl_Semaphore_Params_init)
                  0000b836    00000016     main.obj (.text:ti_sysbios_knl_Semaphore_Params_init)
                  0000b84c    00000016     main.obj (.text:ti_sysbios_knl_Task_Params_init)
                  0000b862    00000016     ti.uia.loggers.aem3 : LoggerStopMode.oem3 (.text:ti_uia_loggers_LoggerStopMode_disable__E)
                  0000b878    00000016                         : LoggerStopMode.oem3 (.text:ti_uia_loggers_LoggerStopMode_enable__E)
                  0000b88e    00000002     smartrf_settings_predefined.obj (.text:enterSl_longrangeSysPatch)
                  0000b890    00000014     driverlib.lib : aon_rtc.obj (.text:NOROM_AONRTCCurrent64BitValueGet)
                  0000b8a4    00000014                   : aux_adc.obj (.text:NOROM_AUXADCValueToMicrovolts)
                  0000b8b8    00000014     drivers_cc13x0.aem3 : PINCC26XX.oem3 (.text:PINCC26XX_getOutputValue)
                  0000b8cc    00000014                         : PWM.oem3 (.text:PWM_Params_init)
                  0000b8e0    00000014     rf_multiMode_cc13x0.aem3 : RFCC26XX_multiMode.oem3 (.text:RF_Params_init)
                  0000b8f4    00000014     rtsv7M3_T_le_eabi.lib : _lock.obj (.text)
                  0000b908    00000014                           : strlen.obj (.text)
                  0000b91c    00000014     hello_pem3.oem3 (.text:ti_sysbios_knl_Clock_doTick__I)
                  0000b930    00000012     drivers_cc13x0.aem3 : RingBuf.oem3 (.text:RingBuf_construct)
                  0000b942    00000012     dpl_cc13x0.aem3 : SemaphoreP_tirtos.oem3 (.text:SemaphoreP_pend)
                  0000b954    00000012     hello_pem3.oem3 (.text:xdc_runtime_Startup_exec__I)
                  0000b966    00000010     dpl_cc13x0.aem3 : ClockP_tirtos.oem3 (.text:ClockP_isActive)
                  0000b976    00000010                     : HwiP_tirtos.oem3 (.text:HwiP_Params_init)
                  0000b986    00000002     rom_sysbios.aem3 : rom_sysbios.obj (.text:ti_sysbios_BIOS_linkedWithIncorrectBootLibrary__E)
                  0000b988    00000010     drivers_cc13x0.aem3 : I2C.oem3 (.text:I2C_Params_init)
                  0000b998    00000010     driverlib.lib : aux_adc.obj (.text:NOROM_AUXADCFlushFifo)
                  0000b9a8    00000010                   : aux_adc.obj (.text:NOROM_AUXADCReadFifo)
                  0000b9b8    00000010                   : rfc.obj (.text:NOROM_RFCRfTrimSet)
                  0000b9c8    00000010                   : setup_rom.obj (.text:NOROM_SetupGetTrimForXoscHfFastStart)
                  0000b9d8    00000010                   : setup_rom.obj (.text:NOROM_SetupGetTrimForXoscHfIbiastherm)
                  0000b9e8    00000010     dpl_cc13x0.aem3 : SwiP_tirtos.oem3 (.text:SwiP_Params_init)
                  0000b9f8    00000010     drivers_cc13x0.aem3 : WatchdogCC26XX.oem3 (.text:WatchdogCC26XX_clear)
                  0000ba08    00000010                         : Watchdog.oem3 (.text:Watchdog_Params_init)
                  0000ba18    00000010     smartrf_settings.obj (.text:applyGenfskPatch)
                  0000ba28    00000010     smartrf_settings_predefined.obj (.text:applyGenfskPatch)
                  0000ba38    00000010     smartrf_settings_predefined.obj (.text:applyGenookPatch)
                  0000ba48    00000010     smartrf_settings_predefined.obj (.text:applyLrmPatch)
                  0000ba58    00000010     smartrf_settings_predefined.obj (.text:applySl_longrangePatch)
                  0000ba68    00000010     drivers_cc13x0.aem3 : I2CCC26XX.oem3 (.text:i2cPostNotify)
                  0000ba78    00000010     rom_sysbios.aem3 : rom_sysbios.obj (.text:ti_sysbios_family_arm_m3_Hwi_post__E)
                  0000ba88    00000010     hello_pem3.oem3 (.text:ti_uia_loggers_LoggerStopMode_Object__get__S)
                  0000ba98    00000010     ti.uia.loggers.aem3 : LoggerStopMode.oem3 (.text:ti_uia_loggers_LoggerStopMode_isEmpty__E)
                  0000baa8    00000010     drivers_cc13x0.aem3 : UARTCC26XX.oem3 (.text:uartPostNotify)
                  0000bab8    0000000e     driverlib.lib : vims.obj (.text:NOROM_VIMSModeGet)
                  0000bac6    0000000e     rtsv7M3_T_le_eabi.lib : copy_decompress_none.obj (.text:decompress:none)
                  0000bad4    0000000e     rom_sysbios.aem3 : rom_sysbios.obj (.text:ti_sysbios_family_arm_cc26xx_TimestampProvider_get32__E)
                  0000bae2    00000002     hello_pem3.oem3 (.text:ti_sysbios_BIOS_nullFunc__I)
                  0000bae4    0000000c     rf_multiMode_cc13x0.aem3 : RFCC26XX_multiMode.oem3 (.text:FsmNextState)
                  0000baf0    0000000c     drivers_cc13x0.aem3 : GPTimerCC26XX.oem3 (.text:GPTimerCC26XX_Params_init)
                  0000bafc    0000000c                         : List.oem3 (.text:List_empty)
                  0000bb08    0000000c     driverlib.lib : cpu.obj (.text:NOROM_CPUcpsid)
                  0000bb14    0000000c                   : cpu.obj (.text:NOROM_CPUcpsie)
                  0000bb20    0000000c                   : osc.obj (.text:NOROM_OSC_HPOSCRelativeFrequencyOffsetToRFCoreFormatConvert)
                  0000bb2c    0000000c     drivers_cc13x0.aem3 : PINCC26XX.oem3 (.text:PIN_registerIntCb)
                  0000bb38    0000000c                         : PowerCC26XX.oem3 (.text:Power_getConstraintMask)
                  0000bb44    0000000c                         : PowerCC26XX.oem3 (.text:Power_getDependencyCount)
                  0000bb50    0000000c     rtsv7M3_T_le_eabi.lib : copy_zero_init.obj (.text:decompress:ZI)
                  0000bb5c    0000000c     main.obj (.text:ti_sysbios_knl_Semaphore_handle)
                  0000bb68    0000000c     rom_sysbios.aem3 : rom_sysbios.obj (.text:ti_sysbios_knl_Swi_getTrigger__E)
                  0000bb74    0000000c     hello_pem3.oem3 (.text:xdc_runtime_Startup_reset__I)
                  0000bb80    0000000c     rom_sysbios.aem3 : rom_sysbios.obj (.text:xdc_runtime_Startup_rtsDone__E)
                  0000bb8c    0000000a     drivers_cc13x0.aem3 : ADC.oem3 (.text:ADC_Params_init)
                  0000bb96    0000000a                         : ADC.oem3 (.text:ADC_convert)
                  0000bba0    0000000a                         : ADC.oem3 (.text:ADC_convertToMicroVolts)
                  0000bbaa    0000000a                         : I2CCC26XX.oem3 (.text:I2CCC26XX_init)
                  0000bbb4    0000000a                         : I2C.oem3 (.text:I2C_transfer)
                  0000bbbe    0000000a                         : PWM.oem3 (.text:PWM_setDuty)
                  0000bbc8    0000000a                         : PWM.oem3 (.text:PWM_start)
                  0000bbd2    0000000a                         : UART.oem3 (.text:UART_control)
                  0000bbdc    0000000a                         : UART.oem3 (.text:UART_read)
                  0000bbe6    0000000a                         : UART.oem3 (.text:UART_write)
                  0000bbf0    0000000a                         : Watchdog.oem3 (.text:Watchdog_clear)
                  0000bbfa    0000000a                         : Watchdog.oem3 (.text:Watchdog_setReload)
                  0000bc04    00000008                         : ADCCC26XX.oem3 (.text:ADCCC26XX_init)
                  0000bc0c    00000008                         : GPTimerCC26XX.oem3 (.text:GPTimerCC26XX_setLoadValue)
                  0000bc14    00000008                         : GPTimerCC26XX.oem3 (.text:GPTimerCC26XX_setMatchValue)
                  0000bc1c    00000008                         : I2CCC26XX.oem3 (.text:I2CCC26XX_blockingCallback)
                  0000bc24    00000008                         : WatchdogCC26XX.oem3 (.text:WatchdogCC26XX_init)
                  0000bc2c    00000008                         : UARTCC26XX.oem3 (.text:readSemCallback)
                  0000bc34    00000008     smartrf_settings.obj (.text:rf_patch_cpe_genfsk)
                  0000bc3c    00000008     smartrf_settings_predefined.obj (.text:rf_patch_cpe_genfsk)
                  0000bc44    00000008     smartrf_settings_predefined.obj (.text:rf_patch_cpe_genook)
                  0000bc4c    00000008     smartrf_settings_predefined.obj (.text:rf_patch_cpe_lrm)
                  0000bc54    00000008     smartrf_settings_predefined.obj (.text:rf_patch_cpe_sl_longrange)
                  0000bc5c    00000008     drivers_cc13x0.aem3 : UARTCC26XX.oem3 (.text:writeSemCallback)
                  0000bc64    00000006                         : ADCCC26XX.oem3 (.text:ADCCC26XX_control)
                  0000bc6a    00000006     dpl_cc13x0.aem3 : ClockP_tirtos.oem3 (.text:ClockP_Params_init)
                  0000bc70    00000006     drivers_cc13x0.aem3 : I2CCC26XX.oem3 (.text:I2CCC26XX_control)
                  0000bc76    00000006     driverlib.lib : cpu.obj (.text:NOROM_CPUdelay)
                  0000bc7c    00000006     drivers_cc13x0.aem3 : UARTCC26XX.oem3 (.text:UARTCC26XX_readPolling)
                  0000bc82    00000006                         : UARTCC26XX.oem3 (.text:UARTCC26XX_writePolling)
                  0000bc88    00000006                         : WatchdogCC26XX.oem3 (.text:WatchdogCC26XX_control)
                  0000bc8e    00000006     rf_multiMode_cc13x0.aem3 : RFCC26XX_multiMode.oem3 (.text:clkReqAccessFxn)
                  0000bc94    00000006     rom_sysbios.aem3 : rom_sysbios.obj (.text:ti_sysbios_family_arm_m3_Hwi_setFunc__E)
                  0000bc9a    00000004     dpl_cc13x0.aem3 : PowerCC26XX_tirtos.oem3 (.text:CPUwfi)
                  0000bc9e    00000004                     : ClockP_tirtos.oem3 (.text:ClockP_destruct)
                  0000bca2    00000004                     : ClockP_tirtos.oem3 (.text:ClockP_getCpuFreq)
                  0000bca6    00000004                     : ClockP_tirtos.oem3 (.text:ClockP_getTimeout)
                  0000bcaa    00000004                     : ClockP_tirtos.oem3 (.text:ClockP_setTimeout)
                  0000bcae    00000004                     : ClockP_tirtos.oem3 (.text:ClockP_start)
                  0000bcb2    00000004                     : ClockP_tirtos.oem3 (.text:ClockP_stop)
                  0000bcb6    00000004                     : HwiP_tirtos.oem3 (.text:HwiP_destruct)
                  0000bcba    00000004                     : HwiP_tirtos.oem3 (.text:HwiP_disable)
                  0000bcbe    00000004                     : HwiP_tirtos.oem3 (.text:HwiP_disableInterrupt)
                  0000bcc2    00000004                     : HwiP_tirtos.oem3 (.text:HwiP_enableInterrupt)
                  0000bcc6    00000004                     : HwiP_tirtos.oem3 (.text:HwiP_plug)
                  0000bcca    00000004                     : HwiP_tirtos.oem3 (.text:HwiP_post)
                  0000bcce    00000004                     : HwiP_tirtos.oem3 (.text:HwiP_setFunc)
                  0000bcd2    00000004     drivers_cc13x0.aem3 : List.oem3 (.text:List_head)
                  0000bcd6    00000004                         : List.oem3 (.text:List_next)
                  0000bcda    00000004     rf_multiMode_cc13x0.aem3 : RFCC26XX_multiMode.oem3 (.text:Q_peek)
                  0000bcde    00000004     dpl_cc13x0.aem3 : SemaphoreP_tirtos.oem3 (.text:SemaphoreP_destruct)
                  0000bce2    00000004                     : SemaphoreP_tirtos.oem3 (.text:SemaphoreP_post)
                  0000bce6    00000004                     : SwiP_tirtos.oem3 (.text:SwiP_destruct)
                  0000bcea    00000004                     : SwiP_tirtos.oem3 (.text:SwiP_disable)
                  0000bcee    00000004                     : SwiP_tirtos.oem3 (.text:SwiP_getTrigger)
                  0000bcf2    00000004                     : SwiP_tirtos.oem3 (.text:SwiP_or)
                  0000bcf6    00000004                     : SwiP_tirtos.oem3 (.text:SwiP_post)
                  0000bcfa    00000004     drivers_cc13x0.aem3 : PowerCC26XX.oem3 (.text:nopResourceHandler)
                  0000bcfe    00000004     rtsv7M3_T_le_eabi.lib : error.obj (.text)
                  0000bd02    00000004     rom_sysbios.aem3 : rom_sysbios.obj (.text:ti_sysbios_family_arm_cc26xx_Timer_getCount64__E)
                  0000bd06    00000004                      : rom_sysbios.obj (.text:ti_sysbios_knl_Clock_isActive__E)
                  0000bd0a    00000004     ti.uia.loggers.aem3 : LoggerStopMode.oem3 (.text:ti_uia_loggers_LoggerStopMode_getContents__E)
                  0000bd0e    00000004     hello_pem3.oem3 (.text:ti_uia_loggers_LoggerStopMode_getFilterLevel__E)
                  0000bd12    00000004     ti.uia.loggers.aem3 : LoggerStopMode.oem3 (.text:ti_uia_loggers_LoggerStopMode_getInstanceId__E)
                  0000bd16    00000004                         : LoggerStopMode.oem3 (.text:ti_uia_loggers_LoggerStopMode_getMaxLength__E)
                  0000bd1a    00000004                         : LoggerStopMode.oem3 (.text:ti_uia_loggers_LoggerStopMode_getPriority__E)
                  0000bd1e    00000004                         : LoggerStopMode.oem3 (.text:ti_uia_loggers_LoggerStopMode_getTransferType__E)
                  0000bd22    00000002     rom_sysbios.aem3 : rom_sysbios.obj (.text:ti_sysbios_knl_Clock_triggerFunc__I)
                  0000bd24    00000002     hello_pem3.oem3 (.text:ti_sysbios_rom_cortexm_cc13xx_CC13xx_badRomRevision__E)
                  0000bd26    00000002     hello_pem3.oem3 (.text:ti_uia_loggers_LoggerStopMode_setFilterLevel__E)
                  0000bd28    00000002     ti.uia.loggers.aem3 : LoggerStopMode.oem3 (.text:ti_uia_loggers_LoggerStopMode_setPriority__E)
                  0000bd2a    00000002     rom_sysbios.aem3 : rom_sysbios.obj (.text:xdc_runtime_SysCallback_defaultAbort)
                  0000bd2c    00000002                      : rom_sysbios.obj (.text:xdc_runtime_SysCallback_defaultExit)
                  0000bd2e    00000002     --HOLE-- [fill = 0]
                  0000bd30    00000008     (.tramp.ti_sysbios_knl_Swi_destruct.1)
                  0000bd38    00000008     (.tramp.ti_sysbios_knl_Semaphore_destruct.1)
                  0000bd40    00000008     (.tramp.ti_sysbios_family_arm_m3_Hwi_plug__E.1)
                  0000bd48    00000008     (.tramp.ti_sysbios_family_arm_m3_Hwi_enableInterrupt__E.1)
                  0000bd50    00000008     (.tramp.ti_sysbios_family_arm_m3_Hwi_disableInterrupt__E.1)
                  0000bd58    00000008     (.tramp.ti_sysbios_family_arm_m3_Hwi_destruct.1)
                  0000bd60    00000008     (.tramp.ti_sysbios_BIOS_getCpuFreq__E.1)
                  0000bd68    00000008     (.tramp.ti_sysbios_knl_Clock_destruct.1)
                  0000bd70    00000008     (.tramp.xdc_runtime_Startup_startMods__I.1)
                  0000bd78    00000008     (.tramp.ti_sysbios_knl_Clock_logTick__E.1)
                  0000bd80    00000008     (.tramp.ti_sysbios_knl_Task_Params__init__S.1)
                  0000bd88    00000008     (.tramp.xdc_runtime_Core_assignLabel__I.1)
                  0000bd90    00000008     (.tramp.ti_sysbios_knl_Swi_post__E.1)
                  0000bd98    00000008     (.tramp.ti_sysbios_BIOS_RtsGateProxy_leave__E.1)
                  0000bda0    00000008     (.tramp.xdc_runtime_Memory_free__E.1)
                  0000bda8    00000008     (.tramp.ti_sysbios_knl_Swi_construct.1)
                  0000bdb0    00000008     (.tramp.xdc_runtime_Core_deleteObject__I.1)
                  0000bdb8    00000008     (.tramp.ti_sysbios_BIOS_RtsGateProxy_enter__E.1)
                  0000bdc0    00000008     (.tramp.ti_sysbios_knl_Task_restore__E.1)
                  0000bdc8    00000008     (.tramp.ti_sysbios_knl_Clock_getTicks__E.1)
                  0000bdd0    00000008     (.tramp.ti_sysbios_knl_Semaphore_Params__init__S.1)
                  0000bdd8    00000008     (.tramp.xdc_runtime_Memory_alloc__E.1)
                  0000bde0    00000008     (.tramp.xdc_runtime_Core_createObject__I.1)
                  0000bde8    00000008     (.tramp.ti_sysbios_knl_Task_startup__E.1)
                  0000bdf0    00000008     (.tramp.ti_sysbios_knl_Swi_startup__E.1)
                  0000bdf8    00000008     (.tramp.ti_sysbios_hal_Hwi_startup__E.1)
                  0000be00    00000008     (.tramp.ti_sysbios_family_arm_cc26xx_Timer_startup__E.1)
                  0000be08    00000008     (.tramp.xdc_runtime_System_atexit__E.1)
                  0000be10    00000008     (.tramp.ti_sysbios_BIOS_setThreadType__E.1)
                  0000be18    00000008     (.tramp.ti_sysbios_knl_Task_disable__E.1)
                  0000be20    00000008     (.tramp.ti_sysbios_knl_Swi_disable__E.1)
                  0000be28    00000008     (.tramp.ti_sysbios_family_arm_m3_Hwi_construct.1)
                  0000be30    00000008     (.tramp.ti_sysbios_knl_Swi_Params__init__S.1)
                  0000be38    00000008     (.tramp.ti_sysbios_family_arm_m3_Hwi_Params__init__S.1)
                  0000be40    00000008     (.tramp.xdc_runtime_System_exit__E.1)
                  0000be48    00000008     (.tramp.ti_sysbios_knl_Clock_Params__init__S.1)
                  0000be50    00000008     (.tramp.ti_sysbios_BIOS_start__E.1)
                  0000be58    00000008     (.tramp.ti_sysbios_knl_Task_construct.1)
                  0000be60    00000008     (.tramp.ti_sysbios_heaps_HeapMem_restore__E.1)
                  0000be68    00000008     (.tramp.ti_sysbios_heaps_HeapMem_Object__get__S.1)
                  0000be70    00000008     (.tramp.xdc_runtime_Gate_leaveSystem__E.1)
                  0000be78    00000008     (.tramp.xdc_runtime_Gate_enterSystem__E.1)
                  0000be80    00000008     (.tramp.ti_sysbios_knl_Clock_construct.1)
                  0000be88    00000008     (.tramp.xdc_runtime_Assert_raise__I.1)
                  0000be90    00000008     (.tramp.ti_sysbios_knl_Clock_scheduleNextTick__E.1)
                  0000be98    00000008     (.tramp.ti_sysbios_knl_Clock_walkQueueDynamic__E.1)
                  0000bea0    00000008     (.tramp.ti_sysbios_knl_Clock_TimerProxy_getCurrentTick__E.1)
                  0000bea8    00000008     (.tramp.ti_sysbios_knl_Clock_start__E.1)
                  0000beb0    00000008     (.tramp.ti_sysbios_knl_Clock_setTimeout__E.1)
                  0000beb8    00000008     (.tramp.ti_sysbios_knl_Semaphore_construct.1)
                  0000bec0    00000008     (.tramp.ti_sysbios_knl_Task_sleep__E.1)
                  0000bec8    00000008     (.tramp.xdc_runtime_Timestamp_get64__E.1)
                  0000bed0    00000008     (.tramp.ti_sysbios_family_arm_m3_Hwi_disableFxn__E.1)
                  0000bed8    00000008     (.tramp.ti_sysbios_knl_Swi_restore__E.1)
                  0000bee0    00000008     (.tramp.ti_sysbios_knl_Semaphore_create.1)
                  0000bee8    00000008     (.tramp.ti_sysbios_knl_Semaphore_post__E.1)
                  0000bef0    00000008     (.tramp.ti_sysbios_knl_Semaphore_pend__E.1)
                  0000bef8    00000008     (.tramp.ti_sysbios_family_arm_m3_Hwi_restoreFxn__E.1)

.const     0    0000bf00    00004a23     
                  0000bf00    0000073c     smartrf_settings_predefined.obj (.const:patchGenookMce)
                  0000c63c    000006b4     smartrf_settings.obj (.const:patchGenfskRfe)
                  0000ccf0    000006b4     smartrf_settings_predefined.obj (.const:patchGenfskRfe)
                  0000d3a4    000006b4     smartrf_settings_predefined.obj (.const:patchLrmRfe)
                  0000da58    000006b4     smartrf_settings_predefined.obj (.const:patchSl_longrangeRfe)
                  0000e10c    000006a4     smartrf_settings_predefined.obj (.const:patchGenookRfe)
                  0000e7b0    00000504     smartrf_settings_predefined.obj (.const:patchHsp4mbpsRfe)
                  0000ecb4    00000400     smartrf_settings_predefined.obj (.const:patchSl_longrangeMce)
                  0000f0b4    000003f0     smartrf_settings_predefined.obj (.const:patchHsp4mbpsMce)
                  0000f4a4    000002b0     smartrf_settings.obj (.const:patchImageGenfsk)
                  0000f754    000002b0     smartrf_settings_predefined.obj (.const:patchImageGenfsk)
                  0000fa04    000002b0     smartrf_settings_predefined.obj (.const:patchImageGenook)
                  0000fcb4    000002b0     smartrf_settings_predefined.obj (.const:patchImageLrm)
                  0000ff64    000002b0     smartrf_settings_predefined.obj (.const:patchImageSl_longrange)
                  00010214    00000090     main.obj (.const:$P$T1$2)
                  000102a4    00000084     CC1310_LAUNCHXL.obj (.const:ADC_config)
                  00010328    00000060     CC1310_LAUNCHXL.obj (.const:GPTimerCC26XX_config)
                  00010388    00000060     CC1310_LAUNCHXL.obj (.const:PWM_config)
                  000103e8    00000060     CC1310_LAUNCHXL.obj (.const:gptimerCC26xxHWAttrs)
                  00010448    00000060     hello_pem3.oem3 (.const:ti_uia_loggers_LoggerStopMode_Module__FXNS__C)
                  000104a8    0000004d     CC1310_LAUNCHXL.obj (.const:adcCC26xxHWAttrs)
                  000104f5    00000001     smartrf_settings_predefined.obj (.const)
                  000104f6    0000004c     drivers_cc13x0.aem3 : PowerCC26XX.oem3 (.const:resourceDB)
                  00010542    00000002     hello_pem3.oem3 (.const:ti_uia_loggers_LoggerStopMode_Module__id__C)
                  00010544    00000048     hello_pem3.oem3 (.const:.string)
                  0001058c    00000040     drivers_cc13x0.aem3 : UARTCC26XX.oem3 (.const:$O1$$)
                  000105cc    00000040     smartrf_settings_predefined.obj (.const:rfPowerTable)
                  0001060c    0000002c     CC1310_LAUNCHXL.obj (.const:BoardGpioInitTable)
                  00010638    0000002c     hello_pem3.oem3 (.const:xdc_runtime_Startup_sfxnTab__A)
                  00010664    00000028     drivers_cc13x0.aem3 : UARTCC26XX.oem3 (.const:UARTCC26XX_fxnTable)
                  0001068c    00000028     hello_pem3.oem3 (.const:ti_uia_loggers_LoggerStopMode_Object__PARAMS__C)
                  000106b4    00000024     drivers_cc13x0.aem3 : GPTimerCC26XX.oem3 (.const:$O1$$)
                  000106d8    00000024                         : UART.oem3 (.const:UART_defaultParams)
                  000106fc    00000020                         : PWMTimerCC26XX.oem3 (.const:PWMTimerCC26XX_fxnTable)
                  0001071c    00000020     hello_pem3.oem3 (.const:ti_uia_loggers_LoggerStopMode_Object__DESC__C)
                  0001073c    00000020     CC1310_LAUNCHXL.obj (.const:uartCC26XXHWAttrs)
                  0001075c    0000001c     rf_multiMode_cc13x0.aem3 : RFCC26XX_multiMode.oem3 (.const:RF_defaultParams)
                  00010778    0000001c     drivers_cc13x0.aem3 : WatchdogCC26XX.oem3 (.const:WatchdogCC26XX_fxnTable)
                  00010794    00000018     EasyLink.obj (.const:$P$T0$3)
                  000107ac    00000018     drivers_cc13x0.aem3 : ADCCC26XX.oem3 (.const:ADCCC26XX_fxnTable)
                  000107c4    00000018                         : I2CCC26XX.oem3 (.const:I2CCC26XX_fxnTable)
                  000107dc    00000018                         : PWM.oem3 (.const:PWM_defaultParams)
                  000107f4    00000018     CC1310_LAUNCHXL.obj (.const:i2cCC26xxHWAttrs)
                  0001080c    00000018     driverlib.lib : rfc.obj (.const:rfc_defaultIrqAddr)
                  00010824    00000016     hello_pem3.oem3 (.const:xdc_runtime_Startup_sfxnRts__A)
                  0001083a    00000002     hello_pem3.oem3 (.const:ti_uia_loggers_LoggerStopMode_isTimestampEnabled__C)
                  0001083c    00000010     drivers_cc13x0.aem3 : I2C.oem3 (.const:I2C_defaultParams)
                  0001084c    00000010     CC1310_LAUNCHXL.obj (.const:PowerCC26XX_config)
                  0001085c    00000010     CC1310_LAUNCHXL.obj (.const:pwmtimerCC26xxHWAttrs)
                  0001086c    0000000c     CC1310_LAUNCHXL.obj (.const:I2C_config)
                  00010878    0000000c     CC1310_LAUNCHXL.obj (.const:UART_config)
                  00010884    0000000c     CC1310_LAUNCHXL.obj (.const:Watchdog_config)
                  00010890    0000000c     drivers_cc13x0.aem3 : Watchdog.oem3 (.const:Watchdog_defaultParams)
                  0001089c    0000000c     hello_pem3.oem3 (.const:xdc_runtime_Startup_firstFxns__A)
                  000108a8    00000009     CC1310_LAUNCHXL.obj (.const)
                  000108b1    00000003     main.obj (.const:.string:$P$T0$1)
                  000108b4    00000008     drivers_cc13x0.aem3 : ADC.oem3 (.const:ADC_defaultParams)
                  000108bc    00000008     CC1310_LAUNCHXL.obj (.const:PINCC26XX_hwAttrs)
                  000108c4    00000008     drivers_cc13x0.aem3 : I2CCC26XX.oem3 (.const:bitRate)
                  000108cc    00000008     CC1310_LAUNCHXL.obj (.const:watchdogCC26XXHWAttrs)
                  000108d4    00000004     EasyLink.obj (.const:$P$T1$4)
                  000108d8    00000004     CC1310_LAUNCHXL.obj (.const:RFCC26XX_hwAttrs)
                  000108dc    00000004     hello_pem3.oem3 (.const:ti_sysbios_family_arm_m3_Hwi_swiDisable__C)
                  000108e0    00000004     hello_pem3.oem3 (.const:ti_sysbios_family_arm_m3_Hwi_swiRestoreHwi__C)
                  000108e4    00000004     hello_pem3.oem3 (.const:ti_sysbios_heaps_HeapMem_primaryHeapBaseAddr__C)
                  000108e8    00000004     hello_pem3.oem3 (.const:ti_sysbios_heaps_HeapMem_primaryHeapEndAddr__C)
                  000108ec    00000004     hello_pem3.oem3 (.const:ti_sysbios_knl_Clock_tickPeriod__C)
                  000108f0    00000004     hello_pem3.oem3 (.const:ti_sysbios_knl_Clock_triggerClock__C)
                  000108f4    00000004     hello_pem3.oem3 (.const:ti_sysbios_knl_Idle_funcList__A)
                  000108f8    00000004     hello_pem3.oem3 (.const:ti_uia_loggers_LoggerStopMode_Module__diagsEnabled__C)
                  000108fc    00000004     hello_pem3.oem3 (.const:ti_uia_loggers_LoggerStopMode_Module__diagsIncluded__C)
                  00010900    00000004     hello_pem3.oem3 (.const:ti_uia_loggers_LoggerStopMode_Module__diagsMask__C)
                  00010904    00000004     hello_pem3.oem3 (.const:ti_uia_loggers_LoggerStopMode_Object__count__C)
                  00010908    00000004     hello_pem3.oem3 (.const:ti_uia_runtime_ILoggerSnapshot_Interface__BASE__C)
                  0001090c    00000004     hello_pem3.oem3 (.const:ti_uia_runtime_IUIATransfer_Interface__BASE__C)
                  00010910    00000004     hello_pem3.oem3 (.const:xdc_runtime_IFilterLogger_Interface__BASE__C)
                  00010914    00000004     hello_pem3.oem3 (.const:xdc_runtime_ILogger_Interface__BASE__C)
                  00010918    00000004     hello_pem3.oem3 (.const:xdc_runtime_SysMin_bufSize__C)
                  0001091c    00000004     hello_pem3.oem3 (.const:xdc_runtime_SysMin_outputFunc__C)
                  00010920    00000002     hello_pem3.oem3 (.const:xdc_runtime_SysMin_flushAtExit__C)
                  00010922    00000001     hello_pem3.oem3 (.const:xdc_runtime_Text_charTab__A)

.cinit     0    00000040    00000498     
                  00000040    0000035c     (.cinit..data.load) [load image, compression = lzss]
                  0000039c    00000029     (.cinit..data:ti_sysbios_family_arm_m3_Hwi_Module__state__V.load) [load image, compression = lzss]
                  000003c5    00000021     (.cinit..data:ti_sysbios_knl_Task_Module__state__V.load) [load image, compression = lzss]
                  000003e6    0000001f     (.cinit..data:ti_sysbios_BIOS_Module__state__V.load) [load image, compression = lzss]
                  00000405    0000001e     (.cinit..data:ti_sysbios_knl_Clock_Module__state__V.load) [load image, compression = lzss]
                  00000423    00000010     (.cinit..data:ti_sysbios_knl_Swi_Module__state__V.load) [load image, compression = lzss]
                  00000433    00000001     --HOLE-- [fill = 0]
                  00000434    0000000c     (__TI_handler_table)
                  00000440    0000000b     (.cinit..data:ti_sysbios_family_arm_cc26xx_Timer_Module__state__V.load) [load image, compression = lzss]
                  0000044b    0000000b     (.cinit..data:xdc_runtime_System_Module__state__V.load) [load image, compression = lzss]
                  00000456    00000002     --HOLE-- [fill = 0]
                  00000458    00000008     (.cinit..bss.load) [load image, compression = zero_init]
                  00000460    00000008     (.cinit..data:xdc_runtime_Memory_Module__state__V.load) [load image, compression = lzss]
[...]
1001c899  ti_sysbios_family_arm_m3_Hwi_dispatch__I                                  
1001c969  ti_sysbios_family_arm_m3_TaskSupport_buildTaskStack                       
1001c9b5  ti_sysbios_family_arm_m3_Hwi_initStacks__E                                
1001c9fd  ti_sysbios_family_arm_m3_Hwi_excHandlerAsm__I                             
1001ca1d  ti_sysbios_family_xxx_Hwi_switchAndRunFunc                                
1001ca3b  ti_sysbios_family_arm_m3_Hwi_pendSV__I                                    
1001ca53  ti_sysbios_family_arm_m3_Hwi_return                                       
1001ca55  ti_sysbios_family_arm_m3_TaskSupport_glue                                 
1001ca65  ti_sysbios_family_arm_m3_TaskSupport_swap__E                              
1001ca6d  ti_sysbios_knl_Task_swapReturn                                            
1001ca97  ti_sysbios_rom_cortexm_cc13xx_CC13xx_getRevision__E                       
20000000  ti_sysbios_family_arm_m3_Hwi_ramVectors                                   
20000100  ti_sysbios_knl_Task_Module__state__V                                      
20000144  ti_sysbios_family_arm_m3_Hwi_Module__state__V                             
20000178  ti_sysbios_knl_Clock_Module__state__V                                     
200001a4  ti_sysbios_BIOS_Module__state__V                                          
200001c8  ti_sysbios_knl_Swi_Module__state__V                                       
200001e4  ti_sysbios_family_arm_cc26xx_Timer_Module__state__V                       
200001ec  ti_sysbios_family_arm_cc26xx_TimestampProvider_Module__state__V           
200001f0  xdc_runtime_Startup_Module__state__V                                      
200001f8  xdc_runtime_System_Module__state__V                                       
20000200  xdc_runtime_Memory_Module__state__V                                       
20000680  ti_uia_loggers_LoggerStopMode_Instance_State_0_packetArray__A             
20000a80  ti_uia_loggers_LoggerStopMode_Instance_State_1_packetArray__A             
2000140c  xdc_runtime_SysMin_Module_State_0_outbuf__A                               
2000206c  uartCC26XXObjects                                                         
20002198  __CIOBUF_                                                                 
200022b8  gptimerCC26XXObjects                                                      
200023d8  PIN_NumPins                                                               
2000246c  PIN_HandleTable                                                           
200024e8  pwmtimerCC26xxObjects                                                     
200025e8  i2cCC26xxObjects                                                          
200026c8  adcCC26xxObjects                                                          
200027a4  ClockP_tickPeriod                                                         
20002870  ti_sysbios_family_arm_m3_Hwi_dispatchTable                                
20002af4  accelTask                                                                 
20002b44  adcTask                                                                   
20002b94  gpsTask                                                                   
20002be4  gyroTask                                                                  
20002c34  magTask                                                                   
20002c84  pwmTask                                                                   
20002cd4  rxBeaconTask                                                              
20002d24  rxRestartTask                                                             
20002d74  txDataTask                                                                
20002e00  ti_uia_loggers_LoggerStopMode_Instance_State_0_hdr__A                     
20002e80  ti_uia_loggers_LoggerStopMode_Instance_State_1_hdr__A                     
20002eb0  watchdogCC26XXObjects                                                     
20002ed8  settings                                                                  
20002f00  clk0Struct                                                                
20002f24  clk1Struct                                                                
20002f48  uartParams                                                                
20003084  i2cTransaction                                                            
200030d0  pwmparams                                                                 
200030fc  Connections                                                               
20003130  i2cParams                                                                 
2000314c  aBias                                                                     
20003158  gBias                                                                     
20003164  mBias                                                                     
20003170  PowerCC26XX_taskKey                                                       
20003174  PowerCC26XX_swiKey                                                        
20003190  aBiasRaw                                                                  
20003198  gBiasRaw                                                                  
200031a0  mBiasRaw                                                                  
200031a8  params                                                                    
200031b0  aRes                                                                      
200031b4  adc0                                                                      
200031b8  adc1                                                                      
200031bc  adcValue0MicroVolt                                                        
200031c0  adcValue1MicroVolt                                                        
200031c4  gRes                                                                      
200031c8  i2c                                                                       
200031cc  mRes                                                                      
200031d0  uart                                                                      
200031d4  watchdogHandle                                                            
200031da  adcValue0                                                                 
200031dc  adcValue1                                                                 
200031de  ax                                                                        
200031e0  ay                                                                        
200031e2  az                                                                        
200031e4  gx                                                                        
200031e6  gy                                                                        
200031e8  gz                                                                        
200031ea  mx                                                                        
200031ec  my                                                                        
200031ee  mz                                                                        
200031f0  _autoCalc                                                                 
200031f1  _mAddress                                                                 
200031f2  _xgAddress                                                                
200031f3  driverlib_release_0_48919                                                 
200031f8  __primary_heap_start__                                                    
200041f8  PowerCC26XX_module                                                        
200041f8  __primary_heap_end__                                                      
2000430c  globalPacket                                                              
200043a4  pOverrides_sl_lr                                                          
2000440c  ti_uia_loggers_LoggerStopMode_Object__table__V                            
20004474  pOverrides_hsm                                                            
200044d4  pOverrides_lrm                                                            
20004530  pOverrides_ook                                                            
200045e4  pOverrides_fsk                                                            
2000463c  main_func_sp                                                              
20004640  ti_sysbios_family_arm_cc26xx_Timer_Object__table__V                       
20004688  RF_pProp_fsk                                                              
2000468c  RF_pProp_lrm                                                              
20004690  RF_pProp_ook                                                              
20004694  RF_pProp_hsm                                                              
20004698  RF_pProp_sl_lr                                                            
2000469c  RF_pProp_2_4G_fsk                                                         
200046a0  RF_pCmdPropRadioDivSetup_fsk                                              
200046a4  RF_pCmdPropRadioDivSetup_lrm                                              
200046a8  RF_pCmdPropRadioDivSetup_ook                                              
200046ac  RF_pCmdRadioSetup_hsm                                                     
200046b0  RF_pCmdPropRadioDivSetup_sl_lr                                            
200046b4  RF_pCmdPropRadioSetup_2_4G_fsk                                            
200046b8  RF_pCmdTxHS                                                               
200046bc  RF_pCmdRxHS                                                               
200046c0  RF_pCmdFs_preDef                                                          
200046c4  RF_pCmdPropTx_preDef                                                      
200046c8  RF_pCmdPropRxAdv_preDef                                                   
200046cc  ti_sysbios_gates_GateMutex_Object__table__V                               
20004704  RF_cmdPropRxAdv_preDef                                                    
20004734  goodToGo                                                                  
20004738  GPSorRX                                                                   
2000473c  pwmPeriod                                                                 
2000473e  pwmduty                                                                   
20004740  pwmdutyInc                                                                
20004744  pwmtime                                                                   
20004748  pwm1                                                                      
2000474c  pwm2                                                                      
20004750  bytesRead                                                                 
20004754  numConnections                                                            
20004758  AXN                                                                       
2000475c  AYN                                                                       
20004760  AZN                                                                       
20004764  ti_sysbios_knl_Swi_Module_State_0_readyQ__A                               
20004794  ti_sysbios_knl_Swi_Object__table__V                                       
200047c4  ti_sysbios_knl_Task_Module_State_0_readyQ__A                              
200047f4  RF_cmdPropRadioDivSetup                                                   
2000481c  RF_cmdPropRadioDivSetup_fsk                                               
20004844  RF_cmdPropRadioDivSetup_lrm                                               
2000486c  RF_cmdPropRadioDivSetup_ook                                               
20004894  RF_cmdPropRadioDivSetup_sl_lr                                             
200048bc  RF_cmdRxHS                                                                
20004900  pinTable                                                                  
20004920  ti_sysbios_knl_Clock_Object__table__V                                     
20004940  xdc_runtime_Error_IgnoreBlock                                             
20004960  RF_cmdFs                                                                  
20004978  RF_cmdFs_preDef                                                           
20004990  RF_cmdPropTx                                                              
200049a8  RF_cmdPropTx_preDef                                                       
200049c0  RF_cmdRadioSetup_hsm                                                      
200049f0  shapeovr                                                                  
20004a08  ti_sysbios_family_arm_m3_Hwi_Object__table__V                             
20004a20  ti_sysbios_heaps_HeapMem_Object__table__V                                 
20004a38  RF_cmdTxHS                                                                
20004a6c  RF_prop                                                                   
20004a7c  RF_prop_fsk                                                               
20004a8c  RF_prop_hsm                                                               
20004a9c  RF_prop_lrm                                                               
20004aac  RF_prop_ook                                                               
20004abc  RF_prop_sl_lr                                                             
20004ada  ti_sysbios_family_arm_m3_Hwi_Module_State_0_excActive__A                  
20004adc  __TI_cleanup_ptr                                                          
20004ae0  __TI_dtors_ptr                                                            
20004ae4  __TI_enable_exit_profile_output                                           
20004ae8  ti_sysbios_knl_Task_Module__root__V                                       
20004af4  ti_uia_runtime_QueueDescriptor_Module__state__V                           
20004b00  xdc_runtime_SysMin_Module__state__V                                       
20004b0c  _lock                                                                     
20004b10  _unlock                                                                   
20004b14  ti_uia_runtime_QueueDescriptor_gPtrToFirstDescriptor                      
20004b18  ti_uia_runtime_QueueDescriptor_gUpdateCount                               
20004b1c  ti_sysbios_family_arm_m3_Hwi_Module__root__V                              
20004b24  ti_sysbios_gates_GateHwi_Module__root__V                                  
20004b2c  ti_sysbios_gates_GateMutex_Module__root__V                                
20004b34  ti_sysbios_hal_Hwi_Module__root__V                                        
20004b3c  ti_sysbios_heaps_HeapMem_Module__root__V                                  
20004b44  ti_sysbios_knl_Clock_Module__root__V                                      
20004b4c  ti_sysbios_knl_Mailbox_Module__root__V                                    
20004b54  ti_sysbios_knl_Queue_Module__root__V                                      
20004b5c  ti_sysbios_knl_Semaphore_Module__root__V                                  
20004b64  ti_sysbios_knl_Swi_Module__root__V                                        
20004b6c  ti_uia_loggers_LoggerStopMode_Module__root__V                             
20004b74  xdc_runtime_System_Module_State_0_atexitHandlers__A                       
20004b7c  ti_sysbios_family_arm_m3_Hwi_Module_State_0_excContext__A                 
20004b80  ti_sysbios_family_arm_m3_Hwi_Module_State_0_excStack__A                   
20004b84  ti_sysbios_knl_Task_Module_State_0_idleTask__A                            
20004b88  xdc_runtime_Main_Module__root__V                                          
20004c00  __stack                                                                   
20005000  __STACK_END                                                               
e000e000  ti_sysbios_family_arm_m3_Hwi_nvic                                         
ffffffff  __TI_pprof_out_hndl                                                       
ffffffff  __TI_prof_data_size                                                       
ffffffff  __TI_prof_data_start                                                      
ffffffff  __binit__                                                                 
ffffffff  __c_args__                                                                
ffffffff  binit                                                                     
UNDEFED   ClockP_getSystemTicks                                                     
UNDEFED   HwiP_restore                                                              
UNDEFED   SHT$$INIT_ARRAY$$Base                                                     
UNDEFED   SHT$$INIT_ARRAY$$Limit                                                    
UNDEFED   SwiP_restore                                                              
UNDEFED   ti_sysbios_BIOS_RtsGateProxy_Handle__label__S__mangled__                  
UNDEFED   ti_sysbios_BIOS_RtsGateProxy_Params__init__S__mangled__                   
UNDEFED   ti_sysbios_BIOS_RtsGateProxy_query__E__mangled__                          
UNDEFED   ti_sysbios_hal_Hwi_HwiProxy_Module__startupDone__S__mangled__             
UNDEFED   ti_sysbios_hal_Hwi_HwiProxy_Params__init__S__mangled__                    
UNDEFED   ti_sysbios_hal_Hwi_HwiProxy_disableInterrupt__E__mangled__                
UNDEFED   ti_sysbios_hal_Hwi_HwiProxy_enableInterrupt__E__mangled__                 
UNDEFED   ti_sysbios_hal_Hwi_HwiProxy_getStackInfo__E__mangled__                    
UNDEFED   ti_sysbios_hal_Hwi_HwiProxy_startup__E__mangled__                         
UNDEFED   ti_sysbios_hal_Hwi_HwiProxy_switchFromBootStack__E__mangled__             
UNDEFED   ti_sysbios_hal_Hwi_disableInterrupt__E                                    
UNDEFED   ti_sysbios_hal_Hwi_enableInterrupt__E                                     
UNDEFED   ti_sysbios_hal_Hwi_getStackInfo__E                                        
UNDEFED   ti_sysbios_hal_Hwi_startup__E                                             
UNDEFED   ti_sysbios_hal_Hwi_switchFromBootStack__E                                 
UNDEFED   ti_sysbios_heaps_HeapMem_Module_GateProxy_Handle__label__S__mangled__     
UNDEFED   ti_sysbios_heaps_HeapMem_Module_GateProxy_Params__init__S__mangled__      
UNDEFED   ti_sysbios_heaps_HeapMem_Module_GateProxy_query__E__mangled__             
UNDEFED   ti_sysbios_knl_Clock_TimerProxy_Module__startupDone__S__mangled__         
UNDEFED   ti_sysbios_knl_Clock_TimerProxy_startup__E__mangled__                     
UNDEFED   ti_sysbios_knl_Task_SupportProxy_Module__startupDone__S__mangled__        
UNDEFED   ti_sysbios_knl_Task_SupportProxy_getStackAlignment__E__mangled__          
UNDEFED   ti_sysbios_knl_Task_SupportProxy_start__E__mangled__                      
UNDEFED   ti_sysbios_knl_Task_SupportProxy_swap__E__mangled__                       
UNDEFED   xdc_runtime_Main_Module_GateProxy_Handle__label__S                        
UNDEFED   xdc_runtime_Main_Module_GateProxy_query__E                                
UNDEFED   xdc_runtime_Memory_HeapProxy_Handle__label__S__mangled__                  
UNDEFED   xdc_runtime_System_Module_GateProxy_Handle__label__S__mangled__           
UNDEFED   xdc_runtime_System_Module_GateProxy_query__E__mangled__                   
UNDEFED   xdc_runtime_Timestamp_SupportProxy_get64__E__mangled__                    
UNDEFED   xdc_runtime_Timestamp_SupportProxy_getFreq__E__mangled__                  
UNDEFED   xdc_runtime_Timestamp_get32__E                                            
UNDEFED   xdc_runtime_Timestamp_get64__E                                            
UNDEFED   xdc_runtime_Timestamp_getFreq__E                                          

[1134 symbols]
