******************************************************************************
                  TI ARM Linker Unix v16.9.3                   
******************************************************************************
>> Linked Wed Dec 19 15:28:28 2018

OUTPUT FILE NAME:   <Sprite.out>
ENTRY POINT SYMBOL: "ResetISR"  address: 0000a7f9


MEMORY CONFIGURATION

         name            origin    length      used     unused   attr    fill
----------------------  --------  ---------  --------  --------  ----  --------
  FLASH                 00000000   00020000  000106ad  0000f953  R  X
  SRAM                  20000000   00005000  0000473b  000008c5  RW X


SEGMENT ALLOCATION MAP

run origin  load origin   length   init length attrs members
----------  ----------- ---------- ----------- ----- -------
00000000    00000000    00000508   00000508    r--
  00000000    00000000    0000003c   0000003c    r-- .resetVecs
  00000040    00000040    000004c8   000004c8    r-- .cinit
00001000    00001000    0001015d   0001015d    r-x
  00001000    00001000    0000003c   0000003c    r-- .const:ti_sysbios_knl_Task_Object__PARAMS__C
  0000103c    0000103c    00000034   00000034    r-- .const:ti_sysbios_knl_Mailbox_Object__PARAMS__C
  00001070    00001070    00000030   00000030    r-- .const:ti_sysbios_family_arm_m3_Hwi_Object__PARAMS__C
  000010a0    000010a0    0000002c   0000002c    r-- .const:ti_sysbios_hal_Hwi_Object__PARAMS__C
  000010cc    000010cc    00000028   00000028    r-- .const:ti_sysbios_heaps_HeapMem_Module__FXNS__C
  000010f4    000010f4    00000028   00000028    r-- .const:ti_sysbios_knl_Swi_Object__PARAMS__C
  0000111c    0000111c    00000024   00000024    r-- .const:ti_sysbios_gates_GateHwi_Module__FXNS__C
  00001140    00001140    00000024   00000024    r-- .const:ti_sysbios_gates_GateMutex_Module__FXNS__C
  00001164    00001164    00000024   00000024    r-- .const:ti_sysbios_heaps_HeapMem_Object__PARAMS__C
  00001188    00001188    00000024   00000024    r-- .const:ti_sysbios_knl_Clock_Object__PARAMS__C
  000011ac    000011ac    00000024   00000024    r-- .const:ti_sysbios_knl_Semaphore_Object__PARAMS__C
  000011d0    000011d0    00000020   00000020    r-- .const:ti_sysbios_family_arm_m3_Hwi_Object__DESC__C
  000011f0    000011f0    00000020   00000020    r-- .const:ti_sysbios_gates_GateHwi_Object__DESC__C
  00001210    00001210    00000020   00000020    r-- .const:ti_sysbios_gates_GateMutex_Object__DESC__C
  00001230    00001230    00000020   00000020    r-- .const:ti_sysbios_hal_Hwi_Object__DESC__C
  00001250    00001250    00000020   00000020    r-- .const:ti_sysbios_heaps_HeapMem_Object__DESC__C
  00001270    00001270    00000020   00000020    r-- .const:ti_sysbios_knl_Clock_Object__DESC__C
  00001290    00001290    00000020   00000020    r-- .const:ti_sysbios_knl_Mailbox_Object__DESC__C
  000012b0    000012b0    00000020   00000020    r-- .const:ti_sysbios_knl_Queue_Object__DESC__C
  000012d0    000012d0    00000020   00000020    r-- .const:ti_sysbios_knl_Semaphore_Object__DESC__C
  000012f0    000012f0    00000020   00000020    r-- .const:ti_sysbios_knl_Swi_Object__DESC__C
  00001310    00001310    00000020   00000020    r-- .const:ti_sysbios_knl_Task_Object__DESC__C
  00001330    00001330    00000018   00000018    r-- .const:ti_sysbios_gates_GateHwi_Object__PARAMS__C
  00001348    00001348    00000018   00000018    r-- .const:ti_sysbios_gates_GateMutex_Object__PARAMS__C
  00001360    00001360    00000018   00000018    r-- .const:ti_sysbios_knl_Queue_Object__PARAMS__C
  00001378    00001378    00000008   00000008    r-- .const:ti_sysbios_knl_Idle_funcList__C
  00001384    00001384    00000004   00000004    r-- .const:ti_sysbios_family_arm_cc26xx_Timer_startupNeeded__C
  00001388    00001388    00000004   00000004    r-- .const:ti_sysbios_family_arm_m3_Hwi_E_alreadyDefined__C
  0000138c    0000138c    00000004   00000004    r-- .const:ti_sysbios_family_arm_m3_Hwi_E_hwiLimitExceeded__C
  00001390    00001390    00000004   00000004    r-- .const:ti_sysbios_family_arm_m3_Hwi_NUM_INTERRUPTS__C
  00001394    00001394    00000004   00000004    r-- .const:ti_sysbios_family_arm_m3_Hwi_Object__count__C
  00001398    00001398    00000004   00000004    r-- .const:ti_sysbios_family_arm_m3_Hwi_Object__table__C
  0000139c    0000139c    00000004   00000004    r-- .const:ti_sysbios_family_arm_m3_Hwi_ccr__C
  000013a0    000013a0    00000004   00000004    r-- .const:ti_sysbios_family_arm_m3_Hwi_excHandlerFunc__C
  000013a4    000013a4    00000004   00000004    r-- .const:ti_sysbios_family_arm_m3_Hwi_nullIsrFunc__C
  000013a8    000013a8    00000004   00000004    r-- .const:ti_sysbios_family_arm_m3_Hwi_numSparseInterrupts__C
  000013ac    000013ac    00000004   00000004    r-- .const:ti_sysbios_family_arm_m3_Hwi_priGroup__C
  000013b0    000013b0    00000004   00000004    r-- .const:ti_sysbios_family_arm_m3_TaskSupport_stackAlignment__C
  000013b4    000013b4    00000004   00000004    r-- .const:ti_sysbios_heaps_HeapMem_E_memory__C
  000013b8    000013b8    00000004   00000004    r-- .const:ti_sysbios_heaps_HeapMem_Module__gateObj__C
  000013bc    000013bc    00000004   00000004    r-- .const:ti_sysbios_heaps_HeapMem_Object__count__C
  000013c0    000013c0    00000004   00000004    r-- .const:ti_sysbios_heaps_HeapMem_Object__table__C
  000013c4    000013c4    00000004   00000004    r-- .const:ti_sysbios_heaps_HeapMem_reqAlign__C
  000013c8    000013c8    00000004   00000004    r-- .const:ti_sysbios_knl_Clock_serviceMargin__C
  000013cc    000013cc    00000004   00000004    r-- .const:ti_sysbios_knl_Mailbox_Object__count__C
  000013d0    000013d0    00000004   00000004    r-- .const:ti_sysbios_knl_Mailbox_Object__table__C
  000013d4    000013d4    00000004   00000004    r-- .const:ti_sysbios_knl_Mailbox_maxTypeAlign__C
  000013d8    000013d8    00000004   00000004    r-- .const:ti_sysbios_knl_Queue_Object__count__C
  000013dc    000013dc    00000004   00000004    r-- .const:ti_sysbios_knl_Queue_Object__table__C
  000013e0    000013e0    00000004   00000004    r-- .const:ti_sysbios_knl_Swi_Object__count__C
  000013e4    000013e4    00000004   00000004    r-- .const:ti_sysbios_knl_Swi_Object__table__C
  000013e8    000013e8    00000004   00000004    r-- .const:ti_sysbios_knl_Swi_numPriorities__C
  000013ec    000013ec    00000004   00000004    r-- .const:ti_sysbios_knl_Task_Object__count__C
  000013f0    000013f0    00000004   00000004    r-- .const:ti_sysbios_knl_Task_Object__table__C
  000013f4    000013f4    00000004   00000004    r-- .const:ti_sysbios_knl_Task_allBlockedFunc__C
  000013f8    000013f8    00000004   00000004    r-- .const:ti_sysbios_knl_Task_defaultStackHeap__C
  000013fc    000013fc    00000004   00000004    r-- .const:ti_sysbios_knl_Task_defaultStackSize__C
  00001400    00001400    00000004   00000004    r-- .const:ti_sysbios_knl_Task_numConstructedTasks__C
  00001406    00001406    00000002   00000002    r-- .const:ti_sysbios_family_arm_cc26xx_Timer_Module__id__C
  00001408    00001408    00000002   00000002    r-- .const:ti_sysbios_family_arm_cc26xx_TimestampProvider_useClockTimer__C
  0000140a    0000140a    00000002   00000002    r-- .const:ti_sysbios_family_arm_m3_Hwi_Module__id__C
  0000140c    0000140c    00000002   00000002    r-- .const:ti_sysbios_gates_GateHwi_Module__id__C
  0000140e    0000140e    00000002   00000002    r-- .const:ti_sysbios_gates_GateMutex_Module__id__C
  00001410    00001410    00000002   00000002    r-- .const:ti_sysbios_heaps_HeapMem_Module__id__C
  00001412    00001412    00000002   00000002    r-- .const:ti_sysbios_knl_Task_initStackFlag__C
  00001414    00001414    00000001   00000001    r-- .const:ti_sysbios_knl_Clock_tickMode__C
  00001418    00001418    00000008   00000008    r-- .const:xdc_runtime_Startup_firstFxns__C
  00001420    00001420    00000008   00000008    r-- .const:xdc_runtime_Startup_lastFxns__C
  00001428    00001428    00000004   00000004    r-- .const:xdc_runtime_Assert_E_assertFailed__C
  0000142c    0000142c    00000004   00000004    r-- .const:xdc_runtime_Error_E_memory__C
  00001430    00001430    00000004   00000004    r-- .const:xdc_runtime_Error_policyFxn__C
  00001434    00001434    00000004   00000004    r-- .const:xdc_runtime_IGateProvider_Interface__BASE__C
  00001438    00001438    00000004   00000004    r-- .const:xdc_runtime_IHeap_Interface__BASE__C
  0000143c    0000143c    00000004   00000004    r-- .const:xdc_runtime_IModule_Interface__BASE__C
  00001440    00001440    00000004   00000004    r-- .const:xdc_runtime_Main_Module__diagsEnabled__C
  00001444    00001444    00000004   00000004    r-- .const:xdc_runtime_Main_Module__diagsIncluded__C
  00001448    00001448    00000004   00000004    r-- .const:xdc_runtime_Main_Module__diagsMask__C
  0000144c    0000144c    00000004   00000004    r-- .const:xdc_runtime_Memory_defaultHeapInstance__C
  00001450    00001450    00000004   00000004    r-- .const:xdc_runtime_Startup_execImpl__C
  00001454    00001454    00000004   00000004    r-- .const:xdc_runtime_Startup_maxPasses__C
  00001458    00001458    00000004   00000004    r-- .const:xdc_runtime_Startup_sfxnRts__C
  0000145c    0000145c    00000004   00000004    r-- .const:xdc_runtime_Startup_sfxnTab__C
  00001460    00001460    00000004   00000004    r-- .const:xdc_runtime_Startup_startModsFxn__C
  00001464    00001464    00000004   00000004    r-- .const:xdc_runtime_SysCallback_abortFxn__C
  00001468    00001468    00000004   00000004    r-- .const:xdc_runtime_SysCallback_exitFxn__C
  0000146c    0000146c    00000004   00000004    r-- .const:xdc_runtime_System_abortFxn__C
  00001470    00001470    00000004   00000004    r-- .const:xdc_runtime_System_exitFxn__C
  00001474    00001474    00000004   00000004    r-- .const:xdc_runtime_System_maxAtexitHandlers__C
  00001478    00001478    00000004   00000004    r-- .const:xdc_runtime_Text_charTab__C
  0000147c    0000147c    00000004   00000004    r-- .const:xdc_runtime_Text_nameEmpty__C
  00001480    00001480    00000004   00000004    r-- .const:xdc_runtime_Text_nameStatic__C
  00001484    00001484    00000004   00000004    r-- .const:xdc_runtime_Text_nameUnknown__C
  00001488    00001488    00000002   00000002    r-- .const:xdc_runtime_Main_Module__id__C
  0000148a    0000148a    00000002   00000002    r-- .const:xdc_runtime_Memory_Module__id__C
  0000148c    0000148c    00000002   00000002    r-- .const:xdc_runtime_Text_charCnt__C
  0000148e    0000148e    00000002   00000002    r-- .const:xdc_runtime_Text_isLoaded__C
  00001490    00001490    00000001   00000001    r-- .const:xdc_runtime_Error_policy__C
  00001494    00001494    00000004   00000004    r-- .const:ti_sysbios_rom_ROM_AONRTCChannelEnable
  00001498    00001498    00000004   00000004    r-- .const:ti_sysbios_rom_ROM_AONRTCCompareValueSet
  0000149c    0000149c    00000004   00000004    r-- .const:ti_sysbios_rom_ROM_AONRTCCurrentCompareValueGet
  000014a0    000014a0    00000004   00000004    r-- .const:ti_sysbios_rom_ROM_AONRTCEventClear
  000014a4    000014a4    00000004   00000004    r-- .const:ti_sysbios_rom_ROM_ti_sysbios_family_arm_cc26xx_Timer_getCount64__E
  000014a8    000014a8    00000004   00000004    r-- .const:ti_sysbios_rom_ROM_ti_sysbios_family_arm_cc26xx_Timer_getCurrentTick__E
  000014ac    000014ac    00000004   00000004    r-- .const:ti_sysbios_rom_ROM_ti_sysbios_family_arm_cc26xx_Timer_getMaxTicks__E
  000014b0    000014b0    00000004   00000004    r-- .const:ti_sysbios_rom_ROM_ti_sysbios_family_arm_cc26xx_Timer_initDevice__I
  000014b4    000014b4    00000004   00000004    r-- .const:ti_sysbios_rom_ROM_ti_sysbios_family_arm_cc26xx_Timer_setNextTick__E
  000014b8    000014b8    00000004   00000004    r-- .const:ti_sysbios_rom_ROM_ti_sysbios_family_arm_cc26xx_Timer_setThreshold__I
  000014bc    000014bc    00000004   00000004    r-- .const:ti_sysbios_rom_ROM_ti_sysbios_family_arm_cc26xx_Timer_start__E
  000014c0    000014c0    00000004   00000004    r-- .const:ti_sysbios_rom_ROM_ti_sysbios_family_arm_cc26xx_TimestampProvider_get32__E
  000014c4    000014c4    00000004   00000004    r-- .const:ti_sysbios_rom_ROM_xdc_runtime_Startup_getState__I
  000014c8    000014c8    00000004   00000004    r-- .const:ti_sysbios_rom_ROM_xdc_runtime_System_SupportProxy_abort__E
  000014cc    000014cc    00000004   00000004    r-- .const:ti_sysbios_rom_ROM_xdc_runtime_System_SupportProxy_exit__E
  000014d0    000014d0    00000004   00000004    r-- .const:ti_sysbios_gates_GateMutex_Instance_State_sem__O
  000014d4    000014d4    00000004   00000004    r-- .const:ti_sysbios_knl_Clock_Module_State_clockQ__O
  000014d8    000014d8    00000004   00000004    r-- .const:ti_sysbios_knl_Mailbox_Instance_State_dataQue__O
  000014dc    000014dc    00000004   00000004    r-- .const:ti_sysbios_knl_Mailbox_Instance_State_dataSem__O
  000014e0    000014e0    00000004   00000004    r-- .const:ti_sysbios_knl_Mailbox_Instance_State_freeQue__O
  000014e4    000014e4    00000004   00000004    r-- .const:ti_sysbios_knl_Mailbox_Instance_State_freeSem__O
  000014e8    000014e8    00000004   00000004    r-- .const:ti_sysbios_knl_Semaphore_Instance_State_pendQ__O
  000014ec    000014ec    00000004   00000004    r-- .const:ti_sysbios_knl_Task_Module_State_inactiveQ__O
  000014f0    000014f0    0000b3c8   0000b3c8    r-x .text
  0000c8b8    0000c8b8    000048a5   000048a5    r-- .const
0001ffa8    0001ffa8    00000058   00000058    r--
  0001ffa8    0001ffa8    00000058   00000058    r-- .ccfg
20000100    20000100    00000104   00000000    rw-
  20000100    20000100    00000044   00000000    rw- .data:ti_sysbios_knl_Task_Module__state__V
  20000144    20000144    00000034   00000000    rw- .data:ti_sysbios_family_arm_m3_Hwi_Module__state__V
  20000178    20000178    0000002c   00000000    rw- .data:ti_sysbios_knl_Clock_Module__state__V
  200001a4    200001a4    00000024   00000000    rw- .data:ti_sysbios_BIOS_Module__state__V
  200001c8    200001c8    0000001c   00000000    rw- .data:ti_sysbios_knl_Swi_Module__state__V
  200001e4    200001e4    00000008   00000000    rw- .data:ti_sysbios_family_arm_cc26xx_Timer_Module__state__V
  200001ec    200001ec    00000004   00000000    rw- .data:ti_sysbios_family_arm_cc26xx_TimestampProvider_Module__state__V
  200001f0    200001f0    00000008   00000000    rw- .data:xdc_runtime_Startup_Module__state__V
  200001f8    200001f8    00000008   00000000    rw- .data:xdc_runtime_System_Module__state__V
  20000200    20000200    00000004   00000000    rw- .data:xdc_runtime_Memory_Module__state__V
20000280    20000280    000027c4   00000000    rw-
  20000280    20000280    000027c4   00000000    rw- .bss
20002a48    20002a48    00001000   00000000    r--
  20002a48    20002a48    00001000   00000000    r-- .priheap
20003a48    20003a48    000009ab   00000000    rw-
  20003a48    20003a48    000009ab   00000000    rw- .data
20004c00    20004c00    00000400   00000000    rw-
  20004c00    20004c00    00000400   00000000    rw- .stack


SECTION ALLOCATION MAP

 output                                  attributes/
section   page    origin      length       input sections
--------  ----  ----------  ----------   ----------------
.text      0    000014f0    0000b3c8     
                  000014f0    0000044c     rf_multiMode_cc13x0.aem3 : RFCC26XX_multiMode.oem3 (.text:fsmActiveState)
                  0000193c    000003c4     EasyLink.obj (.text:EasyLink_init)
                  00001d00    0000033c     rom_sysbios.aem3 : rom_sysbios.obj (.text:xdc_runtime_System_doPrint__I)
                  0000203c    00000324     rtsv7M3_T_le_eabi.lib : trgdrv.obj (.text)
                  00002360    0000030c     drivers_cc13x0.aem3 : PowerCC26XX_calibrateRCOSC.oem3 (.text:PowerCC26XX_auxISR)
                  0000266c    00000248     rtsv7M3_T_le_eabi.lib : vla_alloc.obj (.text)
                  000028b4    00000228     driverlib.lib : sys_ctrl.obj (.text:NOROM_SysCtrlSetRechargeBeforePowerDown)
                  00002adc    0000021c     drivers_cc13x0.aem3 : PowerCC26XX.oem3 (.text:Power_sleep)
                  00002cf8    00000200     rf_multiMode_cc13x0.aem3 : RFCC26XX_multiMode.oem3 (.text:RF_open)
                  00002ef8    000001f4     rtsv7M3_T_le_eabi.lib : ull_div_t2.obj (.text)
                  000030ec    000001e4     main.obj (.text:LSM9DS1init)
                  000032d0    000001dc     hello_pem3.oem3 (.text:xdc_runtime_System_printfExtend__I)
                  000034ac    000001b6     rtsv7M3_T_le_eabi.lib : fd_add_t2.obj (.text)
                  00003662    00000002     display.aem3 : DisplayUart.oem3 (.text:DisplayUartMin_clear)
                  00003664    000001a4     EasyLink.obj (.text:EasyLink_setRfPwr)
                  00003808    0000019c     rf_multiMode_cc13x0.aem3 : RFCC26XX_multiMode.oem3 (.text:fsmSetupState)
                  000039a4    00000190     drivers_cc13x0.aem3 : PowerCC26XX_calibrateRCOSC.oem3 (.text:PowerCC26XX_doCalibrate)
                  00003b34    0000018c                         : PINCC26XX.oem3 (.text:PIN_init)
                  00003cc0    00000188     EasyLink.obj (.text:rxDoneCallback)
                  00003e48    00000180     main.obj (.text:initGyro)
                  00003fc8    00000178     main.obj (.text:txDataTaskFunc)
                  00004140    00000170     EasyLink.obj (.text:EasyLink_receiveAsync)
                  000042b0    00000164     drivers_cc13x0.aem3 : UARTCC26XX.oem3 (.text:UARTCC26XX_open)
                  00004414    00000158     rf_multiMode_cc13x0.aem3 : RFCC26XX_multiMode.oem3 (.text:RF_postCmd)
                  0000456c    00000154     drivers_cc13x0.aem3 : I2CCC26XX.oem3 (.text:I2CCC26XX_open)
                  000046c0    00000154     rf_multiMode_cc13x0.aem3 : RFCC26XX_multiMode.oem3 (.text:radioOpDoneCb)
                  00004814    00000150                              : RFCC26XX_multiMode.oem3 (.text:abortCmd)
                  00004964    00000150     smartrf_settings_predefined.obj (.text:rf_patch_mce_genook)
                  00004ab4    00000148     rf_multiMode_cc13x0.aem3 : RFCC26XX_multiMode.oem3 (.text:fsmChangePhyState)
                  00004bfc    00000148     main.obj (.text:humidityTaskFunc)
                  00004d44    0000013c     EasyLink.obj (.text:EasyLink_transmit)
                  00004e80    00000138     hello_pem3.oem3 (.text:ti_uia_loggers_LoggerStopMode_writeMemoryRange__E)
                  00004fb8    00000136     rtsv7M3_T_le_eabi.lib : fd_div_t2.obj (.text)
                  000050ee    00000002     display.aem3 : DisplayUart.oem3 (.text:DisplayUartMin_clearLines)
                  000050f0    00000134     main.obj (.text:initAccel)
                  00005224    00000130     driverlib.lib : setup_rom.obj (.text:NOROM_SetupAfterColdResetWakeupFromShutDownCfg3)
                  00005354    0000012c     drivers_cc13x0.aem3 : PowerCC26XX.oem3 (.text:Power_init)
                  00005480    00000128     smartrf_settings.obj (.text:rf_patch_rfe_genfsk)
                  000055a8    00000128     smartrf_settings_predefined.obj (.text:rf_patch_rfe_genfsk)
                  000056d0    00000128     smartrf_settings_predefined.obj (.text:rf_patch_rfe_lrm)
                  000057f8    00000128     smartrf_settings_predefined.obj (.text:rf_patch_rfe_sl_longrange)
                  00005920    0000011c     rf_multiMode_cc13x0.aem3 : RFCC26XX_multiMode.oem3 (.text:RF_close)
                  00005a3c    00000118     drivers_cc13x0.aem3 : UARTCC26XX.oem3 (.text:UARTCC26XX_read)
                  00005b54    00000118     main.obj (.text:initMag)
                  00005c6c    00000114     smartrf_settings_predefined.obj (.text:rf_patch_mce_hsp_4mbps)
                  00005d80    00000110     drivers_cc13x0.aem3 : I2CCC26XX.oem3 (.text:I2CCC26XX_hwiFxn)
                  00005e90    0000010c     hello_pem3.oem3 (.text:ti_uia_loggers_LoggerStopMode_write8__E)
                  00005f9c    0000010a     drivers_cc13x0.aem3 : UARTCC26XX.oem3 (.text:UARTCC26XX_hwiIntFxn)
                  000060a6    00000002     display.aem3 : DisplayUart.oem3 (.text:DisplayUartMin_init)
                  000060a8    00000108     rf_multiMode_cc13x0.aem3 : RFCC26XX_multiMode.oem3 (.text:fsmPowerUpState)
                  000061b0    00000108                              : RFCC26XX_multiMode.oem3 (.text:hwiFxnCpe0Active)
                  000062b8    000000fc     drivers_cc13x0.aem3 : UARTCC26XX.oem3 (.text:UARTCC26XX_write)
                  000063b4    000000fc     rtsv7M3_T_le_eabi.lib : fd_mul_t2.obj (.text)
                  000064b0    000000f4     hello_pem3.oem3 (.text:ti_uia_loggers_LoggerStopMode_write4__E)
                  000065a4    000000f0     driverlib.lib : setup_rom.obj (.text:NOROM_SetupAfterColdResetWakeupFromShutDownCfg2)
                  00006694    000000f0     main.obj (.text:rxDoneCb)
                  00006784    000000e8     main.obj (.text:adcTaskFunc)
                  0000686c    000000e8     hello_pem3.oem3 (.text:ti_uia_loggers_LoggerStopMode_write1__E)
                  00006954    000000e8     hello_pem3.oem3 (.text:ti_uia_loggers_LoggerStopMode_write2__E)
                  00006a3c    000000dc     driverlib.lib : rfc.obj (.text:NOROM_RFCOverrideUpdate)
                  00006b18    000000dc     drivers_cc13x0.aem3 : PINCC26XX.oem3 (.text:PINCC26XX_setIoCfg)
                  00006bf4    000000dc     main.obj (.text:semaphoreSetup)
                  00006cd0    000000d8     EasyLink.obj (.text:EasyLink_enableRxAddrFilter)
                  00006da8    000000d8     smartrf_settings_predefined.obj (.text:rf_patch_rfe_genook)
                  00006e80    000000d8     smartrf_settings_predefined.obj (.text:rf_patch_rfe_hsp_4mbps)
                  00006f58    000000d8     hello_pem3.oem3 (.text:ti_uia_loggers_LoggerStopMode_write0__E)
                  00007030    000000d4     driverlib.lib : rfc.obj (.text:NOROM_RFCRfTrimRead)
                  00007104    000000d0     dpl_cc13x0.aem3 : PowerCC26XX_tirtos.oem3 (.text:PowerCC26XX_standbyPolicy)
                  000071d4    000000cc     EasyLink.obj (.text:EasyLink_setFrequency)
                  000072a0    000000c4     drivers_cc13x0.aem3 : ADCCC26XX.oem3 (.text:ADCCC26XX_convert)
                  00007364    000000c4     driverlib.lib : setup.obj (.text:TrimAfterColdResetWakeupFromShutDown)
                  00007428    000000c4     smartrf_settings_predefined.obj (.text:rf_patch_mce_sl_longrange)
                  000074ec    000000c0     drivers_cc13x0.aem3 : I2CCC26XX.oem3 (.text:I2CCC26XX_transfer)
                  000075ac    000000c0     driverlib.lib : aux_adc.obj (.text:NOROM_AUXADCEnableSync)
                  0000766c    000000bc     main.obj (.text:I2CreadBytes)
                  00007728    000000bc     drivers_cc13x0.aem3 : PowerCC26XX.oem3 (.text:Power_releaseDependency)
                  000077e4    000000bc                         : UARTCC26XX.oem3 (.text:UARTCC26XX_initHw)
                  000078a0    000000b4                         : PowerCC26XX.oem3 (.text:Power_setDependency)
                  00007954    000000a8     driverlib.lib : setup.obj (.text:NOROM_SetupTrimDevice)
                  000079fc    000000a4                   : setup_rom.obj (.text:NOROM_SetupAfterColdResetWakeupFromShutDownCfg1)
                  00007aa0    000000a4     rf_multiMode_cc13x0.aem3 : RFCC26XX_multiMode.oem3 (.text:RF_dispatchCmd)
                  00007b44    000000a4     main.obj (.text:beginHumidity)
                  00007be8    000000a0     auto_init.aem3 : auto_init.oem3 (.text)
                  00007c88    0000009e     rom_sysbios.aem3 : rom_sysbios.obj (.text:xdc_runtime_Text_putSite__E)
                  00007d26    00000002     rf_multiMode_cc13x0.aem3 : RFCC26XX_multiMode.oem3 (.text:defaultCallback)
                  00007d28    0000009c                              : RFCC26XX_multiMode.oem3 (.text:RF_issueRadioFreeCb)
                  00007dc4    0000009c                              : RFCC26XX_multiMode.oem3 (.text:hwiFxnCpe0PowerFsm)
                  00007e60    0000009c     rtsv7M3_T_le_eabi.lib : memcpy_t2.obj (.text)
                  00007efc    0000009c     rf_multiMode_cc13x0.aem3 : RFCC26XX_multiMode.oem3 (.text:swiFxnHw)
                  00007f98    00000098     main.obj (.text:I2Cwrite1read2HumByte)
                  00008030    00000098     drivers_cc13x0.aem3 : PINCC26XX.oem3 (.text:PIN_open)
                  000080c8    00000098                         : UARTCC26XX.oem3 (.text:UARTCC26XX_initIO)
                  00008160    00000098     rom_sysbios.aem3 : rom_sysbios.obj (.text:ti_sysbios_knl_Clock_workFuncDynamic__E)
                  000081f8    00000098                      : rom_sysbios.obj (.text:xdc_runtime_Text_putMod__E)
                  00008290    00000094     EasyLink.obj (.text:EasyLink_abort)
                  00008324    00000094     driverlib.lib : aux_adc.obj (.text:NOROM_AUXADCDisable)
                  000083b8    00000094     main.obj (.text:magTaskFunc)
                  0000844c    00000094     main.obj (.text:readAccel)
                  000084e0    00000094     main.obj (.text:readGyro)
                  00008574    00000094     drivers_cc13x0.aem3 : UARTCC26XX.oem3 (.text:writeFinishedDoCallback)
                  00008608    00000090                         : I2CCC26XX.oem3 (.text:I2CCC26XX_cancel)
                  00008698    00000090     ti.uia.loggers.aem3 : LoggerStopMode.oem3 (.text:ti_uia_loggers_LoggerStopMode_initQueueDescriptor__E)
                  00008728    0000008c     drivers_cc13x0.aem3 : I2CCC26XX.oem3 (.text:I2CCC26XX_primeTransfer)
                  000087b4    0000008c     rf_multiMode_cc13x0.aem3 : RFCC26XX_multiMode.oem3 (.text:RF_pendCmd)
                  00008840    0000008c     drivers_cc13x0.aem3 : UARTCC26XX.oem3 (.text:UARTCC26XX_close)
                  000088cc    0000008c                         : UARTCC26XX.oem3 (.text:UARTCC26XX_writeCancel)
                  00008958    00000088                         : ADCCC26XX.oem3 (.text:ADCCC26XX_open)
                  000089e0    00000088                         : PowerCC26XX.oem3 (.text:disableLFClockQualifiers)
                  00008a68    00000086     rtsv7M3_T_le_eabi.lib : fd_cmp_t2.obj (.text:__aeabi_cdcmple)
                  00008aee    00000086                           : fd_cmp_t2.obj (.text:__aeabi_cdrcmple)
                  00008b74    00000084     drivers_cc13x0.aem3 : PowerCC26XX.oem3 (.text:switchXOSCHFclockFunc)
                  00008bf8    00000080     main.obj (.text:getTempFarenheit)
                  00008c78    0000007c     main.obj (.text:constrainScales)
                  00008cf4    0000007a     rtsv7M3_T_le_eabi.lib : memset_t2.obj (.text)
                  00008d6e    00000002     drivers_cc13x0.aem3 : PowerCC26XX.oem3 (.text:emptyClockFunc)
                  00008d70    00000078     main.obj (.text:LSM9DS1begin)
                  00008de8    00000078     drivers_cc13x0.aem3 : UARTCC26XX.oem3 (.text:writeTxFifoFlush)
                  00008e60    00000074     main.obj (.text:I2Cwrite2read1HumByte)
                  00008ed4    00000074     driverlib.lib : setup_rom.obj (.text:NOROM_SetupSetVddrLevel)
                  00008f48    00000074     main.obj (.text:configInt)
                  00008fbc    00000074     main.obj (.text:main)
                  00009030    00000074     rom_sysbios.aem3 : rom_sysbios.obj (.text:ti_sysbios_family_arm_cc26xx_Timer_start__E)
                  000090a4    00000074     ti.uia.runtime.aem3 : QueueDescriptor.oem3 (.text:ti_uia_runtime_QueueDescriptor_addToList__E)
                  00009118    0000006e     rtsv7M3_T_le_eabi.lib : fd_tos_t2.obj (.text)
                  00009186    00000002     smartrf_settings.obj (.text:enterGenfskSysPatch)
                  00009188    0000006d     rom_sysbios.aem3 : rom_sysbios.obj (.text:xdc_runtime_System_formatNum__I)
                  000091f5    00000001     --HOLE-- [fill = 0]
                  000091f6    00000002     smartrf_settings_predefined.obj (.text:enterGenfskSysPatch)
                  000091f8    0000006c     drivers_cc13x0.aem3 : PowerCC26XX_calibrateRCOSC.oem3 (.text:PowerCC26XX_initiateCalibration)
                  00009264    00000068                         : I2CCC26XX.oem3 (.text:I2CCC26XX_close)
                  000092cc    00000068     main.obj (.text:I2CreadByte)
                  00009334    00000068     main.obj (.text:I2Cwrite1read1HumByte)
                  0000939c    00000068     main.obj (.text:I2CwriteByte)
                  00009404    00000068     driverlib.lib : setup_rom.obj (.text:NOROM_SetupGetTrimForAmpcompCtrl)
                  0000946c    00000068                   : setup_rom.obj (.text:NOROM_SetupGetTrimForAnabypassValue1)
                  000094d4    00000068                   : sys_ctrl.obj (.text:NOROM_SysCtrl_DCDC_VoltageConditionalControl)
                  0000953c    00000068     drivers_cc13x0.aem3 : UARTCC26XX.oem3 (.text:UARTCC26XX_readCancel)
                  000095a4    00000068     rtsv7M3_T_le_eabi.lib : copy_decompress_lzss.obj (.text:decompress:lzss)
                  0000960c    00000068     rf_multiMode_cc13x0.aem3 : RFCC26XX_multiMode.oem3 (.text:flushPendCmd)
                  00009674    00000068                              : RFCC26XX_multiMode.oem3 (.text:fsmXOSCState)
                  000096dc    00000068     rtsv7M3_T_le_eabi.lib : trgmsg.obj (.text)
                  00009744    00000066     ti.uia.loggers.aem3 : LoggerStopMode.oem3 (.text:ti_uia_loggers_LoggerStopMode_flush__E)
                  000097aa    00000002     smartrf_settings_predefined.obj (.text:enterGenookSysPatch)
                  000097ac    00000064     driverlib.lib : osc.obj (.text:NOROM_OSCHF_AttemptToSwitchToXosc)
                  00009810    00000064     drivers_cc13x0.aem3 : PowerCC26XX.oem3 (.text:configureXOSCHF)
                  00009874    00000064     rf_multiMode_cc13x0.aem3 : RFCC26XX_multiMode.oem3 (.text:dispatchOpWhen)
                  000098d8    00000064     rom_sysbios.aem3 : rom_sysbios.obj (.text:ti_sysbios_heaps_HeapMem_initPrimary__I)
                  0000993c    00000062     rf_multiMode_cc13x0.aem3 : RFCC26XX_multiMode.oem3 (.text:syncCb)
                  0000999e    00000002     smartrf_settings_predefined.obj (.text:enterLrmSysPatch)
                  000099a0    00000060     driverlib.lib : osc.obj (.text:NOROM_OSCClockSourceSet)
                  00009a00    00000060     drivers_cc13x0.aem3 : UARTCC26XX.oem3 (.text:UARTCC26XX_control)
                  00009a60    00000060     smartrf_settings.obj (.text:configureGenfskPatch)
                  00009ac0    00000060     smartrf_settings_predefined.obj (.text:configureGenfskPatch)
                  00009b20    00000060     smartrf_settings_predefined.obj (.text:configureGenookPatch)
                  00009b80    00000060     smartrf_settings_predefined.obj (.text:configureLrmPatch)
                  00009be0    00000060     smartrf_settings_predefined.obj (.text:configureSl_longrangePatch)
                  00009c40    0000005c     display.aem3 : Display.oem3 (.text:Display_doOpen)
                  00009c9c    0000005c     driverlib.lib : sys_ctrl.obj (.text:NOROM_SysCtrlAdjustRechargeAfterPowerDown)
                  00009cf8    0000005c     drivers_cc13x0.aem3 : PowerCC26XX_calibrateRCOSC.oem3 (.text:PowerCC26XX_RCOSC_clockFunc)
                  00009d54    0000005c                         : PowerCC26XX.oem3 (.text:PowerCC26XX_calibrate)
                  00009db0    0000005c     rf_multiMode_cc13x0.aem3 : RFCC26XX_multiMode.oem3 (.text:ratChanFree)
                  00009e0c    0000005c     hello_pem3.oem3 (.text:xdc_runtime_Startup_getState__I)
                  00009e68    0000005b     rom_sysbios.aem3 : rom_sysbios.obj (.text:xdc_runtime_Text_putLab__E)
                  00009ec3    00000001     --HOLE-- [fill = 0]
                  00009ec4    00000058     drivers_cc13x0.aem3 : I2CCC26XX.oem3 (.text:I2CCC26XX_swiFxn)
                  00009f1c    00000058                         : PINCC26XX.oem3 (.text:PIN_remove)
                  00009f74    00000058     rf_multiMode_cc13x0.aem3 : RFCC26XX_multiMode.oem3 (.text:applyRfCorePatch)
                  00009fcc    00000058     main.obj (.text:rxRestartFunc)
                  0000a024    00000054     rf_multiMode_cc13x0.aem3 : RFCC26XX_multiMode.oem3 (.text:RF_getCurrentTime)
                  0000a078    00000054     main.obj (.text:accelTaskFunc)
                  0000a0cc    00000054     main.obj (.text:calcaRes)
                  0000a120    00000054     main.obj (.text:calcmRes)
                  0000a174    00000054     main.obj (.text:getRelativeHumidity)
                  0000a1c8    00000054     main.obj (.text:gyroTaskFunc)
                  0000a21c    00000054     rf_multiMode_cc13x0.aem3 : RFCC26XX_multiMode.oem3 (.text:hwiFxnHw)
                  0000a270    00000054     rtsv7M3_T_le_eabi.lib : exit.obj (.text)
                  0000a2c4    00000050     driverlib.lib : setup_rom.obj (.text:NOROM_SetupSetCacheModeAccordingToCcfgSetting)
                  0000a314    00000050     main.obj (.text:pinCallback)
                  0000a364    00000050     main.obj (.text:readMag)
                  0000a3b4    00000050     drivers_cc13x0.aem3 : UARTCC26XX.oem3 (.text:startTxFifoEmptyClk)
                  0000a404    0000004c                         : I2CCC26XX.oem3 (.text:I2CCC26XX_initHw)
                  0000a450    0000004c     rf_multiMode_cc13x0.aem3 : RFCC26XX_multiMode.oem3 (.text:RF_wakeupNotifyFxn)
                  0000a49c    0000004c     rtsv7M3_T_le_eabi.lib : cpy_tbl.obj (.text)
                  0000a4e8    0000004c     ti.uia.loggers.aem3 : LoggerStopMode.oem3 (.text:ti_uia_loggers_LoggerStopMode_Module_startup__E)
                  0000a534    0000004a     display.aem3 : DisplayUart.oem3 (.text:DisplayUartMin_open)
                  0000a57e    00000002     smartrf_settings_predefined.obj (.text:enterSl_longrangeSysPatch)
                  0000a580    00000048     dpl_cc13x0.aem3 : ClockP_tirtos.oem3 (.text:ClockP_construct)
                  0000a5c8    00000048     drivers_cc13x0.aem3 : PINCC26XX.oem3 (.text:PIN_setOutputEnable)
                  0000a610    00000048     main.obj (.text:calcgRes)
                  0000a658    00000048     rtsv7M3_T_le_eabi.lib : fd_toi_t2.obj (.text)
                  0000a6a0    00000046     display.aem3 : DisplayUart.oem3 (.text:DisplayUartMin_vprintf)
                  0000a6e6    00000002     rtsv7M3_T_le_eabi.lib : i_div0.obj (.text)
                  0000a6e8    00000044     drivers_cc13x0.aem3 : PINCC26XX.oem3 (.text:PIN_swi)
                  0000a72c    00000044     rf_multiMode_cc13x0.aem3 : RFCC26XX_multiMode.oem3 (.text:RF_releasePowerConstraint)
                  0000a770    00000044     drivers_cc13x0.aem3 : RingBuf.oem3 (.text:RingBuf_put)
                  0000a7b4    00000044     main.obj (.text:adcSetup)
                  0000a7f8    00000044     boot.aem3 : boot.oem3 (.text)
                  0000a83c    00000044     drivers_cc13x0.aem3 : PowerCC26XX.oem3 (.text:notify)
                  0000a880    00000044     rtsv7M3_T_le_eabi.lib : fd_tou_t2.obj (.text)
                  0000a8c4    00000044     ti.uia.loggers.aem3 : LoggerStopMode.oem3 (.text:ti_uia_loggers_LoggerStopMode_initBuffer__I)
                  0000a908    00000044     rom_sysbios.aem3 : rom_sysbios.obj (.text:xdc_runtime_SysMin_flush__E)
                  0000a94c    00000044                      : rom_sysbios.obj (.text:xdc_runtime_Text_xprintf__I)
                  0000a990    00000040     drivers_cc13x0.aem3 : ADCCC26XX.oem3 (.text:ADCCC26XX_convertToMicroVolts)
                  0000a9d0    00000040                         : ADC.oem3 (.text:ADC_init)
                  0000aa10    00000040                         : ADC.oem3 (.text:ADC_open)
                  0000aa50    00000040     dpl_cc13x0.aem3 : HwiP_tirtos.oem3 (.text:HwiP_construct)
                  0000aa90    00000040     drivers_cc13x0.aem3 : I2C.oem3 (.text:I2C_init)
                  0000aad0    00000040                         : I2C.oem3 (.text:I2C_open)
                  0000ab10    00000040                         : UART.oem3 (.text:UART_init)
                  0000ab50    00000040                         : UART.oem3 (.text:UART_open)
                  0000ab90    00000040     rtsv7M3_T_le_eabi.lib : u_divt2.obj (.text)
                  0000abd0    00000040     rom_sysbios.aem3 : rom_sysbios.obj (.text:ti_sysbios_family_arm_cc26xx_Timer_setThreshold__I)
                  0000ac10    0000003e     drivers_cc13x0.aem3 : RingBuf.oem3 (.text:RingBuf_get)
                  0000ac4e    0000003e     hello_pem3.oem3 (.text:realloc)
                  0000ac8c    0000003c     drivers_cc13x0.aem3 : ADCCC26XX.oem3 (.text:ADCCC26XX_close)
                  0000acc8    0000003c     driverlib.lib : chipinfo.obj (.text:NOROM_ChipInfo_GetHwRevision)
                  0000ad04    0000003c                   : osc.obj (.text:NOROM_OSC_HPOSCRelativeFrequencyOffsetGet)
                  0000ad40    0000003c                   : rfc.obj (.text:NOROM_RFCSynthPowerDown)
                  0000ad7c    0000003c     drivers_cc13x0.aem3 : PowerCC26XX.oem3 (.text:PowerCC26XX_isStableXOSC_HF)
                  0000adb8    0000003c                         : PowerCC26XX.oem3 (.text:PowerCC26XX_switchXOSC_HF)
                  0000adf4    0000003c     rf_multiMode_cc13x0.aem3 : RFCC26XX_multiMode.oem3 (.text:RF_runCmd)
                  0000ae30    0000003c     dpl_cc13x0.aem3 : SwiP_tirtos.oem3 (.text:SwiP_construct)
                  0000ae6c    0000003c     rom_sysbios.aem3 : rom_sysbios.obj (.text:ti_sysbios_family_arm_m3_Hwi_construct2__E)
                  0000aea8    00000038     drivers_cc13x0.aem3 : PINCC26XX.oem3 (.text:PIN_setOutputValue)
                  0000aee0    00000038     rf_multiMode_cc13x0.aem3 : RFCC26XX_multiMode.oem3 (.text:Q_end)
                  0000af18    00000038                              : RFCC26XX_multiMode.oem3 (.text:RF_checkCmdFsError)
                  0000af50    00000038     drivers_cc13x0.aem3 : UARTCC26XX.oem3 (.text:UARTCC26XX_swiIntFxn)
                  0000af88    00000038     main.obj (.text:createADCTask)
                  0000afc0    00000038     main.obj (.text:createAccelTask)
                  0000aff8    00000038     main.obj (.text:createGyroTask)
                  0000b030    00000038     main.obj (.text:createHumidityTask)
                  0000b068    00000038     main.obj (.text:createMagTask)
                  0000b0a0    00000038     main.obj (.text:createRFRXTasks)
                  0000b0d8    00000038     main.obj (.text:createRFTXTasks)
                  0000b110    00000038     main.obj (.text:pinSetup)
                  0000b148    00000038     drivers_cc13x0.aem3 : UARTCC26XX.oem3 (.text:readData)
                  0000b180    00000038     rtsv7M3_T_le_eabi.lib : fs_tod_t2.obj (.text)
                  0000b1b8    00000038     rom_sysbios.aem3 : rom_sysbios.obj (.text:ti_sysbios_family_arm_cc26xx_Timer_getCurrentTick__E)
                  0000b1f0    00000038     drivers_cc13x0.aem3 : UARTCC26XX.oem3 (.text:writeData)
                  0000b228    00000038     rom_sysbios.aem3 : rom_sysbios.obj (.text:xdc_runtime_SysMin_putch__E)
                  0000b260    00000034     driverlib.lib : aux_adc.obj (.text:NOROM_AUXADCDisableInputScaling)
                  0000b294    00000034                   : osc.obj (.text:NOROM_OSCHF_SwitchToRcOscTurnOffXosc)
                  0000b2c8    00000034     drivers_cc13x0.aem3 : PINCC26XX.oem3 (.text:PIN_setConfig)
                  0000b2fc    00000034                         : PowerCC26XX.oem3 (.text:Power_releaseConstraint)
                  0000b330    00000034     rf_multiMode_cc13x0.aem3 : RFCC26XX_multiMode.oem3 (.text:Q_push)
                  0000b364    00000034     rom_sysbios.aem3 : rom_sysbios.obj (.text:ti_sysbios_family_arm_cc26xx_Timer_initDevice__I)
                  0000b398    00000034     ti.uia.loggers.aem3 : LoggerStopMode.oem3 (.text:ti_uia_loggers_LoggerStopMode_reset__E)
                  0000b3cc    00000032     rom_sysbios.aem3 : rom_sysbios.obj (.text:ti_sysbios_family_arm_cc26xx_Timer_setNextTick__E)
                  0000b3fe    00000002                      : rom_sysbios.obj (.text:ti_sysbios_BIOS_linkedWithIncorrectBootLibrary__E)
                  0000b400    00000030     driverlib.lib : chipinfo.obj (.text:NOROM_ChipInfo_GetChipType)
                  0000b430    00000030                   : setup_rom.obj (.text:NOROM_SetupSetAonRtcSubSecInc)
                  0000b460    00000030     drivers_cc13x0.aem3 : PowerCC26XX.oem3 (.text:Power_setConstraint)
                  0000b490    00000030     driverlib.lib : adi.obj (.text:SafeHapiAuxAdiSelect)
                  0000b4c0    00000030     rf_multiMode_cc13x0.aem3 : RFCC26XX_multiMode.oem3 (.text:clkPowerUpFxn)
                  0000b4f0    00000030     main.obj (.text:initI2C)
                  0000b520    00000030     drivers_cc13x0.aem3 : UARTCC26XX.oem3 (.text:readData2RingBuf)
                  0000b550    00000030     hello_pem3.oem3 (.text:ti_sysbios_BIOS_atExitFunc__I)
                  0000b580    00000030     hello_pem3.oem3 (.text:ti_sysbios_BIOS_startFunc__I)
                  0000b5b0    00000030     hello_pem3.oem3 (.text:ti_uia_loggers_LoggerStopMode_Object__create__S)
                  0000b5e0    00000030     rom_sysbios.aem3 : rom_sysbios.obj (.text:xdc_runtime_SysMin_abort__E)
                  0000b610    0000002f                      : rom_sysbios.obj (.text:xdc_runtime_Text_printVisFxn__I)
                  0000b63f    00000001     --HOLE-- [fill = 0]
                  0000b640    0000002e     rtsv7M3_T_le_eabi.lib : i_tofd_t2.obj (.text)
                  0000b66e    0000002e     hello_pem3.oem3 (.text:ti_sysbios_rts_gnu_MemAlloc_alloc)
                  0000b69c    0000002c     driverlib.lib : ddi.obj (.text:NOROM_DDI32RegWrite)
                  0000b6c8    0000002c                   : osc.obj (.text:NOROM_OSCClockSourceGet)
                  0000b6f4    0000002c                   : rfc.obj (.text:NOROM_RFCCPEPatchReset)
                  0000b720    0000002c                   : setup_rom.obj (.text:NOROM_SetupGetTrimForRadcExtCfg)
                  0000b74c    0000002c     drivers_cc13x0.aem3 : PINCC26XX.oem3 (.text:PINCC26XX_setMux)
                  0000b778    0000002c     dpl_cc13x0.aem3 : SemaphoreP_tirtos.oem3 (.text:SemaphoreP_constructBinary)
                  0000b7a4    0000002c                     : SemaphoreP_tirtos.oem3 (.text:SemaphoreP_createBinary)
                  0000b7d0    0000002c     rf_multiMode_cc13x0.aem3 : RFCC26XX_multiMode.oem3 (.text:getCmd)
                  0000b7fc    0000002c     rom_sysbios.aem3 : rom_sysbios.obj (.text:ti_sysbios_knl_Clock_getTicksUntilInterrupt__E)
                  0000b828    0000002a     display.aem3 : Display.oem3 (.text:Display_doPrintf)
                  0000b852    0000002a     rom_sysbios.aem3 : rom_sysbios.obj (.text:ti_sysbios_knl_Clock_getTimeout__E)
                  0000b87c    0000002a                      : rom_sysbios.obj (.text:xdc_runtime_System_putchar__I)
                  0000b8a6    00000002     hello_pem3.oem3 (.text:ti_sysbios_BIOS_nullFunc__I)
                  0000b8a8    00000028     display.aem3 : Display.oem3 (.text:Display_doInit)
                  0000b8d0    00000028     driverlib.lib : aon_batmon.obj (.text:NOROM_AONBatMonTemperatureGetDegC)
                  0000b8f8    00000028     drivers_cc13x0.aem3 : PowerCC26XX.oem3 (.text:Power_registerNotify)
                  0000b920    00000028     driverlib.lib : adi.obj (.text:SafeHapiVoid)
                  0000b948    00000028     main.obj (.text:heaterOff)
                  0000b970    00000024     driverlib.lib : rfc.obj (.text:NOROM_RFCDoorbellSendTo)
                  0000b994    00000024     drivers_cc13x0.aem3 : PINCC26XX.oem3 (.text:PINCC26XX_getPinCount)
                  0000b9b8    00000024     rf_multiMode_cc13x0.aem3 : RFCC26XX_multiMode.oem3 (.text:allocCmd)
                  0000b9dc    00000024     main.obj (.text:mReadBytes)
                  0000ba00    00000024     hello_pem3.oem3 (.text:ti_sysbios_BIOS_registerRTSLock__I)
                  0000ba24    00000024     hello_pem3.oem3 (.text:ti_sysbios_BIOS_removeRTSLock__I)
                  0000ba48    00000024     rom_sysbios.aem3 : rom_sysbios.obj (.text:ti_sysbios_family_arm_cc26xx_Timer_getMaxTicks__E)
                  0000ba6c    00000024     main.obj (.text:xgReadBytes)
                  0000ba90    00000022     drivers_cc13x0.aem3 : List.oem3 (.text:List_put)
                  0000bab2    00000022     driverlib.lib : aux_adc.obj (.text:NOROM_AUXADCAdjustValueForGainAndOffset)
                  0000bad4    00000022     hello_pem3.oem3 (.text:xdc_runtime_SysMin_output__I)
                  0000baf6    00000002     rom_sysbios.aem3 : rom_sysbios.obj (.text:ti_sysbios_knl_Clock_triggerFunc__I)
                  0000baf8    00000020     driverlib.lib : rfc.obj (.text:NOROM_RFCAdi3VcoLdoVoltageMode)
                  0000bb18    00000020                   : setup_rom.obj (.text:NOROM_SetupGetTrimForXoscHfCtl)
                  0000bb38    00000020     dpl_cc13x0.aem3 : PowerCC26XX_tirtos.oem3 (.text:PowerCC26XX_schedulerDisable)
                  0000bb58    00000020                     : PowerCC26XX_tirtos.oem3 (.text:PowerCC26XX_schedulerRestore)
                  0000bb78    00000020     drivers_cc13x0.aem3 : PowerCC26XX.oem3 (.text:Power_unregisterNotify)
                  0000bb98    00000020     main.obj (.text:displaySetup)
                  0000bbb8    00000020     main.obj (.text:mWriteByte)
                  0000bbd8    00000020     rtsv7M3_T_le_eabi.lib : u_tofd_t2.obj (.text)
                  0000bbf8    00000020     hello_pem3.oem3 (.text:ti_sysbios_BIOS_rtsLock__I)
                  0000bc18    00000020     rom_sysbios.aem3 : rom_sysbios.obj (.text:ti_sysbios_family_arm_cc26xx_Timer_dynamicStub__E)
                  0000bc38    00000020                      : rom_sysbios.obj (.text:ti_sysbios_knl_Clock_stop__E)
                  0000bc58    00000020     hello_pem3.oem3 (.text:ti_uia_loggers_LoggerStopMode_Object__delete__S)
                  0000bc78    00000020     rom_sysbios.aem3 : rom_sysbios.obj (.text:xdc_runtime_Registry_findById__E)
                  0000bc98    00000020                      : rom_sysbios.obj (.text:xdc_runtime_SysMin_Module_startup__E)
                  0000bcb8    00000020     main.obj (.text:xgWriteByte)
                  0000bcd8    0000001e     drivers_cc13x0.aem3 : PINCC26XX.oem3 (.text:PIN_close)
                  0000bcf6    0000001e                         : PowerCC26XX.oem3 (.text:Power_getTransitionLatency)
                  0000bd14    0000001c     driverlib.lib : aux_adc.obj (.text:NOROM_AUXADCGetAdjustmentGain)
                  0000bd30    0000001c                   : chipinfo.obj (.text:NOROM_ChipInfo_GetChipFamily)
                  0000bd4c    0000001c                   : setup_rom.obj (.text:NOROM_SetupGetTrimForAmpcompTh2)
                  0000bd68    0000001c                   : setup_rom.obj (.text:NOROM_SetupGetTrimForRcOscLfRtuneCtuneTrim)
                  0000bd84    0000001c     drivers_cc13x0.aem3 : PINCC26XX.oem3 (.text:PINCC26XX_setIoCfgMux)
                  0000bda0    0000001c                         : PINCC26XX.oem3 (.text:PIN_hwi)
                  0000bdbc    0000001c     rf_multiMode_cc13x0.aem3 : RFCC26XX_multiMode.oem3 (.text:RF_setPowerConstraint)
                  0000bdd8    0000001c                              : RFCC26XX_multiMode.oem3 (.text:clkInactivityFxn)
                  0000bdf4    0000001c     smartrf_settings.obj (.text:enterGenfskCpePatch)
                  0000be10    0000001c     smartrf_settings_predefined.obj (.text:enterGenfskCpePatch)
                  0000be2c    0000001c     smartrf_settings_predefined.obj (.text:enterGenookCpePatch)
                  0000be48    0000001c     smartrf_settings_predefined.obj (.text:enterLrmCpePatch)
                  0000be64    0000001c     smartrf_settings_predefined.obj (.text:enterSl_longrangeCpePatch)
                  0000be80    0000001c     rf_multiMode_cc13x0.aem3 : RFCC26XX_multiMode.oem3 (.text:hwiFxnCpe0ChangePhy)
                  0000be9c    0000001c     rom_sysbios.aem3 : rom_sysbios.obj (.text:ti_sysbios_knl_Swi_construct2__E)
                  0000beb8    0000001c     ti.uia.loggers.aem3 : LoggerStopMode.oem3 (.text:ti_uia_loggers_LoggerStopMode_Instance_init__E)
                  0000bed4    0000001c     rom_sysbios.aem3 : rom_sysbios.obj (.text:xdc_runtime_SysMin_exit__E)
                  0000bef0    00000018     CC1310_LAUNCHXL.obj (.text:CC1310_LAUNCHXL_initGeneral)
                  0000bf08    00000018     driverlib.lib : aon_rtc.obj (.text:NOROM_AONRTCCurrentCompareValueGet)
                  0000bf20    00000018                   : aux_adc.obj (.text:NOROM_AUXADCGetAdjustmentOffset)
                  0000bf38    00000018                   : chipinfo.obj (.text:NOROM_ChipInfo_GetPackageType)
                  0000bf50    00000018                   : osc.obj (.text:NOROM_OSCHF_TurnOnXosc)
                  0000bf68    00000018                   : rfc.obj (.text:NOROM_RFCCpeIntGetAndClear)
                  0000bf80    00000018                   : setup_rom.obj (.text:NOROM_SetupGetTrimForAdcShModeEn)
                  0000bf98    00000018                   : setup_rom.obj (.text:NOROM_SetupGetTrimForAdcShVbufEn)
                  0000bfb0    00000018                   : setup_rom.obj (.text:NOROM_SetupGetTrimForAmpcompTh1)
                  0000bfc8    00000018                   : setup_rom.obj (.text:NOROM_SetupGetTrimForDblrLoopFilterResetVoltage)
                  0000bfe0    00000018                   : setup_rom.obj (.text:NOROM_SetupGetTrimForRcOscLfIBiasTrim)
                  0000bff8    00000018                   : setup_rom.obj (.text:NOROM_SetupGetTrimForXoscLfRegulatorAndCmirrwrRatio)
                  0000c010    00000018     drivers_cc13x0.aem3 : PowerCC26XX.oem3 (.text:Power_idleFunc)
                  0000c028    00000018                         : UARTCC26XX.oem3 (.text:UARTCC26XX_init)
                  0000c040    00000018                         : UART.oem3 (.text:UART_Params_init)
                  0000c058    00000018                         : PowerCC26XX.oem3 (.text:configureRFCoreClocks)
                  0000c070    00000018     hello_pem3.oem3 (.text:free)
                  0000c088    00000018     main.obj (.text:mReadByte)
                  0000c0a0    00000018     rtsv7M3_T_le_eabi.lib : args_main.obj (.text)
                  0000c0b8    00000018                           : ll_mul_t2.obj (.text)
                  0000c0d0    00000018     rf_multiMode_cc13x0.aem3 : RFCC26XX_multiMode.oem3 (.text:swiFxnFsm)
                  0000c0e8    00000018     hello_pem3.oem3 (.text:ti_sysbios_BIOS_rtsUnlock__I)
                  0000c100    00000018     rom_sysbios.aem3 : rom_sysbios.obj (.text:ti_sysbios_knl_Swi_or__E)
                  0000c118    00000018     hello_pem3.oem3 (.text:ti_sysbios_rom_cortexm_cc13xx_CC13xx_checkRevision__E)
                  0000c130    00000018     hello_pem3.oem3 (.text:ti_uia_loggers_LoggerStopMode_Handle__label__S)
                  0000c148    00000018     rom_sysbios.aem3 : rom_sysbios.obj (.text:xdc_runtime_Error_init__E)
                  0000c160    00000018     main.obj (.text:xgReadByte)
                  0000c178    00000016     display.aem3 : DisplayUart.oem3 (.text:DisplayUartMin_close)
                  0000c18e    00000016     drivers_cc13x0.aem3 : List.oem3 (.text:List_remove)
                  0000c1a4    00000016     driverlib.lib : chipinfo.obj (.text:NOROM_ThisLibraryIsFor_CC13x0_HwRev20AndLater_HaltIfViolated)
                  0000c1ba    00000016     rf_multiMode_cc13x0.aem3 : RFCC26XX_multiMode.oem3 (.text:Q_pop)
                  0000c1d0    00000016     main.obj (.text:checkID)
                  0000c1e6    00000016     rtsv7M3_T_le_eabi.lib : strcpy.obj (.text)
                  0000c1fc    00000016     hello_pem3.oem3 (.text:ti_sysbios_BIOS_exitFunc__I)
                  0000c212    00000016     EasyLink.obj (.text:ti_sysbios_knl_Semaphore_Params_init)
                  0000c228    00000016     main.obj (.text:ti_sysbios_knl_Semaphore_Params_init)
                  0000c23e    00000016     main.obj (.text:ti_sysbios_knl_Task_Params_init)
                  0000c254    00000016     ti.uia.loggers.aem3 : LoggerStopMode.oem3 (.text:ti_uia_loggers_LoggerStopMode_disable__E)
                  0000c26a    00000016                         : LoggerStopMode.oem3 (.text:ti_uia_loggers_LoggerStopMode_enable__E)
                  0000c280    00000014     driverlib.lib : aon_rtc.obj (.text:NOROM_AONRTCCurrent64BitValueGet)
                  0000c294    00000014                   : aux_adc.obj (.text:NOROM_AUXADCValueToMicrovolts)
                  0000c2a8    00000014     drivers_cc13x0.aem3 : PINCC26XX.oem3 (.text:PINCC26XX_getOutputValue)
                  0000c2bc    00000014     rf_multiMode_cc13x0.aem3 : RFCC26XX_multiMode.oem3 (.text:RF_Params_init)
                  0000c2d0    00000014     main.obj (.text:SysCtrlSystemReset)
                  0000c2e4    00000014     rtsv7M3_T_le_eabi.lib : _lock.obj (.text)
                  0000c2f8    00000014                           : strlen.obj (.text)
                  0000c30c    00000014     hello_pem3.oem3 (.text:ti_sysbios_knl_Clock_doTick__I)
                  0000c320    00000012     drivers_cc13x0.aem3 : RingBuf.oem3 (.text:RingBuf_construct)
                  0000c332    00000012     dpl_cc13x0.aem3 : SemaphoreP_tirtos.oem3 (.text:SemaphoreP_pend)
                  0000c344    00000012     hello_pem3.oem3 (.text:xdc_runtime_Startup_exec__I)
                  0000c356    00000010     dpl_cc13x0.aem3 : ClockP_tirtos.oem3 (.text:ClockP_isActive)
                  0000c366    00000010                     : HwiP_tirtos.oem3 (.text:HwiP_Params_init)
                  0000c376    00000002     hello_pem3.oem3 (.text:ti_sysbios_rom_cortexm_cc13xx_CC13xx_badRomRevision__E)
                  0000c378    00000010     drivers_cc13x0.aem3 : I2C.oem3 (.text:I2C_Params_init)
                  0000c388    00000010     driverlib.lib : aux_adc.obj (.text:NOROM_AUXADCFlushFifo)
                  0000c398    00000010                   : aux_adc.obj (.text:NOROM_AUXADCReadFifo)
                  0000c3a8    00000010                   : rfc.obj (.text:NOROM_RFCRfTrimSet)
                  0000c3b8    00000010                   : setup_rom.obj (.text:NOROM_SetupGetTrimForXoscHfFastStart)
                  0000c3c8    00000010                   : setup_rom.obj (.text:NOROM_SetupGetTrimForXoscHfIbiastherm)
                  0000c3d8    00000010     dpl_cc13x0.aem3 : SwiP_tirtos.oem3 (.text:SwiP_Params_init)
                  0000c3e8    00000010     smartrf_settings.obj (.text:applyGenfskPatch)
                  0000c3f8    00000010     smartrf_settings_predefined.obj (.text:applyGenfskPatch)
                  0000c408    00000010     smartrf_settings_predefined.obj (.text:applyGenookPatch)
                  0000c418    00000010     smartrf_settings_predefined.obj (.text:applyLrmPatch)
                  0000c428    00000010     smartrf_settings_predefined.obj (.text:applySl_longrangePatch)
                  0000c438    00000010     drivers_cc13x0.aem3 : I2CCC26XX.oem3 (.text:i2cPostNotify)
                  0000c448    00000010     rom_sysbios.aem3 : rom_sysbios.obj (.text:ti_sysbios_family_arm_m3_Hwi_post__E)
                  0000c458    00000010     hello_pem3.oem3 (.text:ti_uia_loggers_LoggerStopMode_Object__get__S)
                  0000c468    00000010     ti.uia.loggers.aem3 : LoggerStopMode.oem3 (.text:ti_uia_loggers_LoggerStopMode_isEmpty__E)
                  0000c478    00000010     drivers_cc13x0.aem3 : UARTCC26XX.oem3 (.text:uartPostNotify)
                  0000c488    00000010     rom_sysbios.aem3 : rom_sysbios.obj (.text:xdc_runtime_SysMin_ready__E)
                  0000c498    00000010                      : rom_sysbios.obj (.text:xdc_runtime_System_vsnprintf__E)
                  0000c4a8    0000000e     driverlib.lib : vims.obj (.text:NOROM_VIMSModeGet)
                  0000c4b6    0000000e     rtsv7M3_T_le_eabi.lib : copy_decompress_none.obj (.text:decompress:none)
                  0000c4c4    0000000e     rom_sysbios.aem3 : rom_sysbios.obj (.text:ti_sysbios_family_arm_cc26xx_TimestampProvider_get32__E)
                  0000c4d2    00000002     hello_pem3.oem3 (.text:ti_uia_loggers_LoggerStopMode_setFilterLevel__E)
                  0000c4d4    0000000c     rf_multiMode_cc13x0.aem3 : RFCC26XX_multiMode.oem3 (.text:FsmNextState)
                  0000c4e0    0000000c     drivers_cc13x0.aem3 : List.oem3 (.text:List_empty)
                  0000c4ec    0000000c     driverlib.lib : cpu.obj (.text:NOROM_CPUcpsid)
                  0000c4f8    0000000c                   : cpu.obj (.text:NOROM_CPUcpsie)
                  0000c504    0000000c                   : osc.obj (.text:NOROM_OSC_HPOSCRelativeFrequencyOffsetToRFCoreFormatConvert)
                  0000c510    0000000c     drivers_cc13x0.aem3 : PINCC26XX.oem3 (.text:PIN_registerIntCb)
                  0000c51c    0000000c                         : PowerCC26XX.oem3 (.text:Power_getConstraintMask)
                  0000c528    0000000c                         : PowerCC26XX.oem3 (.text:Power_getDependencyCount)
                  0000c534    0000000c     dpl_cc13x0.aem3 : SemaphoreP_tirtos.oem3 (.text:SemaphoreP_delete)
                  0000c540    0000000c     rtsv7M3_T_le_eabi.lib : copy_zero_init.obj (.text:decompress:ZI)
                  0000c54c    0000000c     main.obj (.text:ti_sysbios_knl_Semaphore_handle)
                  0000c558    0000000c     rom_sysbios.aem3 : rom_sysbios.obj (.text:ti_sysbios_knl_Swi_getTrigger__E)
                  0000c564    0000000c     hello_pem3.oem3 (.text:xdc_runtime_Startup_reset__I)
                  0000c570    0000000c     rom_sysbios.aem3 : rom_sysbios.obj (.text:xdc_runtime_Startup_rtsDone__E)
                  0000c57c    0000000a     drivers_cc13x0.aem3 : ADC.oem3 (.text:ADC_Params_init)
                  0000c586    0000000a                         : ADC.oem3 (.text:ADC_convert)
                  0000c590    0000000a                         : ADC.oem3 (.text:ADC_convertToMicroVolts)
                  0000c59a    0000000a                         : I2CCC26XX.oem3 (.text:I2CCC26XX_init)
                  0000c5a4    0000000a                         : I2C.oem3 (.text:I2C_transfer)
                  0000c5ae    0000000a                         : UART.oem3 (.text:UART_close)
                  0000c5b8    0000000a                         : UART.oem3 (.text:UART_control)
                  0000c5c2    0000000a                         : UART.oem3 (.text:UART_write)
                  0000c5cc    00000008                         : ADCCC26XX.oem3 (.text:ADCCC26XX_init)
                  0000c5d4    00000008                         : I2CCC26XX.oem3 (.text:I2CCC26XX_blockingCallback)
                  0000c5dc    00000008                         : UARTCC26XX.oem3 (.text:readSemCallback)
                  0000c5e4    00000008     smartrf_settings.obj (.text:rf_patch_cpe_genfsk)
                  0000c5ec    00000008     smartrf_settings_predefined.obj (.text:rf_patch_cpe_genfsk)
                  0000c5f4    00000008     smartrf_settings_predefined.obj (.text:rf_patch_cpe_genook)
                  0000c5fc    00000008     smartrf_settings_predefined.obj (.text:rf_patch_cpe_lrm)
                  0000c604    00000008     smartrf_settings_predefined.obj (.text:rf_patch_cpe_sl_longrange)
                  0000c60c    00000008     drivers_cc13x0.aem3 : UARTCC26XX.oem3 (.text:writeSemCallback)
                  0000c614    00000008     hello_pem3.oem3 (.text:xdc_runtime_Text_visitRope__I)
                  0000c61c    00000006     drivers_cc13x0.aem3 : ADCCC26XX.oem3 (.text:ADCCC26XX_control)
                  0000c622    00000006     dpl_cc13x0.aem3 : ClockP_tirtos.oem3 (.text:ClockP_Params_init)
                  0000c628    00000006     display.aem3 : DisplayUart.oem3 (.text:DisplayUartMin_control)
                  0000c62e    00000006                  : DisplayUart.oem3 (.text:DisplayUartMin_getType)
                  0000c634    00000006     drivers_cc13x0.aem3 : I2CCC26XX.oem3 (.text:I2CCC26XX_control)
                  0000c63a    00000006     driverlib.lib : cpu.obj (.text:NOROM_CPUdelay)
                  0000c640    00000006     drivers_cc13x0.aem3 : UARTCC26XX.oem3 (.text:UARTCC26XX_readPolling)
                  0000c646    00000006                         : UARTCC26XX.oem3 (.text:UARTCC26XX_writePolling)
                  0000c64c    00000006     rf_multiMode_cc13x0.aem3 : RFCC26XX_multiMode.oem3 (.text:clkReqAccessFxn)
                  0000c652    00000006     rom_sysbios.aem3 : rom_sysbios.obj (.text:ti_sysbios_family_arm_m3_Hwi_setFunc__E)
                  0000c658    00000004     dpl_cc13x0.aem3 : PowerCC26XX_tirtos.oem3 (.text:CPUwfi)
                  0000c65c    00000004                     : ClockP_tirtos.oem3 (.text:ClockP_destruct)
                  0000c660    00000004                     : ClockP_tirtos.oem3 (.text:ClockP_getCpuFreq)
                  0000c664    00000004                     : ClockP_tirtos.oem3 (.text:ClockP_getTimeout)
                  0000c668    00000004                     : ClockP_tirtos.oem3 (.text:ClockP_setTimeout)
                  0000c66c    00000004                     : ClockP_tirtos.oem3 (.text:ClockP_start)
                  0000c670    00000004                     : ClockP_tirtos.oem3 (.text:ClockP_stop)
                  0000c674    00000004                     : HwiP_tirtos.oem3 (.text:HwiP_destruct)
                  0000c678    00000004                     : HwiP_tirtos.oem3 (.text:HwiP_disable)
                  0000c67c    00000004                     : HwiP_tirtos.oem3 (.text:HwiP_disableInterrupt)
                  0000c680    00000004                     : HwiP_tirtos.oem3 (.text:HwiP_enableInterrupt)
                  0000c684    00000004                     : HwiP_tirtos.oem3 (.text:HwiP_post)
                  0000c688    00000004                     : HwiP_tirtos.oem3 (.text:HwiP_setFunc)
                  0000c68c    00000004     drivers_cc13x0.aem3 : List.oem3 (.text:List_head)
                  0000c690    00000004                         : List.oem3 (.text:List_next)
                  0000c694    00000004     rf_multiMode_cc13x0.aem3 : RFCC26XX_multiMode.oem3 (.text:Q_peek)
                  0000c698    00000004     dpl_cc13x0.aem3 : SemaphoreP_tirtos.oem3 (.text:SemaphoreP_destruct)
                  0000c69c    00000004                     : SemaphoreP_tirtos.oem3 (.text:SemaphoreP_post)
                  0000c6a0    00000004                     : SwiP_tirtos.oem3 (.text:SwiP_destruct)
                  0000c6a4    00000004                     : SwiP_tirtos.oem3 (.text:SwiP_disable)
                  0000c6a8    00000004                     : SwiP_tirtos.oem3 (.text:SwiP_getTrigger)
                  0000c6ac    00000004                     : SwiP_tirtos.oem3 (.text:SwiP_or)
                  0000c6b0    00000004                     : SwiP_tirtos.oem3 (.text:SwiP_post)
                  0000c6b4    00000004                     : SystemP_tirtos.oem3 (.text:SystemP_vsnprintf)
                  0000c6b8    00000004     drivers_cc13x0.aem3 : PowerCC26XX.oem3 (.text:nopResourceHandler)
                  0000c6bc    00000004     rtsv7M3_T_le_eabi.lib : error.obj (.text)
                  0000c6c0    00000004     rom_sysbios.aem3 : rom_sysbios.obj (.text:ti_sysbios_family_arm_cc26xx_Timer_getCount64__E)
                  0000c6c4    00000004                      : rom_sysbios.obj (.text:ti_sysbios_knl_Clock_isActive__E)
                  0000c6c8    00000004     ti.uia.loggers.aem3 : LoggerStopMode.oem3 (.text:ti_uia_loggers_LoggerStopMode_getContents__E)
                  0000c6cc    00000004     hello_pem3.oem3 (.text:ti_uia_loggers_LoggerStopMode_getFilterLevel__E)
                  0000c6d0    00000004     ti.uia.loggers.aem3 : LoggerStopMode.oem3 (.text:ti_uia_loggers_LoggerStopMode_getInstanceId__E)
                  0000c6d4    00000004                         : LoggerStopMode.oem3 (.text:ti_uia_loggers_LoggerStopMode_getMaxLength__E)
                  0000c6d8    00000004                         : LoggerStopMode.oem3 (.text:ti_uia_loggers_LoggerStopMode_getPriority__E)
                  0000c6dc    00000004                         : LoggerStopMode.oem3 (.text:ti_uia_loggers_LoggerStopMode_getTransferType__E)
                  0000c6e0    00000002                         : LoggerStopMode.oem3 (.text:ti_uia_loggers_LoggerStopMode_setPriority__E)
                  0000c6e2    00000002     rom_sysbios.aem3 : rom_sysbios.obj (.text:xdc_runtime_SysCallback_defaultAbort)
                  0000c6e4    00000002                      : rom_sysbios.obj (.text:xdc_runtime_SysCallback_defaultExit)
                  0000c6e6    00000002     --HOLE-- [fill = 0]
                  0000c6e8    00000008     (.tramp.ti_sysbios_knl_Swi_destruct.1)
                  0000c6f0    00000008     (.tramp.ti_sysbios_knl_Semaphore_destruct.1)
                  0000c6f8    00000008     (.tramp.ti_sysbios_family_arm_m3_Hwi_enableInterrupt__E.1)
                  0000c700    00000008     (.tramp.ti_sysbios_family_arm_m3_Hwi_disableInterrupt__E.1)
                  0000c708    00000008     (.tramp.ti_sysbios_family_arm_m3_Hwi_destruct.1)
                  0000c710    00000008     (.tramp.ti_sysbios_BIOS_getCpuFreq__E.1)
                  0000c718    00000008     (.tramp.ti_sysbios_knl_Clock_destruct.1)
                  0000c720    00000008     (.tramp.ti_sysbios_knl_Semaphore_delete.1)
                  0000c728    00000008     (.tramp.xdc_runtime_Startup_startMods__I.1)
                  0000c730    00000008     (.tramp.ti_sysbios_knl_Clock_logTick__E.1)
                  0000c738    00000008     (.tramp.ti_sysbios_knl_Task_Params__init__S.1)
                  0000c740    00000008     (.tramp.xdc_runtime_Core_assignLabel__I.1)
                  0000c748    00000008     (.tramp.ti_sysbios_knl_Swi_post__E.1)
                  0000c750    00000008     (.tramp.ti_sysbios_BIOS_RtsGateProxy_leave__E.1)
                  0000c758    00000008     (.tramp.xdc_runtime_Memory_free__E.1)
                  0000c760    00000008     (.tramp.ti_sysbios_knl_Swi_construct.1)
                  0000c768    00000008     (.tramp.xdc_runtime_Core_deleteObject__I.1)
                  0000c770    00000008     (.tramp.ti_sysbios_BIOS_RtsGateProxy_enter__E.1)
                  0000c778    00000008     (.tramp.ti_sysbios_knl_Task_restore__E.1)
                  0000c780    00000008     (.tramp.ti_sysbios_knl_Clock_getTicks__E.1)
                  0000c788    00000008     (.tramp.ti_sysbios_knl_Semaphore_Params__init__S.1)
                  0000c790    00000008     (.tramp.xdc_runtime_Memory_alloc__E.1)
                  0000c798    00000008     (.tramp.xdc_runtime_Core_createObject__I.1)
                  0000c7a0    00000008     (.tramp.ti_sysbios_knl_Task_startup__E.1)
                  0000c7a8    00000008     (.tramp.ti_sysbios_knl_Swi_startup__E.1)
                  0000c7b0    00000008     (.tramp.ti_sysbios_hal_Hwi_startup__E.1)
                  0000c7b8    00000008     (.tramp.ti_sysbios_family_arm_cc26xx_Timer_startup__E.1)
                  0000c7c0    00000008     (.tramp.xdc_runtime_System_atexit__E.1)
                  0000c7c8    00000008     (.tramp.ti_sysbios_BIOS_setThreadType__E.1)
                  0000c7d0    00000008     (.tramp.ti_sysbios_knl_Task_disable__E.1)
                  0000c7d8    00000008     (.tramp.ti_sysbios_knl_Swi_disable__E.1)
                  0000c7e0    00000008     (.tramp.ti_sysbios_knl_Task_construct.1)
                  0000c7e8    00000008     (.tramp.ti_sysbios_family_arm_m3_Hwi_construct.1)
                  0000c7f0    00000008     (.tramp.ti_sysbios_knl_Swi_Params__init__S.1)
                  0000c7f8    00000008     (.tramp.ti_sysbios_family_arm_m3_Hwi_Params__init__S.1)
                  0000c800    00000008     (.tramp.xdc_runtime_System_exit__E.1)
                  0000c808    00000008     (.tramp.ti_sysbios_knl_Clock_construct.1)
                  0000c810    00000008     (.tramp.ti_sysbios_knl_Clock_Params__init__S.1)
                  0000c818    00000008     (.tramp.ti_sysbios_heaps_HeapMem_restore__E.1)
                  0000c820    00000008     (.tramp.ti_sysbios_heaps_HeapMem_Object__get__S.1)
                  0000c828    00000008     (.tramp.xdc_runtime_Gate_leaveSystem__E.1)
                  0000c830    00000008     (.tramp.xdc_runtime_Gate_enterSystem__E.1)
                  0000c838    00000008     (.tramp.ti_sysbios_BIOS_start__E.1)
                  0000c840    00000008     (.tramp.xdc_runtime_Assert_raise__I.1)
                  0000c848    00000008     (.tramp.ti_sysbios_knl_Clock_scheduleNextTick__E.1)
                  0000c850    00000008     (.tramp.ti_sysbios_knl_Clock_walkQueueDynamic__E.1)
                  0000c858    00000008     (.tramp.ti_sysbios_knl_Clock_TimerProxy_getCurrentTick__E.1)
                  0000c860    00000008     (.tramp.ti_sysbios_knl_Clock_start__E.1)
                  0000c868    00000008     (.tramp.ti_sysbios_knl_Clock_setTimeout__E.1)
                  0000c870    00000008     (.tramp.ti_sysbios_knl_Semaphore_construct.1)
                  0000c878    00000008     (.tramp.xdc_runtime_Timestamp_get64__E.1)
                  0000c880    00000008     (.tramp.ti_sysbios_family_arm_m3_Hwi_disableFxn__E.1)
                  0000c888    00000008     (.tramp.ti_sysbios_knl_Task_sleep__E.1)
                  0000c890    00000008     (.tramp.ti_sysbios_knl_Swi_restore__E.1)
                  0000c898    00000008     (.tramp.ti_sysbios_knl_Semaphore_create.1)
                  0000c8a0    00000008     (.tramp.ti_sysbios_knl_Semaphore_post__E.1)
                  0000c8a8    00000008     (.tramp.ti_sysbios_knl_Semaphore_pend__E.1)
                  0000c8b0    00000008     (.tramp.ti_sysbios_family_arm_m3_Hwi_restoreFxn__E.1)

.const     0    0000c8b8    000048a5     
                  0000c8b8    0000073c     smartrf_settings_predefined.obj (.const:patchGenookMce)
                  0000cff4    000006b4     smartrf_settings.obj (.const:patchGenfskRfe)
                  0000d6a8    000006b4     smartrf_settings_predefined.obj (.const:patchGenfskRfe)
                  0000dd5c    000006b4     smartrf_settings_predefined.obj (.const:patchLrmRfe)
                  0000e410    000006b4     smartrf_settings_predefined.obj (.const:patchSl_longrangeRfe)
                  0000eac4    000006a4     smartrf_settings_predefined.obj (.const:patchGenookRfe)
                  0000f168    00000504     smartrf_settings_predefined.obj (.const:patchHsp4mbpsRfe)
                  0000f66c    00000400     smartrf_settings_predefined.obj (.const:patchSl_longrangeMce)
                  0000fa6c    000003f0     smartrf_settings_predefined.obj (.const:patchHsp4mbpsMce)
                  0000fe5c    000002b0     smartrf_settings.obj (.const:patchImageGenfsk)
                  0001010c    000002b0     smartrf_settings_predefined.obj (.const:patchImageGenfsk)
                  000103bc    000002b0     smartrf_settings_predefined.obj (.const:patchImageGenook)
                  0001066c    000002b0     smartrf_settings_predefined.obj (.const:patchImageLrm)
                  0001091c    000002b0     smartrf_settings_predefined.obj (.const:patchImageSl_longrange)
                  00010bcc    00000090     main.obj (.const:$P$T4$3)
                  00010c5c    00000084     CC1310_LAUNCHXL.obj (.const:ADC_config)
                  00010ce0    00000060     hello_pem3.oem3 (.const:ti_uia_loggers_LoggerStopMode_Module__FXNS__C)
                  00010d40    0000004d     CC1310_LAUNCHXL.obj (.const:adcCC26xxHWAttrs)
                  00010d8d    00000001     display.aem3 : Display.oem3 (.const:Display_defaultParams)
                  00010d8e    0000004c     drivers_cc13x0.aem3 : PowerCC26XX.oem3 (.const:resourceDB)
                  00010dda    00000002     hello_pem3.oem3 (.const:ti_uia_loggers_LoggerStopMode_Module__id__C)
                  00010ddc    00000048     hello_pem3.oem3 (.const:.string)
                  00010e24    00000040     drivers_cc13x0.aem3 : UARTCC26XX.oem3 (.const:$O1$$)
                  00010e64    00000040     smartrf_settings_predefined.obj (.const:rfPowerTable)
                  00010ea4    0000002c     CC1310_LAUNCHXL.obj (.const:BoardGpioInitTable)
                  00010ed0    0000002c     hello_pem3.oem3 (.const:xdc_runtime_Startup_sfxnTab__A)
                  00010efc    00000028     drivers_cc13x0.aem3 : UARTCC26XX.oem3 (.const:UARTCC26XX_fxnTable)
                  00010f24    00000028     hello_pem3.oem3 (.const:ti_uia_loggers_LoggerStopMode_Object__PARAMS__C)
                  00010f4c    00000024     drivers_cc13x0.aem3 : UART.oem3 (.const:UART_defaultParams)
                  00010f70    00000020     display.aem3 : DisplayUart.oem3 (.const:DisplayUartMin_fxnTable)
                  00010f90    00000020     hello_pem3.oem3 (.const:ti_uia_loggers_LoggerStopMode_Object__DESC__C)
                  00010fb0    00000020     CC1310_LAUNCHXL.obj (.const:uartCC26XXHWAttrs)
                  00010fd0    0000001c     rf_multiMode_cc13x0.aem3 : RFCC26XX_multiMode.oem3 (.const:RF_defaultParams)
                  00010fec    00000018     EasyLink.obj (.const:$P$T0$3)
                  00011004    00000018     drivers_cc13x0.aem3 : ADCCC26XX.oem3 (.const:ADCCC26XX_fxnTable)
                  0001101c    00000018                         : I2CCC26XX.oem3 (.const:I2CCC26XX_fxnTable)
                  00011034    00000018     CC1310_LAUNCHXL.obj (.const:i2cCC26xxHWAttrs)
                  0001104c    00000018     driverlib.lib : rfc.obj (.const:rfc_defaultIrqAddr)
                  00011064    00000016     hello_pem3.oem3 (.const:xdc_runtime_Startup_sfxnRts__A)
                  0001107a    00000002     hello_pem3.oem3 (.const:ti_uia_loggers_LoggerStopMode_isTimestampEnabled__C)
                  0001107c    00000014     CC1310_LAUNCHXL.obj (.const:displayUartHWAttrs)
                  00011090    00000010     drivers_cc13x0.aem3 : I2C.oem3 (.const:I2C_defaultParams)
                  000110a0    00000010     CC1310_LAUNCHXL.obj (.const:PowerCC26XX_config)
                  000110b0    0000000c     CC1310_LAUNCHXL.obj (.const:Display_config)
                  000110bc    0000000c     CC1310_LAUNCHXL.obj (.const:I2C_config)
                  000110c8    0000000c     CC1310_LAUNCHXL.obj (.const:UART_config)
                  000110d4    0000000c     hello_pem3.oem3 (.const:xdc_runtime_Startup_firstFxns__A)
                  000110e0    00000009     CC1310_LAUNCHXL.obj (.const)
                  000110e9    00000001     smartrf_settings_predefined.obj (.const)
                  000110ea    00000002     hello_pem3.oem3 (.const:xdc_runtime_SysMin_flushAtExit__C)
                  000110ec    00000008     drivers_cc13x0.aem3 : ADC.oem3 (.const:ADC_defaultParams)
                  000110f4    00000008     CC1310_LAUNCHXL.obj (.const:PINCC26XX_hwAttrs)
                  000110fc    00000008     drivers_cc13x0.aem3 : I2CCC26XX.oem3 (.const:bitRate)
                  00011104    00000004     EasyLink.obj (.const:$P$T1$4)
                  00011108    00000004     CC1310_LAUNCHXL.obj (.const:RFCC26XX_hwAttrs)
                  0001110c    00000004     hello_pem3.oem3 (.const:ti_sysbios_family_arm_m3_Hwi_swiDisable__C)
                  00011110    00000004     hello_pem3.oem3 (.const:ti_sysbios_family_arm_m3_Hwi_swiRestoreHwi__C)
                  00011114    00000004     hello_pem3.oem3 (.const:ti_sysbios_heaps_HeapMem_primaryHeapBaseAddr__C)
                  00011118    00000004     hello_pem3.oem3 (.const:ti_sysbios_heaps_HeapMem_primaryHeapEndAddr__C)
                  0001111c    00000004     hello_pem3.oem3 (.const:ti_sysbios_knl_Clock_tickPeriod__C)
                  00011120    00000004     hello_pem3.oem3 (.const:ti_sysbios_knl_Clock_triggerClock__C)
                  00011124    00000004     hello_pem3.oem3 (.const:ti_sysbios_knl_Idle_funcList__A)
                  00011128    00000004     hello_pem3.oem3 (.const:ti_uia_loggers_LoggerStopMode_Module__diagsEnabled__C)
                  0001112c    00000004     hello_pem3.oem3 (.const:ti_uia_loggers_LoggerStopMode_Module__diagsIncluded__C)
                  00011130    00000004     hello_pem3.oem3 (.const:ti_uia_loggers_LoggerStopMode_Module__diagsMask__C)
                  00011134    00000004     hello_pem3.oem3 (.const:ti_uia_loggers_LoggerStopMode_Object__count__C)
                  00011138    00000004     hello_pem3.oem3 (.const:ti_uia_runtime_ILoggerSnapshot_Interface__BASE__C)
                  0001113c    00000004     hello_pem3.oem3 (.const:ti_uia_runtime_IUIATransfer_Interface__BASE__C)
                  00011140    00000004     hello_pem3.oem3 (.const:xdc_runtime_IFilterLogger_Interface__BASE__C)
                  00011144    00000004     hello_pem3.oem3 (.const:xdc_runtime_ILogger_Interface__BASE__C)
                  00011148    00000004     hello_pem3.oem3 (.const:xdc_runtime_SysMin_bufSize__C)
                  0001114c    00000004     hello_pem3.oem3 (.const:xdc_runtime_SysMin_outputFunc__C)
                  00011150    00000004     hello_pem3.oem3 (.const:xdc_runtime_System_extendFxn__C)
                  00011154    00000004     hello_pem3.oem3 (.const:xdc_runtime_Text_visitRopeFxn__C)
                  00011158    00000002     hello_pem3.oem3 (.const:xdc_runtime_Text_registryModsLastId__C)
                  0001115a    00000002     hello_pem3.oem3 (.const:xdc_runtime_Text_unnamedModsLastId__C)
                  0001115c    00000001     hello_pem3.oem3 (.const:xdc_runtime_Text_charTab__A)

.cinit     0    00000040    000004c8     
                  00000040    00000389     (.cinit..data.load) [load image, compression = lzss]
                  000003c9    00000029     (.cinit..data:ti_sysbios_family_arm_m3_Hwi_Module__state__V.load) [load image, compression = lzss]
                  000003f2    00000021     (.cinit..data:ti_sysbios_knl_Task_Module__state__V.load) [load image, compression = lzss]
                  00000413    0000001f     (.cinit..data:ti_sysbios_BIOS_Module__state__V.load) [load image, compression = lzss]
                  00000432    0000001e     (.cinit..data:ti_sysbios_knl_Clock_Module__state__V.load) [load image, compression = lzss]
                  00000450    00000010     (.cinit..data:ti_sysbios_knl_Swi_Module__state__V.load) [load image, compression = lzss]
                  00000460    0000000c     (__TI_handler_table)
                  0000046c    0000000b     (.cinit..data:ti_sysbios_family_arm_cc26xx_Timer_Module__state__V.load) [load image, compression = lzss]
                  00000477    0000000b     (.cinit..data:xdc_runtime_System_Module__state__V.load) [load image, compression = lzss]
                  00000482    00000006     --HOLE-- [fill = 0]
                  00000488    00000008     (.cinit..bss.load) [load image, compression = zero_init]
                  00000490    00000008     (.cinit..data:xdc_runtime_Memory_Module__state__V.load) [load image, compression = lzss]
                  00000498    00000007     (.cinit..data:ti_sysbios_family_arm_cc26xx_TimestampProvider_Module__state__V.load) [load image, compression = lzss]
[...]
1001c855  xdc_runtime_Memory_getMaxDefaultTypeAlign__E                              
1001c875  xdc_runtime_Gate_leaveSystem__E                                           
1001c87b  xdc_runtime_System_Module_startup__E                                      
1001c881  xdc_runtime_Gate_enterSystem__E                                           
1001c885  xdc_runtime_Memory_HeapProxy_alloc__E                                     
1001c889  xdc_runtime_Memory_HeapProxy_free__E                                      
1001c88d  xdc_runtime_System_Module_GateProxy_enter__E                              
1001c891  xdc_runtime_System_Module_GateProxy_leave__E                              
1001c895  xdc_runtime_System_abortSpin__E                                           
1001c897  xdc_runtime_System_exitSpin__E                                            
1001c899  ti_sysbios_family_arm_m3_Hwi_dispatch__I                                  
1001c969  ti_sysbios_family_arm_m3_TaskSupport_buildTaskStack                       
1001c9b5  ti_sysbios_family_arm_m3_Hwi_initStacks__E                                
1001c9fd  ti_sysbios_family_arm_m3_Hwi_excHandlerAsm__I                             
1001ca1d  ti_sysbios_family_xxx_Hwi_switchAndRunFunc                                
1001ca3b  ti_sysbios_family_arm_m3_Hwi_pendSV__I                                    
1001ca53  ti_sysbios_family_arm_m3_Hwi_return                                       
1001ca55  ti_sysbios_family_arm_m3_TaskSupport_glue                                 
1001ca65  ti_sysbios_family_arm_m3_TaskSupport_swap__E                              
1001ca6d  ti_sysbios_knl_Task_swapReturn                                            
1001ca97  ti_sysbios_rom_cortexm_cc13xx_CC13xx_getRevision__E                       
20000000  ti_sysbios_family_arm_m3_Hwi_ramVectors                                   
20000100  ti_sysbios_knl_Task_Module__state__V                                      
20000144  ti_sysbios_family_arm_m3_Hwi_Module__state__V                             
20000178  ti_sysbios_knl_Clock_Module__state__V                                     
200001a4  ti_sysbios_BIOS_Module__state__V                                          
200001c8  ti_sysbios_knl_Swi_Module__state__V                                       
200001e4  ti_sysbios_family_arm_cc26xx_Timer_Module__state__V                       
200001ec  ti_sysbios_family_arm_cc26xx_TimestampProvider_Module__state__V           
200001f0  xdc_runtime_Startup_Module__state__V                                      
200001f8  xdc_runtime_System_Module__state__V                                       
20000200  xdc_runtime_Memory_Module__state__V                                       
20000280  ti_uia_loggers_LoggerStopMode_Instance_State_0_packetArray__A             
20000680  ti_uia_loggers_LoggerStopMode_Instance_State_1_packetArray__A             
2000100c  xdc_runtime_SysMin_Module_State_0_outbuf__A                               
20001bd8  uartCC26XXObjects                                                         
20001d04  __CIOBUF_                                                                 
20001e24  PIN_NumPins                                                               
20001eb8  PIN_HandleTable                                                           
20001f34  i2cCC26xxObjects                                                          
20002014  adcCC26xxObjects                                                          
200021b8  ti_sysbios_family_arm_m3_Hwi_dispatchTable                                
200024bc  accelTask                                                                 
2000250c  adcTask                                                                   
2000255c  gyroTask                                                                  
200025ac  humidityTask                                                              
200025fc  magTask                                                                   
2000264c  rxRestartTask                                                             
2000269c  txDataTask                                                                
20002744  settings                                                                  
20002780  ti_uia_loggers_LoggerStopMode_Instance_State_0_hdr__A                     
20002800  ti_uia_loggers_LoggerStopMode_Instance_State_1_hdr__A                     
20002910  i2cTransaction                                                            
2000296c  i2cParams                                                                 
20002994  aBias                                                                     
200029a0  displayUartObject                                                         
200029ac  gBias                                                                     
200029b8  mBias                                                                     
200029c4  PowerCC26XX_taskKey                                                       
200029c8  PowerCC26XX_swiKey                                                        
200029e4  aBiasRaw                                                                  
200029ec  gBiasRaw                                                                  
200029f4  mBiasRaw                                                                  
200029fc  params                                                                    
20002a04  ClockP_tickPeriod                                                         
20002a08  aRes                                                                      
20002a0c  adc0                                                                      
20002a10  adc1                                                                      
20002a14  adcValue0MicroVolt                                                        
20002a18  adcValue1MicroVolt                                                        
20002a1c  gRes                                                                      
20002a20  i2c                                                                       
20002a24  mRes                                                                      
20002a2a  adcValue0                                                                 
20002a2c  adcValue1                                                                 
20002a2e  ax                                                                        
20002a30  ay                                                                        
20002a32  az                                                                        
20002a34  gx                                                                        
20002a36  gy                                                                        
20002a38  gz                                                                        
20002a3a  mx                                                                        
20002a3c  my                                                                        
20002a3e  mz                                                                        
20002a40  _autoCalc                                                                 
20002a41  _mAddress                                                                 
20002a42  _xgAddress                                                                
20002a43  driverlib_release_0_48919                                                 
20002a48  __primary_heap_start__                                                    
20003a48  PowerCC26XX_module                                                        
20003a48  __primary_heap_end__                                                      
20003b5c  globalPacket                                                              
20003bf4  pOverrides_sl_lr                                                          
20003c5c  ti_uia_loggers_LoggerStopMode_Object__table__V                            
20003cc4  pOverrides_hsm                                                            
20003d24  pOverrides_lrm                                                            
20003d80  pOverrides_ook                                                            
20003e34  pOverrides_fsk                                                            
20003e8c  main_func_sp                                                              
20003e90  ti_sysbios_family_arm_cc26xx_Timer_Object__table__V                       
20003ed8  RF_pProp_fsk                                                              
20003edc  RF_pProp_lrm                                                              
20003ee0  RF_pProp_ook                                                              
20003ee4  RF_pProp_hsm                                                              
20003ee8  RF_pProp_sl_lr                                                            
20003eec  RF_pProp_2_4G_fsk                                                         
20003ef0  RF_pCmdPropRadioDivSetup_fsk                                              
20003ef4  RF_pCmdPropRadioDivSetup_lrm                                              
20003ef8  RF_pCmdPropRadioDivSetup_ook                                              
20003efc  RF_pCmdRadioSetup_hsm                                                     
20003f00  RF_pCmdPropRadioDivSetup_sl_lr                                            
20003f04  RF_pCmdPropRadioSetup_2_4G_fsk                                            
20003f08  RF_pCmdTxHS                                                               
20003f0c  RF_pCmdRxHS                                                               
20003f10  RF_pCmdFs_preDef                                                          
20003f14  RF_pCmdPropTx_preDef                                                      
20003f18  RF_pCmdPropRxAdv_preDef                                                   
20003f1c  ti_sysbios_gates_GateMutex_Object__table__V                               
20003f54  RF_cmdPropRxAdv_preDef                                                    
20003f84  ti_sysbios_knl_Swi_Module_State_0_readyQ__A                               
20003fb4  ti_sysbios_knl_Swi_Object__table__V                                       
20003fe4  ti_sysbios_knl_Task_Module_State_0_readyQ__A                              
20004014  goodToGo                                                                  
20004018  halt                                                                      
2000401c  pwmPeriod                                                                 
2000401e  pwmduty                                                                   
20004020  pwmdutyInc                                                                
20004024  pwmtime                                                                   
20004028  pwm1                                                                      
2000402c  bytesRead                                                                 
20004030  numConnections                                                            
20004034  AXN                                                                       
20004038  AYN                                                                       
2000403c  AZN                                                                       
20004040  RF_cmdPropRadioDivSetup                                                   
20004068  RF_cmdPropRadioDivSetup_fsk                                               
20004090  RF_cmdPropRadioDivSetup_lrm                                               
200040b8  RF_cmdPropRadioDivSetup_ook                                               
200040e0  RF_cmdPropRadioDivSetup_sl_lr                                             
20004108  RF_cmdRxHS                                                                
2000412c  pinTable                                                                  
20004170  ti_sysbios_knl_Clock_Object__table__V                                     
20004190  xdc_runtime_Error_IgnoreBlock                                             
200041b0  message                                                                   
200041ce  ti_sysbios_family_arm_m3_Hwi_Module_State_0_excActive__A                  
200041d0  RF_cmdFs                                                                  
200041e8  RF_cmdFs_preDef                                                           
20004200  RF_cmdPropTx                                                              
20004218  RF_cmdPropTx_preDef                                                       
20004230  RF_cmdRadioSetup_hsm                                                      
20004260  shapeovr                                                                  
20004278  ti_sysbios_family_arm_m3_Hwi_Object__table__V                             
20004290  ti_sysbios_heaps_HeapMem_Object__table__V                                 
200042a8  RF_cmdTxHS                                                                
200042cc  RF_prop                                                                   
200042dc  RF_prop_fsk                                                               
200042ec  RF_prop_hsm                                                               
200042fc  RF_prop_lrm                                                               
2000430c  RF_prop_ook                                                               
2000431c  RF_prop_sl_lr                                                             
2000433a  xdc_runtime_Main_Module__root__V                                          
2000433c  __TI_cleanup_ptr                                                          
20004340  __TI_dtors_ptr                                                            
20004344  __TI_enable_exit_profile_output                                           
20004348  ti_sysbios_knl_Task_Module__root__V                                       
20004354  ti_uia_runtime_QueueDescriptor_Module__state__V                           
20004360  xdc_runtime_SysMin_Module__state__V                                       
2000436c  _lock                                                                     
20004370  _unlock                                                                   
20004374  ti_uia_runtime_QueueDescriptor_gPtrToFirstDescriptor                      
20004378  ti_uia_runtime_QueueDescriptor_gUpdateCount                               
2000437c  ti_sysbios_family_arm_m3_Hwi_Module__root__V                              
20004384  ti_sysbios_gates_GateHwi_Module__root__V                                  
2000438c  ti_sysbios_gates_GateMutex_Module__root__V                                
20004394  ti_sysbios_hal_Hwi_Module__root__V                                        
2000439c  ti_sysbios_heaps_HeapMem_Module__root__V                                  
200043a4  ti_sysbios_knl_Clock_Module__root__V                                      
200043ac  ti_sysbios_knl_Mailbox_Module__root__V                                    
200043b4  ti_sysbios_knl_Queue_Module__root__V                                      
200043bc  ti_sysbios_knl_Semaphore_Module__root__V                                  
200043c4  ti_sysbios_knl_Swi_Module__root__V                                        
200043cc  ti_uia_loggers_LoggerStopMode_Module__root__V                             
200043d4  xdc_runtime_Registry_Module__state__V                                     
200043dc  xdc_runtime_System_Module_State_0_atexitHandlers__A                       
200043e4  ti_sysbios_family_arm_m3_Hwi_Module_State_0_excContext__A                 
200043e8  ti_sysbios_family_arm_m3_Hwi_Module_State_0_excStack__A                   
200043ec  ti_sysbios_knl_Task_Module_State_0_idleTask__A                            
20004c00  __stack                                                                   
20005000  __STACK_END                                                               
e000e000  ti_sysbios_family_arm_m3_Hwi_nvic                                         
ffffffff  __TI_pprof_out_hndl                                                       
ffffffff  __TI_prof_data_size                                                       
ffffffff  __TI_prof_data_start                                                      
ffffffff  __binit__                                                                 
ffffffff  __c_args__                                                                
ffffffff  binit                                                                     
UNDEFED   ClockP_getSystemTicks                                                     
UNDEFED   HwiP_restore                                                              
UNDEFED   SHT$$INIT_ARRAY$$Base                                                     
UNDEFED   SHT$$INIT_ARRAY$$Limit                                                    
UNDEFED   SwiP_restore                                                              
UNDEFED   ti_sysbios_BIOS_RtsGateProxy_Handle__label__S__mangled__                  
UNDEFED   ti_sysbios_BIOS_RtsGateProxy_Params__init__S__mangled__                   
UNDEFED   ti_sysbios_BIOS_RtsGateProxy_query__E__mangled__                          
UNDEFED   ti_sysbios_hal_Hwi_HwiProxy_Module__startupDone__S__mangled__             
UNDEFED   ti_sysbios_hal_Hwi_HwiProxy_Params__init__S__mangled__                    
UNDEFED   ti_sysbios_hal_Hwi_HwiProxy_disableInterrupt__E__mangled__                
UNDEFED   ti_sysbios_hal_Hwi_HwiProxy_enableInterrupt__E__mangled__                 
UNDEFED   ti_sysbios_hal_Hwi_HwiProxy_getStackInfo__E__mangled__                    
UNDEFED   ti_sysbios_hal_Hwi_HwiProxy_startup__E__mangled__                         
UNDEFED   ti_sysbios_hal_Hwi_HwiProxy_switchFromBootStack__E__mangled__             
UNDEFED   ti_sysbios_hal_Hwi_disableInterrupt__E                                    
UNDEFED   ti_sysbios_hal_Hwi_enableInterrupt__E                                     
UNDEFED   ti_sysbios_hal_Hwi_getStackInfo__E                                        
UNDEFED   ti_sysbios_hal_Hwi_startup__E                                             
UNDEFED   ti_sysbios_hal_Hwi_switchFromBootStack__E                                 
UNDEFED   ti_sysbios_heaps_HeapMem_Module_GateProxy_Handle__label__S__mangled__     
UNDEFED   ti_sysbios_heaps_HeapMem_Module_GateProxy_Params__init__S__mangled__      
UNDEFED   ti_sysbios_heaps_HeapMem_Module_GateProxy_query__E__mangled__             
UNDEFED   ti_sysbios_knl_Clock_TimerProxy_Module__startupDone__S__mangled__         
UNDEFED   ti_sysbios_knl_Clock_TimerProxy_startup__E__mangled__                     
UNDEFED   ti_sysbios_knl_Task_SupportProxy_Module__startupDone__S__mangled__        
UNDEFED   ti_sysbios_knl_Task_SupportProxy_getStackAlignment__E__mangled__          
UNDEFED   ti_sysbios_knl_Task_SupportProxy_start__E__mangled__                      
UNDEFED   ti_sysbios_knl_Task_SupportProxy_swap__E__mangled__                       
UNDEFED   xdc_runtime_Main_Module_GateProxy_Handle__label__S                        
UNDEFED   xdc_runtime_Main_Module_GateProxy_query__E                                
UNDEFED   xdc_runtime_Memory_HeapProxy_Handle__label__S__mangled__                  
UNDEFED   xdc_runtime_System_Module_GateProxy_Handle__label__S__mangled__           
UNDEFED   xdc_runtime_System_Module_GateProxy_query__E__mangled__                   
UNDEFED   xdc_runtime_Timestamp_SupportProxy_get64__E__mangled__                    
UNDEFED   xdc_runtime_Timestamp_SupportProxy_getFreq__E__mangled__                  
UNDEFED   xdc_runtime_Timestamp_get32__E                                            
UNDEFED   xdc_runtime_Timestamp_get64__E                                            
UNDEFED   xdc_runtime_Timestamp_getFreq__E                                          

[1131 symbols]
