******************************************************************************
                  TI ARM Linker Unix v16.9.3                   
******************************************************************************
>> Linked Sat Feb 24 14:24:41 2018

OUTPUT FILE NAME:   <Sprite.out>
ENTRY POINT SYMBOL: "ResetISR"  address: 00009d99


MEMORY CONFIGURATION

         name            origin    length      used     unused   attr    fill
----------------------  --------  ---------  --------  --------  ----  --------
  FLASH                 00000000   00020000  0000fedf  00010121  R  X
  SRAM                  20000000   00005000  00004ed1  0000012f  RW X


SEGMENT ALLOCATION MAP

run origin  load origin   length   init length attrs members
----------  ----------- ---------- ----------- ----- -------
00000000    00000000    00000500   00000500    r--
  00000000    00000000    0000003c   0000003c    r-- .resetVecs
  00000040    00000040    000004c0   000004c0    r-- .cinit
00001000    00001000    0000f997   0000f997    r-x
  00001000    00001000    0000003c   0000003c    r-- .const:ti_sysbios_knl_Task_Object__PARAMS__C
  0000103c    0000103c    00000034   00000034    r-- .const:ti_sysbios_knl_Mailbox_Object__PARAMS__C
  00001070    00001070    00000030   00000030    r-- .const:ti_sysbios_family_arm_m3_Hwi_Object__PARAMS__C
  000010a0    000010a0    0000002c   0000002c    r-- .const:ti_sysbios_hal_Hwi_Object__PARAMS__C
  000010cc    000010cc    00000028   00000028    r-- .const:ti_sysbios_heaps_HeapMem_Module__FXNS__C
  000010f4    000010f4    00000028   00000028    r-- .const:ti_sysbios_knl_Swi_Object__PARAMS__C
  0000111c    0000111c    00000024   00000024    r-- .const:ti_sysbios_gates_GateHwi_Module__FXNS__C
  00001140    00001140    00000024   00000024    r-- .const:ti_sysbios_gates_GateMutex_Module__FXNS__C
  00001164    00001164    00000024   00000024    r-- .const:ti_sysbios_heaps_HeapMem_Object__PARAMS__C
  00001188    00001188    00000024   00000024    r-- .const:ti_sysbios_knl_Clock_Object__PARAMS__C
  000011ac    000011ac    00000024   00000024    r-- .const:ti_sysbios_knl_Semaphore_Object__PARAMS__C
  000011d0    000011d0    00000020   00000020    r-- .const:ti_sysbios_family_arm_m3_Hwi_Object__DESC__C
  000011f0    000011f0    00000020   00000020    r-- .const:ti_sysbios_gates_GateHwi_Object__DESC__C
  00001210    00001210    00000020   00000020    r-- .const:ti_sysbios_gates_GateMutex_Object__DESC__C
  00001230    00001230    00000020   00000020    r-- .const:ti_sysbios_hal_Hwi_Object__DESC__C
  00001250    00001250    00000020   00000020    r-- .const:ti_sysbios_heaps_HeapMem_Object__DESC__C
  00001270    00001270    00000020   00000020    r-- .const:ti_sysbios_knl_Clock_Object__DESC__C
  00001290    00001290    00000020   00000020    r-- .const:ti_sysbios_knl_Mailbox_Object__DESC__C
  000012b0    000012b0    00000020   00000020    r-- .const:ti_sysbios_knl_Queue_Object__DESC__C
  000012d0    000012d0    00000020   00000020    r-- .const:ti_sysbios_knl_Semaphore_Object__DESC__C
  000012f0    000012f0    00000020   00000020    r-- .const:ti_sysbios_knl_Swi_Object__DESC__C
  00001310    00001310    00000020   00000020    r-- .const:ti_sysbios_knl_Task_Object__DESC__C
  00001330    00001330    00000018   00000018    r-- .const:ti_sysbios_gates_GateHwi_Object__PARAMS__C
  00001348    00001348    00000018   00000018    r-- .const:ti_sysbios_gates_GateMutex_Object__PARAMS__C
  00001360    00001360    00000018   00000018    r-- .const:ti_sysbios_knl_Queue_Object__PARAMS__C
  00001378    00001378    00000008   00000008    r-- .const:ti_sysbios_knl_Idle_funcList__C
  00001384    00001384    00000004   00000004    r-- .const:ti_sysbios_family_arm_cc26xx_Timer_startupNeeded__C
  00001388    00001388    00000004   00000004    r-- .const:ti_sysbios_family_arm_m3_Hwi_E_alreadyDefined__C
  0000138c    0000138c    00000004   00000004    r-- .const:ti_sysbios_family_arm_m3_Hwi_E_hwiLimitExceeded__C
  00001390    00001390    00000004   00000004    r-- .const:ti_sysbios_family_arm_m3_Hwi_NUM_INTERRUPTS__C
  00001394    00001394    00000004   00000004    r-- .const:ti_sysbios_family_arm_m3_Hwi_Object__count__C
  00001398    00001398    00000004   00000004    r-- .const:ti_sysbios_family_arm_m3_Hwi_Object__table__C
  0000139c    0000139c    00000004   00000004    r-- .const:ti_sysbios_family_arm_m3_Hwi_ccr__C
  000013a0    000013a0    00000004   00000004    r-- .const:ti_sysbios_family_arm_m3_Hwi_excHandlerFunc__C
  000013a4    000013a4    00000004   00000004    r-- .const:ti_sysbios_family_arm_m3_Hwi_nullIsrFunc__C
  000013a8    000013a8    00000004   00000004    r-- .const:ti_sysbios_family_arm_m3_Hwi_numSparseInterrupts__C
  000013ac    000013ac    00000004   00000004    r-- .const:ti_sysbios_family_arm_m3_Hwi_priGroup__C
  000013b0    000013b0    00000004   00000004    r-- .const:ti_sysbios_family_arm_m3_TaskSupport_stackAlignment__C
  000013b4    000013b4    00000004   00000004    r-- .const:ti_sysbios_heaps_HeapMem_E_memory__C
  000013b8    000013b8    00000004   00000004    r-- .const:ti_sysbios_heaps_HeapMem_Module__gateObj__C
  000013bc    000013bc    00000004   00000004    r-- .const:ti_sysbios_heaps_HeapMem_Object__count__C
  000013c0    000013c0    00000004   00000004    r-- .const:ti_sysbios_heaps_HeapMem_Object__table__C
  000013c4    000013c4    00000004   00000004    r-- .const:ti_sysbios_heaps_HeapMem_reqAlign__C
  000013c8    000013c8    00000004   00000004    r-- .const:ti_sysbios_knl_Clock_serviceMargin__C
  000013cc    000013cc    00000004   00000004    r-- .const:ti_sysbios_knl_Mailbox_Object__count__C
  000013d0    000013d0    00000004   00000004    r-- .const:ti_sysbios_knl_Mailbox_Object__table__C
  000013d4    000013d4    00000004   00000004    r-- .const:ti_sysbios_knl_Mailbox_maxTypeAlign__C
  000013d8    000013d8    00000004   00000004    r-- .const:ti_sysbios_knl_Queue_Object__count__C
  000013dc    000013dc    00000004   00000004    r-- .const:ti_sysbios_knl_Queue_Object__table__C
  000013e0    000013e0    00000004   00000004    r-- .const:ti_sysbios_knl_Swi_Object__count__C
  000013e4    000013e4    00000004   00000004    r-- .const:ti_sysbios_knl_Swi_Object__table__C
  000013e8    000013e8    00000004   00000004    r-- .const:ti_sysbios_knl_Swi_numPriorities__C
  000013ec    000013ec    00000004   00000004    r-- .const:ti_sysbios_knl_Task_Object__count__C
  000013f0    000013f0    00000004   00000004    r-- .const:ti_sysbios_knl_Task_Object__table__C
  000013f4    000013f4    00000004   00000004    r-- .const:ti_sysbios_knl_Task_allBlockedFunc__C
  000013f8    000013f8    00000004   00000004    r-- .const:ti_sysbios_knl_Task_defaultStackHeap__C
  000013fc    000013fc    00000004   00000004    r-- .const:ti_sysbios_knl_Task_defaultStackSize__C
  00001400    00001400    00000004   00000004    r-- .const:ti_sysbios_knl_Task_numConstructedTasks__C
  00001406    00001406    00000002   00000002    r-- .const:ti_sysbios_family_arm_cc26xx_Timer_Module__id__C
  00001408    00001408    00000002   00000002    r-- .const:ti_sysbios_family_arm_cc26xx_TimestampProvider_useClockTimer__C
  0000140a    0000140a    00000002   00000002    r-- .const:ti_sysbios_family_arm_m3_Hwi_Module__id__C
  0000140c    0000140c    00000002   00000002    r-- .const:ti_sysbios_gates_GateHwi_Module__id__C
  0000140e    0000140e    00000002   00000002    r-- .const:ti_sysbios_gates_GateMutex_Module__id__C
  00001410    00001410    00000002   00000002    r-- .const:ti_sysbios_heaps_HeapMem_Module__id__C
  00001412    00001412    00000002   00000002    r-- .const:ti_sysbios_knl_Task_initStackFlag__C
  00001414    00001414    00000001   00000001    r-- .const:ti_sysbios_knl_Clock_tickMode__C
  00001418    00001418    00000008   00000008    r-- .const:xdc_runtime_Startup_firstFxns__C
  00001420    00001420    00000008   00000008    r-- .const:xdc_runtime_Startup_lastFxns__C
  00001428    00001428    00000004   00000004    r-- .const:xdc_runtime_Assert_E_assertFailed__C
  0000142c    0000142c    00000004   00000004    r-- .const:xdc_runtime_Error_E_memory__C
  00001430    00001430    00000004   00000004    r-- .const:xdc_runtime_Error_policyFxn__C
  00001434    00001434    00000004   00000004    r-- .const:xdc_runtime_IGateProvider_Interface__BASE__C
  00001438    00001438    00000004   00000004    r-- .const:xdc_runtime_IHeap_Interface__BASE__C
  0000143c    0000143c    00000004   00000004    r-- .const:xdc_runtime_IModule_Interface__BASE__C
  00001440    00001440    00000004   00000004    r-- .const:xdc_runtime_Main_Module__diagsEnabled__C
  00001444    00001444    00000004   00000004    r-- .const:xdc_runtime_Main_Module__diagsIncluded__C
  00001448    00001448    00000004   00000004    r-- .const:xdc_runtime_Main_Module__diagsMask__C
  0000144c    0000144c    00000004   00000004    r-- .const:xdc_runtime_Memory_defaultHeapInstance__C
  00001450    00001450    00000004   00000004    r-- .const:xdc_runtime_Startup_execImpl__C
  00001454    00001454    00000004   00000004    r-- .const:xdc_runtime_Startup_maxPasses__C
  00001458    00001458    00000004   00000004    r-- .const:xdc_runtime_Startup_sfxnRts__C
  0000145c    0000145c    00000004   00000004    r-- .const:xdc_runtime_Startup_sfxnTab__C
  00001460    00001460    00000004   00000004    r-- .const:xdc_runtime_Startup_startModsFxn__C
  00001464    00001464    00000004   00000004    r-- .const:xdc_runtime_SysCallback_abortFxn__C
  00001468    00001468    00000004   00000004    r-- .const:xdc_runtime_SysCallback_exitFxn__C
  0000146c    0000146c    00000004   00000004    r-- .const:xdc_runtime_System_abortFxn__C
  00001470    00001470    00000004   00000004    r-- .const:xdc_runtime_System_exitFxn__C
  00001474    00001474    00000004   00000004    r-- .const:xdc_runtime_System_maxAtexitHandlers__C
  00001478    00001478    00000004   00000004    r-- .const:xdc_runtime_Text_charTab__C
  0000147c    0000147c    00000004   00000004    r-- .const:xdc_runtime_Text_nameEmpty__C
  00001480    00001480    00000004   00000004    r-- .const:xdc_runtime_Text_nameStatic__C
  00001484    00001484    00000004   00000004    r-- .const:xdc_runtime_Text_nameUnknown__C
  00001488    00001488    00000002   00000002    r-- .const:xdc_runtime_Main_Module__id__C
  0000148a    0000148a    00000002   00000002    r-- .const:xdc_runtime_Memory_Module__id__C
  0000148c    0000148c    00000002   00000002    r-- .const:xdc_runtime_Text_charCnt__C
  0000148e    0000148e    00000002   00000002    r-- .const:xdc_runtime_Text_isLoaded__C
  00001490    00001490    00000001   00000001    r-- .const:xdc_runtime_Error_policy__C
  00001494    00001494    00000004   00000004    r-- .const:ti_sysbios_rom_ROM_AONRTCChannelEnable
  00001498    00001498    00000004   00000004    r-- .const:ti_sysbios_rom_ROM_AONRTCCompareValueSet
  0000149c    0000149c    00000004   00000004    r-- .const:ti_sysbios_rom_ROM_AONRTCCurrentCompareValueGet
  000014a0    000014a0    00000004   00000004    r-- .const:ti_sysbios_rom_ROM_AONRTCEventClear
  000014a4    000014a4    00000004   00000004    r-- .const:ti_sysbios_rom_ROM_ti_sysbios_family_arm_cc26xx_Timer_getCount64__E
  000014a8    000014a8    00000004   00000004    r-- .const:ti_sysbios_rom_ROM_ti_sysbios_family_arm_cc26xx_Timer_getCurrentTick__E
  000014ac    000014ac    00000004   00000004    r-- .const:ti_sysbios_rom_ROM_ti_sysbios_family_arm_cc26xx_Timer_getMaxTicks__E
  000014b0    000014b0    00000004   00000004    r-- .const:ti_sysbios_rom_ROM_ti_sysbios_family_arm_cc26xx_Timer_initDevice__I
  000014b4    000014b4    00000004   00000004    r-- .const:ti_sysbios_rom_ROM_ti_sysbios_family_arm_cc26xx_Timer_setNextTick__E
  000014b8    000014b8    00000004   00000004    r-- .const:ti_sysbios_rom_ROM_ti_sysbios_family_arm_cc26xx_Timer_setThreshold__I
  000014bc    000014bc    00000004   00000004    r-- .const:ti_sysbios_rom_ROM_ti_sysbios_family_arm_cc26xx_Timer_start__E
  000014c0    000014c0    00000004   00000004    r-- .const:ti_sysbios_rom_ROM_ti_sysbios_family_arm_cc26xx_TimestampProvider_get32__E
  000014c4    000014c4    00000004   00000004    r-- .const:ti_sysbios_rom_ROM_xdc_runtime_Startup_getState__I
  000014c8    000014c8    00000004   00000004    r-- .const:ti_sysbios_rom_ROM_xdc_runtime_System_SupportProxy_abort__E
  000014cc    000014cc    00000004   00000004    r-- .const:ti_sysbios_rom_ROM_xdc_runtime_System_SupportProxy_exit__E
  000014d0    000014d0    00000004   00000004    r-- .const:ti_sysbios_gates_GateMutex_Instance_State_sem__O
  000014d4    000014d4    00000004   00000004    r-- .const:ti_sysbios_knl_Clock_Module_State_clockQ__O
  000014d8    000014d8    00000004   00000004    r-- .const:ti_sysbios_knl_Mailbox_Instance_State_dataQue__O
  000014dc    000014dc    00000004   00000004    r-- .const:ti_sysbios_knl_Mailbox_Instance_State_dataSem__O
  000014e0    000014e0    00000004   00000004    r-- .const:ti_sysbios_knl_Mailbox_Instance_State_freeQue__O
  000014e4    000014e4    00000004   00000004    r-- .const:ti_sysbios_knl_Mailbox_Instance_State_freeSem__O
  000014e8    000014e8    00000004   00000004    r-- .const:ti_sysbios_knl_Semaphore_Instance_State_pendQ__O
  000014ec    000014ec    00000004   00000004    r-- .const:ti_sysbios_knl_Task_Module_State_inactiveQ__O
  000014f0    000014f0    0000aa84   0000aa84    r-x .text
  0000bf74    0000bf74    00004a23   00004a23    r-- .const
0001ffa8    0001ffa8    00000058   00000058    r--
  0001ffa8    0001ffa8    00000058   00000058    r-- .ccfg
20000100    20000100    00000104   00000000    rw-
  20000100    20000100    00000044   00000000    rw- .data:ti_sysbios_knl_Task_Module__state__V
  20000144    20000144    00000034   00000000    rw- .data:ti_sysbios_family_arm_m3_Hwi_Module__state__V
  20000178    20000178    0000002c   00000000    rw- .data:ti_sysbios_knl_Clock_Module__state__V
  200001a4    200001a4    00000024   00000000    rw- .data:ti_sysbios_BIOS_Module__state__V
  200001c8    200001c8    0000001c   00000000    rw- .data:ti_sysbios_knl_Swi_Module__state__V
  200001e4    200001e4    00000008   00000000    rw- .data:ti_sysbios_family_arm_cc26xx_Timer_Module__state__V
  200001ec    200001ec    00000004   00000000    rw- .data:ti_sysbios_family_arm_cc26xx_TimestampProvider_Module__state__V
  200001f0    200001f0    00000008   00000000    rw- .data:xdc_runtime_Startup_Module__state__V
  200001f8    200001f8    00000008   00000000    rw- .data:xdc_runtime_System_Module__state__V
  20000200    20000200    00000004   00000000    rw- .data:xdc_runtime_Memory_Module__state__V
20000280    20000280    00002f50   00000000    rw-
  20000280    20000280    00002f50   00000000    rw- .bss
200031d0    200031d0    00001000   00000000    r--
  200031d0    200031d0    00001000   00000000    r-- .priheap
200041d0    200041d0    000009b5   00000000    rw-
  200041d0    200041d0    000009b5   00000000    rw- .data
20004c00    20004c00    00000400   00000000    rw-
  20004c00    20004c00    00000400   00000000    rw- .stack


SECTION ALLOCATION MAP

 output                                  attributes/
section   page    origin      length       input sections
--------  ----  ----------  ----------   ----------------
.text      0    000014f0    0000aa84     
                  000014f0    0000044c     rf_multiMode_cc13x0.aem3 : RFCC26XX_multiMode.oem3 (.text:fsmActiveState)
                  0000193c    000003c4     EasyLink.obj (.text:EasyLink_init)
                  00001d00    00000324     rtsv7M3_T_le_eabi.lib : trgdrv.obj (.text)
                  00002024    0000030c     drivers_cc13x0.aem3 : PowerCC26XX_calibrateRCOSC.oem3 (.text:PowerCC26XX_auxISR)
                  00002330    00000248     rtsv7M3_T_le_eabi.lib : vla_alloc.obj (.text)
                  00002578    00000228     driverlib.lib : sys_ctrl.obj (.text:NOROM_SysCtrlSetRechargeBeforePowerDown)
                  000027a0    0000021c     drivers_cc13x0.aem3 : PowerCC26XX.oem3 (.text:Power_sleep)
                  000029bc    00000200     rf_multiMode_cc13x0.aem3 : RFCC26XX_multiMode.oem3 (.text:RF_open)
                  00002bbc    000001f4     rtsv7M3_T_le_eabi.lib : ull_div_t2.obj (.text)
                  00002db0    000001e4     main.obj (.text:LSM9DS1init)
                  00002f94    000001a4     EasyLink.obj (.text:EasyLink_setRfPwr)
                  00003138    0000019c     rf_multiMode_cc13x0.aem3 : RFCC26XX_multiMode.oem3 (.text:fsmSetupState)
                  000032d4    00000190     drivers_cc13x0.aem3 : PowerCC26XX_calibrateRCOSC.oem3 (.text:PowerCC26XX_doCalibrate)
                  00003464    0000018c                         : PINCC26XX.oem3 (.text:PIN_init)
                  000035f0    00000188     EasyLink.obj (.text:rxDoneCallback)
                  00003778    00000180     main.obj (.text:initGyro)
                  000038f8    00000170     EasyLink.obj (.text:EasyLink_receiveAsync)
                  00003a68    00000164     drivers_cc13x0.aem3 : UARTCC26XX.oem3 (.text:UARTCC26XX_open)
                  00003bcc    00000158     rf_multiMode_cc13x0.aem3 : RFCC26XX_multiMode.oem3 (.text:RF_postCmd)
                  00003d24    00000154     drivers_cc13x0.aem3 : I2CCC26XX.oem3 (.text:I2CCC26XX_open)
                  00003e78    00000154     rf_multiMode_cc13x0.aem3 : RFCC26XX_multiMode.oem3 (.text:radioOpDoneCb)
                  00003fcc    00000150                              : RFCC26XX_multiMode.oem3 (.text:abortCmd)
                  0000411c    00000150     smartrf_settings_predefined.obj (.text:rf_patch_mce_genook)
                  0000426c    00000148     rf_multiMode_cc13x0.aem3 : RFCC26XX_multiMode.oem3 (.text:fsmChangePhyState)
                  000043b4    0000013c     EasyLink.obj (.text:EasyLink_transmit)
                  000044f0    00000138     hello_pem3.oem3 (.text:ti_uia_loggers_LoggerStopMode_writeMemoryRange__E)
                  00004628    00000134     main.obj (.text:initAccel)
                  0000475c    00000130     driverlib.lib : setup_rom.obj (.text:NOROM_SetupAfterColdResetWakeupFromShutDownCfg3)
                  0000488c    00000130     main.obj (.text:txDataTaskFunc)
                  000049bc    0000012c     drivers_cc13x0.aem3 : PowerCC26XX.oem3 (.text:Power_init)
                  00004ae8    00000128     smartrf_settings.obj (.text:rf_patch_rfe_genfsk)
                  00004c10    00000128     smartrf_settings_predefined.obj (.text:rf_patch_rfe_genfsk)
                  00004d38    00000128     smartrf_settings_predefined.obj (.text:rf_patch_rfe_lrm)
                  00004e60    00000128     smartrf_settings_predefined.obj (.text:rf_patch_rfe_sl_longrange)
                  00004f88    00000120     main.obj (.text:rxDoneCb)
                  000050a8    0000011c     rf_multiMode_cc13x0.aem3 : RFCC26XX_multiMode.oem3 (.text:RF_close)
                  000051c4    00000118     drivers_cc13x0.aem3 : UARTCC26XX.oem3 (.text:UARTCC26XX_read)
                  000052dc    00000118     main.obj (.text:initMag)
                  000053f4    00000114     smartrf_settings_predefined.obj (.text:rf_patch_mce_hsp_4mbps)
                  00005508    00000110     drivers_cc13x0.aem3 : I2CCC26XX.oem3 (.text:I2CCC26XX_hwiFxn)
                  00005618    0000010c     hello_pem3.oem3 (.text:ti_uia_loggers_LoggerStopMode_write8__E)
                  00005724    0000010a     drivers_cc13x0.aem3 : UARTCC26XX.oem3 (.text:UARTCC26XX_hwiIntFxn)
                  0000582e    00000002                         : PWMTimerCC26XX.oem3 (.text:PWMTimerCC26XX_init)
                  00005830    00000108     rf_multiMode_cc13x0.aem3 : RFCC26XX_multiMode.oem3 (.text:fsmPowerUpState)
                  00005938    00000108                              : RFCC26XX_multiMode.oem3 (.text:hwiFxnCpe0Active)
                  00005a40    000000fc     drivers_cc13x0.aem3 : UARTCC26XX.oem3 (.text:UARTCC26XX_write)
                  00005b3c    000000fc     main.obj (.text:adcTaskFunc)
                  00005c38    000000fc     main.obj (.text:gpsFunc)
                  00005d34    000000f8     main.obj (.text:semaphoreSetup)
                  00005e2c    000000f4     hello_pem3.oem3 (.text:ti_uia_loggers_LoggerStopMode_write4__E)
                  00005f20    000000f0     driverlib.lib : setup_rom.obj (.text:NOROM_SetupAfterColdResetWakeupFromShutDownCfg2)
                  00006010    000000ec     drivers_cc13x0.aem3 : PWMTimerCC26XX.oem3 (.text:PWMTimerCC26XX_open)
                  000060fc    000000e8     hello_pem3.oem3 (.text:ti_uia_loggers_LoggerStopMode_write1__E)
                  000061e4    000000e8     hello_pem3.oem3 (.text:ti_uia_loggers_LoggerStopMode_write2__E)
                  000062cc    000000dc     driverlib.lib : rfc.obj (.text:NOROM_RFCOverrideUpdate)
                  000063a8    000000dc     drivers_cc13x0.aem3 : PINCC26XX.oem3 (.text:PINCC26XX_setIoCfg)
                  00006484    000000d8     EasyLink.obj (.text:EasyLink_enableRxAddrFilter)
                  0000655c    000000d8     smartrf_settings_predefined.obj (.text:rf_patch_rfe_genook)
                  00006634    000000d8     smartrf_settings_predefined.obj (.text:rf_patch_rfe_hsp_4mbps)
                  0000670c    000000d8     hello_pem3.oem3 (.text:ti_uia_loggers_LoggerStopMode_write0__E)
                  000067e4    000000d4     driverlib.lib : rfc.obj (.text:NOROM_RFCRfTrimRead)
                  000068b8    000000d0     dpl_cc13x0.aem3 : PowerCC26XX_tirtos.oem3 (.text:PowerCC26XX_standbyPolicy)
                  00006988    000000cc     EasyLink.obj (.text:EasyLink_setFrequency)
                  00006a54    000000c4     drivers_cc13x0.aem3 : ADCCC26XX.oem3 (.text:ADCCC26XX_convert)
                  00006b18    000000c4     driverlib.lib : setup.obj (.text:TrimAfterColdResetWakeupFromShutDown)
                  00006bdc    000000c4     smartrf_settings_predefined.obj (.text:rf_patch_mce_sl_longrange)
                  00006ca0    000000c4     main.obj (.text:rxBeaconFunc)
                  00006d64    000000c0     drivers_cc13x0.aem3 : I2CCC26XX.oem3 (.text:I2CCC26XX_transfer)
                  00006e24    000000c0     driverlib.lib : aux_adc.obj (.text:NOROM_AUXADCEnableSync)
                  00006ee4    000000bc     drivers_cc13x0.aem3 : GPTimerCC26XX.oem3 (.text:GPTimerCC26XX_open)
                  00006fa0    000000bc     main.obj (.text:I2CreadBytes)
                  0000705c    000000bc     drivers_cc13x0.aem3 : PowerCC26XX.oem3 (.text:Power_releaseDependency)
                  00007118    000000bc                         : UARTCC26XX.oem3 (.text:UARTCC26XX_initHw)
                  000071d4    000000b4                         : PowerCC26XX.oem3 (.text:Power_setDependency)
                  00007288    000000a8     driverlib.lib : setup.obj (.text:NOROM_SetupTrimDevice)
                  00007330    000000a8     main.obj (.text:pwmTaskFunc)
                  000073d8    000000a4     driverlib.lib : setup_rom.obj (.text:NOROM_SetupAfterColdResetWakeupFromShutDownCfg1)
                  0000747c    000000a4     rf_multiMode_cc13x0.aem3 : RFCC26XX_multiMode.oem3 (.text:RF_dispatchCmd)
                  00007520    000000a0     drivers_cc13x0.aem3 : GPTimerCC26XX.oem3 (.text:GPTimerCC26XX_close)
                  000075c0    000000a0     auto_init.aem3 : auto_init.oem3 (.text)
                  00007660    0000009c     rf_multiMode_cc13x0.aem3 : RFCC26XX_multiMode.oem3 (.text:RF_issueRadioFreeCb)
                  000076fc    0000009c     drivers_cc13x0.aem3 : WatchdogCC26XX.oem3 (.text:WatchdogCC26XX_open)
                  00007798    0000009c     rf_multiMode_cc13x0.aem3 : RFCC26XX_multiMode.oem3 (.text:hwiFxnCpe0PowerFsm)
                  00007834    0000009c     rtsv7M3_T_le_eabi.lib : memcpy_t2.obj (.text)
                  000078d0    0000009c     rf_multiMode_cc13x0.aem3 : RFCC26XX_multiMode.oem3 (.text:swiFxnHw)
                  0000796c    00000098     drivers_cc13x0.aem3 : PINCC26XX.oem3 (.text:PIN_open)
                  00007a04    00000098                         : UARTCC26XX.oem3 (.text:UARTCC26XX_initIO)
                  00007a9c    00000098     rom_sysbios.aem3 : rom_sysbios.obj (.text:ti_sysbios_knl_Clock_workFuncDynamic__E)
                  00007b34    00000094     EasyLink.obj (.text:EasyLink_abort)
                  00007bc8    00000094     driverlib.lib : aux_adc.obj (.text:NOROM_AUXADCDisable)
                  00007c5c    00000094     main.obj (.text:readAccel)
                  00007cf0    00000094     main.obj (.text:readGyro)
                  00007d84    00000094     drivers_cc13x0.aem3 : UARTCC26XX.oem3 (.text:writeFinishedDoCallback)
                  00007e18    00000090                         : I2CCC26XX.oem3 (.text:I2CCC26XX_cancel)
                  00007ea8    00000090     ti.uia.loggers.aem3 : LoggerStopMode.oem3 (.text:ti_uia_loggers_LoggerStopMode_initQueueDescriptor__E)
                  00007f38    0000008c     drivers_cc13x0.aem3 : I2CCC26XX.oem3 (.text:I2CCC26XX_primeTransfer)
                  00007fc4    0000008c     rf_multiMode_cc13x0.aem3 : RFCC26XX_multiMode.oem3 (.text:RF_pendCmd)
                  00008050    0000008c     drivers_cc13x0.aem3 : UARTCC26XX.oem3 (.text:UARTCC26XX_close)
                  000080dc    0000008c                         : UARTCC26XX.oem3 (.text:UARTCC26XX_writeCancel)
                  00008168    00000088                         : ADCCC26XX.oem3 (.text:ADCCC26XX_open)
                  000081f0    00000088                         : PowerCC26XX.oem3 (.text:disableLFClockQualifiers)
                  00008278    00000084                         : PowerCC26XX.oem3 (.text:switchXOSCHFclockFunc)
                  000082fc    00000080                         : PWMTimerCC26XX.oem3 (.text:PWMTimerCC26XX_setPeriod)
                  0000837c    00000080     main.obj (.text:magTaskFunc)
                  000083fc    0000007c     main.obj (.text:constrainScales)
                  00008478    0000007a     rtsv7M3_T_le_eabi.lib : memset_t2.obj (.text)
                  000084f2    00000002     drivers_cc13x0.aem3 : WatchdogCC26XX.oem3 (.text:WatchdogCC26XX_close)
                  000084f4    00000078     main.obj (.text:LSM9DS1begin)
                  0000856c    00000078     main.obj (.text:pinCallback)
                  000085e4    00000078     main.obj (.text:pwmSetup)
                  0000865c    00000078     drivers_cc13x0.aem3 : UARTCC26XX.oem3 (.text:writeTxFifoFlush)
                  000086d4    00000074     driverlib.lib : setup_rom.obj (.text:NOROM_SetupSetVddrLevel)
                  00008748    00000074     main.obj (.text:configInt)
                  000087bc    00000074     rom_sysbios.aem3 : rom_sysbios.obj (.text:ti_sysbios_family_arm_cc26xx_Timer_start__E)
                  00008830    00000074     ti.uia.runtime.aem3 : QueueDescriptor.oem3 (.text:ti_uia_runtime_QueueDescriptor_addToList__E)
                  000088a4    0000006c     drivers_cc13x0.aem3 : PowerCC26XX_calibrateRCOSC.oem3 (.text:PowerCC26XX_initiateCalibration)
                  00008910    00000068                         : I2CCC26XX.oem3 (.text:I2CCC26XX_close)
                  00008978    00000068     main.obj (.text:I2CreadByte)
                  000089e0    00000068     main.obj (.text:I2CwriteByte)
                  00008a48    00000068     driverlib.lib : setup_rom.obj (.text:NOROM_SetupGetTrimForAmpcompCtrl)
                  00008ab0    00000068                   : setup_rom.obj (.text:NOROM_SetupGetTrimForAnabypassValue1)
                  00008b18    00000068                   : sys_ctrl.obj (.text:NOROM_SysCtrl_DCDC_VoltageConditionalControl)
                  00008b80    00000068     drivers_cc13x0.aem3 : UARTCC26XX.oem3 (.text:UARTCC26XX_readCancel)
                  00008be8    00000068     rtsv7M3_T_le_eabi.lib : copy_decompress_lzss.obj (.text:decompress:lzss)
                  00008c50    00000068     rf_multiMode_cc13x0.aem3 : RFCC26XX_multiMode.oem3 (.text:flushPendCmd)
                  00008cb8    00000068                              : RFCC26XX_multiMode.oem3 (.text:fsmXOSCState)
                  00008d20    00000068     rtsv7M3_T_le_eabi.lib : trgmsg.obj (.text)
                  00008d88    00000066     ti.uia.loggers.aem3 : LoggerStopMode.oem3 (.text:ti_uia_loggers_LoggerStopMode_flush__E)
                  00008dee    00000002     rf_multiMode_cc13x0.aem3 : RFCC26XX_multiMode.oem3 (.text:defaultCallback)
                  00008df0    00000064     driverlib.lib : osc.obj (.text:NOROM_OSCHF_AttemptToSwitchToXosc)
                  00008e54    00000064     drivers_cc13x0.aem3 : PINCC26XX.oem3 (.text:PIN_add)
                  00008eb8    00000064                         : PowerCC26XX.oem3 (.text:configureXOSCHF)
                  00008f1c    00000064     rf_multiMode_cc13x0.aem3 : RFCC26XX_multiMode.oem3 (.text:dispatchOpWhen)
                  00008f80    00000064     rom_sysbios.aem3 : rom_sysbios.obj (.text:ti_sysbios_heaps_HeapMem_initPrimary__I)
                  00008fe4    00000062     rf_multiMode_cc13x0.aem3 : RFCC26XX_multiMode.oem3 (.text:syncCb)
                  00009046    00000002     drivers_cc13x0.aem3 : PowerCC26XX.oem3 (.text:emptyClockFunc)
                  00009048    00000060     driverlib.lib : osc.obj (.text:NOROM_OSCClockSourceSet)
                  000090a8    00000060     drivers_cc13x0.aem3 : UARTCC26XX.oem3 (.text:UARTCC26XX_control)
                  00009108    00000060     smartrf_settings.obj (.text:configureGenfskPatch)
                  00009168    00000060     smartrf_settings_predefined.obj (.text:configureGenfskPatch)
                  000091c8    00000060     smartrf_settings_predefined.obj (.text:configureGenookPatch)
                  00009228    00000060     smartrf_settings_predefined.obj (.text:configureLrmPatch)
                  00009288    00000060     smartrf_settings_predefined.obj (.text:configureSl_longrangePatch)
                  000092e8    0000005c     driverlib.lib : sys_ctrl.obj (.text:NOROM_SysCtrlAdjustRechargeAfterPowerDown)
                  00009344    0000005c     drivers_cc13x0.aem3 : PowerCC26XX_calibrateRCOSC.oem3 (.text:PowerCC26XX_RCOSC_clockFunc)
                  000093a0    0000005c                         : PowerCC26XX.oem3 (.text:PowerCC26XX_calibrate)
                  000093fc    0000005c     main.obj (.text:createRFRXTasks)
                  00009458    0000005c     rf_multiMode_cc13x0.aem3 : RFCC26XX_multiMode.oem3 (.text:ratChanFree)
                  000094b4    0000005c     hello_pem3.oem3 (.text:xdc_runtime_Startup_getState__I)
                  00009510    00000058     drivers_cc13x0.aem3 : GPTimerCC26XX.oem3 (.text:GPTimerCC26XX_stop)
                  00009568    00000058                         : I2CCC26XX.oem3 (.text:I2CCC26XX_swiFxn)
                  000095c0    00000058                         : PINCC26XX.oem3 (.text:PIN_remove)
                  00009618    00000058     rf_multiMode_cc13x0.aem3 : RFCC26XX_multiMode.oem3 (.text:applyRfCorePatch)
                  00009670    00000054                              : RFCC26XX_multiMode.oem3 (.text:RF_getCurrentTime)
                  000096c4    00000054     main.obj (.text:calcaRes)
                  00009718    00000054     main.obj (.text:calcmRes)
                  0000976c    00000054     rf_multiMode_cc13x0.aem3 : RFCC26XX_multiMode.oem3 (.text:hwiFxnHw)
                  000097c0    00000054     rtsv7M3_T_le_eabi.lib : exit.obj (.text)
                  00009814    00000050     driverlib.lib : setup_rom.obj (.text:NOROM_SetupSetCacheModeAccordingToCcfgSetting)
                  00009864    00000050     main.obj (.text:main)
                  000098b4    00000050     main.obj (.text:readMag)
                  00009904    00000050     drivers_cc13x0.aem3 : UARTCC26XX.oem3 (.text:startTxFifoEmptyClk)
                  00009954    0000004c                         : GPTimerCC26XX.oem3 (.text:GPTimerCC26XX_start)
                  000099a0    0000004c                         : I2CCC26XX.oem3 (.text:I2CCC26XX_initHw)
                  000099ec    0000004c                         : PWMTimerCC26XX.oem3 (.text:PWMTimerCC26XX_getdutyCounts)
                  00009a38    0000004c     rf_multiMode_cc13x0.aem3 : RFCC26XX_multiMode.oem3 (.text:RF_wakeupNotifyFxn)
                  00009a84    0000004c     main.obj (.text:gyroTaskFunc)
                  00009ad0    0000004c     rtsv7M3_T_le_eabi.lib : cpy_tbl.obj (.text)
                  00009b1c    0000004c     ti.uia.loggers.aem3 : LoggerStopMode.oem3 (.text:ti_uia_loggers_LoggerStopMode_Module_startup__E)
                  00009b68    00000048     dpl_cc13x0.aem3 : ClockP_tirtos.oem3 (.text:ClockP_construct)
                  00009bb0    00000048     drivers_cc13x0.aem3 : PINCC26XX.oem3 (.text:PIN_setOutputEnable)
                  00009bf8    00000048     main.obj (.text:calcgRes)
                  00009c40    00000048     main.obj (.text:clockSetup)
                  00009c88    00000044     drivers_cc13x0.aem3 : PINCC26XX.oem3 (.text:PIN_swi)
                  00009ccc    00000044     rf_multiMode_cc13x0.aem3 : RFCC26XX_multiMode.oem3 (.text:RF_releasePowerConstraint)
                  00009d10    00000044     drivers_cc13x0.aem3 : RingBuf.oem3 (.text:RingBuf_put)
                  00009d54    00000044     main.obj (.text:adcSetup)
                  00009d98    00000044     boot.aem3 : boot.oem3 (.text)
                  00009ddc    00000044     drivers_cc13x0.aem3 : PowerCC26XX.oem3 (.text:notify)
                  00009e20    00000044     ti.uia.loggers.aem3 : LoggerStopMode.oem3 (.text:ti_uia_loggers_LoggerStopMode_initBuffer__I)
                  00009e64    00000044     rom_sysbios.aem3 : rom_sysbios.obj (.text:xdc_runtime_SysMin_flush__E)
                  00009ea8    00000040     drivers_cc13x0.aem3 : ADCCC26XX.oem3 (.text:ADCCC26XX_convertToMicroVolts)
                  00009ee8    00000040                         : ADC.oem3 (.text:ADC_init)
                  00009f28    00000040                         : ADC.oem3 (.text:ADC_open)
                  00009f68    00000040     dpl_cc13x0.aem3 : HwiP_tirtos.oem3 (.text:HwiP_construct)
                  00009fa8    00000040     drivers_cc13x0.aem3 : I2C.oem3 (.text:I2C_init)
                  00009fe8    00000040                         : I2C.oem3 (.text:I2C_open)
                  0000a028    00000040                         : PWMTimerCC26XX.oem3 (.text:PWMTimerCC26XX_setDuty)
                  0000a068    00000040                         : PWM.oem3 (.text:PWM_init)
                  0000a0a8    00000040                         : PWM.oem3 (.text:PWM_open)
                  0000a0e8    00000040                         : UART.oem3 (.text:UART_init)
                  0000a128    00000040                         : UART.oem3 (.text:UART_open)
                  0000a168    00000040                         : Watchdog.oem3 (.text:Watchdog_init)
                  0000a1a8    00000040                         : Watchdog.oem3 (.text:Watchdog_open)
                  0000a1e8    00000040     main.obj (.text:accelTaskFunc)
                  0000a228    00000040     rom_sysbios.aem3 : rom_sysbios.obj (.text:ti_sysbios_family_arm_cc26xx_Timer_setThreshold__I)
                  0000a268    0000003e     drivers_cc13x0.aem3 : RingBuf.oem3 (.text:RingBuf_get)
                  0000a2a6    0000003e     hello_pem3.oem3 (.text:realloc)
                  0000a2e4    0000003c     drivers_cc13x0.aem3 : ADCCC26XX.oem3 (.text:ADCCC26XX_close)
                  0000a320    0000003c     driverlib.lib : chipinfo.obj (.text:NOROM_ChipInfo_GetHwRevision)
                  0000a35c    0000003c                   : osc.obj (.text:NOROM_OSC_HPOSCRelativeFrequencyOffsetGet)
                  0000a398    0000003c                   : rfc.obj (.text:NOROM_RFCSynthPowerDown)
                  0000a3d4    0000003c     drivers_cc13x0.aem3 : PowerCC26XX.oem3 (.text:PowerCC26XX_isStableXOSC_HF)
                  0000a410    0000003c                         : PowerCC26XX.oem3 (.text:PowerCC26XX_switchXOSC_HF)
                  0000a44c    0000003c     rf_multiMode_cc13x0.aem3 : RFCC26XX_multiMode.oem3 (.text:RF_runCmd)
                  0000a488    0000003c     dpl_cc13x0.aem3 : SwiP_tirtos.oem3 (.text:SwiP_construct)
                  0000a4c4    0000003c     rom_sysbios.aem3 : rom_sysbios.obj (.text:ti_sysbios_family_arm_m3_Hwi_construct2__E)
                  0000a500    00000038     drivers_cc13x0.aem3 : PINCC26XX.oem3 (.text:PIN_setOutputValue)
                  0000a538    00000038     rf_multiMode_cc13x0.aem3 : RFCC26XX_multiMode.oem3 (.text:Q_end)
                  0000a570    00000038                              : RFCC26XX_multiMode.oem3 (.text:RF_checkCmdFsError)
                  0000a5a8    00000038     drivers_cc13x0.aem3 : UARTCC26XX.oem3 (.text:UARTCC26XX_swiIntFxn)
                  0000a5e0    00000038     main.obj (.text:createADCTask)
                  0000a618    00000038     main.obj (.text:createAccelTask)
                  0000a650    00000038     main.obj (.text:createGPSTask)
                  0000a688    00000038     main.obj (.text:createGyroTask)
                  0000a6c0    00000038     main.obj (.text:createMagTask)
                  0000a6f8    00000038     main.obj (.text:createPWMTask)
                  0000a730    00000038     main.obj (.text:createRFTXTasks)
                  0000a768    00000038     main.obj (.text:pinSetup)
                  0000a7a0    00000038     drivers_cc13x0.aem3 : UARTCC26XX.oem3 (.text:readData)
                  0000a7d8    00000038     rom_sysbios.aem3 : rom_sysbios.obj (.text:ti_sysbios_family_arm_cc26xx_Timer_getCurrentTick__E)
                  0000a810    00000038     drivers_cc13x0.aem3 : UARTCC26XX.oem3 (.text:writeData)
                  0000a848    00000038     rom_sysbios.aem3 : rom_sysbios.obj (.text:xdc_runtime_SysMin_putch__E)
                  0000a880    00000034     drivers_cc13x0.aem3 : GPTimerCC26XX.oem3 (.text:GPTimerCC26XXSetLoadMatch)
                  0000a8b4    00000034     driverlib.lib : aux_adc.obj (.text:NOROM_AUXADCDisableInputScaling)
                  0000a8e8    00000034                   : osc.obj (.text:NOROM_OSCHF_SwitchToRcOscTurnOffXosc)
                  0000a91c    00000034     drivers_cc13x0.aem3 : PINCC26XX.oem3 (.text:PIN_setConfig)
                  0000a950    00000034                         : PowerCC26XX.oem3 (.text:Power_releaseConstraint)
                  0000a984    00000034     rf_multiMode_cc13x0.aem3 : RFCC26XX_multiMode.oem3 (.text:Q_push)
                  0000a9b8    00000034     rom_sysbios.aem3 : rom_sysbios.obj (.text:ti_sysbios_family_arm_cc26xx_Timer_initDevice__I)
                  0000a9ec    00000034     ti.uia.loggers.aem3 : LoggerStopMode.oem3 (.text:ti_uia_loggers_LoggerStopMode_reset__E)
                  0000aa20    00000034     main.obj (.text:wdtSetup)
                  0000aa54    00000032     rom_sysbios.aem3 : rom_sysbios.obj (.text:ti_sysbios_family_arm_cc26xx_Timer_setNextTick__E)
                  0000aa86    00000002     smartrf_settings.obj (.text:enterGenfskSysPatch)
                  0000aa88    00000030     drivers_cc13x0.aem3 : GPTimerCC26XX.oem3 (.text:GPTimerCC26XX_configureDebugStall)
                  0000aab8    00000030     driverlib.lib : chipinfo.obj (.text:NOROM_ChipInfo_GetChipType)
                  0000aae8    00000030                   : setup_rom.obj (.text:NOROM_SetupSetAonRtcSubSecInc)
                  0000ab18    00000030     drivers_cc13x0.aem3 : PowerCC26XX.oem3 (.text:Power_setConstraint)
                  0000ab48    00000030     driverlib.lib : adi.obj (.text:SafeHapiAuxAdiSelect)
                  0000ab78    00000030     drivers_cc13x0.aem3 : WatchdogCC26XX.oem3 (.text:WatchdogCC26XX_setReload)
                  0000aba8    00000030     rf_multiMode_cc13x0.aem3 : RFCC26XX_multiMode.oem3 (.text:clkPowerUpFxn)
                  0000abd8    00000030     main.obj (.text:initI2C)
                  0000ac08    00000030     drivers_cc13x0.aem3 : UARTCC26XX.oem3 (.text:readData2RingBuf)
                  0000ac38    00000030     hello_pem3.oem3 (.text:ti_sysbios_BIOS_atExitFunc__I)
                  0000ac68    00000030     hello_pem3.oem3 (.text:ti_sysbios_BIOS_startFunc__I)
                  0000ac98    00000030     hello_pem3.oem3 (.text:ti_uia_loggers_LoggerStopMode_Object__create__S)
                  0000acc8    00000030     rom_sysbios.aem3 : rom_sysbios.obj (.text:xdc_runtime_SysMin_abort__E)
                  0000acf8    0000002e     hello_pem3.oem3 (.text:ti_sysbios_rts_gnu_MemAlloc_alloc)
                  0000ad26    00000002     smartrf_settings_predefined.obj (.text:enterGenfskSysPatch)
                  0000ad28    0000002c     driverlib.lib : ddi.obj (.text:NOROM_DDI32RegWrite)
                  0000ad54    0000002c                   : osc.obj (.text:NOROM_OSCClockSourceGet)
                  0000ad80    0000002c                   : rfc.obj (.text:NOROM_RFCCPEPatchReset)
                  0000adac    0000002c                   : setup_rom.obj (.text:NOROM_SetupGetTrimForRadcExtCfg)
                  0000add8    0000002c     drivers_cc13x0.aem3 : PINCC26XX.oem3 (.text:PINCC26XX_setMux)
                  0000ae04    0000002c                         : PWMTimerCC26XX.oem3 (.text:PWMTimerCC26XX_close)
                  0000ae30    0000002c     dpl_cc13x0.aem3 : SemaphoreP_tirtos.oem3 (.text:SemaphoreP_constructBinary)
                  0000ae5c    0000002c     rf_multiMode_cc13x0.aem3 : RFCC26XX_multiMode.oem3 (.text:getCmd)
                  0000ae88    0000002c     rom_sysbios.aem3 : rom_sysbios.obj (.text:ti_sysbios_knl_Clock_getTicksUntilInterrupt__E)
                  0000aeb4    0000002a     display.aem3 : Display.oem3 (.text:Display_doPrintf)
                  0000aede    0000002a     rom_sysbios.aem3 : rom_sysbios.obj (.text:ti_sysbios_knl_Clock_getTimeout__E)
                  0000af08    00000028     driverlib.lib : aon_batmon.obj (.text:NOROM_AONBatMonTemperatureGetDegC)
                  0000af30    00000028     drivers_cc13x0.aem3 : PowerCC26XX.oem3 (.text:Power_registerNotify)
                  0000af58    00000028     driverlib.lib : adi.obj (.text:SafeHapiVoid)
                  0000af80    00000028     drivers_cc13x0.aem3 : WatchdogCC26XX.oem3 (.text:WatchdogCC26XX_convertMsToTicks)
                  0000afa8    00000024     driverlib.lib : rfc.obj (.text:NOROM_RFCDoorbellSendTo)
                  0000afcc    00000024     drivers_cc13x0.aem3 : PINCC26XX.oem3 (.text:PINCC26XX_getPinCount)
                  0000aff0    00000024                         : PWMTimerCC26XX.oem3 (.text:PWMTimerCC26XX_start)
                  0000b014    00000024     rf_multiMode_cc13x0.aem3 : RFCC26XX_multiMode.oem3 (.text:allocCmd)
                  0000b038    00000024     main.obj (.text:mReadBytes)
                  0000b05c    00000024     main.obj (.text:rxRestartFunc)
                  0000b080    00000024     hello_pem3.oem3 (.text:ti_sysbios_BIOS_registerRTSLock__I)
                  0000b0a4    00000024     hello_pem3.oem3 (.text:ti_sysbios_BIOS_removeRTSLock__I)
                  0000b0c8    00000024     rom_sysbios.aem3 : rom_sysbios.obj (.text:ti_sysbios_family_arm_cc26xx_Timer_getMaxTicks__E)
                  0000b0ec    00000024     main.obj (.text:xgReadBytes)
                  0000b110    00000022     drivers_cc13x0.aem3 : List.oem3 (.text:List_put)
                  0000b132    00000022     driverlib.lib : aux_adc.obj (.text:NOROM_AUXADCAdjustValueForGainAndOffset)
                  0000b154    00000022     hello_pem3.oem3 (.text:xdc_runtime_SysMin_output__I)
                  0000b176    00000002     smartrf_settings_predefined.obj (.text:enterGenookSysPatch)
                  0000b178    00000020     driverlib.lib : rfc.obj (.text:NOROM_RFCAdi3VcoLdoVoltageMode)
                  0000b198    00000020                   : setup_rom.obj (.text:NOROM_SetupGetTrimForXoscHfCtl)
                  0000b1b8    00000020     drivers_cc13x0.aem3 : PWMTimerCC26XX.oem3 (.text:PWMTimerCC26XX_stop)
                  0000b1d8    00000020     dpl_cc13x0.aem3 : PowerCC26XX_tirtos.oem3 (.text:PowerCC26XX_schedulerDisable)
                  0000b1f8    00000020                     : PowerCC26XX_tirtos.oem3 (.text:PowerCC26XX_schedulerRestore)
                  0000b218    00000020     drivers_cc13x0.aem3 : PowerCC26XX.oem3 (.text:Power_unregisterNotify)
                  0000b238    00000020     main.obj (.text:Serial_RxDataCallback)
                  0000b258    00000020     main.obj (.text:mWriteByte)
                  0000b278    00000020     hello_pem3.oem3 (.text:ti_sysbios_BIOS_rtsLock__I)
                  0000b298    00000020     rom_sysbios.aem3 : rom_sysbios.obj (.text:ti_sysbios_family_arm_cc26xx_Timer_dynamicStub__E)
                  0000b2b8    00000020                      : rom_sysbios.obj (.text:ti_sysbios_knl_Clock_stop__E)
                  0000b2d8    00000020     hello_pem3.oem3 (.text:ti_uia_loggers_LoggerStopMode_Object__delete__S)
                  0000b2f8    00000020     rom_sysbios.aem3 : rom_sysbios.obj (.text:xdc_runtime_SysMin_Module_startup__E)
                  0000b318    00000020     main.obj (.text:xgWriteByte)
                  0000b338    0000001e     drivers_cc13x0.aem3 : PINCC26XX.oem3 (.text:PIN_close)
                  0000b356    0000001e                         : PowerCC26XX.oem3 (.text:Power_getTransitionLatency)
                  0000b374    0000001c     driverlib.lib : aux_adc.obj (.text:NOROM_AUXADCGetAdjustmentGain)
                  0000b390    0000001c                   : chipinfo.obj (.text:NOROM_ChipInfo_GetChipFamily)
                  0000b3ac    0000001c                   : setup_rom.obj (.text:NOROM_SetupGetTrimForAmpcompTh2)
                  0000b3c8    0000001c                   : setup_rom.obj (.text:NOROM_SetupGetTrimForRcOscLfRtuneCtuneTrim)
                  0000b3e4    0000001c     drivers_cc13x0.aem3 : PINCC26XX.oem3 (.text:PINCC26XX_setIoCfgMux)
                  0000b400    0000001c                         : PINCC26XX.oem3 (.text:PIN_hwi)
                  0000b41c    0000001c     rf_multiMode_cc13x0.aem3 : RFCC26XX_multiMode.oem3 (.text:RF_setPowerConstraint)
                  0000b438    0000001c     main.obj (.text:clk0Fxn)
                  0000b454    0000001c     rf_multiMode_cc13x0.aem3 : RFCC26XX_multiMode.oem3 (.text:clkInactivityFxn)
                  0000b470    0000001c     smartrf_settings.obj (.text:enterGenfskCpePatch)
                  0000b48c    0000001c     smartrf_settings_predefined.obj (.text:enterGenfskCpePatch)
                  0000b4a8    0000001c     smartrf_settings_predefined.obj (.text:enterGenookCpePatch)
                  0000b4c4    0000001c     smartrf_settings_predefined.obj (.text:enterLrmCpePatch)
                  0000b4e0    0000001c     smartrf_settings_predefined.obj (.text:enterSl_longrangeCpePatch)
                  0000b4fc    0000001c     rf_multiMode_cc13x0.aem3 : RFCC26XX_multiMode.oem3 (.text:hwiFxnCpe0ChangePhy)
                  0000b518    0000001c     rom_sysbios.aem3 : rom_sysbios.obj (.text:ti_sysbios_knl_Swi_construct2__E)
                  0000b534    0000001c     ti.uia.loggers.aem3 : LoggerStopMode.oem3 (.text:ti_uia_loggers_LoggerStopMode_Instance_init__E)
                  0000b550    0000001c     rom_sysbios.aem3 : rom_sysbios.obj (.text:xdc_runtime_SysMin_exit__E)
                  0000b56c    0000001a     drivers_cc13x0.aem3 : PWMTimerCC26XX.oem3 (.text:PWMTimerCC26XX_control)
                  0000b586    00000002     smartrf_settings_predefined.obj (.text:enterLrmSysPatch)
                  0000b588    00000018     CC1310_LAUNCHXL.obj (.text:CC1310_LAUNCHXL_initGeneral)
                  0000b5a0    00000018     driverlib.lib : aon_rtc.obj (.text:NOROM_AONRTCCurrentCompareValueGet)
                  0000b5b8    00000018                   : aux_adc.obj (.text:NOROM_AUXADCGetAdjustmentOffset)
                  0000b5d0    00000018                   : chipinfo.obj (.text:NOROM_ChipInfo_GetPackageType)
                  0000b5e8    00000018                   : osc.obj (.text:NOROM_OSCHF_TurnOnXosc)
                  0000b600    00000018                   : rfc.obj (.text:NOROM_RFCCpeIntGetAndClear)
                  0000b618    00000018                   : setup_rom.obj (.text:NOROM_SetupGetTrimForAdcShModeEn)
                  0000b630    00000018                   : setup_rom.obj (.text:NOROM_SetupGetTrimForAdcShVbufEn)
                  0000b648    00000018                   : setup_rom.obj (.text:NOROM_SetupGetTrimForAmpcompTh1)
                  0000b660    00000018                   : setup_rom.obj (.text:NOROM_SetupGetTrimForDblrLoopFilterResetVoltage)
                  0000b678    00000018                   : setup_rom.obj (.text:NOROM_SetupGetTrimForRcOscLfIBiasTrim)
                  0000b690    00000018                   : setup_rom.obj (.text:NOROM_SetupGetTrimForXoscLfRegulatorAndCmirrwrRatio)
                  0000b6a8    00000018     drivers_cc13x0.aem3 : PowerCC26XX.oem3 (.text:Power_idleFunc)
                  0000b6c0    00000018                         : UARTCC26XX.oem3 (.text:UARTCC26XX_init)
                  0000b6d8    00000018                         : UART.oem3 (.text:UART_Params_init)
                  0000b6f0    00000018                         : PowerCC26XX.oem3 (.text:configureRFCoreClocks)
                  0000b708    00000018     hello_pem3.oem3 (.text:free)
                  0000b720    00000018     main.obj (.text:mReadByte)
                  0000b738    00000018     rtsv7M3_T_le_eabi.lib : args_main.obj (.text)
                  0000b750    00000018                           : ll_mul_t2.obj (.text)
                  0000b768    00000018     rf_multiMode_cc13x0.aem3 : RFCC26XX_multiMode.oem3 (.text:swiFxnFsm)
                  0000b780    00000018     hello_pem3.oem3 (.text:ti_sysbios_BIOS_rtsUnlock__I)
                  0000b798    00000018     rom_sysbios.aem3 : rom_sysbios.obj (.text:ti_sysbios_knl_Swi_or__E)
                  0000b7b0    00000018     hello_pem3.oem3 (.text:ti_sysbios_rom_cortexm_cc13xx_CC13xx_checkRevision__E)
                  0000b7c8    00000018     hello_pem3.oem3 (.text:ti_uia_loggers_LoggerStopMode_Handle__label__S)
                  0000b7e0    00000018     rom_sysbios.aem3 : rom_sysbios.obj (.text:xdc_runtime_Error_init__E)
                  0000b7f8    00000018     main.obj (.text:xgReadByte)
                  0000b810    00000016     drivers_cc13x0.aem3 : List.oem3 (.text:List_remove)
                  0000b826    00000016     driverlib.lib : chipinfo.obj (.text:NOROM_ThisLibraryIsFor_CC13x0_HwRev20AndLater_HaltIfViolated)
                  0000b83c    00000016     rf_multiMode_cc13x0.aem3 : RFCC26XX_multiMode.oem3 (.text:Q_pop)
                  0000b852    00000016     rtsv7M3_T_le_eabi.lib : strcpy.obj (.text)
                  0000b868    00000016     hello_pem3.oem3 (.text:ti_sysbios_BIOS_exitFunc__I)
                  0000b87e    00000016     main.obj (.text:ti_sysbios_knl_Clock_Params_init)
                  0000b894    00000016     EasyLink.obj (.text:ti_sysbios_knl_Semaphore_Params_init)
                  0000b8aa    00000016     main.obj (.text:ti_sysbios_knl_Semaphore_Params_init)
                  0000b8c0    00000016     main.obj (.text:ti_sysbios_knl_Task_Params_init)
                  0000b8d6    00000016     ti.uia.loggers.aem3 : LoggerStopMode.oem3 (.text:ti_uia_loggers_LoggerStopMode_disable__E)
                  0000b8ec    00000016                         : LoggerStopMode.oem3 (.text:ti_uia_loggers_LoggerStopMode_enable__E)
                  0000b902    00000002     smartrf_settings_predefined.obj (.text:enterSl_longrangeSysPatch)
                  0000b904    00000014     driverlib.lib : aon_rtc.obj (.text:NOROM_AONRTCCurrent64BitValueGet)
                  0000b918    00000014                   : aux_adc.obj (.text:NOROM_AUXADCValueToMicrovolts)
                  0000b92c    00000014     drivers_cc13x0.aem3 : PINCC26XX.oem3 (.text:PINCC26XX_getOutputValue)
                  0000b940    00000014                         : PWM.oem3 (.text:PWM_Params_init)
                  0000b954    00000014     rf_multiMode_cc13x0.aem3 : RFCC26XX_multiMode.oem3 (.text:RF_Params_init)
                  0000b968    00000014     rtsv7M3_T_le_eabi.lib : _lock.obj (.text)
                  0000b97c    00000014                           : strlen.obj (.text)
                  0000b990    00000014     hello_pem3.oem3 (.text:ti_sysbios_knl_Clock_doTick__I)
                  0000b9a4    00000012     drivers_cc13x0.aem3 : RingBuf.oem3 (.text:RingBuf_construct)
                  0000b9b6    00000012     dpl_cc13x0.aem3 : SemaphoreP_tirtos.oem3 (.text:SemaphoreP_pend)
                  0000b9c8    00000012     hello_pem3.oem3 (.text:xdc_runtime_Startup_exec__I)
                  0000b9da    00000010     dpl_cc13x0.aem3 : ClockP_tirtos.oem3 (.text:ClockP_isActive)
                  0000b9ea    00000010                     : HwiP_tirtos.oem3 (.text:HwiP_Params_init)
                  0000b9fa    00000002     rom_sysbios.aem3 : rom_sysbios.obj (.text:ti_sysbios_BIOS_linkedWithIncorrectBootLibrary__E)
                  0000b9fc    00000010     drivers_cc13x0.aem3 : I2C.oem3 (.text:I2C_Params_init)
                  0000ba0c    00000010     driverlib.lib : aux_adc.obj (.text:NOROM_AUXADCFlushFifo)
                  0000ba1c    00000010                   : aux_adc.obj (.text:NOROM_AUXADCReadFifo)
                  0000ba2c    00000010                   : rfc.obj (.text:NOROM_RFCRfTrimSet)
                  0000ba3c    00000010                   : setup_rom.obj (.text:NOROM_SetupGetTrimForXoscHfFastStart)
                  0000ba4c    00000010                   : setup_rom.obj (.text:NOROM_SetupGetTrimForXoscHfIbiastherm)
                  0000ba5c    00000010     dpl_cc13x0.aem3 : SwiP_tirtos.oem3 (.text:SwiP_Params_init)
                  0000ba6c    00000010     drivers_cc13x0.aem3 : WatchdogCC26XX.oem3 (.text:WatchdogCC26XX_clear)
                  0000ba7c    00000010                         : Watchdog.oem3 (.text:Watchdog_Params_init)
                  0000ba8c    00000010     smartrf_settings.obj (.text:applyGenfskPatch)
                  0000ba9c    00000010     smartrf_settings_predefined.obj (.text:applyGenfskPatch)
                  0000baac    00000010     smartrf_settings_predefined.obj (.text:applyGenookPatch)
                  0000babc    00000010     smartrf_settings_predefined.obj (.text:applyLrmPatch)
                  0000bacc    00000010     smartrf_settings_predefined.obj (.text:applySl_longrangePatch)
                  0000badc    00000010     drivers_cc13x0.aem3 : I2CCC26XX.oem3 (.text:i2cPostNotify)
                  0000baec    00000010     rom_sysbios.aem3 : rom_sysbios.obj (.text:ti_sysbios_family_arm_m3_Hwi_post__E)
                  0000bafc    00000010     hello_pem3.oem3 (.text:ti_uia_loggers_LoggerStopMode_Object__get__S)
                  0000bb0c    00000010     ti.uia.loggers.aem3 : LoggerStopMode.oem3 (.text:ti_uia_loggers_LoggerStopMode_isEmpty__E)
                  0000bb1c    00000010     drivers_cc13x0.aem3 : UARTCC26XX.oem3 (.text:uartPostNotify)
                  0000bb2c    0000000e     driverlib.lib : vims.obj (.text:NOROM_VIMSModeGet)
                  0000bb3a    0000000e     rtsv7M3_T_le_eabi.lib : copy_decompress_none.obj (.text:decompress:none)
                  0000bb48    0000000e     rom_sysbios.aem3 : rom_sysbios.obj (.text:ti_sysbios_family_arm_cc26xx_TimestampProvider_get32__E)
                  0000bb56    00000002     hello_pem3.oem3 (.text:ti_sysbios_BIOS_nullFunc__I)
                  0000bb58    0000000c     rf_multiMode_cc13x0.aem3 : RFCC26XX_multiMode.oem3 (.text:FsmNextState)
                  0000bb64    0000000c     drivers_cc13x0.aem3 : GPTimerCC26XX.oem3 (.text:GPTimerCC26XX_Params_init)
                  0000bb70    0000000c                         : List.oem3 (.text:List_empty)
                  0000bb7c    0000000c     driverlib.lib : cpu.obj (.text:NOROM_CPUcpsid)
                  0000bb88    0000000c                   : cpu.obj (.text:NOROM_CPUcpsie)
                  0000bb94    0000000c                   : osc.obj (.text:NOROM_OSC_HPOSCRelativeFrequencyOffsetToRFCoreFormatConvert)
                  0000bba0    0000000c     drivers_cc13x0.aem3 : PINCC26XX.oem3 (.text:PIN_registerIntCb)
                  0000bbac    0000000c                         : PowerCC26XX.oem3 (.text:Power_getConstraintMask)
                  0000bbb8    0000000c                         : PowerCC26XX.oem3 (.text:Power_getDependencyCount)
                  0000bbc4    0000000c     rtsv7M3_T_le_eabi.lib : copy_zero_init.obj (.text:decompress:ZI)
                  0000bbd0    0000000c     main.obj (.text:ti_sysbios_knl_Semaphore_handle)
                  0000bbdc    0000000c     rom_sysbios.aem3 : rom_sysbios.obj (.text:ti_sysbios_knl_Swi_getTrigger__E)
                  0000bbe8    0000000c     hello_pem3.oem3 (.text:xdc_runtime_Startup_reset__I)
                  0000bbf4    0000000c     rom_sysbios.aem3 : rom_sysbios.obj (.text:xdc_runtime_Startup_rtsDone__E)
                  0000bc00    0000000a     drivers_cc13x0.aem3 : ADC.oem3 (.text:ADC_Params_init)
                  0000bc0a    0000000a                         : ADC.oem3 (.text:ADC_convert)
                  0000bc14    0000000a                         : ADC.oem3 (.text:ADC_convertToMicroVolts)
                  0000bc1e    0000000a                         : I2CCC26XX.oem3 (.text:I2CCC26XX_init)
                  0000bc28    0000000a                         : I2C.oem3 (.text:I2C_transfer)
                  0000bc32    0000000a                         : PWM.oem3 (.text:PWM_setDuty)
                  0000bc3c    0000000a                         : PWM.oem3 (.text:PWM_start)
                  0000bc46    0000000a                         : UART.oem3 (.text:UART_control)
                  0000bc50    0000000a                         : UART.oem3 (.text:UART_read)
                  0000bc5a    0000000a                         : UART.oem3 (.text:UART_write)
                  0000bc64    0000000a                         : Watchdog.oem3 (.text:Watchdog_clear)
                  0000bc6e    0000000a                         : Watchdog.oem3 (.text:Watchdog_setReload)
                  0000bc78    00000008                         : ADCCC26XX.oem3 (.text:ADCCC26XX_init)
                  0000bc80    00000008                         : GPTimerCC26XX.oem3 (.text:GPTimerCC26XX_setLoadValue)
                  0000bc88    00000008                         : GPTimerCC26XX.oem3 (.text:GPTimerCC26XX_setMatchValue)
                  0000bc90    00000008                         : I2CCC26XX.oem3 (.text:I2CCC26XX_blockingCallback)
                  0000bc98    00000008                         : WatchdogCC26XX.oem3 (.text:WatchdogCC26XX_init)
                  0000bca0    00000008                         : UARTCC26XX.oem3 (.text:readSemCallback)
                  0000bca8    00000008     smartrf_settings.obj (.text:rf_patch_cpe_genfsk)
                  0000bcb0    00000008     smartrf_settings_predefined.obj (.text:rf_patch_cpe_genfsk)
                  0000bcb8    00000008     smartrf_settings_predefined.obj (.text:rf_patch_cpe_genook)
                  0000bcc0    00000008     smartrf_settings_predefined.obj (.text:rf_patch_cpe_lrm)
                  0000bcc8    00000008     smartrf_settings_predefined.obj (.text:rf_patch_cpe_sl_longrange)
                  0000bcd0    00000008     drivers_cc13x0.aem3 : UARTCC26XX.oem3 (.text:writeSemCallback)
                  0000bcd8    00000006                         : ADCCC26XX.oem3 (.text:ADCCC26XX_control)
                  0000bcde    00000006     dpl_cc13x0.aem3 : ClockP_tirtos.oem3 (.text:ClockP_Params_init)
                  0000bce4    00000006     drivers_cc13x0.aem3 : I2CCC26XX.oem3 (.text:I2CCC26XX_control)
                  0000bcea    00000006     driverlib.lib : cpu.obj (.text:NOROM_CPUdelay)
                  0000bcf0    00000006     drivers_cc13x0.aem3 : UARTCC26XX.oem3 (.text:UARTCC26XX_readPolling)
                  0000bcf6    00000006                         : UARTCC26XX.oem3 (.text:UARTCC26XX_writePolling)
                  0000bcfc    00000006                         : WatchdogCC26XX.oem3 (.text:WatchdogCC26XX_control)
                  0000bd02    00000006     rf_multiMode_cc13x0.aem3 : RFCC26XX_multiMode.oem3 (.text:clkReqAccessFxn)
                  0000bd08    00000006     rom_sysbios.aem3 : rom_sysbios.obj (.text:ti_sysbios_family_arm_m3_Hwi_setFunc__E)
                  0000bd0e    00000004     dpl_cc13x0.aem3 : PowerCC26XX_tirtos.oem3 (.text:CPUwfi)
                  0000bd12    00000004                     : ClockP_tirtos.oem3 (.text:ClockP_destruct)
                  0000bd16    00000004                     : ClockP_tirtos.oem3 (.text:ClockP_getCpuFreq)
                  0000bd1a    00000004                     : ClockP_tirtos.oem3 (.text:ClockP_getTimeout)
                  0000bd1e    00000004                     : ClockP_tirtos.oem3 (.text:ClockP_setTimeout)
                  0000bd22    00000004                     : ClockP_tirtos.oem3 (.text:ClockP_start)
                  0000bd26    00000004                     : ClockP_tirtos.oem3 (.text:ClockP_stop)
                  0000bd2a    00000004                     : HwiP_tirtos.oem3 (.text:HwiP_destruct)
                  0000bd2e    00000004                     : HwiP_tirtos.oem3 (.text:HwiP_disable)
                  0000bd32    00000004                     : HwiP_tirtos.oem3 (.text:HwiP_disableInterrupt)
                  0000bd36    00000004                     : HwiP_tirtos.oem3 (.text:HwiP_enableInterrupt)
                  0000bd3a    00000004                     : HwiP_tirtos.oem3 (.text:HwiP_plug)
                  0000bd3e    00000004                     : HwiP_tirtos.oem3 (.text:HwiP_post)
                  0000bd42    00000004                     : HwiP_tirtos.oem3 (.text:HwiP_setFunc)
                  0000bd46    00000004     drivers_cc13x0.aem3 : List.oem3 (.text:List_head)
                  0000bd4a    00000004                         : List.oem3 (.text:List_next)
                  0000bd4e    00000004     rf_multiMode_cc13x0.aem3 : RFCC26XX_multiMode.oem3 (.text:Q_peek)
                  0000bd52    00000004     dpl_cc13x0.aem3 : SemaphoreP_tirtos.oem3 (.text:SemaphoreP_destruct)
                  0000bd56    00000004                     : SemaphoreP_tirtos.oem3 (.text:SemaphoreP_post)
                  0000bd5a    00000004                     : SwiP_tirtos.oem3 (.text:SwiP_destruct)
                  0000bd5e    00000004                     : SwiP_tirtos.oem3 (.text:SwiP_disable)
                  0000bd62    00000004                     : SwiP_tirtos.oem3 (.text:SwiP_getTrigger)
                  0000bd66    00000004                     : SwiP_tirtos.oem3 (.text:SwiP_or)
                  0000bd6a    00000004                     : SwiP_tirtos.oem3 (.text:SwiP_post)
                  0000bd6e    00000004     drivers_cc13x0.aem3 : PowerCC26XX.oem3 (.text:nopResourceHandler)
                  0000bd72    00000004     rtsv7M3_T_le_eabi.lib : error.obj (.text)
                  0000bd76    00000004     rom_sysbios.aem3 : rom_sysbios.obj (.text:ti_sysbios_family_arm_cc26xx_Timer_getCount64__E)
                  0000bd7a    00000004                      : rom_sysbios.obj (.text:ti_sysbios_knl_Clock_isActive__E)
                  0000bd7e    00000004     ti.uia.loggers.aem3 : LoggerStopMode.oem3 (.text:ti_uia_loggers_LoggerStopMode_getContents__E)
                  0000bd82    00000004     hello_pem3.oem3 (.text:ti_uia_loggers_LoggerStopMode_getFilterLevel__E)
                  0000bd86    00000004     ti.uia.loggers.aem3 : LoggerStopMode.oem3 (.text:ti_uia_loggers_LoggerStopMode_getInstanceId__E)
                  0000bd8a    00000004                         : LoggerStopMode.oem3 (.text:ti_uia_loggers_LoggerStopMode_getMaxLength__E)
                  0000bd8e    00000004                         : LoggerStopMode.oem3 (.text:ti_uia_loggers_LoggerStopMode_getPriority__E)
                  0000bd92    00000004                         : LoggerStopMode.oem3 (.text:ti_uia_loggers_LoggerStopMode_getTransferType__E)
                  0000bd96    00000002     rom_sysbios.aem3 : rom_sysbios.obj (.text:ti_sysbios_knl_Clock_triggerFunc__I)
                  0000bd98    00000002     hello_pem3.oem3 (.text:ti_sysbios_rom_cortexm_cc13xx_CC13xx_badRomRevision__E)
                  0000bd9a    00000002     hello_pem3.oem3 (.text:ti_uia_loggers_LoggerStopMode_setFilterLevel__E)
                  0000bd9c    00000002     ti.uia.loggers.aem3 : LoggerStopMode.oem3 (.text:ti_uia_loggers_LoggerStopMode_setPriority__E)
                  0000bd9e    00000002     rom_sysbios.aem3 : rom_sysbios.obj (.text:xdc_runtime_SysCallback_defaultAbort)
                  0000bda0    00000002                      : rom_sysbios.obj (.text:xdc_runtime_SysCallback_defaultExit)
                  0000bda2    00000002     --HOLE-- [fill = 0]
                  0000bda4    00000008     (.tramp.ti_sysbios_knl_Swi_destruct.1)
                  0000bdac    00000008     (.tramp.ti_sysbios_knl_Semaphore_destruct.1)
                  0000bdb4    00000008     (.tramp.ti_sysbios_family_arm_m3_Hwi_plug__E.1)
                  0000bdbc    00000008     (.tramp.ti_sysbios_family_arm_m3_Hwi_enableInterrupt__E.1)
                  0000bdc4    00000008     (.tramp.ti_sysbios_family_arm_m3_Hwi_disableInterrupt__E.1)
                  0000bdcc    00000008     (.tramp.ti_sysbios_family_arm_m3_Hwi_destruct.1)
                  0000bdd4    00000008     (.tramp.ti_sysbios_BIOS_getCpuFreq__E.1)
                  0000bddc    00000008     (.tramp.ti_sysbios_knl_Clock_destruct.1)
                  0000bde4    00000008     (.tramp.xdc_runtime_Startup_startMods__I.1)
                  0000bdec    00000008     (.tramp.ti_sysbios_knl_Clock_logTick__E.1)
                  0000bdf4    00000008     (.tramp.ti_sysbios_knl_Task_Params__init__S.1)
                  0000bdfc    00000008     (.tramp.xdc_runtime_Core_assignLabel__I.1)
                  0000be04    00000008     (.tramp.ti_sysbios_knl_Swi_post__E.1)
                  0000be0c    00000008     (.tramp.ti_sysbios_BIOS_RtsGateProxy_leave__E.1)
                  0000be14    00000008     (.tramp.xdc_runtime_Memory_free__E.1)
                  0000be1c    00000008     (.tramp.ti_sysbios_knl_Swi_construct.1)
                  0000be24    00000008     (.tramp.xdc_runtime_Core_deleteObject__I.1)
                  0000be2c    00000008     (.tramp.ti_sysbios_BIOS_RtsGateProxy_enter__E.1)
                  0000be34    00000008     (.tramp.ti_sysbios_knl_Task_restore__E.1)
                  0000be3c    00000008     (.tramp.ti_sysbios_knl_Clock_getTicks__E.1)
                  0000be44    00000008     (.tramp.ti_sysbios_knl_Semaphore_Params__init__S.1)
                  0000be4c    00000008     (.tramp.xdc_runtime_Memory_alloc__E.1)
                  0000be54    00000008     (.tramp.xdc_runtime_Core_createObject__I.1)
                  0000be5c    00000008     (.tramp.ti_sysbios_knl_Task_startup__E.1)
                  0000be64    00000008     (.tramp.ti_sysbios_knl_Swi_startup__E.1)
                  0000be6c    00000008     (.tramp.ti_sysbios_hal_Hwi_startup__E.1)
                  0000be74    00000008     (.tramp.ti_sysbios_family_arm_cc26xx_Timer_startup__E.1)
                  0000be7c    00000008     (.tramp.xdc_runtime_System_atexit__E.1)
                  0000be84    00000008     (.tramp.ti_sysbios_BIOS_setThreadType__E.1)
                  0000be8c    00000008     (.tramp.ti_sysbios_knl_Task_disable__E.1)
                  0000be94    00000008     (.tramp.ti_sysbios_knl_Swi_disable__E.1)
                  0000be9c    00000008     (.tramp.ti_sysbios_family_arm_m3_Hwi_construct.1)
                  0000bea4    00000008     (.tramp.ti_sysbios_knl_Swi_Params__init__S.1)
                  0000beac    00000008     (.tramp.ti_sysbios_family_arm_m3_Hwi_Params__init__S.1)
                  0000beb4    00000008     (.tramp.xdc_runtime_System_exit__E.1)
                  0000bebc    00000008     (.tramp.ti_sysbios_knl_Clock_construct.1)
                  0000bec4    00000008     (.tramp.ti_sysbios_knl_Clock_Params__init__S.1)
                  0000becc    00000008     (.tramp.ti_sysbios_BIOS_start__E.1)
                  0000bed4    00000008     (.tramp.ti_sysbios_knl_Task_construct.1)
                  0000bedc    00000008     (.tramp.ti_sysbios_heaps_HeapMem_restore__E.1)
                  0000bee4    00000008     (.tramp.ti_sysbios_heaps_HeapMem_Object__get__S.1)
                  0000beec    00000008     (.tramp.xdc_runtime_Gate_leaveSystem__E.1)
                  0000bef4    00000008     (.tramp.xdc_runtime_Gate_enterSystem__E.1)
                  0000befc    00000008     (.tramp.xdc_runtime_Assert_raise__I.1)
                  0000bf04    00000008     (.tramp.ti_sysbios_knl_Clock_scheduleNextTick__E.1)
                  0000bf0c    00000008     (.tramp.ti_sysbios_knl_Clock_walkQueueDynamic__E.1)
                  0000bf14    00000008     (.tramp.ti_sysbios_knl_Clock_TimerProxy_getCurrentTick__E.1)
                  0000bf1c    00000008     (.tramp.ti_sysbios_knl_Clock_start__E.1)
                  0000bf24    00000008     (.tramp.ti_sysbios_knl_Clock_setTimeout__E.1)
                  0000bf2c    00000008     (.tramp.ti_sysbios_knl_Semaphore_construct.1)
                  0000bf34    00000008     (.tramp.ti_sysbios_knl_Task_sleep__E.1)
                  0000bf3c    00000008     (.tramp.xdc_runtime_Timestamp_get64__E.1)
                  0000bf44    00000008     (.tramp.ti_sysbios_family_arm_m3_Hwi_disableFxn__E.1)
                  0000bf4c    00000008     (.tramp.ti_sysbios_knl_Swi_restore__E.1)
                  0000bf54    00000008     (.tramp.ti_sysbios_knl_Semaphore_create.1)
                  0000bf5c    00000008     (.tramp.ti_sysbios_knl_Semaphore_post__E.1)
                  0000bf64    00000008     (.tramp.ti_sysbios_knl_Semaphore_pend__E.1)
                  0000bf6c    00000008     (.tramp.ti_sysbios_family_arm_m3_Hwi_restoreFxn__E.1)

.const     0    0000bf74    00004a23     
                  0000bf74    0000073c     smartrf_settings_predefined.obj (.const:patchGenookMce)
                  0000c6b0    000006b4     smartrf_settings.obj (.const:patchGenfskRfe)
                  0000cd64    000006b4     smartrf_settings_predefined.obj (.const:patchGenfskRfe)
                  0000d418    000006b4     smartrf_settings_predefined.obj (.const:patchLrmRfe)
                  0000dacc    000006b4     smartrf_settings_predefined.obj (.const:patchSl_longrangeRfe)
                  0000e180    000006a4     smartrf_settings_predefined.obj (.const:patchGenookRfe)
                  0000e824    00000504     smartrf_settings_predefined.obj (.const:patchHsp4mbpsRfe)
                  0000ed28    00000400     smartrf_settings_predefined.obj (.const:patchSl_longrangeMce)
                  0000f128    000003f0     smartrf_settings_predefined.obj (.const:patchHsp4mbpsMce)
                  0000f518    000002b0     smartrf_settings.obj (.const:patchImageGenfsk)
                  0000f7c8    000002b0     smartrf_settings_predefined.obj (.const:patchImageGenfsk)
                  0000fa78    000002b0     smartrf_settings_predefined.obj (.const:patchImageGenook)
                  0000fd28    000002b0     smartrf_settings_predefined.obj (.const:patchImageLrm)
                  0000ffd8    000002b0     smartrf_settings_predefined.obj (.const:patchImageSl_longrange)
                  00010288    00000090     main.obj (.const:$P$T1$2)
                  00010318    00000084     CC1310_LAUNCHXL.obj (.const:ADC_config)
                  0001039c    00000060     CC1310_LAUNCHXL.obj (.const:GPTimerCC26XX_config)
                  000103fc    00000060     CC1310_LAUNCHXL.obj (.const:PWM_config)
                  0001045c    00000060     CC1310_LAUNCHXL.obj (.const:gptimerCC26xxHWAttrs)
                  000104bc    00000060     hello_pem3.oem3 (.const:ti_uia_loggers_LoggerStopMode_Module__FXNS__C)
                  0001051c    0000004d     CC1310_LAUNCHXL.obj (.const:adcCC26xxHWAttrs)
                  00010569    00000001     smartrf_settings_predefined.obj (.const)
                  0001056a    0000004c     drivers_cc13x0.aem3 : PowerCC26XX.oem3 (.const:resourceDB)
                  000105b6    00000002     hello_pem3.oem3 (.const:ti_uia_loggers_LoggerStopMode_Module__id__C)
                  000105b8    00000048     hello_pem3.oem3 (.const:.string)
                  00010600    00000040     drivers_cc13x0.aem3 : UARTCC26XX.oem3 (.const:$O1$$)
                  00010640    00000040     smartrf_settings_predefined.obj (.const:rfPowerTable)
                  00010680    0000002c     CC1310_LAUNCHXL.obj (.const:BoardGpioInitTable)
                  000106ac    0000002c     hello_pem3.oem3 (.const:xdc_runtime_Startup_sfxnTab__A)
                  000106d8    00000028     drivers_cc13x0.aem3 : UARTCC26XX.oem3 (.const:UARTCC26XX_fxnTable)
                  00010700    00000028     hello_pem3.oem3 (.const:ti_uia_loggers_LoggerStopMode_Object__PARAMS__C)
                  00010728    00000024     drivers_cc13x0.aem3 : GPTimerCC26XX.oem3 (.const:$O1$$)
                  0001074c    00000024                         : UART.oem3 (.const:UART_defaultParams)
                  00010770    00000020                         : PWMTimerCC26XX.oem3 (.const:PWMTimerCC26XX_fxnTable)
                  00010790    00000020     hello_pem3.oem3 (.const:ti_uia_loggers_LoggerStopMode_Object__DESC__C)
                  000107b0    00000020     CC1310_LAUNCHXL.obj (.const:uartCC26XXHWAttrs)
                  000107d0    0000001c     rf_multiMode_cc13x0.aem3 : RFCC26XX_multiMode.oem3 (.const:RF_defaultParams)
                  000107ec    0000001c     drivers_cc13x0.aem3 : WatchdogCC26XX.oem3 (.const:WatchdogCC26XX_fxnTable)
                  00010808    00000018     EasyLink.obj (.const:$P$T0$3)
                  00010820    00000018     drivers_cc13x0.aem3 : ADCCC26XX.oem3 (.const:ADCCC26XX_fxnTable)
                  00010838    00000018                         : I2CCC26XX.oem3 (.const:I2CCC26XX_fxnTable)
                  00010850    00000018                         : PWM.oem3 (.const:PWM_defaultParams)
                  00010868    00000018     CC1310_LAUNCHXL.obj (.const:i2cCC26xxHWAttrs)
                  00010880    00000018     driverlib.lib : rfc.obj (.const:rfc_defaultIrqAddr)
                  00010898    00000016     hello_pem3.oem3 (.const:xdc_runtime_Startup_sfxnRts__A)
                  000108ae    00000002     hello_pem3.oem3 (.const:ti_uia_loggers_LoggerStopMode_isTimestampEnabled__C)
                  000108b0    00000010     drivers_cc13x0.aem3 : I2C.oem3 (.const:I2C_defaultParams)
                  000108c0    00000010     CC1310_LAUNCHXL.obj (.const:PowerCC26XX_config)
                  000108d0    00000010     CC1310_LAUNCHXL.obj (.const:pwmtimerCC26xxHWAttrs)
                  000108e0    0000000c     CC1310_LAUNCHXL.obj (.const:I2C_config)
                  000108ec    0000000c     CC1310_LAUNCHXL.obj (.const:UART_config)
                  000108f8    0000000c     CC1310_LAUNCHXL.obj (.const:Watchdog_config)
                  00010904    0000000c     drivers_cc13x0.aem3 : Watchdog.oem3 (.const:Watchdog_defaultParams)
                  00010910    0000000c     hello_pem3.oem3 (.const:xdc_runtime_Startup_firstFxns__A)
                  0001091c    00000009     CC1310_LAUNCHXL.obj (.const)
                  00010925    00000003     main.obj (.const:.string:$P$T0$1)
                  00010928    00000008     drivers_cc13x0.aem3 : ADC.oem3 (.const:ADC_defaultParams)
                  00010930    00000008     CC1310_LAUNCHXL.obj (.const:PINCC26XX_hwAttrs)
                  00010938    00000008     drivers_cc13x0.aem3 : I2CCC26XX.oem3 (.const:bitRate)
                  00010940    00000008     CC1310_LAUNCHXL.obj (.const:watchdogCC26XXHWAttrs)
                  00010948    00000004     EasyLink.obj (.const:$P$T1$4)
                  0001094c    00000004     CC1310_LAUNCHXL.obj (.const:RFCC26XX_hwAttrs)
                  00010950    00000004     hello_pem3.oem3 (.const:ti_sysbios_family_arm_m3_Hwi_swiDisable__C)
                  00010954    00000004     hello_pem3.oem3 (.const:ti_sysbios_family_arm_m3_Hwi_swiRestoreHwi__C)
                  00010958    00000004     hello_pem3.oem3 (.const:ti_sysbios_heaps_HeapMem_primaryHeapBaseAddr__C)
                  0001095c    00000004     hello_pem3.oem3 (.const:ti_sysbios_heaps_HeapMem_primaryHeapEndAddr__C)
                  00010960    00000004     hello_pem3.oem3 (.const:ti_sysbios_knl_Clock_tickPeriod__C)
                  00010964    00000004     hello_pem3.oem3 (.const:ti_sysbios_knl_Clock_triggerClock__C)
                  00010968    00000004     hello_pem3.oem3 (.const:ti_sysbios_knl_Idle_funcList__A)
                  0001096c    00000004     hello_pem3.oem3 (.const:ti_uia_loggers_LoggerStopMode_Module__diagsEnabled__C)
                  00010970    00000004     hello_pem3.oem3 (.const:ti_uia_loggers_LoggerStopMode_Module__diagsIncluded__C)
                  00010974    00000004     hello_pem3.oem3 (.const:ti_uia_loggers_LoggerStopMode_Module__diagsMask__C)
                  00010978    00000004     hello_pem3.oem3 (.const:ti_uia_loggers_LoggerStopMode_Object__count__C)
                  0001097c    00000004     hello_pem3.oem3 (.const:ti_uia_runtime_ILoggerSnapshot_Interface__BASE__C)
                  00010980    00000004     hello_pem3.oem3 (.const:ti_uia_runtime_IUIATransfer_Interface__BASE__C)
                  00010984    00000004     hello_pem3.oem3 (.const:xdc_runtime_IFilterLogger_Interface__BASE__C)
                  00010988    00000004     hello_pem3.oem3 (.const:xdc_runtime_ILogger_Interface__BASE__C)
                  0001098c    00000004     hello_pem3.oem3 (.const:xdc_runtime_SysMin_bufSize__C)
                  00010990    00000004     hello_pem3.oem3 (.const:xdc_runtime_SysMin_outputFunc__C)
                  00010994    00000002     hello_pem3.oem3 (.const:xdc_runtime_SysMin_flushAtExit__C)
                  00010996    00000001     hello_pem3.oem3 (.const:xdc_runtime_Text_charTab__A)

.cinit     0    00000040    000004c0     
                  00000040    00000382     (.cinit..data.load) [load image, compression = lzss]
                  000003c2    00000029     (.cinit..data:ti_sysbios_family_arm_m3_Hwi_Module__state__V.load) [load image, compression = lzss]
                  000003eb    00000021     (.cinit..data:ti_sysbios_knl_Task_Module__state__V.load) [load image, compression = lzss]
                  0000040c    0000001e     (.cinit..data:ti_sysbios_BIOS_Module__state__V.load) [load image, compression = lzss]
                  0000042a    0000001e     (.cinit..data:ti_sysbios_knl_Clock_Module__state__V.load) [load image, compression = lzss]
                  00000448    00000010     (.cinit..data:ti_sysbios_knl_Swi_Module__state__V.load) [load image, compression = lzss]
                  00000458    0000000c     (__TI_handler_table)
                  00000464    0000000b     (.cinit..data:ti_sysbios_family_arm_cc26xx_Timer_Module__state__V.load) [load image, compression = lzss]
                  0000046f    0000000b     (.cinit..data:xdc_runtime_System_Module__state__V.load) [load image, compression = lzss]
                  0000047a    00000006     --HOLE-- [fill = 0]
                  00000480    00000008     (.cinit..bss.load) [load image, compression = zero_init]
                  00000488    00000008     (.cinit..data:xdc_runtime_Memory_Module__state__V.load) [load image, compression = lzss]
[...]
1001c899  ti_sysbios_family_arm_m3_Hwi_dispatch__I                                  
1001c969  ti_sysbios_family_arm_m3_TaskSupport_buildTaskStack                       
1001c9b5  ti_sysbios_family_arm_m3_Hwi_initStacks__E                                
1001c9fd  ti_sysbios_family_arm_m3_Hwi_excHandlerAsm__I                             
1001ca1d  ti_sysbios_family_xxx_Hwi_switchAndRunFunc                                
1001ca3b  ti_sysbios_family_arm_m3_Hwi_pendSV__I                                    
1001ca53  ti_sysbios_family_arm_m3_Hwi_return                                       
1001ca55  ti_sysbios_family_arm_m3_TaskSupport_glue                                 
1001ca65  ti_sysbios_family_arm_m3_TaskSupport_swap__E                              
1001ca6d  ti_sysbios_knl_Task_swapReturn                                            
1001ca97  ti_sysbios_rom_cortexm_cc13xx_CC13xx_getRevision__E                       
20000000  ti_sysbios_family_arm_m3_Hwi_ramVectors                                   
20000100  ti_sysbios_knl_Task_Module__state__V                                      
20000144  ti_sysbios_family_arm_m3_Hwi_Module__state__V                             
20000178  ti_sysbios_knl_Clock_Module__state__V                                     
200001a4  ti_sysbios_BIOS_Module__state__V                                          
200001c8  ti_sysbios_knl_Swi_Module__state__V                                       
200001e4  ti_sysbios_family_arm_cc26xx_Timer_Module__state__V                       
200001ec  ti_sysbios_family_arm_cc26xx_TimestampProvider_Module__state__V           
200001f0  xdc_runtime_Startup_Module__state__V                                      
200001f8  xdc_runtime_System_Module__state__V                                       
20000200  xdc_runtime_Memory_Module__state__V                                       
20000680  ti_uia_loggers_LoggerStopMode_Instance_State_0_packetArray__A             
20000a80  ti_uia_loggers_LoggerStopMode_Instance_State_1_packetArray__A             
2000140c  xdc_runtime_SysMin_Module_State_0_outbuf__A                               
2000206c  uartCC26XXObjects                                                         
20002198  __CIOBUF_                                                                 
200022b8  gptimerCC26XXObjects                                                      
200023d8  PIN_NumPins                                                               
2000246c  PIN_HandleTable                                                           
200024e8  pwmtimerCC26xxObjects                                                     
200025e8  i2cCC26xxObjects                                                          
200026c8  adcCC26xxObjects                                                          
200027a4  ClockP_tickPeriod                                                         
20002870  ti_sysbios_family_arm_m3_Hwi_dispatchTable                                
20002af4  accelTask                                                                 
20002b44  adcTask                                                                   
20002b94  gpsTask                                                                   
20002be4  gyroTask                                                                  
20002c34  magTask                                                                   
20002c84  pwmTask                                                                   
20002cd4  rxBeaconTask                                                              
20002d24  rxRestartTask                                                             
20002d74  txDataTask                                                                
20002e00  ti_uia_loggers_LoggerStopMode_Instance_State_0_hdr__A                     
20002e80  ti_uia_loggers_LoggerStopMode_Instance_State_1_hdr__A                     
20002eb0  watchdogCC26XXObjects                                                     
20002ed8  settings                                                                  
20002f00  clk0Struct                                                                
20002f24  uartParams                                                                
20003060  i2cTransaction                                                            
200030ac  pwmparams                                                                 
200030d8  Connections                                                               
2000310c  i2cParams                                                                 
20003128  aBias                                                                     
20003134  gBias                                                                     
20003140  mBias                                                                     
2000314c  PowerCC26XX_taskKey                                                       
20003150  PowerCC26XX_swiKey                                                        
2000316c  aBiasRaw                                                                  
20003174  gBiasRaw                                                                  
2000317c  mBiasRaw                                                                  
20003184  params                                                                    
2000318c  aRes                                                                      
20003190  adc0                                                                      
20003194  adc1                                                                      
20003198  adcValue0MicroVolt                                                        
2000319c  adcValue1MicroVolt                                                        
200031a0  gRes                                                                      
200031a4  i2c                                                                       
200031a8  mRes                                                                      
200031ac  uart                                                                      
200031b0  watchdogHandle                                                            
200031b6  adcValue0                                                                 
200031b8  adcValue1                                                                 
200031ba  ax                                                                        
200031bc  ay                                                                        
200031be  az                                                                        
200031c0  gx                                                                        
200031c2  gy                                                                        
200031c4  gz                                                                        
200031c6  mx                                                                        
200031c8  my                                                                        
200031ca  mz                                                                        
200031cc  _autoCalc                                                                 
200031cd  _mAddress                                                                 
200031ce  _xgAddress                                                                
200031cf  driverlib_release_0_48919                                                 
200031d0  __primary_heap_start__                                                    
200041d0  PowerCC26XX_module                                                        
200041d0  __primary_heap_end__                                                      
200042e4  globalPacket                                                              
2000437c  pOverrides_sl_lr                                                          
200043e4  ti_uia_loggers_LoggerStopMode_Object__table__V                            
2000444c  pOverrides_hsm                                                            
200044ac  pOverrides_lrm                                                            
20004508  pOverrides_ook                                                            
200045bc  pOverrides_fsk                                                            
20004614  main_func_sp                                                              
20004618  ti_sysbios_family_arm_cc26xx_Timer_Object__table__V                       
20004660  RF_pProp_fsk                                                              
20004664  RF_pProp_lrm                                                              
20004668  RF_pProp_ook                                                              
2000466c  RF_pProp_hsm                                                              
20004670  RF_pProp_sl_lr                                                            
20004674  RF_pProp_2_4G_fsk                                                         
20004678  RF_pCmdPropRadioDivSetup_fsk                                              
2000467c  RF_pCmdPropRadioDivSetup_lrm                                              
20004680  RF_pCmdPropRadioDivSetup_ook                                              
20004684  RF_pCmdRadioSetup_hsm                                                     
20004688  RF_pCmdPropRadioDivSetup_sl_lr                                            
2000468c  RF_pCmdPropRadioSetup_2_4G_fsk                                            
20004690  RF_pCmdTxHS                                                               
20004694  RF_pCmdRxHS                                                               
20004698  RF_pCmdFs_preDef                                                          
2000469c  RF_pCmdPropTx_preDef                                                      
200046a0  RF_pCmdPropRxAdv_preDef                                                   
200046a4  ti_sysbios_gates_GateMutex_Object__table__V                               
200046dc  RF_cmdPropRxAdv_preDef                                                    
2000470c  goodToGo                                                                  
20004710  pwmPeriod                                                                 
20004712  pwmduty                                                                   
20004714  pwmdutyInc                                                                
20004718  polarity                                                                  
2000471c  pwmtime                                                                   
20004720  pwm1                                                                      
20004724  pwm2                                                                      
20004728  bytesRead                                                                 
2000472c  numConnections                                                            
20004730  AXN                                                                       
20004734  AYN                                                                       
20004738  AZN                                                                       
2000473c  ti_sysbios_knl_Swi_Module_State_0_readyQ__A                               
2000476c  ti_sysbios_knl_Swi_Object__table__V                                       
2000479c  ti_sysbios_knl_Task_Module_State_0_readyQ__A                              
200047cc  RF_cmdPropRadioDivSetup                                                   
200047f4  RF_cmdPropRadioDivSetup_fsk                                               
2000481c  RF_cmdPropRadioDivSetup_lrm                                               
20004844  RF_cmdPropRadioDivSetup_ook                                               
2000486c  RF_cmdPropRadioDivSetup_sl_lr                                             
20004894  RF_cmdRxHS                                                                
200048d8  pinTable                                                                  
200048f8  ti_sysbios_knl_Clock_Object__table__V                                     
20004918  xdc_runtime_Error_IgnoreBlock                                             
20004938  message                                                                   
20004956  ti_sysbios_family_arm_m3_Hwi_Module_State_0_excActive__A                  
20004958  RF_cmdFs                                                                  
20004970  RF_cmdFs_preDef                                                           
20004988  RF_cmdPropTx                                                              
200049a0  RF_cmdPropTx_preDef                                                       
200049b8  RF_cmdRadioSetup_hsm                                                      
200049e8  shapeovr                                                                  
20004a00  ti_sysbios_family_arm_m3_Hwi_Object__table__V                             
20004a18  ti_sysbios_heaps_HeapMem_Object__table__V                                 
20004a30  RF_cmdTxHS                                                                
20004a64  RF_prop                                                                   
20004a74  RF_prop_fsk                                                               
20004a84  RF_prop_hsm                                                               
20004a94  RF_prop_lrm                                                               
20004aa4  RF_prop_ook                                                               
20004ab4  RF_prop_sl_lr                                                             
20004ad2  xdc_runtime_Main_Module__root__V                                          
20004ad4  __TI_cleanup_ptr                                                          
20004ad8  __TI_dtors_ptr                                                            
20004adc  __TI_enable_exit_profile_output                                           
20004ae0  ti_sysbios_knl_Task_Module__root__V                                       
20004aec  ti_uia_runtime_QueueDescriptor_Module__state__V                           
20004af8  xdc_runtime_SysMin_Module__state__V                                       
20004b04  _lock                                                                     
20004b08  _unlock                                                                   
20004b0c  ti_uia_runtime_QueueDescriptor_gPtrToFirstDescriptor                      
20004b10  ti_uia_runtime_QueueDescriptor_gUpdateCount                               
20004b14  ti_sysbios_family_arm_m3_Hwi_Module__root__V                              
20004b1c  ti_sysbios_gates_GateHwi_Module__root__V                                  
20004b24  ti_sysbios_gates_GateMutex_Module__root__V                                
20004b2c  ti_sysbios_hal_Hwi_Module__root__V                                        
20004b34  ti_sysbios_heaps_HeapMem_Module__root__V                                  
20004b3c  ti_sysbios_knl_Clock_Module__root__V                                      
20004b44  ti_sysbios_knl_Mailbox_Module__root__V                                    
20004b4c  ti_sysbios_knl_Queue_Module__root__V                                      
20004b54  ti_sysbios_knl_Semaphore_Module__root__V                                  
20004b5c  ti_sysbios_knl_Swi_Module__root__V                                        
20004b64  ti_uia_loggers_LoggerStopMode_Module__root__V                             
20004b6c  xdc_runtime_System_Module_State_0_atexitHandlers__A                       
20004b74  ti_sysbios_family_arm_m3_Hwi_Module_State_0_excContext__A                 
20004b78  ti_sysbios_family_arm_m3_Hwi_Module_State_0_excStack__A                   
20004b7c  ti_sysbios_knl_Task_Module_State_0_idleTask__A                            
20004c00  __stack                                                                   
20005000  __STACK_END                                                               
e000e000  ti_sysbios_family_arm_m3_Hwi_nvic                                         
ffffffff  __TI_pprof_out_hndl                                                       
ffffffff  __TI_prof_data_size                                                       
ffffffff  __TI_prof_data_start                                                      
ffffffff  __binit__                                                                 
ffffffff  __c_args__                                                                
ffffffff  binit                                                                     
UNDEFED   ClockP_getSystemTicks                                                     
UNDEFED   HwiP_restore                                                              
UNDEFED   SHT$$INIT_ARRAY$$Base                                                     
UNDEFED   SHT$$INIT_ARRAY$$Limit                                                    
UNDEFED   SwiP_restore                                                              
UNDEFED   ti_sysbios_BIOS_RtsGateProxy_Handle__label__S__mangled__                  
UNDEFED   ti_sysbios_BIOS_RtsGateProxy_Params__init__S__mangled__                   
UNDEFED   ti_sysbios_BIOS_RtsGateProxy_query__E__mangled__                          
UNDEFED   ti_sysbios_hal_Hwi_HwiProxy_Module__startupDone__S__mangled__             
UNDEFED   ti_sysbios_hal_Hwi_HwiProxy_Params__init__S__mangled__                    
UNDEFED   ti_sysbios_hal_Hwi_HwiProxy_disableInterrupt__E__mangled__                
UNDEFED   ti_sysbios_hal_Hwi_HwiProxy_enableInterrupt__E__mangled__                 
UNDEFED   ti_sysbios_hal_Hwi_HwiProxy_getStackInfo__E__mangled__                    
UNDEFED   ti_sysbios_hal_Hwi_HwiProxy_startup__E__mangled__                         
UNDEFED   ti_sysbios_hal_Hwi_HwiProxy_switchFromBootStack__E__mangled__             
UNDEFED   ti_sysbios_hal_Hwi_disableInterrupt__E                                    
UNDEFED   ti_sysbios_hal_Hwi_enableInterrupt__E                                     
UNDEFED   ti_sysbios_hal_Hwi_getStackInfo__E                                        
UNDEFED   ti_sysbios_hal_Hwi_startup__E                                             
UNDEFED   ti_sysbios_hal_Hwi_switchFromBootStack__E                                 
UNDEFED   ti_sysbios_heaps_HeapMem_Module_GateProxy_Handle__label__S__mangled__     
UNDEFED   ti_sysbios_heaps_HeapMem_Module_GateProxy_Params__init__S__mangled__      
UNDEFED   ti_sysbios_heaps_HeapMem_Module_GateProxy_query__E__mangled__             
UNDEFED   ti_sysbios_knl_Clock_TimerProxy_Module__startupDone__S__mangled__         
UNDEFED   ti_sysbios_knl_Clock_TimerProxy_startup__E__mangled__                     
UNDEFED   ti_sysbios_knl_Task_SupportProxy_Module__startupDone__S__mangled__        
UNDEFED   ti_sysbios_knl_Task_SupportProxy_getStackAlignment__E__mangled__          
UNDEFED   ti_sysbios_knl_Task_SupportProxy_start__E__mangled__                      
UNDEFED   ti_sysbios_knl_Task_SupportProxy_swap__E__mangled__                       
UNDEFED   xdc_runtime_Main_Module_GateProxy_Handle__label__S                        
UNDEFED   xdc_runtime_Main_Module_GateProxy_query__E                                
UNDEFED   xdc_runtime_Memory_HeapProxy_Handle__label__S__mangled__                  
UNDEFED   xdc_runtime_System_Module_GateProxy_Handle__label__S__mangled__           
UNDEFED   xdc_runtime_System_Module_GateProxy_query__E__mangled__                   
UNDEFED   xdc_runtime_Timestamp_SupportProxy_get64__E__mangled__                    
UNDEFED   xdc_runtime_Timestamp_SupportProxy_getFreq__E__mangled__                  
UNDEFED   xdc_runtime_Timestamp_get32__E                                            
UNDEFED   xdc_runtime_Timestamp_get64__E                                            
UNDEFED   xdc_runtime_Timestamp_getFreq__E                                          

[1134 symbols]
