******************************************************************************
                  TI ARM Linker Unix v16.9.3                   
******************************************************************************
>> Linked Tue Dec 11 15:48:30 2018

OUTPUT FILE NAME:   <Sprite.out>
ENTRY POINT SYMBOL: "ResetISR"  address: 0000a35d


MEMORY CONFIGURATION

         name            origin    length      used     unused   attr    fill
----------------------  --------  ---------  --------  --------  ----  --------
  FLASH                 00000000   00020000  000106ad  0000f953  R  X
  SRAM                  20000000   00005000  00004ad3  0000052d  RW X


SEGMENT ALLOCATION MAP

run origin  load origin   length   init length attrs members
----------  ----------- ---------- ----------- ----- -------
00000000    00000000    000004e0   000004e0    r--
  00000000    00000000    0000003c   0000003c    r-- .resetVecs
  00000040    00000040    000004a0   000004a0    r-- .cinit
00001000    00001000    00010185   00010185    r-x
  00001000    00001000    0000003c   0000003c    r-- .const:ti_sysbios_knl_Task_Object__PARAMS__C
  0000103c    0000103c    00000034   00000034    r-- .const:ti_sysbios_knl_Mailbox_Object__PARAMS__C
  00001070    00001070    00000030   00000030    r-- .const:ti_sysbios_family_arm_m3_Hwi_Object__PARAMS__C
  000010a0    000010a0    0000002c   0000002c    r-- .const:ti_sysbios_hal_Hwi_Object__PARAMS__C
  000010cc    000010cc    00000028   00000028    r-- .const:ti_sysbios_heaps_HeapMem_Module__FXNS__C
  000010f4    000010f4    00000028   00000028    r-- .const:ti_sysbios_knl_Swi_Object__PARAMS__C
  0000111c    0000111c    00000024   00000024    r-- .const:ti_sysbios_gates_GateHwi_Module__FXNS__C
  00001140    00001140    00000024   00000024    r-- .const:ti_sysbios_gates_GateMutex_Module__FXNS__C
  00001164    00001164    00000024   00000024    r-- .const:ti_sysbios_heaps_HeapMem_Object__PARAMS__C
  00001188    00001188    00000024   00000024    r-- .const:ti_sysbios_knl_Clock_Object__PARAMS__C
  000011ac    000011ac    00000024   00000024    r-- .const:ti_sysbios_knl_Semaphore_Object__PARAMS__C
  000011d0    000011d0    00000020   00000020    r-- .const:ti_sysbios_family_arm_m3_Hwi_Object__DESC__C
  000011f0    000011f0    00000020   00000020    r-- .const:ti_sysbios_gates_GateHwi_Object__DESC__C
  00001210    00001210    00000020   00000020    r-- .const:ti_sysbios_gates_GateMutex_Object__DESC__C
  00001230    00001230    00000020   00000020    r-- .const:ti_sysbios_hal_Hwi_Object__DESC__C
  00001250    00001250    00000020   00000020    r-- .const:ti_sysbios_heaps_HeapMem_Object__DESC__C
  00001270    00001270    00000020   00000020    r-- .const:ti_sysbios_knl_Clock_Object__DESC__C
  00001290    00001290    00000020   00000020    r-- .const:ti_sysbios_knl_Mailbox_Object__DESC__C
  000012b0    000012b0    00000020   00000020    r-- .const:ti_sysbios_knl_Queue_Object__DESC__C
  000012d0    000012d0    00000020   00000020    r-- .const:ti_sysbios_knl_Semaphore_Object__DESC__C
  000012f0    000012f0    00000020   00000020    r-- .const:ti_sysbios_knl_Swi_Object__DESC__C
  00001310    00001310    00000020   00000020    r-- .const:ti_sysbios_knl_Task_Object__DESC__C
  00001330    00001330    00000018   00000018    r-- .const:ti_sysbios_gates_GateHwi_Object__PARAMS__C
  00001348    00001348    00000018   00000018    r-- .const:ti_sysbios_gates_GateMutex_Object__PARAMS__C
  00001360    00001360    00000018   00000018    r-- .const:ti_sysbios_knl_Queue_Object__PARAMS__C
  00001378    00001378    00000008   00000008    r-- .const:ti_sysbios_knl_Idle_funcList__C
  00001384    00001384    00000004   00000004    r-- .const:ti_sysbios_family_arm_cc26xx_Timer_startupNeeded__C
  00001388    00001388    00000004   00000004    r-- .const:ti_sysbios_family_arm_m3_Hwi_E_alreadyDefined__C
  0000138c    0000138c    00000004   00000004    r-- .const:ti_sysbios_family_arm_m3_Hwi_E_hwiLimitExceeded__C
  00001390    00001390    00000004   00000004    r-- .const:ti_sysbios_family_arm_m3_Hwi_NUM_INTERRUPTS__C
  00001394    00001394    00000004   00000004    r-- .const:ti_sysbios_family_arm_m3_Hwi_Object__count__C
  00001398    00001398    00000004   00000004    r-- .const:ti_sysbios_family_arm_m3_Hwi_Object__table__C
  0000139c    0000139c    00000004   00000004    r-- .const:ti_sysbios_family_arm_m3_Hwi_ccr__C
  000013a0    000013a0    00000004   00000004    r-- .const:ti_sysbios_family_arm_m3_Hwi_excHandlerFunc__C
  000013a4    000013a4    00000004   00000004    r-- .const:ti_sysbios_family_arm_m3_Hwi_nullIsrFunc__C
  000013a8    000013a8    00000004   00000004    r-- .const:ti_sysbios_family_arm_m3_Hwi_numSparseInterrupts__C
  000013ac    000013ac    00000004   00000004    r-- .const:ti_sysbios_family_arm_m3_Hwi_priGroup__C
  000013b0    000013b0    00000004   00000004    r-- .const:ti_sysbios_family_arm_m3_TaskSupport_stackAlignment__C
  000013b4    000013b4    00000004   00000004    r-- .const:ti_sysbios_heaps_HeapMem_E_memory__C
  000013b8    000013b8    00000004   00000004    r-- .const:ti_sysbios_heaps_HeapMem_Module__gateObj__C
  000013bc    000013bc    00000004   00000004    r-- .const:ti_sysbios_heaps_HeapMem_Object__count__C
  000013c0    000013c0    00000004   00000004    r-- .const:ti_sysbios_heaps_HeapMem_Object__table__C
  000013c4    000013c4    00000004   00000004    r-- .const:ti_sysbios_heaps_HeapMem_reqAlign__C
  000013c8    000013c8    00000004   00000004    r-- .const:ti_sysbios_knl_Clock_serviceMargin__C
  000013cc    000013cc    00000004   00000004    r-- .const:ti_sysbios_knl_Mailbox_Object__count__C
  000013d0    000013d0    00000004   00000004    r-- .const:ti_sysbios_knl_Mailbox_Object__table__C
  000013d4    000013d4    00000004   00000004    r-- .const:ti_sysbios_knl_Mailbox_maxTypeAlign__C
  000013d8    000013d8    00000004   00000004    r-- .const:ti_sysbios_knl_Queue_Object__count__C
  000013dc    000013dc    00000004   00000004    r-- .const:ti_sysbios_knl_Queue_Object__table__C
  000013e0    000013e0    00000004   00000004    r-- .const:ti_sysbios_knl_Swi_Object__count__C
  000013e4    000013e4    00000004   00000004    r-- .const:ti_sysbios_knl_Swi_Object__table__C
  000013e8    000013e8    00000004   00000004    r-- .const:ti_sysbios_knl_Swi_numPriorities__C
  000013ec    000013ec    00000004   00000004    r-- .const:ti_sysbios_knl_Task_Object__count__C
  000013f0    000013f0    00000004   00000004    r-- .const:ti_sysbios_knl_Task_Object__table__C
  000013f4    000013f4    00000004   00000004    r-- .const:ti_sysbios_knl_Task_allBlockedFunc__C
  000013f8    000013f8    00000004   00000004    r-- .const:ti_sysbios_knl_Task_defaultStackHeap__C
  000013fc    000013fc    00000004   00000004    r-- .const:ti_sysbios_knl_Task_defaultStackSize__C
  00001400    00001400    00000004   00000004    r-- .const:ti_sysbios_knl_Task_numConstructedTasks__C
  00001406    00001406    00000002   00000002    r-- .const:ti_sysbios_family_arm_cc26xx_Timer_Module__id__C
  00001408    00001408    00000002   00000002    r-- .const:ti_sysbios_family_arm_cc26xx_TimestampProvider_useClockTimer__C
  0000140a    0000140a    00000002   00000002    r-- .const:ti_sysbios_family_arm_m3_Hwi_Module__id__C
  0000140c    0000140c    00000002   00000002    r-- .const:ti_sysbios_gates_GateHwi_Module__id__C
  0000140e    0000140e    00000002   00000002    r-- .const:ti_sysbios_gates_GateMutex_Module__id__C
  00001410    00001410    00000002   00000002    r-- .const:ti_sysbios_heaps_HeapMem_Module__id__C
  00001412    00001412    00000002   00000002    r-- .const:ti_sysbios_knl_Task_initStackFlag__C
  00001414    00001414    00000001   00000001    r-- .const:ti_sysbios_knl_Clock_tickMode__C
  00001418    00001418    00000008   00000008    r-- .const:xdc_runtime_Startup_firstFxns__C
  00001420    00001420    00000008   00000008    r-- .const:xdc_runtime_Startup_lastFxns__C
  00001428    00001428    00000004   00000004    r-- .const:xdc_runtime_Assert_E_assertFailed__C
  0000142c    0000142c    00000004   00000004    r-- .const:xdc_runtime_Error_E_memory__C
  00001430    00001430    00000004   00000004    r-- .const:xdc_runtime_Error_policyFxn__C
  00001434    00001434    00000004   00000004    r-- .const:xdc_runtime_IGateProvider_Interface__BASE__C
  00001438    00001438    00000004   00000004    r-- .const:xdc_runtime_IHeap_Interface__BASE__C
  0000143c    0000143c    00000004   00000004    r-- .const:xdc_runtime_IModule_Interface__BASE__C
  00001440    00001440    00000004   00000004    r-- .const:xdc_runtime_Main_Module__diagsEnabled__C
  00001444    00001444    00000004   00000004    r-- .const:xdc_runtime_Main_Module__diagsIncluded__C
  00001448    00001448    00000004   00000004    r-- .const:xdc_runtime_Main_Module__diagsMask__C
  0000144c    0000144c    00000004   00000004    r-- .const:xdc_runtime_Memory_defaultHeapInstance__C
  00001450    00001450    00000004   00000004    r-- .const:xdc_runtime_Startup_execImpl__C
  00001454    00001454    00000004   00000004    r-- .const:xdc_runtime_Startup_maxPasses__C
  00001458    00001458    00000004   00000004    r-- .const:xdc_runtime_Startup_sfxnRts__C
  0000145c    0000145c    00000004   00000004    r-- .const:xdc_runtime_Startup_sfxnTab__C
  00001460    00001460    00000004   00000004    r-- .const:xdc_runtime_Startup_startModsFxn__C
  00001464    00001464    00000004   00000004    r-- .const:xdc_runtime_SysCallback_abortFxn__C
  00001468    00001468    00000004   00000004    r-- .const:xdc_runtime_SysCallback_exitFxn__C
  0000146c    0000146c    00000004   00000004    r-- .const:xdc_runtime_System_abortFxn__C
  00001470    00001470    00000004   00000004    r-- .const:xdc_runtime_System_exitFxn__C
  00001474    00001474    00000004   00000004    r-- .const:xdc_runtime_System_maxAtexitHandlers__C
  00001478    00001478    00000004   00000004    r-- .const:xdc_runtime_Text_charTab__C
  0000147c    0000147c    00000004   00000004    r-- .const:xdc_runtime_Text_nameEmpty__C
  00001480    00001480    00000004   00000004    r-- .const:xdc_runtime_Text_nameStatic__C
  00001484    00001484    00000004   00000004    r-- .const:xdc_runtime_Text_nameUnknown__C
  00001488    00001488    00000002   00000002    r-- .const:xdc_runtime_Main_Module__id__C
  0000148a    0000148a    00000002   00000002    r-- .const:xdc_runtime_Memory_Module__id__C
  0000148c    0000148c    00000002   00000002    r-- .const:xdc_runtime_Text_charCnt__C
  0000148e    0000148e    00000002   00000002    r-- .const:xdc_runtime_Text_isLoaded__C
  00001490    00001490    00000001   00000001    r-- .const:xdc_runtime_Error_policy__C
  00001494    00001494    00000004   00000004    r-- .const:ti_sysbios_rom_ROM_AONRTCChannelEnable
  00001498    00001498    00000004   00000004    r-- .const:ti_sysbios_rom_ROM_AONRTCCompareValueSet
  0000149c    0000149c    00000004   00000004    r-- .const:ti_sysbios_rom_ROM_AONRTCCurrentCompareValueGet
  000014a0    000014a0    00000004   00000004    r-- .const:ti_sysbios_rom_ROM_AONRTCEventClear
  000014a4    000014a4    00000004   00000004    r-- .const:ti_sysbios_rom_ROM_ti_sysbios_family_arm_cc26xx_Timer_getCount64__E
  000014a8    000014a8    00000004   00000004    r-- .const:ti_sysbios_rom_ROM_ti_sysbios_family_arm_cc26xx_Timer_getCurrentTick__E
  000014ac    000014ac    00000004   00000004    r-- .const:ti_sysbios_rom_ROM_ti_sysbios_family_arm_cc26xx_Timer_getMaxTicks__E
  000014b0    000014b0    00000004   00000004    r-- .const:ti_sysbios_rom_ROM_ti_sysbios_family_arm_cc26xx_Timer_initDevice__I
  000014b4    000014b4    00000004   00000004    r-- .const:ti_sysbios_rom_ROM_ti_sysbios_family_arm_cc26xx_Timer_setNextTick__E
  000014b8    000014b8    00000004   00000004    r-- .const:ti_sysbios_rom_ROM_ti_sysbios_family_arm_cc26xx_Timer_setThreshold__I
  000014bc    000014bc    00000004   00000004    r-- .const:ti_sysbios_rom_ROM_ti_sysbios_family_arm_cc26xx_Timer_start__E
  000014c0    000014c0    00000004   00000004    r-- .const:ti_sysbios_rom_ROM_ti_sysbios_family_arm_cc26xx_TimestampProvider_get32__E
  000014c4    000014c4    00000004   00000004    r-- .const:ti_sysbios_rom_ROM_xdc_runtime_Startup_getState__I
  000014c8    000014c8    00000004   00000004    r-- .const:ti_sysbios_rom_ROM_xdc_runtime_System_SupportProxy_abort__E
  000014cc    000014cc    00000004   00000004    r-- .const:ti_sysbios_rom_ROM_xdc_runtime_System_SupportProxy_exit__E
  000014d0    000014d0    00000004   00000004    r-- .const:ti_sysbios_gates_GateMutex_Instance_State_sem__O
  000014d4    000014d4    00000004   00000004    r-- .const:ti_sysbios_knl_Clock_Module_State_clockQ__O
  000014d8    000014d8    00000004   00000004    r-- .const:ti_sysbios_knl_Mailbox_Instance_State_dataQue__O
  000014dc    000014dc    00000004   00000004    r-- .const:ti_sysbios_knl_Mailbox_Instance_State_dataSem__O
  000014e0    000014e0    00000004   00000004    r-- .const:ti_sysbios_knl_Mailbox_Instance_State_freeQue__O
  000014e4    000014e4    00000004   00000004    r-- .const:ti_sysbios_knl_Mailbox_Instance_State_freeSem__O
  000014e8    000014e8    00000004   00000004    r-- .const:ti_sysbios_knl_Semaphore_Instance_State_pendQ__O
  000014ec    000014ec    00000004   00000004    r-- .const:ti_sysbios_knl_Task_Module_State_inactiveQ__O
  000014f0    000014f0    0000b228   0000b228    r-x .text
  0000c718    0000c718    00004a6d   00004a6d    r-- .const
0001ffa8    0001ffa8    00000058   00000058    r--
  0001ffa8    0001ffa8    00000058   00000058    r-- .ccfg
20000100    20000100    00000104   00000000    rw-
  20000100    20000100    00000044   00000000    rw- .data:ti_sysbios_knl_Task_Module__state__V
  20000144    20000144    00000034   00000000    rw- .data:ti_sysbios_family_arm_m3_Hwi_Module__state__V
  20000178    20000178    0000002c   00000000    rw- .data:ti_sysbios_knl_Clock_Module__state__V
  200001a4    200001a4    00000024   00000000    rw- .data:ti_sysbios_BIOS_Module__state__V
  200001c8    200001c8    0000001c   00000000    rw- .data:ti_sysbios_knl_Swi_Module__state__V
  200001e4    200001e4    00000008   00000000    rw- .data:ti_sysbios_family_arm_cc26xx_Timer_Module__state__V
  200001ec    200001ec    00000004   00000000    rw- .data:ti_sysbios_family_arm_cc26xx_TimestampProvider_Module__state__V
  200001f0    200001f0    00000008   00000000    rw- .data:xdc_runtime_Startup_Module__state__V
  200001f8    200001f8    00000008   00000000    rw- .data:xdc_runtime_System_Module__state__V
  20000200    20000200    00000004   00000000    rw- .data:xdc_runtime_Memory_Module__state__V
20000280    20000280    00002b68   00000000    rw-
  20000280    20000280    00002b68   00000000    rw- .bss
20002de8    20002de8    00001000   00000000    r--
  20002de8    20002de8    00001000   00000000    r-- .priheap
20003de8    20003de8    0000099f   00000000    rw-
  20003de8    20003de8    0000099f   00000000    rw- .data
20004c00    20004c00    00000400   00000000    rw-
  20004c00    20004c00    00000400   00000000    rw- .stack


SECTION ALLOCATION MAP

 output                                  attributes/
section   page    origin      length       input sections
--------  ----  ----------  ----------   ----------------
.text      0    000014f0    0000b228     
                  000014f0    0000044c     rf_multiMode_cc13x0.aem3 : RFCC26XX_multiMode.oem3 (.text:fsmActiveState)
                  0000193c    000003c4     EasyLink.obj (.text:EasyLink_init)
                  00001d00    0000033c     rom_sysbios.aem3 : rom_sysbios.obj (.text:xdc_runtime_System_doPrint__I)
                  0000203c    00000324     rtsv7M3_T_le_eabi.lib : trgdrv.obj (.text)
                  00002360    0000030c     drivers_cc13x0.aem3 : PowerCC26XX_calibrateRCOSC.oem3 (.text:PowerCC26XX_auxISR)
                  0000266c    00000248     rtsv7M3_T_le_eabi.lib : vla_alloc.obj (.text)
                  000028b4    00000228     driverlib.lib : sys_ctrl.obj (.text:NOROM_SysCtrlSetRechargeBeforePowerDown)
                  00002adc    0000021c     drivers_cc13x0.aem3 : PowerCC26XX.oem3 (.text:Power_sleep)
                  00002cf8    00000200     rf_multiMode_cc13x0.aem3 : RFCC26XX_multiMode.oem3 (.text:RF_open)
                  00002ef8    000001f4     rtsv7M3_T_le_eabi.lib : ull_div_t2.obj (.text)
                  000030ec    000001e4     main.obj (.text:LSM9DS1init)
                  000032d0    000001a4     EasyLink.obj (.text:EasyLink_setRfPwr)
                  00003474    0000019c     rf_multiMode_cc13x0.aem3 : RFCC26XX_multiMode.oem3 (.text:fsmSetupState)
                  00003610    00000190     drivers_cc13x0.aem3 : PowerCC26XX_calibrateRCOSC.oem3 (.text:PowerCC26XX_doCalibrate)
                  000037a0    0000018c                         : PINCC26XX.oem3 (.text:PIN_init)
                  0000392c    00000188     EasyLink.obj (.text:rxDoneCallback)
                  00003ab4    00000180     main.obj (.text:initGyro)
                  00003c34    00000170     EasyLink.obj (.text:EasyLink_receiveAsync)
                  00003da4    00000164     drivers_cc13x0.aem3 : UARTCC26XX.oem3 (.text:UARTCC26XX_open)
                  00003f08    00000158     rf_multiMode_cc13x0.aem3 : RFCC26XX_multiMode.oem3 (.text:RF_postCmd)
                  00004060    00000154     drivers_cc13x0.aem3 : I2CCC26XX.oem3 (.text:I2CCC26XX_open)
                  000041b4    00000154     rf_multiMode_cc13x0.aem3 : RFCC26XX_multiMode.oem3 (.text:radioOpDoneCb)
                  00004308    00000150                              : RFCC26XX_multiMode.oem3 (.text:abortCmd)
                  00004458    00000150     smartrf_settings_predefined.obj (.text:rf_patch_mce_genook)
                  000045a8    00000148     rf_multiMode_cc13x0.aem3 : RFCC26XX_multiMode.oem3 (.text:fsmChangePhyState)
                  000046f0    0000013c     EasyLink.obj (.text:EasyLink_transmit)
                  0000482c    00000138     hello_pem3.oem3 (.text:ti_uia_loggers_LoggerStopMode_writeMemoryRange__E)
                  00004964    00000134     main.obj (.text:initAccel)
                  00004a98    00000130     driverlib.lib : setup_rom.obj (.text:NOROM_SetupAfterColdResetWakeupFromShutDownCfg3)
                  00004bc8    0000012c     drivers_cc13x0.aem3 : PowerCC26XX.oem3 (.text:Power_init)
                  00004cf4    0000012c     main.obj (.text:txDataTaskFunc)
                  00004e20    00000128     smartrf_settings.obj (.text:rf_patch_rfe_genfsk)
                  00004f48    00000128     smartrf_settings_predefined.obj (.text:rf_patch_rfe_genfsk)
                  00005070    00000128     smartrf_settings_predefined.obj (.text:rf_patch_rfe_lrm)
                  00005198    00000128     smartrf_settings_predefined.obj (.text:rf_patch_rfe_sl_longrange)
                  000052c0    0000011c     rf_multiMode_cc13x0.aem3 : RFCC26XX_multiMode.oem3 (.text:RF_close)
                  000053dc    00000118     drivers_cc13x0.aem3 : UARTCC26XX.oem3 (.text:UARTCC26XX_read)
                  000054f4    00000118     main.obj (.text:initMag)
                  0000560c    00000114     smartrf_settings_predefined.obj (.text:rf_patch_mce_hsp_4mbps)
                  00005720    00000110     drivers_cc13x0.aem3 : I2CCC26XX.oem3 (.text:I2CCC26XX_hwiFxn)
                  00005830    0000010c     hello_pem3.oem3 (.text:ti_uia_loggers_LoggerStopMode_write8__E)
                  0000593c    0000010a     drivers_cc13x0.aem3 : UARTCC26XX.oem3 (.text:UARTCC26XX_hwiIntFxn)
                  00005a46    00000002     display.aem3 : DisplayUart.oem3 (.text:DisplayUartMin_clear)
                  00005a48    00000108     rf_multiMode_cc13x0.aem3 : RFCC26XX_multiMode.oem3 (.text:fsmPowerUpState)
                  00005b50    00000108                              : RFCC26XX_multiMode.oem3 (.text:hwiFxnCpe0Active)
                  00005c58    000000fc     drivers_cc13x0.aem3 : UARTCC26XX.oem3 (.text:UARTCC26XX_write)
                  00005d54    000000f8     main.obj (.text:semaphoreSetup)
                  00005e4c    000000f8     hello_pem3.oem3 (.text:xdc_runtime_System_printfExtend__I)
                  00005f44    000000f4     hello_pem3.oem3 (.text:ti_uia_loggers_LoggerStopMode_write4__E)
                  00006038    000000f0     driverlib.lib : setup_rom.obj (.text:NOROM_SetupAfterColdResetWakeupFromShutDownCfg2)
                  00006128    000000ec     drivers_cc13x0.aem3 : PWMTimerCC26XX.oem3 (.text:PWMTimerCC26XX_open)
                  00006214    000000e8     main.obj (.text:rxDoneCb)
                  000062fc    000000e8     hello_pem3.oem3 (.text:ti_uia_loggers_LoggerStopMode_write1__E)
                  000063e4    000000e8     hello_pem3.oem3 (.text:ti_uia_loggers_LoggerStopMode_write2__E)
                  000064cc    000000dc     driverlib.lib : rfc.obj (.text:NOROM_RFCOverrideUpdate)
                  000065a8    000000dc     drivers_cc13x0.aem3 : PINCC26XX.oem3 (.text:PINCC26XX_setIoCfg)
                  00006684    000000d8     EasyLink.obj (.text:EasyLink_enableRxAddrFilter)
                  0000675c    000000d8     smartrf_settings_predefined.obj (.text:rf_patch_rfe_genook)
                  00006834    000000d8     smartrf_settings_predefined.obj (.text:rf_patch_rfe_hsp_4mbps)
                  0000690c    000000d8     hello_pem3.oem3 (.text:ti_uia_loggers_LoggerStopMode_write0__E)
                  000069e4    000000d4     driverlib.lib : rfc.obj (.text:NOROM_RFCRfTrimRead)
                  00006ab8    000000d0     dpl_cc13x0.aem3 : PowerCC26XX_tirtos.oem3 (.text:PowerCC26XX_standbyPolicy)
                  00006b88    000000cc     EasyLink.obj (.text:EasyLink_setFrequency)
                  00006c54    000000c4     drivers_cc13x0.aem3 : ADCCC26XX.oem3 (.text:ADCCC26XX_convert)
                  00006d18    000000c4     driverlib.lib : setup.obj (.text:TrimAfterColdResetWakeupFromShutDown)
                  00006ddc    000000c4     smartrf_settings_predefined.obj (.text:rf_patch_mce_sl_longrange)
                  00006ea0    000000c4     main.obj (.text:rxBeaconFunc)
                  00006f64    000000c0     drivers_cc13x0.aem3 : I2CCC26XX.oem3 (.text:I2CCC26XX_transfer)
                  00007024    000000c0     driverlib.lib : aux_adc.obj (.text:NOROM_AUXADCEnableSync)
                  000070e4    000000bc     drivers_cc13x0.aem3 : GPTimerCC26XX.oem3 (.text:GPTimerCC26XX_open)
                  000071a0    000000bc     main.obj (.text:I2CreadBytes)
                  0000725c    000000bc     drivers_cc13x0.aem3 : PowerCC26XX.oem3 (.text:Power_releaseDependency)
                  00007318    000000bc                         : UARTCC26XX.oem3 (.text:UARTCC26XX_initHw)
                  000073d4    000000b4                         : PowerCC26XX.oem3 (.text:Power_setDependency)
                  00007488    000000a8     driverlib.lib : setup.obj (.text:NOROM_SetupTrimDevice)
                  00007530    000000a8     main.obj (.text:pwmTaskFunc)
                  000075d8    000000a4     driverlib.lib : setup_rom.obj (.text:NOROM_SetupAfterColdResetWakeupFromShutDownCfg1)
                  0000767c    000000a4     rf_multiMode_cc13x0.aem3 : RFCC26XX_multiMode.oem3 (.text:RF_dispatchCmd)
                  00007720    000000a0     drivers_cc13x0.aem3 : GPTimerCC26XX.oem3 (.text:GPTimerCC26XX_close)
                  000077c0    000000a0     auto_init.aem3 : auto_init.oem3 (.text)
                  00007860    0000009e     rom_sysbios.aem3 : rom_sysbios.obj (.text:xdc_runtime_Text_putSite__E)
                  000078fe    00000002     display.aem3 : DisplayUart.oem3 (.text:DisplayUartMin_clearLines)
                  00007900    0000009c     rf_multiMode_cc13x0.aem3 : RFCC26XX_multiMode.oem3 (.text:RF_issueRadioFreeCb)
                  0000799c    0000009c     drivers_cc13x0.aem3 : WatchdogCC26XX.oem3 (.text:WatchdogCC26XX_open)
                  00007a38    0000009c     rf_multiMode_cc13x0.aem3 : RFCC26XX_multiMode.oem3 (.text:hwiFxnCpe0PowerFsm)
                  00007ad4    0000009c     rtsv7M3_T_le_eabi.lib : memcpy_t2.obj (.text)
                  00007b70    0000009c     rf_multiMode_cc13x0.aem3 : RFCC26XX_multiMode.oem3 (.text:swiFxnHw)
                  00007c0c    00000098     drivers_cc13x0.aem3 : PINCC26XX.oem3 (.text:PIN_open)
                  00007ca4    00000098                         : UARTCC26XX.oem3 (.text:UARTCC26XX_initIO)
                  00007d3c    00000098     rom_sysbios.aem3 : rom_sysbios.obj (.text:ti_sysbios_knl_Clock_workFuncDynamic__E)
                  00007dd4    00000098                      : rom_sysbios.obj (.text:xdc_runtime_Text_putMod__E)
                  00007e6c    00000094     EasyLink.obj (.text:EasyLink_abort)
                  00007f00    00000094     driverlib.lib : aux_adc.obj (.text:NOROM_AUXADCDisable)
                  00007f94    00000094     main.obj (.text:pinCallback)
                  00008028    00000094     main.obj (.text:readAccel)
                  000080bc    00000094     main.obj (.text:readGyro)
                  00008150    00000094     drivers_cc13x0.aem3 : UARTCC26XX.oem3 (.text:writeFinishedDoCallback)
                  000081e4    00000090                         : I2CCC26XX.oem3 (.text:I2CCC26XX_cancel)
                  00008274    00000090     ti.uia.loggers.aem3 : LoggerStopMode.oem3 (.text:ti_uia_loggers_LoggerStopMode_initQueueDescriptor__E)
                  00008304    0000008c     drivers_cc13x0.aem3 : I2CCC26XX.oem3 (.text:I2CCC26XX_primeTransfer)
                  00008390    0000008c     rf_multiMode_cc13x0.aem3 : RFCC26XX_multiMode.oem3 (.text:RF_pendCmd)
                  0000841c    0000008c     drivers_cc13x0.aem3 : UARTCC26XX.oem3 (.text:UARTCC26XX_close)
                  000084a8    0000008c                         : UARTCC26XX.oem3 (.text:UARTCC26XX_writeCancel)
                  00008534    00000088                         : ADCCC26XX.oem3 (.text:ADCCC26XX_open)
                  000085bc    00000088                         : PowerCC26XX.oem3 (.text:disableLFClockQualifiers)
                  00008644    00000084                         : PowerCC26XX.oem3 (.text:switchXOSCHFclockFunc)
                  000086c8    00000080                         : PWMTimerCC26XX.oem3 (.text:PWMTimerCC26XX_setPeriod)
                  00008748    00000080     main.obj (.text:accelTaskFunc)
                  000087c8    00000080     main.obj (.text:magTaskFunc)
                  00008848    0000007c     main.obj (.text:adcTaskFunc)
                  000088c4    0000007c     main.obj (.text:constrainScales)
                  00008940    0000007a     rtsv7M3_T_le_eabi.lib : memset_t2.obj (.text)
                  000089ba    00000002     display.aem3 : DisplayUart.oem3 (.text:DisplayUartMin_init)
                  000089bc    00000078     main.obj (.text:LSM9DS1begin)
                  00008a34    00000078     main.obj (.text:pwmSetup)
                  00008aac    00000078     drivers_cc13x0.aem3 : UARTCC26XX.oem3 (.text:writeTxFifoFlush)
                  00008b24    00000074     driverlib.lib : setup_rom.obj (.text:NOROM_SetupSetVddrLevel)
                  00008b98    00000074     main.obj (.text:configInt)
                  00008c0c    00000074     rom_sysbios.aem3 : rom_sysbios.obj (.text:ti_sysbios_family_arm_cc26xx_Timer_start__E)
                  00008c80    00000074     ti.uia.runtime.aem3 : QueueDescriptor.oem3 (.text:ti_uia_runtime_QueueDescriptor_addToList__E)
                  00008cf4    0000006d     rom_sysbios.aem3 : rom_sysbios.obj (.text:xdc_runtime_System_formatNum__I)
                  00008d61    00000001     --HOLE-- [fill = 0]
                  00008d62    00000002     drivers_cc13x0.aem3 : PWMTimerCC26XX.oem3 (.text:PWMTimerCC26XX_init)
                  00008d64    0000006c                         : PowerCC26XX_calibrateRCOSC.oem3 (.text:PowerCC26XX_initiateCalibration)
                  00008dd0    00000068                         : I2CCC26XX.oem3 (.text:I2CCC26XX_close)
                  00008e38    00000068     main.obj (.text:I2CreadByte)
                  00008ea0    00000068     main.obj (.text:I2CwriteByte)
                  00008f08    00000068     driverlib.lib : setup_rom.obj (.text:NOROM_SetupGetTrimForAmpcompCtrl)
                  00008f70    00000068                   : setup_rom.obj (.text:NOROM_SetupGetTrimForAnabypassValue1)
                  00008fd8    00000068                   : sys_ctrl.obj (.text:NOROM_SysCtrl_DCDC_VoltageConditionalControl)
                  00009040    00000068     drivers_cc13x0.aem3 : UARTCC26XX.oem3 (.text:UARTCC26XX_readCancel)
                  000090a8    00000068     rtsv7M3_T_le_eabi.lib : copy_decompress_lzss.obj (.text:decompress:lzss)
                  00009110    00000068     rf_multiMode_cc13x0.aem3 : RFCC26XX_multiMode.oem3 (.text:flushPendCmd)
                  00009178    00000068                              : RFCC26XX_multiMode.oem3 (.text:fsmXOSCState)
                  000091e0    00000068     rtsv7M3_T_le_eabi.lib : trgmsg.obj (.text)
                  00009248    00000066     ti.uia.loggers.aem3 : LoggerStopMode.oem3 (.text:ti_uia_loggers_LoggerStopMode_flush__E)
                  000092ae    00000002     drivers_cc13x0.aem3 : WatchdogCC26XX.oem3 (.text:WatchdogCC26XX_close)
                  000092b0    00000064     driverlib.lib : osc.obj (.text:NOROM_OSCHF_AttemptToSwitchToXosc)
                  00009314    00000064     drivers_cc13x0.aem3 : PINCC26XX.oem3 (.text:PIN_add)
                  00009378    00000064                         : PowerCC26XX.oem3 (.text:configureXOSCHF)
                  000093dc    00000064     rf_multiMode_cc13x0.aem3 : RFCC26XX_multiMode.oem3 (.text:dispatchOpWhen)
                  00009440    00000064     rom_sysbios.aem3 : rom_sysbios.obj (.text:ti_sysbios_heaps_HeapMem_initPrimary__I)
                  000094a4    00000062     rf_multiMode_cc13x0.aem3 : RFCC26XX_multiMode.oem3 (.text:syncCb)
                  00009506    00000002                              : RFCC26XX_multiMode.oem3 (.text:defaultCallback)
                  00009508    00000060     driverlib.lib : osc.obj (.text:NOROM_OSCClockSourceSet)
                  00009568    00000060     drivers_cc13x0.aem3 : UARTCC26XX.oem3 (.text:UARTCC26XX_control)
                  000095c8    00000060     smartrf_settings.obj (.text:configureGenfskPatch)
                  00009628    00000060     smartrf_settings_predefined.obj (.text:configureGenfskPatch)
                  00009688    00000060     smartrf_settings_predefined.obj (.text:configureGenookPatch)
                  000096e8    00000060     smartrf_settings_predefined.obj (.text:configureLrmPatch)
                  00009748    00000060     smartrf_settings_predefined.obj (.text:configureSl_longrangePatch)
                  000097a8    0000005c     display.aem3 : Display.oem3 (.text:Display_doOpen)
                  00009804    0000005c     driverlib.lib : sys_ctrl.obj (.text:NOROM_SysCtrlAdjustRechargeAfterPowerDown)
                  00009860    0000005c     drivers_cc13x0.aem3 : PowerCC26XX_calibrateRCOSC.oem3 (.text:PowerCC26XX_RCOSC_clockFunc)
                  000098bc    0000005c                         : PowerCC26XX.oem3 (.text:PowerCC26XX_calibrate)
                  00009918    0000005c     main.obj (.text:createRFRXTasks)
                  00009974    0000005c     rf_multiMode_cc13x0.aem3 : RFCC26XX_multiMode.oem3 (.text:ratChanFree)
                  000099d0    0000005c     hello_pem3.oem3 (.text:xdc_runtime_Startup_getState__I)
                  00009a2c    0000005b     rom_sysbios.aem3 : rom_sysbios.obj (.text:xdc_runtime_Text_putLab__E)
                  00009a87    00000001     --HOLE-- [fill = 0]
                  00009a88    00000058     drivers_cc13x0.aem3 : GPTimerCC26XX.oem3 (.text:GPTimerCC26XX_stop)
                  00009ae0    00000058                         : I2CCC26XX.oem3 (.text:I2CCC26XX_swiFxn)
                  00009b38    00000058                         : PINCC26XX.oem3 (.text:PIN_remove)
                  00009b90    00000058     rf_multiMode_cc13x0.aem3 : RFCC26XX_multiMode.oem3 (.text:applyRfCorePatch)
                  00009be8    00000054                              : RFCC26XX_multiMode.oem3 (.text:RF_getCurrentTime)
                  00009c3c    00000054     main.obj (.text:calcaRes)
                  00009c90    00000054     main.obj (.text:calcmRes)
                  00009ce4    00000054     rf_multiMode_cc13x0.aem3 : RFCC26XX_multiMode.oem3 (.text:hwiFxnHw)
                  00009d38    00000054     main.obj (.text:main)
                  00009d8c    00000054     rtsv7M3_T_le_eabi.lib : exit.obj (.text)
                  00009de0    00000050     driverlib.lib : setup_rom.obj (.text:NOROM_SetupSetCacheModeAccordingToCcfgSetting)
                  00009e30    00000050     main.obj (.text:readMag)
                  00009e80    00000050     drivers_cc13x0.aem3 : UARTCC26XX.oem3 (.text:startTxFifoEmptyClk)
                  00009ed0    0000004c                         : GPTimerCC26XX.oem3 (.text:GPTimerCC26XX_start)
                  00009f1c    0000004c                         : I2CCC26XX.oem3 (.text:I2CCC26XX_initHw)
                  00009f68    0000004c                         : PWMTimerCC26XX.oem3 (.text:PWMTimerCC26XX_getdutyCounts)
                  00009fb4    0000004c     rf_multiMode_cc13x0.aem3 : RFCC26XX_multiMode.oem3 (.text:RF_wakeupNotifyFxn)
                  0000a000    0000004c     rtsv7M3_T_le_eabi.lib : cpy_tbl.obj (.text)
                  0000a04c    0000004c     ti.uia.loggers.aem3 : LoggerStopMode.oem3 (.text:ti_uia_loggers_LoggerStopMode_Module_startup__E)
                  0000a098    0000004a     display.aem3 : DisplayUart.oem3 (.text:DisplayUartMin_open)
                  0000a0e2    00000002     drivers_cc13x0.aem3 : PowerCC26XX.oem3 (.text:emptyClockFunc)
                  0000a0e4    00000048     dpl_cc13x0.aem3 : ClockP_tirtos.oem3 (.text:ClockP_construct)
                  0000a12c    00000048     drivers_cc13x0.aem3 : PINCC26XX.oem3 (.text:PIN_setOutputEnable)
                  0000a174    00000048     main.obj (.text:calcgRes)
                  0000a1bc    00000048     main.obj (.text:clockSetup)
                  0000a204    00000046     display.aem3 : DisplayUart.oem3 (.text:DisplayUartMin_vprintf)
                  0000a24a    00000002     smartrf_settings.obj (.text:enterGenfskSysPatch)
                  0000a24c    00000044     drivers_cc13x0.aem3 : PINCC26XX.oem3 (.text:PIN_swi)
                  0000a290    00000044     rf_multiMode_cc13x0.aem3 : RFCC26XX_multiMode.oem3 (.text:RF_releasePowerConstraint)
                  0000a2d4    00000044     drivers_cc13x0.aem3 : RingBuf.oem3 (.text:RingBuf_put)
                  0000a318    00000044     main.obj (.text:adcSetup)
                  0000a35c    00000044     boot.aem3 : boot.oem3 (.text)
                  0000a3a0    00000044     drivers_cc13x0.aem3 : PowerCC26XX.oem3 (.text:notify)
                  0000a3e4    00000044     ti.uia.loggers.aem3 : LoggerStopMode.oem3 (.text:ti_uia_loggers_LoggerStopMode_initBuffer__I)
                  0000a428    00000044     rom_sysbios.aem3 : rom_sysbios.obj (.text:xdc_runtime_SysMin_flush__E)
                  0000a46c    00000044                      : rom_sysbios.obj (.text:xdc_runtime_Text_xprintf__I)
                  0000a4b0    00000040     drivers_cc13x0.aem3 : ADCCC26XX.oem3 (.text:ADCCC26XX_convertToMicroVolts)
                  0000a4f0    00000040                         : ADC.oem3 (.text:ADC_init)
                  0000a530    00000040                         : ADC.oem3 (.text:ADC_open)
                  0000a570    00000040     dpl_cc13x0.aem3 : HwiP_tirtos.oem3 (.text:HwiP_construct)
                  0000a5b0    00000040     drivers_cc13x0.aem3 : I2C.oem3 (.text:I2C_init)
                  0000a5f0    00000040                         : I2C.oem3 (.text:I2C_open)
                  0000a630    00000040                         : PWMTimerCC26XX.oem3 (.text:PWMTimerCC26XX_setDuty)
                  0000a670    00000040                         : PWM.oem3 (.text:PWM_init)
                  0000a6b0    00000040                         : PWM.oem3 (.text:PWM_open)
                  0000a6f0    00000040                         : UART.oem3 (.text:UART_init)
                  0000a730    00000040                         : UART.oem3 (.text:UART_open)
                  0000a770    00000040                         : Watchdog.oem3 (.text:Watchdog_init)
                  0000a7b0    00000040                         : Watchdog.oem3 (.text:Watchdog_open)
                  0000a7f0    00000040     main.obj (.text:gyroTaskFunc)
                  0000a830    00000040     main.obj (.text:readTemp)
                  0000a870    00000040     rtsv7M3_T_le_eabi.lib : u_divt2.obj (.text)
                  0000a8b0    00000040     rom_sysbios.aem3 : rom_sysbios.obj (.text:ti_sysbios_family_arm_cc26xx_Timer_setThreshold__I)
                  0000a8f0    0000003e     drivers_cc13x0.aem3 : RingBuf.oem3 (.text:RingBuf_get)
                  0000a92e    0000003e     hello_pem3.oem3 (.text:realloc)
                  0000a96c    0000003c     drivers_cc13x0.aem3 : ADCCC26XX.oem3 (.text:ADCCC26XX_close)
                  0000a9a8    0000003c     driverlib.lib : chipinfo.obj (.text:NOROM_ChipInfo_GetHwRevision)
                  0000a9e4    0000003c                   : osc.obj (.text:NOROM_OSC_HPOSCRelativeFrequencyOffsetGet)
                  0000aa20    0000003c                   : rfc.obj (.text:NOROM_RFCSynthPowerDown)
                  0000aa5c    0000003c     drivers_cc13x0.aem3 : PowerCC26XX.oem3 (.text:PowerCC26XX_isStableXOSC_HF)
                  0000aa98    0000003c                         : PowerCC26XX.oem3 (.text:PowerCC26XX_switchXOSC_HF)
                  0000aad4    0000003c     rf_multiMode_cc13x0.aem3 : RFCC26XX_multiMode.oem3 (.text:RF_runCmd)
                  0000ab10    0000003c     dpl_cc13x0.aem3 : SwiP_tirtos.oem3 (.text:SwiP_construct)
                  0000ab4c    0000003c     rom_sysbios.aem3 : rom_sysbios.obj (.text:ti_sysbios_family_arm_m3_Hwi_construct2__E)
                  0000ab88    00000038     drivers_cc13x0.aem3 : PINCC26XX.oem3 (.text:PIN_setOutputValue)
                  0000abc0    00000038     rf_multiMode_cc13x0.aem3 : RFCC26XX_multiMode.oem3 (.text:Q_end)
                  0000abf8    00000038                              : RFCC26XX_multiMode.oem3 (.text:RF_checkCmdFsError)
                  0000ac30    00000038     drivers_cc13x0.aem3 : UARTCC26XX.oem3 (.text:UARTCC26XX_swiIntFxn)
                  0000ac68    00000038     main.obj (.text:createADCTask)
                  0000aca0    00000038     main.obj (.text:createAccelTask)
                  0000acd8    00000038     main.obj (.text:createGyroTask)
                  0000ad10    00000038     main.obj (.text:createMagTask)
                  0000ad48    00000038     main.obj (.text:createPWMTask)
                  0000ad80    00000038     main.obj (.text:createRFTXTasks)
                  0000adb8    00000038     main.obj (.text:pinSetup)
                  0000adf0    00000038     drivers_cc13x0.aem3 : UARTCC26XX.oem3 (.text:readData)
                  0000ae28    00000038     rom_sysbios.aem3 : rom_sysbios.obj (.text:ti_sysbios_family_arm_cc26xx_Timer_getCurrentTick__E)
                  0000ae60    00000038     drivers_cc13x0.aem3 : UARTCC26XX.oem3 (.text:writeData)
                  0000ae98    00000038     rom_sysbios.aem3 : rom_sysbios.obj (.text:xdc_runtime_SysMin_putch__E)
                  0000aed0    00000034     drivers_cc13x0.aem3 : GPTimerCC26XX.oem3 (.text:GPTimerCC26XXSetLoadMatch)
                  0000af04    00000034     driverlib.lib : aux_adc.obj (.text:NOROM_AUXADCDisableInputScaling)
                  0000af38    00000034                   : osc.obj (.text:NOROM_OSCHF_SwitchToRcOscTurnOffXosc)
                  0000af6c    00000034     drivers_cc13x0.aem3 : PINCC26XX.oem3 (.text:PIN_setConfig)
                  0000afa0    00000034                         : PowerCC26XX.oem3 (.text:Power_releaseConstraint)
                  0000afd4    00000034     rf_multiMode_cc13x0.aem3 : RFCC26XX_multiMode.oem3 (.text:Q_push)
                  0000b008    00000034     rom_sysbios.aem3 : rom_sysbios.obj (.text:ti_sysbios_family_arm_cc26xx_Timer_initDevice__I)
                  0000b03c    00000034     ti.uia.loggers.aem3 : LoggerStopMode.oem3 (.text:ti_uia_loggers_LoggerStopMode_reset__E)
                  0000b070    00000034     main.obj (.text:wdtSetup)
                  0000b0a4    00000032     rom_sysbios.aem3 : rom_sysbios.obj (.text:ti_sysbios_family_arm_cc26xx_Timer_setNextTick__E)
                  0000b0d6    00000002     smartrf_settings_predefined.obj (.text:enterGenfskSysPatch)
                  0000b0d8    00000030     drivers_cc13x0.aem3 : GPTimerCC26XX.oem3 (.text:GPTimerCC26XX_configureDebugStall)
                  0000b108    00000030     driverlib.lib : chipinfo.obj (.text:NOROM_ChipInfo_GetChipType)
                  0000b138    00000030                   : setup_rom.obj (.text:NOROM_SetupSetAonRtcSubSecInc)
                  0000b168    00000030     drivers_cc13x0.aem3 : PowerCC26XX.oem3 (.text:Power_setConstraint)
                  0000b198    00000030     driverlib.lib : adi.obj (.text:SafeHapiAuxAdiSelect)
                  0000b1c8    00000030     drivers_cc13x0.aem3 : WatchdogCC26XX.oem3 (.text:WatchdogCC26XX_setReload)
                  0000b1f8    00000030     rf_multiMode_cc13x0.aem3 : RFCC26XX_multiMode.oem3 (.text:clkPowerUpFxn)
                  0000b228    00000030     main.obj (.text:initI2C)
                  0000b258    00000030     drivers_cc13x0.aem3 : UARTCC26XX.oem3 (.text:readData2RingBuf)
                  0000b288    00000030     hello_pem3.oem3 (.text:ti_sysbios_BIOS_atExitFunc__I)
                  0000b2b8    00000030     hello_pem3.oem3 (.text:ti_sysbios_BIOS_startFunc__I)
                  0000b2e8    00000030     hello_pem3.oem3 (.text:ti_uia_loggers_LoggerStopMode_Object__create__S)
                  0000b318    00000030     rom_sysbios.aem3 : rom_sysbios.obj (.text:xdc_runtime_SysMin_abort__E)
                  0000b348    0000002f                      : rom_sysbios.obj (.text:xdc_runtime_Text_printVisFxn__I)
                  0000b377    00000001     --HOLE-- [fill = 0]
                  0000b378    0000002e     hello_pem3.oem3 (.text:ti_sysbios_rts_gnu_MemAlloc_alloc)
                  0000b3a6    00000002     smartrf_settings_predefined.obj (.text:enterGenookSysPatch)
                  0000b3a8    0000002c     driverlib.lib : ddi.obj (.text:NOROM_DDI32RegWrite)
                  0000b3d4    0000002c                   : osc.obj (.text:NOROM_OSCClockSourceGet)
                  0000b400    0000002c                   : rfc.obj (.text:NOROM_RFCCPEPatchReset)
                  0000b42c    0000002c                   : setup_rom.obj (.text:NOROM_SetupGetTrimForRadcExtCfg)
                  0000b458    0000002c     drivers_cc13x0.aem3 : PINCC26XX.oem3 (.text:PINCC26XX_setMux)
                  0000b484    0000002c                         : PWMTimerCC26XX.oem3 (.text:PWMTimerCC26XX_close)
                  0000b4b0    0000002c     dpl_cc13x0.aem3 : SemaphoreP_tirtos.oem3 (.text:SemaphoreP_constructBinary)
                  0000b4dc    0000002c                     : SemaphoreP_tirtos.oem3 (.text:SemaphoreP_createBinary)
                  0000b508    0000002c     rf_multiMode_cc13x0.aem3 : RFCC26XX_multiMode.oem3 (.text:getCmd)
                  0000b534    0000002c     rom_sysbios.aem3 : rom_sysbios.obj (.text:ti_sysbios_knl_Clock_getTicksUntilInterrupt__E)
                  0000b560    0000002a     display.aem3 : Display.oem3 (.text:Display_doPrintf)
                  0000b58a    0000002a     rom_sysbios.aem3 : rom_sysbios.obj (.text:ti_sysbios_knl_Clock_getTimeout__E)
                  0000b5b4    0000002a                      : rom_sysbios.obj (.text:xdc_runtime_System_putchar__I)
                  0000b5de    00000002     smartrf_settings_predefined.obj (.text:enterLrmSysPatch)
                  0000b5e0    00000028     display.aem3 : Display.oem3 (.text:Display_doInit)
                  0000b608    00000028     driverlib.lib : aon_batmon.obj (.text:NOROM_AONBatMonTemperatureGetDegC)
                  0000b630    00000028     drivers_cc13x0.aem3 : PowerCC26XX.oem3 (.text:Power_registerNotify)
                  0000b658    00000028     driverlib.lib : adi.obj (.text:SafeHapiVoid)
                  0000b680    00000028     drivers_cc13x0.aem3 : WatchdogCC26XX.oem3 (.text:WatchdogCC26XX_convertMsToTicks)
                  0000b6a8    00000028     main.obj (.text:clk0Fxn)
                  0000b6d0    00000024     driverlib.lib : rfc.obj (.text:NOROM_RFCDoorbellSendTo)
                  0000b6f4    00000024     drivers_cc13x0.aem3 : PINCC26XX.oem3 (.text:PINCC26XX_getPinCount)
                  0000b718    00000024                         : PWMTimerCC26XX.oem3 (.text:PWMTimerCC26XX_start)
                  0000b73c    00000024     rf_multiMode_cc13x0.aem3 : RFCC26XX_multiMode.oem3 (.text:allocCmd)
                  0000b760    00000024     main.obj (.text:mReadBytes)
                  0000b784    00000024     main.obj (.text:rxRestartFunc)
                  0000b7a8    00000024     hello_pem3.oem3 (.text:ti_sysbios_BIOS_registerRTSLock__I)
                  0000b7cc    00000024     hello_pem3.oem3 (.text:ti_sysbios_BIOS_removeRTSLock__I)
                  0000b7f0    00000024     rom_sysbios.aem3 : rom_sysbios.obj (.text:ti_sysbios_family_arm_cc26xx_Timer_getMaxTicks__E)
                  0000b814    00000024     main.obj (.text:xgReadBytes)
                  0000b838    00000022     drivers_cc13x0.aem3 : List.oem3 (.text:List_put)
                  0000b85a    00000022     driverlib.lib : aux_adc.obj (.text:NOROM_AUXADCAdjustValueForGainAndOffset)
                  0000b87c    00000022     hello_pem3.oem3 (.text:xdc_runtime_SysMin_output__I)
                  0000b89e    00000002     smartrf_settings_predefined.obj (.text:enterSl_longrangeSysPatch)
                  0000b8a0    00000020     driverlib.lib : rfc.obj (.text:NOROM_RFCAdi3VcoLdoVoltageMode)
                  0000b8c0    00000020                   : setup_rom.obj (.text:NOROM_SetupGetTrimForXoscHfCtl)
                  0000b8e0    00000020     drivers_cc13x0.aem3 : PWMTimerCC26XX.oem3 (.text:PWMTimerCC26XX_stop)
                  0000b900    00000020     dpl_cc13x0.aem3 : PowerCC26XX_tirtos.oem3 (.text:PowerCC26XX_schedulerDisable)
                  0000b920    00000020                     : PowerCC26XX_tirtos.oem3 (.text:PowerCC26XX_schedulerRestore)
                  0000b940    00000020     drivers_cc13x0.aem3 : PowerCC26XX.oem3 (.text:Power_unregisterNotify)
                  0000b960    00000020     main.obj (.text:displaySetup)
                  0000b980    00000020     main.obj (.text:mWriteByte)
                  0000b9a0    00000020     hello_pem3.oem3 (.text:ti_sysbios_BIOS_rtsLock__I)
                  0000b9c0    00000020     rom_sysbios.aem3 : rom_sysbios.obj (.text:ti_sysbios_family_arm_cc26xx_Timer_dynamicStub__E)
                  0000b9e0    00000020                      : rom_sysbios.obj (.text:ti_sysbios_knl_Clock_stop__E)
                  0000ba00    00000020     hello_pem3.oem3 (.text:ti_uia_loggers_LoggerStopMode_Object__delete__S)
                  0000ba20    00000020     rom_sysbios.aem3 : rom_sysbios.obj (.text:xdc_runtime_Registry_findById__E)
                  0000ba40    00000020                      : rom_sysbios.obj (.text:xdc_runtime_SysMin_Module_startup__E)
                  0000ba60    00000020     main.obj (.text:xgWriteByte)
                  0000ba80    0000001e     drivers_cc13x0.aem3 : PINCC26XX.oem3 (.text:PIN_close)
                  0000ba9e    0000001e                         : PowerCC26XX.oem3 (.text:Power_getTransitionLatency)
                  0000babc    0000001c     driverlib.lib : aux_adc.obj (.text:NOROM_AUXADCGetAdjustmentGain)
                  0000bad8    0000001c                   : chipinfo.obj (.text:NOROM_ChipInfo_GetChipFamily)
                  0000baf4    0000001c                   : setup_rom.obj (.text:NOROM_SetupGetTrimForAmpcompTh2)
                  0000bb10    0000001c                   : setup_rom.obj (.text:NOROM_SetupGetTrimForRcOscLfRtuneCtuneTrim)
                  0000bb2c    0000001c     drivers_cc13x0.aem3 : PINCC26XX.oem3 (.text:PINCC26XX_setIoCfgMux)
                  0000bb48    0000001c                         : PINCC26XX.oem3 (.text:PIN_hwi)
                  0000bb64    0000001c     rf_multiMode_cc13x0.aem3 : RFCC26XX_multiMode.oem3 (.text:RF_setPowerConstraint)
                  0000bb80    0000001c                              : RFCC26XX_multiMode.oem3 (.text:clkInactivityFxn)
                  0000bb9c    0000001c     smartrf_settings.obj (.text:enterGenfskCpePatch)
                  0000bbb8    0000001c     smartrf_settings_predefined.obj (.text:enterGenfskCpePatch)
                  0000bbd4    0000001c     smartrf_settings_predefined.obj (.text:enterGenookCpePatch)
                  0000bbf0    0000001c     smartrf_settings_predefined.obj (.text:enterLrmCpePatch)
                  0000bc0c    0000001c     smartrf_settings_predefined.obj (.text:enterSl_longrangeCpePatch)
                  0000bc28    0000001c     rf_multiMode_cc13x0.aem3 : RFCC26XX_multiMode.oem3 (.text:hwiFxnCpe0ChangePhy)
                  0000bc44    0000001c     rom_sysbios.aem3 : rom_sysbios.obj (.text:ti_sysbios_knl_Swi_construct2__E)
                  0000bc60    0000001c     ti.uia.loggers.aem3 : LoggerStopMode.oem3 (.text:ti_uia_loggers_LoggerStopMode_Instance_init__E)
                  0000bc7c    0000001c     rom_sysbios.aem3 : rom_sysbios.obj (.text:xdc_runtime_SysMin_exit__E)
                  0000bc98    0000001a     drivers_cc13x0.aem3 : PWMTimerCC26XX.oem3 (.text:PWMTimerCC26XX_control)
                  0000bcb2    00000002     rtsv7M3_T_le_eabi.lib : i_div0.obj (.text)
                  0000bcb4    00000018     CC1310_LAUNCHXL.obj (.text:CC1310_LAUNCHXL_initGeneral)
                  0000bccc    00000018     driverlib.lib : aon_rtc.obj (.text:NOROM_AONRTCCurrentCompareValueGet)
                  0000bce4    00000018                   : aux_adc.obj (.text:NOROM_AUXADCGetAdjustmentOffset)
                  0000bcfc    00000018                   : chipinfo.obj (.text:NOROM_ChipInfo_GetPackageType)
                  0000bd14    00000018                   : osc.obj (.text:NOROM_OSCHF_TurnOnXosc)
                  0000bd2c    00000018                   : rfc.obj (.text:NOROM_RFCCpeIntGetAndClear)
                  0000bd44    00000018                   : setup_rom.obj (.text:NOROM_SetupGetTrimForAdcShModeEn)
                  0000bd5c    00000018                   : setup_rom.obj (.text:NOROM_SetupGetTrimForAdcShVbufEn)
                  0000bd74    00000018                   : setup_rom.obj (.text:NOROM_SetupGetTrimForAmpcompTh1)
                  0000bd8c    00000018                   : setup_rom.obj (.text:NOROM_SetupGetTrimForDblrLoopFilterResetVoltage)
                  0000bda4    00000018                   : setup_rom.obj (.text:NOROM_SetupGetTrimForRcOscLfIBiasTrim)
                  0000bdbc    00000018                   : setup_rom.obj (.text:NOROM_SetupGetTrimForXoscLfRegulatorAndCmirrwrRatio)
                  0000bdd4    00000018     drivers_cc13x0.aem3 : PowerCC26XX.oem3 (.text:Power_idleFunc)
                  0000bdec    00000018                         : UARTCC26XX.oem3 (.text:UARTCC26XX_init)
                  0000be04    00000018                         : UART.oem3 (.text:UART_Params_init)
                  0000be1c    00000018                         : PowerCC26XX.oem3 (.text:configureRFCoreClocks)
                  0000be34    00000018     hello_pem3.oem3 (.text:free)
                  0000be4c    00000018     main.obj (.text:mReadByte)
                  0000be64    00000018     rtsv7M3_T_le_eabi.lib : args_main.obj (.text)
                  0000be7c    00000018                           : ll_mul_t2.obj (.text)
                  0000be94    00000018     rf_multiMode_cc13x0.aem3 : RFCC26XX_multiMode.oem3 (.text:swiFxnFsm)
                  0000beac    00000018     main.obj (.text:tempAvailable)
                  0000bec4    00000018     hello_pem3.oem3 (.text:ti_sysbios_BIOS_rtsUnlock__I)
                  0000bedc    00000018     rom_sysbios.aem3 : rom_sysbios.obj (.text:ti_sysbios_knl_Swi_or__E)
                  0000bef4    00000018     hello_pem3.oem3 (.text:ti_sysbios_rom_cortexm_cc13xx_CC13xx_checkRevision__E)
                  0000bf0c    00000018     hello_pem3.oem3 (.text:ti_uia_loggers_LoggerStopMode_Handle__label__S)
                  0000bf24    00000018     rom_sysbios.aem3 : rom_sysbios.obj (.text:xdc_runtime_Error_init__E)
                  0000bf3c    00000018     main.obj (.text:xgReadByte)
                  0000bf54    00000016     display.aem3 : DisplayUart.oem3 (.text:DisplayUartMin_close)
                  0000bf6a    00000016     drivers_cc13x0.aem3 : List.oem3 (.text:List_remove)
                  0000bf80    00000016     driverlib.lib : chipinfo.obj (.text:NOROM_ThisLibraryIsFor_CC13x0_HwRev20AndLater_HaltIfViolated)
                  0000bf96    00000016     rf_multiMode_cc13x0.aem3 : RFCC26XX_multiMode.oem3 (.text:Q_pop)
                  0000bfac    00000016     rtsv7M3_T_le_eabi.lib : strcpy.obj (.text)
                  0000bfc2    00000016     hello_pem3.oem3 (.text:ti_sysbios_BIOS_exitFunc__I)
                  0000bfd8    00000016     main.obj (.text:ti_sysbios_knl_Clock_Params_init)
                  0000bfee    00000016     EasyLink.obj (.text:ti_sysbios_knl_Semaphore_Params_init)
                  0000c004    00000016     main.obj (.text:ti_sysbios_knl_Semaphore_Params_init)
                  0000c01a    00000016     main.obj (.text:ti_sysbios_knl_Task_Params_init)
                  0000c030    00000016     ti.uia.loggers.aem3 : LoggerStopMode.oem3 (.text:ti_uia_loggers_LoggerStopMode_disable__E)
                  0000c046    00000016                         : LoggerStopMode.oem3 (.text:ti_uia_loggers_LoggerStopMode_enable__E)
                  0000c05c    00000014     driverlib.lib : aon_rtc.obj (.text:NOROM_AONRTCCurrent64BitValueGet)
                  0000c070    00000014                   : aux_adc.obj (.text:NOROM_AUXADCValueToMicrovolts)
                  0000c084    00000014     drivers_cc13x0.aem3 : PINCC26XX.oem3 (.text:PINCC26XX_getOutputValue)
                  0000c098    00000014                         : PWM.oem3 (.text:PWM_Params_init)
                  0000c0ac    00000014     rf_multiMode_cc13x0.aem3 : RFCC26XX_multiMode.oem3 (.text:RF_Params_init)
                  0000c0c0    00000014     rtsv7M3_T_le_eabi.lib : _lock.obj (.text)
                  0000c0d4    00000014                           : strlen.obj (.text)
                  0000c0e8    00000014     hello_pem3.oem3 (.text:ti_sysbios_knl_Clock_doTick__I)
                  0000c0fc    00000012     drivers_cc13x0.aem3 : RingBuf.oem3 (.text:RingBuf_construct)
                  0000c10e    00000012     dpl_cc13x0.aem3 : SemaphoreP_tirtos.oem3 (.text:SemaphoreP_pend)
                  0000c120    00000012     hello_pem3.oem3 (.text:xdc_runtime_Startup_exec__I)
                  0000c132    00000010     dpl_cc13x0.aem3 : ClockP_tirtos.oem3 (.text:ClockP_isActive)
                  0000c142    00000010                     : HwiP_tirtos.oem3 (.text:HwiP_Params_init)
                  0000c152    00000002     rom_sysbios.aem3 : rom_sysbios.obj (.text:ti_sysbios_BIOS_linkedWithIncorrectBootLibrary__E)
                  0000c154    00000010     drivers_cc13x0.aem3 : I2C.oem3 (.text:I2C_Params_init)
                  0000c164    00000010     driverlib.lib : aux_adc.obj (.text:NOROM_AUXADCFlushFifo)
                  0000c174    00000010                   : aux_adc.obj (.text:NOROM_AUXADCReadFifo)
                  0000c184    00000010                   : rfc.obj (.text:NOROM_RFCRfTrimSet)
                  0000c194    00000010                   : setup_rom.obj (.text:NOROM_SetupGetTrimForXoscHfFastStart)
                  0000c1a4    00000010                   : setup_rom.obj (.text:NOROM_SetupGetTrimForXoscHfIbiastherm)
                  0000c1b4    00000010     dpl_cc13x0.aem3 : SwiP_tirtos.oem3 (.text:SwiP_Params_init)
                  0000c1c4    00000010     drivers_cc13x0.aem3 : WatchdogCC26XX.oem3 (.text:WatchdogCC26XX_clear)
                  0000c1d4    00000010                         : Watchdog.oem3 (.text:Watchdog_Params_init)
                  0000c1e4    00000010     smartrf_settings.obj (.text:applyGenfskPatch)
                  0000c1f4    00000010     smartrf_settings_predefined.obj (.text:applyGenfskPatch)
                  0000c204    00000010     smartrf_settings_predefined.obj (.text:applyGenookPatch)
                  0000c214    00000010     smartrf_settings_predefined.obj (.text:applyLrmPatch)
                  0000c224    00000010     smartrf_settings_predefined.obj (.text:applySl_longrangePatch)
                  0000c234    00000010     drivers_cc13x0.aem3 : I2CCC26XX.oem3 (.text:i2cPostNotify)
                  0000c244    00000010     rom_sysbios.aem3 : rom_sysbios.obj (.text:ti_sysbios_family_arm_m3_Hwi_post__E)
                  0000c254    00000010     hello_pem3.oem3 (.text:ti_uia_loggers_LoggerStopMode_Object__get__S)
                  0000c264    00000010     ti.uia.loggers.aem3 : LoggerStopMode.oem3 (.text:ti_uia_loggers_LoggerStopMode_isEmpty__E)
                  0000c274    00000010     drivers_cc13x0.aem3 : UARTCC26XX.oem3 (.text:uartPostNotify)
                  0000c284    00000010     rom_sysbios.aem3 : rom_sysbios.obj (.text:xdc_runtime_SysMin_ready__E)
                  0000c294    00000010                      : rom_sysbios.obj (.text:xdc_runtime_System_vsnprintf__E)
                  0000c2a4    0000000e     driverlib.lib : vims.obj (.text:NOROM_VIMSModeGet)
                  0000c2b2    0000000e     rtsv7M3_T_le_eabi.lib : copy_decompress_none.obj (.text:decompress:none)
                  0000c2c0    0000000e     rom_sysbios.aem3 : rom_sysbios.obj (.text:ti_sysbios_family_arm_cc26xx_TimestampProvider_get32__E)
                  0000c2ce    00000002     hello_pem3.oem3 (.text:ti_sysbios_BIOS_nullFunc__I)
                  0000c2d0    0000000c     rf_multiMode_cc13x0.aem3 : RFCC26XX_multiMode.oem3 (.text:FsmNextState)
                  0000c2dc    0000000c     drivers_cc13x0.aem3 : GPTimerCC26XX.oem3 (.text:GPTimerCC26XX_Params_init)
                  0000c2e8    0000000c                         : List.oem3 (.text:List_empty)
                  0000c2f4    0000000c     driverlib.lib : cpu.obj (.text:NOROM_CPUcpsid)
                  0000c300    0000000c                   : cpu.obj (.text:NOROM_CPUcpsie)
                  0000c30c    0000000c                   : osc.obj (.text:NOROM_OSC_HPOSCRelativeFrequencyOffsetToRFCoreFormatConvert)
                  0000c318    0000000c     drivers_cc13x0.aem3 : PINCC26XX.oem3 (.text:PIN_registerIntCb)
                  0000c324    0000000c                         : PowerCC26XX.oem3 (.text:Power_getConstraintMask)
                  0000c330    0000000c                         : PowerCC26XX.oem3 (.text:Power_getDependencyCount)
                  0000c33c    0000000c     dpl_cc13x0.aem3 : SemaphoreP_tirtos.oem3 (.text:SemaphoreP_delete)
                  0000c348    0000000c     rtsv7M3_T_le_eabi.lib : copy_zero_init.obj (.text:decompress:ZI)
                  0000c354    0000000c     main.obj (.text:ti_sysbios_knl_Semaphore_handle)
                  0000c360    0000000c     rom_sysbios.aem3 : rom_sysbios.obj (.text:ti_sysbios_knl_Swi_getTrigger__E)
                  0000c36c    0000000c     hello_pem3.oem3 (.text:xdc_runtime_Startup_reset__I)
                  0000c378    0000000c     rom_sysbios.aem3 : rom_sysbios.obj (.text:xdc_runtime_Startup_rtsDone__E)
                  0000c384    0000000a     drivers_cc13x0.aem3 : ADC.oem3 (.text:ADC_Params_init)
                  0000c38e    0000000a                         : ADC.oem3 (.text:ADC_convert)
                  0000c398    0000000a                         : ADC.oem3 (.text:ADC_convertToMicroVolts)
                  0000c3a2    0000000a                         : I2CCC26XX.oem3 (.text:I2CCC26XX_init)
                  0000c3ac    0000000a                         : I2C.oem3 (.text:I2C_transfer)
                  0000c3b6    0000000a                         : PWM.oem3 (.text:PWM_setDuty)
                  0000c3c0    0000000a                         : PWM.oem3 (.text:PWM_start)
                  0000c3ca    0000000a                         : UART.oem3 (.text:UART_close)
                  0000c3d4    0000000a                         : UART.oem3 (.text:UART_control)
                  0000c3de    0000000a                         : UART.oem3 (.text:UART_write)
                  0000c3e8    0000000a                         : Watchdog.oem3 (.text:Watchdog_clear)
                  0000c3f2    0000000a                         : Watchdog.oem3 (.text:Watchdog_setReload)
                  0000c3fc    00000008                         : ADCCC26XX.oem3 (.text:ADCCC26XX_init)
                  0000c404    00000008                         : GPTimerCC26XX.oem3 (.text:GPTimerCC26XX_setLoadValue)
                  0000c40c    00000008                         : GPTimerCC26XX.oem3 (.text:GPTimerCC26XX_setMatchValue)
                  0000c414    00000008                         : I2CCC26XX.oem3 (.text:I2CCC26XX_blockingCallback)
                  0000c41c    00000008                         : WatchdogCC26XX.oem3 (.text:WatchdogCC26XX_init)
                  0000c424    00000008                         : UARTCC26XX.oem3 (.text:readSemCallback)
                  0000c42c    00000008     smartrf_settings.obj (.text:rf_patch_cpe_genfsk)
                  0000c434    00000008     smartrf_settings_predefined.obj (.text:rf_patch_cpe_genfsk)
                  0000c43c    00000008     smartrf_settings_predefined.obj (.text:rf_patch_cpe_genook)
                  0000c444    00000008     smartrf_settings_predefined.obj (.text:rf_patch_cpe_lrm)
                  0000c44c    00000008     smartrf_settings_predefined.obj (.text:rf_patch_cpe_sl_longrange)
                  0000c454    00000008     drivers_cc13x0.aem3 : UARTCC26XX.oem3 (.text:writeSemCallback)
                  0000c45c    00000008     hello_pem3.oem3 (.text:xdc_runtime_Text_visitRope__I)
                  0000c464    00000006     drivers_cc13x0.aem3 : ADCCC26XX.oem3 (.text:ADCCC26XX_control)
                  0000c46a    00000006     dpl_cc13x0.aem3 : ClockP_tirtos.oem3 (.text:ClockP_Params_init)
                  0000c470    00000006     display.aem3 : DisplayUart.oem3 (.text:DisplayUartMin_control)
                  0000c476    00000006                  : DisplayUart.oem3 (.text:DisplayUartMin_getType)
                  0000c47c    00000006     drivers_cc13x0.aem3 : I2CCC26XX.oem3 (.text:I2CCC26XX_control)
                  0000c482    00000006     driverlib.lib : cpu.obj (.text:NOROM_CPUdelay)
                  0000c488    00000006     drivers_cc13x0.aem3 : UARTCC26XX.oem3 (.text:UARTCC26XX_readPolling)
                  0000c48e    00000006                         : UARTCC26XX.oem3 (.text:UARTCC26XX_writePolling)
                  0000c494    00000006                         : WatchdogCC26XX.oem3 (.text:WatchdogCC26XX_control)
                  0000c49a    00000006     rf_multiMode_cc13x0.aem3 : RFCC26XX_multiMode.oem3 (.text:clkReqAccessFxn)
                  0000c4a0    00000006     rom_sysbios.aem3 : rom_sysbios.obj (.text:ti_sysbios_family_arm_m3_Hwi_setFunc__E)
                  0000c4a6    00000004     dpl_cc13x0.aem3 : PowerCC26XX_tirtos.oem3 (.text:CPUwfi)
                  0000c4aa    00000004                     : ClockP_tirtos.oem3 (.text:ClockP_destruct)
                  0000c4ae    00000004                     : ClockP_tirtos.oem3 (.text:ClockP_getCpuFreq)
                  0000c4b2    00000004                     : ClockP_tirtos.oem3 (.text:ClockP_getTimeout)
                  0000c4b6    00000004                     : ClockP_tirtos.oem3 (.text:ClockP_setTimeout)
                  0000c4ba    00000004                     : ClockP_tirtos.oem3 (.text:ClockP_start)
                  0000c4be    00000004                     : ClockP_tirtos.oem3 (.text:ClockP_stop)
                  0000c4c2    00000004                     : HwiP_tirtos.oem3 (.text:HwiP_destruct)
                  0000c4c6    00000004                     : HwiP_tirtos.oem3 (.text:HwiP_disable)
                  0000c4ca    00000004                     : HwiP_tirtos.oem3 (.text:HwiP_disableInterrupt)
                  0000c4ce    00000004                     : HwiP_tirtos.oem3 (.text:HwiP_enableInterrupt)
                  0000c4d2    00000004                     : HwiP_tirtos.oem3 (.text:HwiP_plug)
                  0000c4d6    00000004                     : HwiP_tirtos.oem3 (.text:HwiP_post)
                  0000c4da    00000004                     : HwiP_tirtos.oem3 (.text:HwiP_setFunc)
                  0000c4de    00000004     drivers_cc13x0.aem3 : List.oem3 (.text:List_head)
                  0000c4e2    00000004                         : List.oem3 (.text:List_next)
                  0000c4e6    00000004     rf_multiMode_cc13x0.aem3 : RFCC26XX_multiMode.oem3 (.text:Q_peek)
                  0000c4ea    00000004     dpl_cc13x0.aem3 : SemaphoreP_tirtos.oem3 (.text:SemaphoreP_destruct)
                  0000c4ee    00000004                     : SemaphoreP_tirtos.oem3 (.text:SemaphoreP_post)
                  0000c4f2    00000004                     : SwiP_tirtos.oem3 (.text:SwiP_destruct)
                  0000c4f6    00000004                     : SwiP_tirtos.oem3 (.text:SwiP_disable)
                  0000c4fa    00000004                     : SwiP_tirtos.oem3 (.text:SwiP_getTrigger)
                  0000c4fe    00000004                     : SwiP_tirtos.oem3 (.text:SwiP_or)
                  0000c502    00000004                     : SwiP_tirtos.oem3 (.text:SwiP_post)
                  0000c506    00000004                     : SystemP_tirtos.oem3 (.text:SystemP_vsnprintf)
                  0000c50a    00000004     drivers_cc13x0.aem3 : PowerCC26XX.oem3 (.text:nopResourceHandler)
                  0000c50e    00000004     rtsv7M3_T_le_eabi.lib : error.obj (.text)
                  0000c512    00000004     rom_sysbios.aem3 : rom_sysbios.obj (.text:ti_sysbios_family_arm_cc26xx_Timer_getCount64__E)
                  0000c516    00000004                      : rom_sysbios.obj (.text:ti_sysbios_knl_Clock_isActive__E)
                  0000c51a    00000004     ti.uia.loggers.aem3 : LoggerStopMode.oem3 (.text:ti_uia_loggers_LoggerStopMode_getContents__E)
                  0000c51e    00000004     hello_pem3.oem3 (.text:ti_uia_loggers_LoggerStopMode_getFilterLevel__E)
                  0000c522    00000004     ti.uia.loggers.aem3 : LoggerStopMode.oem3 (.text:ti_uia_loggers_LoggerStopMode_getInstanceId__E)
                  0000c526    00000004                         : LoggerStopMode.oem3 (.text:ti_uia_loggers_LoggerStopMode_getMaxLength__E)
                  0000c52a    00000004                         : LoggerStopMode.oem3 (.text:ti_uia_loggers_LoggerStopMode_getPriority__E)
                  0000c52e    00000004                         : LoggerStopMode.oem3 (.text:ti_uia_loggers_LoggerStopMode_getTransferType__E)
                  0000c532    00000002     rom_sysbios.aem3 : rom_sysbios.obj (.text:ti_sysbios_knl_Clock_triggerFunc__I)
                  0000c534    00000002     hello_pem3.oem3 (.text:ti_sysbios_rom_cortexm_cc13xx_CC13xx_badRomRevision__E)
                  0000c536    00000002     hello_pem3.oem3 (.text:ti_uia_loggers_LoggerStopMode_setFilterLevel__E)
                  0000c538    00000002     ti.uia.loggers.aem3 : LoggerStopMode.oem3 (.text:ti_uia_loggers_LoggerStopMode_setPriority__E)
                  0000c53a    00000002     rom_sysbios.aem3 : rom_sysbios.obj (.text:xdc_runtime_SysCallback_defaultAbort)
                  0000c53c    00000002                      : rom_sysbios.obj (.text:xdc_runtime_SysCallback_defaultExit)
                  0000c53e    00000002     --HOLE-- [fill = 0]
                  0000c540    00000008     (.tramp.ti_sysbios_knl_Swi_destruct.1)
                  0000c548    00000008     (.tramp.ti_sysbios_knl_Semaphore_destruct.1)
                  0000c550    00000008     (.tramp.ti_sysbios_family_arm_m3_Hwi_plug__E.1)
                  0000c558    00000008     (.tramp.ti_sysbios_family_arm_m3_Hwi_enableInterrupt__E.1)
                  0000c560    00000008     (.tramp.ti_sysbios_family_arm_m3_Hwi_disableInterrupt__E.1)
                  0000c568    00000008     (.tramp.ti_sysbios_family_arm_m3_Hwi_destruct.1)
                  0000c570    00000008     (.tramp.ti_sysbios_BIOS_getCpuFreq__E.1)
                  0000c578    00000008     (.tramp.ti_sysbios_knl_Clock_destruct.1)
                  0000c580    00000008     (.tramp.ti_sysbios_knl_Semaphore_delete.1)
                  0000c588    00000008     (.tramp.xdc_runtime_Startup_startMods__I.1)
                  0000c590    00000008     (.tramp.ti_sysbios_knl_Clock_logTick__E.1)
                  0000c598    00000008     (.tramp.ti_sysbios_knl_Task_Params__init__S.1)
                  0000c5a0    00000008     (.tramp.xdc_runtime_Core_assignLabel__I.1)
                  0000c5a8    00000008     (.tramp.ti_sysbios_knl_Swi_post__E.1)
                  0000c5b0    00000008     (.tramp.ti_sysbios_BIOS_RtsGateProxy_leave__E.1)
                  0000c5b8    00000008     (.tramp.xdc_runtime_Memory_free__E.1)
                  0000c5c0    00000008     (.tramp.ti_sysbios_knl_Swi_construct.1)
                  0000c5c8    00000008     (.tramp.xdc_runtime_Core_deleteObject__I.1)
                  0000c5d0    00000008     (.tramp.ti_sysbios_BIOS_RtsGateProxy_enter__E.1)
                  0000c5d8    00000008     (.tramp.ti_sysbios_knl_Task_restore__E.1)
                  0000c5e0    00000008     (.tramp.ti_sysbios_knl_Clock_getTicks__E.1)
                  0000c5e8    00000008     (.tramp.ti_sysbios_knl_Semaphore_Params__init__S.1)
                  0000c5f0    00000008     (.tramp.xdc_runtime_Memory_alloc__E.1)
                  0000c5f8    00000008     (.tramp.xdc_runtime_Core_createObject__I.1)
                  0000c600    00000008     (.tramp.ti_sysbios_knl_Task_startup__E.1)
                  0000c608    00000008     (.tramp.ti_sysbios_knl_Swi_startup__E.1)
                  0000c610    00000008     (.tramp.ti_sysbios_hal_Hwi_startup__E.1)
                  0000c618    00000008     (.tramp.ti_sysbios_family_arm_cc26xx_Timer_startup__E.1)
                  0000c620    00000008     (.tramp.xdc_runtime_System_atexit__E.1)
                  0000c628    00000008     (.tramp.ti_sysbios_BIOS_setThreadType__E.1)
                  0000c630    00000008     (.tramp.ti_sysbios_knl_Task_disable__E.1)
                  0000c638    00000008     (.tramp.ti_sysbios_knl_Swi_disable__E.1)
                  0000c640    00000008     (.tramp.ti_sysbios_family_arm_m3_Hwi_construct.1)
                  0000c648    00000008     (.tramp.ti_sysbios_knl_Swi_Params__init__S.1)
                  0000c650    00000008     (.tramp.ti_sysbios_family_arm_m3_Hwi_Params__init__S.1)
                  0000c658    00000008     (.tramp.xdc_runtime_System_exit__E.1)
                  0000c660    00000008     (.tramp.ti_sysbios_knl_Clock_construct.1)
                  0000c668    00000008     (.tramp.ti_sysbios_knl_Clock_Params__init__S.1)
                  0000c670    00000008     (.tramp.ti_sysbios_BIOS_start__E.1)
                  0000c678    00000008     (.tramp.ti_sysbios_knl_Task_construct.1)
                  0000c680    00000008     (.tramp.ti_sysbios_heaps_HeapMem_restore__E.1)
                  0000c688    00000008     (.tramp.ti_sysbios_heaps_HeapMem_Object__get__S.1)
                  0000c690    00000008     (.tramp.xdc_runtime_Gate_leaveSystem__E.1)
                  0000c698    00000008     (.tramp.xdc_runtime_Gate_enterSystem__E.1)
                  0000c6a0    00000008     (.tramp.xdc_runtime_Assert_raise__I.1)
                  0000c6a8    00000008     (.tramp.ti_sysbios_knl_Clock_scheduleNextTick__E.1)
                  0000c6b0    00000008     (.tramp.ti_sysbios_knl_Clock_walkQueueDynamic__E.1)
                  0000c6b8    00000008     (.tramp.ti_sysbios_knl_Clock_TimerProxy_getCurrentTick__E.1)
                  0000c6c0    00000008     (.tramp.ti_sysbios_knl_Task_sleep__E.1)
                  0000c6c8    00000008     (.tramp.ti_sysbios_knl_Clock_start__E.1)
                  0000c6d0    00000008     (.tramp.ti_sysbios_knl_Clock_setTimeout__E.1)
                  0000c6d8    00000008     (.tramp.ti_sysbios_knl_Semaphore_construct.1)
                  0000c6e0    00000008     (.tramp.xdc_runtime_Timestamp_get64__E.1)
                  0000c6e8    00000008     (.tramp.ti_sysbios_family_arm_m3_Hwi_disableFxn__E.1)
                  0000c6f0    00000008     (.tramp.ti_sysbios_knl_Swi_restore__E.1)
                  0000c6f8    00000008     (.tramp.ti_sysbios_knl_Semaphore_create.1)
                  0000c700    00000008     (.tramp.ti_sysbios_knl_Semaphore_post__E.1)
                  0000c708    00000008     (.tramp.ti_sysbios_knl_Semaphore_pend__E.1)
                  0000c710    00000008     (.tramp.ti_sysbios_family_arm_m3_Hwi_restoreFxn__E.1)

.const     0    0000c718    00004a6d     
                  0000c718    0000073c     smartrf_settings_predefined.obj (.const:patchGenookMce)
                  0000ce54    000006b4     smartrf_settings.obj (.const:patchGenfskRfe)
                  0000d508    000006b4     smartrf_settings_predefined.obj (.const:patchGenfskRfe)
                  0000dbbc    000006b4     smartrf_settings_predefined.obj (.const:patchLrmRfe)
                  0000e270    000006b4     smartrf_settings_predefined.obj (.const:patchSl_longrangeRfe)
                  0000e924    000006a4     smartrf_settings_predefined.obj (.const:patchGenookRfe)
                  0000efc8    00000504     smartrf_settings_predefined.obj (.const:patchHsp4mbpsRfe)
                  0000f4cc    00000400     smartrf_settings_predefined.obj (.const:patchSl_longrangeMce)
                  0000f8cc    000003f0     smartrf_settings_predefined.obj (.const:patchHsp4mbpsMce)
                  0000fcbc    000002b0     smartrf_settings.obj (.const:patchImageGenfsk)
                  0000ff6c    000002b0     smartrf_settings_predefined.obj (.const:patchImageGenfsk)
                  0001021c    000002b0     smartrf_settings_predefined.obj (.const:patchImageGenook)
                  000104cc    000002b0     smartrf_settings_predefined.obj (.const:patchImageLrm)
                  0001077c    000002b0     smartrf_settings_predefined.obj (.const:patchImageSl_longrange)
                  00010a2c    00000090     main.obj (.const:$P$T4$3)
                  00010abc    00000084     CC1310_LAUNCHXL.obj (.const:ADC_config)
                  00010b40    00000060     CC1310_LAUNCHXL.obj (.const:GPTimerCC26XX_config)
                  00010ba0    00000060     CC1310_LAUNCHXL.obj (.const:PWM_config)
                  00010c00    00000060     CC1310_LAUNCHXL.obj (.const:gptimerCC26xxHWAttrs)
                  00010c60    00000060     hello_pem3.oem3 (.const:ti_uia_loggers_LoggerStopMode_Module__FXNS__C)
                  00010cc0    0000004d     CC1310_LAUNCHXL.obj (.const:adcCC26xxHWAttrs)
                  00010d0d    00000001     display.aem3 : Display.oem3 (.const:Display_defaultParams)
                  00010d0e    0000004c     drivers_cc13x0.aem3 : PowerCC26XX.oem3 (.const:resourceDB)
                  00010d5a    00000002     hello_pem3.oem3 (.const:ti_uia_loggers_LoggerStopMode_Module__id__C)
                  00010d5c    00000048     hello_pem3.oem3 (.const:.string)
                  00010da4    00000040     drivers_cc13x0.aem3 : UARTCC26XX.oem3 (.const:$O1$$)
                  00010de4    00000040     smartrf_settings_predefined.obj (.const:rfPowerTable)
                  00010e24    0000002c     CC1310_LAUNCHXL.obj (.const:BoardGpioInitTable)
                  00010e50    0000002c     hello_pem3.oem3 (.const:xdc_runtime_Startup_sfxnTab__A)
                  00010e7c    00000028     drivers_cc13x0.aem3 : UARTCC26XX.oem3 (.const:UARTCC26XX_fxnTable)
                  00010ea4    00000028     hello_pem3.oem3 (.const:ti_uia_loggers_LoggerStopMode_Object__PARAMS__C)
                  00010ecc    00000024     drivers_cc13x0.aem3 : GPTimerCC26XX.oem3 (.const:$O1$$)
                  00010ef0    00000024                         : UART.oem3 (.const:UART_defaultParams)
                  00010f14    00000020     display.aem3 : DisplayUart.oem3 (.const:DisplayUartMin_fxnTable)
                  00010f34    00000020     drivers_cc13x0.aem3 : PWMTimerCC26XX.oem3 (.const:PWMTimerCC26XX_fxnTable)
                  00010f54    00000020     hello_pem3.oem3 (.const:ti_uia_loggers_LoggerStopMode_Object__DESC__C)
                  00010f74    00000020     CC1310_LAUNCHXL.obj (.const:uartCC26XXHWAttrs)
                  00010f94    0000001c     rf_multiMode_cc13x0.aem3 : RFCC26XX_multiMode.oem3 (.const:RF_defaultParams)
                  00010fb0    0000001c     drivers_cc13x0.aem3 : WatchdogCC26XX.oem3 (.const:WatchdogCC26XX_fxnTable)
                  00010fcc    00000018     EasyLink.obj (.const:$P$T0$3)
                  00010fe4    00000018     drivers_cc13x0.aem3 : ADCCC26XX.oem3 (.const:ADCCC26XX_fxnTable)
                  00010ffc    00000018                         : I2CCC26XX.oem3 (.const:I2CCC26XX_fxnTable)
                  00011014    00000018                         : PWM.oem3 (.const:PWM_defaultParams)
                  0001102c    00000018     CC1310_LAUNCHXL.obj (.const:i2cCC26xxHWAttrs)
                  00011044    00000018     driverlib.lib : rfc.obj (.const:rfc_defaultIrqAddr)
                  0001105c    00000016     hello_pem3.oem3 (.const:xdc_runtime_Startup_sfxnRts__A)
                  00011072    00000002     hello_pem3.oem3 (.const:ti_uia_loggers_LoggerStopMode_isTimestampEnabled__C)
                  00011074    00000014     CC1310_LAUNCHXL.obj (.const:displayUartHWAttrs)
                  00011088    00000010     drivers_cc13x0.aem3 : I2C.oem3 (.const:I2C_defaultParams)
                  00011098    00000010     CC1310_LAUNCHXL.obj (.const:PowerCC26XX_config)
                  000110a8    00000010     CC1310_LAUNCHXL.obj (.const:pwmtimerCC26xxHWAttrs)
                  000110b8    0000000c     CC1310_LAUNCHXL.obj (.const:Display_config)
                  000110c4    0000000c     CC1310_LAUNCHXL.obj (.const:I2C_config)
                  000110d0    0000000c     CC1310_LAUNCHXL.obj (.const:UART_config)
                  000110dc    0000000c     CC1310_LAUNCHXL.obj (.const:Watchdog_config)
                  000110e8    0000000c     drivers_cc13x0.aem3 : Watchdog.oem3 (.const:Watchdog_defaultParams)
                  000110f4    0000000c     hello_pem3.oem3 (.const:xdc_runtime_Startup_firstFxns__A)
                  00011100    00000009     CC1310_LAUNCHXL.obj (.const)
                  00011109    00000001     smartrf_settings_predefined.obj (.const)
                  0001110a    00000002     hello_pem3.oem3 (.const:xdc_runtime_SysMin_flushAtExit__C)
                  0001110c    00000008     drivers_cc13x0.aem3 : ADC.oem3 (.const:ADC_defaultParams)
                  00011114    00000008     CC1310_LAUNCHXL.obj (.const:PINCC26XX_hwAttrs)
                  0001111c    00000008     drivers_cc13x0.aem3 : I2CCC26XX.oem3 (.const:bitRate)
                  00011124    00000008     CC1310_LAUNCHXL.obj (.const:watchdogCC26XXHWAttrs)
                  0001112c    00000004     EasyLink.obj (.const:$P$T1$4)
[...]
1001c969  ti_sysbios_family_arm_m3_TaskSupport_buildTaskStack                       
1001c9b5  ti_sysbios_family_arm_m3_Hwi_initStacks__E                                
1001c9fd  ti_sysbios_family_arm_m3_Hwi_excHandlerAsm__I                             
1001ca1d  ti_sysbios_family_xxx_Hwi_switchAndRunFunc                                
1001ca3b  ti_sysbios_family_arm_m3_Hwi_pendSV__I                                    
1001ca53  ti_sysbios_family_arm_m3_Hwi_return                                       
1001ca55  ti_sysbios_family_arm_m3_TaskSupport_glue                                 
1001ca65  ti_sysbios_family_arm_m3_TaskSupport_swap__E                              
1001ca6d  ti_sysbios_knl_Task_swapReturn                                            
1001ca97  ti_sysbios_rom_cortexm_cc13xx_CC13xx_getRevision__E                       
20000000  ti_sysbios_family_arm_m3_Hwi_ramVectors                                   
20000100  ti_sysbios_knl_Task_Module__state__V                                      
20000144  ti_sysbios_family_arm_m3_Hwi_Module__state__V                             
20000178  ti_sysbios_knl_Clock_Module__state__V                                     
200001a4  ti_sysbios_BIOS_Module__state__V                                          
200001c8  ti_sysbios_knl_Swi_Module__state__V                                       
200001e4  ti_sysbios_family_arm_cc26xx_Timer_Module__state__V                       
200001ec  ti_sysbios_family_arm_cc26xx_TimestampProvider_Module__state__V           
200001f0  xdc_runtime_Startup_Module__state__V                                      
200001f8  xdc_runtime_System_Module__state__V                                       
20000200  xdc_runtime_Memory_Module__state__V                                       
20000280  ti_uia_loggers_LoggerStopMode_Instance_State_0_packetArray__A             
20000680  ti_uia_loggers_LoggerStopMode_Instance_State_1_packetArray__A             
2000100c  xdc_runtime_SysMin_Module_State_0_outbuf__A                               
20001c6c  uartCC26XXObjects                                                         
20001d98  __CIOBUF_                                                                 
20001eb8  gptimerCC26XXObjects                                                      
20001fd8  PIN_NumPins                                                               
2000206c  PIN_HandleTable                                                           
200020e8  pwmtimerCC26xxObjects                                                     
200021e8  i2cCC26xxObjects                                                          
200022c8  adcCC26xxObjects                                                          
200023a4  ClockP_tickPeriod                                                         
20002470  ti_sysbios_family_arm_m3_Hwi_dispatchTable                                
20002774  accelTask                                                                 
200027c4  adcTask                                                                   
20002814  gyroTask                                                                  
20002864  magTask                                                                   
200028b4  pwmTask                                                                   
20002904  rxBeaconTask                                                              
20002954  rxRestartTask                                                             
200029a4  txDataTask                                                                
20002a80  ti_uia_loggers_LoggerStopMode_Instance_State_0_hdr__A                     
20002ab0  watchdogCC26XXObjects                                                     
20002ad8  settings                                                                  
20002b00  ti_uia_loggers_LoggerStopMode_Instance_State_1_hdr__A                     
20002b30  clk0Struct                                                                
20002c6c  i2cTransaction                                                            
20002cb8  pwmparams                                                                 
20002ce4  Connections                                                               
20002d18  i2cParams                                                                 
20002d34  aBias                                                                     
20002d40  displayUartObject                                                         
20002d4c  gBias                                                                     
20002d58  mBias                                                                     
20002d64  PowerCC26XX_taskKey                                                       
20002d68  PowerCC26XX_swiKey                                                        
20002d84  aBiasRaw                                                                  
20002d8c  gBiasRaw                                                                  
20002d94  mBiasRaw                                                                  
20002d9c  params                                                                    
20002da4  aRes                                                                      
20002da8  adc0                                                                      
20002dac  adc1                                                                      
20002db0  adcValue0MicroVolt                                                        
20002db4  adcValue1MicroVolt                                                        
20002db8  gRes                                                                      
20002dbc  i2c                                                                       
20002dc0  mRes                                                                      
20002dc4  watchdogHandle                                                            
20002dca  adcValue0                                                                 
20002dcc  adcValue1                                                                 
20002dce  ax                                                                        
20002dd0  ay                                                                        
20002dd2  az                                                                        
20002dd4  gx                                                                        
20002dd6  gy                                                                        
20002dd8  gz                                                                        
20002dda  mx                                                                        
20002ddc  my                                                                        
20002dde  mz                                                                        
20002de0  temperature                                                               
20002de2  _autoCalc                                                                 
20002de3  _mAddress                                                                 
20002de4  _xgAddress                                                                
20002de5  driverlib_release_0_48919                                                 
20002de6  temp_h                                                                    
20002de7  temp_l                                                                    
20002de8  __primary_heap_start__                                                    
20003de8  PowerCC26XX_module                                                        
20003de8  __primary_heap_end__                                                      
20003efc  globalPacket                                                              
20003f94  pOverrides_sl_lr                                                          
20003ffc  ti_uia_loggers_LoggerStopMode_Object__table__V                            
20004064  pOverrides_hsm                                                            
200040c4  pOverrides_lrm                                                            
20004120  pOverrides_ook                                                            
200041d4  pOverrides_fsk                                                            
2000422c  main_func_sp                                                              
20004230  ti_sysbios_family_arm_cc26xx_Timer_Object__table__V                       
20004278  RF_pProp_fsk                                                              
2000427c  RF_pProp_lrm                                                              
20004280  RF_pProp_ook                                                              
20004284  RF_pProp_hsm                                                              
20004288  RF_pProp_sl_lr                                                            
2000428c  RF_pProp_2_4G_fsk                                                         
20004290  RF_pCmdPropRadioDivSetup_fsk                                              
20004294  RF_pCmdPropRadioDivSetup_lrm                                              
20004298  RF_pCmdPropRadioDivSetup_ook                                              
2000429c  RF_pCmdRadioSetup_hsm                                                     
200042a0  RF_pCmdPropRadioDivSetup_sl_lr                                            
200042a4  RF_pCmdPropRadioSetup_2_4G_fsk                                            
200042a8  RF_pCmdTxHS                                                               
200042ac  RF_pCmdRxHS                                                               
200042b0  RF_pCmdFs_preDef                                                          
200042b4  RF_pCmdPropTx_preDef                                                      
200042b8  RF_pCmdPropRxAdv_preDef                                                   
200042bc  ti_sysbios_gates_GateMutex_Object__table__V                               
200042f4  RF_cmdPropRxAdv_preDef                                                    
20004324  goodToGo                                                                  
20004328  pwmPeriod                                                                 
2000432a  pwmduty                                                                   
2000432c  pwmdutyInc                                                                
20004330  polarity                                                                  
20004334  pwmtime                                                                   
20004338  pwm1                                                                      
2000433c  pwm2                                                                      
20004340  bytesRead                                                                 
20004344  numConnections                                                            
20004348  AXN                                                                       
2000434c  AYN                                                                       
20004350  AZN                                                                       
20004354  ti_sysbios_knl_Swi_Module_State_0_readyQ__A                               
20004384  ti_sysbios_knl_Swi_Object__table__V                                       
200043b4  ti_sysbios_knl_Task_Module_State_0_readyQ__A                              
200043e4  RF_cmdPropRadioDivSetup                                                   
2000440c  RF_cmdPropRadioDivSetup_fsk                                               
20004434  RF_cmdPropRadioDivSetup_lrm                                               
2000445c  RF_cmdPropRadioDivSetup_ook                                               
20004484  RF_cmdPropRadioDivSetup_sl_lr                                             
200044ac  RF_cmdRxHS                                                                
200044f0  pinTable                                                                  
20004510  ti_sysbios_knl_Clock_Object__table__V                                     
20004530  xdc_runtime_Error_IgnoreBlock                                             
20004550  RF_cmdFs                                                                  
20004568  RF_cmdFs_preDef                                                           
20004580  RF_cmdPropTx                                                              
20004598  RF_cmdPropTx_preDef                                                       
200045b0  RF_cmdRadioSetup_hsm                                                      
200045e0  shapeovr                                                                  
200045f8  ti_sysbios_family_arm_m3_Hwi_Object__table__V                             
20004610  ti_sysbios_heaps_HeapMem_Object__table__V                                 
20004628  RF_cmdTxHS                                                                
2000465c  RF_prop                                                                   
2000466c  RF_prop_fsk                                                               
2000467c  RF_prop_hsm                                                               
2000468c  RF_prop_lrm                                                               
2000469c  RF_prop_ook                                                               
200046ac  RF_prop_sl_lr                                                             
200046ca  ti_sysbios_family_arm_m3_Hwi_Module_State_0_excActive__A                  
200046cc  __TI_cleanup_ptr                                                          
200046d0  __TI_dtors_ptr                                                            
200046d4  __TI_enable_exit_profile_output                                           
200046d8  ti_sysbios_knl_Task_Module__root__V                                       
200046e4  ti_uia_runtime_QueueDescriptor_Module__state__V                           
200046f0  xdc_runtime_SysMin_Module__state__V                                       
200046fc  _lock                                                                     
20004700  _unlock                                                                   
20004704  ti_uia_runtime_QueueDescriptor_gPtrToFirstDescriptor                      
20004708  ti_uia_runtime_QueueDescriptor_gUpdateCount                               
2000470c  ti_sysbios_family_arm_m3_Hwi_Module__root__V                              
20004714  ti_sysbios_gates_GateHwi_Module__root__V                                  
2000471c  ti_sysbios_gates_GateMutex_Module__root__V                                
20004724  ti_sysbios_hal_Hwi_Module__root__V                                        
2000472c  ti_sysbios_heaps_HeapMem_Module__root__V                                  
20004734  ti_sysbios_knl_Clock_Module__root__V                                      
2000473c  ti_sysbios_knl_Mailbox_Module__root__V                                    
20004744  ti_sysbios_knl_Queue_Module__root__V                                      
2000474c  ti_sysbios_knl_Semaphore_Module__root__V                                  
20004754  ti_sysbios_knl_Swi_Module__root__V                                        
2000475c  ti_uia_loggers_LoggerStopMode_Module__root__V                             
20004764  xdc_runtime_Registry_Module__state__V                                     
2000476c  xdc_runtime_System_Module_State_0_atexitHandlers__A                       
20004774  ti_sysbios_family_arm_m3_Hwi_Module_State_0_excContext__A                 
20004778  ti_sysbios_family_arm_m3_Hwi_Module_State_0_excStack__A                   
2000477c  ti_sysbios_knl_Task_Module_State_0_idleTask__A                            
20004780  xdc_runtime_Main_Module__root__V                                          
20004c00  __stack                                                                   
20005000  __STACK_END                                                               
e000e000  ti_sysbios_family_arm_m3_Hwi_nvic                                         
ffffffff  __TI_pprof_out_hndl                                                       
ffffffff  __TI_prof_data_size                                                       
ffffffff  __TI_prof_data_start                                                      
ffffffff  __binit__                                                                 
ffffffff  __c_args__                                                                
ffffffff  binit                                                                     
UNDEFED   ClockP_getSystemTicks                                                     
UNDEFED   HwiP_restore                                                              
UNDEFED   SHT$$INIT_ARRAY$$Base                                                     
UNDEFED   SHT$$INIT_ARRAY$$Limit                                                    
UNDEFED   SwiP_restore                                                              
UNDEFED   ti_sysbios_BIOS_RtsGateProxy_Handle__label__S__mangled__                  
UNDEFED   ti_sysbios_BIOS_RtsGateProxy_Params__init__S__mangled__                   
UNDEFED   ti_sysbios_BIOS_RtsGateProxy_query__E__mangled__                          
UNDEFED   ti_sysbios_hal_Hwi_HwiProxy_Module__startupDone__S__mangled__             
UNDEFED   ti_sysbios_hal_Hwi_HwiProxy_Params__init__S__mangled__                    
UNDEFED   ti_sysbios_hal_Hwi_HwiProxy_disableInterrupt__E__mangled__                
UNDEFED   ti_sysbios_hal_Hwi_HwiProxy_enableInterrupt__E__mangled__                 
UNDEFED   ti_sysbios_hal_Hwi_HwiProxy_getStackInfo__E__mangled__                    
UNDEFED   ti_sysbios_hal_Hwi_HwiProxy_startup__E__mangled__                         
UNDEFED   ti_sysbios_hal_Hwi_HwiProxy_switchFromBootStack__E__mangled__             
UNDEFED   ti_sysbios_hal_Hwi_disableInterrupt__E                                    
UNDEFED   ti_sysbios_hal_Hwi_enableInterrupt__E                                     
UNDEFED   ti_sysbios_hal_Hwi_getStackInfo__E                                        
UNDEFED   ti_sysbios_hal_Hwi_startup__E                                             
UNDEFED   ti_sysbios_hal_Hwi_switchFromBootStack__E                                 
UNDEFED   ti_sysbios_heaps_HeapMem_Module_GateProxy_Handle__label__S__mangled__     
UNDEFED   ti_sysbios_heaps_HeapMem_Module_GateProxy_Params__init__S__mangled__      
UNDEFED   ti_sysbios_heaps_HeapMem_Module_GateProxy_query__E__mangled__             
UNDEFED   ti_sysbios_knl_Clock_TimerProxy_Module__startupDone__S__mangled__         
UNDEFED   ti_sysbios_knl_Clock_TimerProxy_startup__E__mangled__                     
UNDEFED   ti_sysbios_knl_Task_SupportProxy_Module__startupDone__S__mangled__        
UNDEFED   ti_sysbios_knl_Task_SupportProxy_getStackAlignment__E__mangled__          
UNDEFED   ti_sysbios_knl_Task_SupportProxy_start__E__mangled__                      
UNDEFED   ti_sysbios_knl_Task_SupportProxy_swap__E__mangled__                       
UNDEFED   xdc_runtime_Main_Module_GateProxy_Handle__label__S                        
UNDEFED   xdc_runtime_Main_Module_GateProxy_query__E                                
UNDEFED   xdc_runtime_Memory_HeapProxy_Handle__label__S__mangled__                  
UNDEFED   xdc_runtime_System_Module_GateProxy_Handle__label__S__mangled__           
UNDEFED   xdc_runtime_System_Module_GateProxy_query__E__mangled__                   
UNDEFED   xdc_runtime_Timestamp_SupportProxy_get64__E__mangled__                    
UNDEFED   xdc_runtime_Timestamp_SupportProxy_getFreq__E__mangled__                  
UNDEFED   xdc_runtime_Timestamp_get32__E                                            
UNDEFED   xdc_runtime_Timestamp_get64__E                                            
UNDEFED   xdc_runtime_Timestamp_getFreq__E                                          

[1173 symbols]
