******************************************************************************
                  TI ARM Linker Unix v16.9.3                   
******************************************************************************
>> Linked Mon Jun 11 10:13:49 2018

OUTPUT FILE NAME:   <Sprite.out>
ENTRY POINT SYMBOL: "ResetISR"  address: 00009c41


MEMORY CONFIGURATION

         name            origin    length      used     unused   attr    fill
----------------------  --------  ---------  --------  --------  ----  --------
  FLASH                 00000000   00020000  0000fd72  0001028e  R  X
  SRAM                  20000000   00005000  00004d55  000002ab  RW X


SEGMENT ALLOCATION MAP

run origin  load origin   length   init length attrs members
----------  ----------- ---------- ----------- ----- -------
00000000    00000000    00000500   00000500    r--
  00000000    00000000    0000003c   0000003c    r-- .resetVecs
  00000040    00000040    000004c0   000004c0    r-- .cinit
00001000    00001000    0000f82a   0000f82a    r-x
  00001000    00001000    0000003c   0000003c    r-- .const:ti_sysbios_knl_Task_Object__PARAMS__C
  0000103c    0000103c    00000034   00000034    r-- .const:ti_sysbios_knl_Mailbox_Object__PARAMS__C
  00001070    00001070    00000030   00000030    r-- .const:ti_sysbios_family_arm_m3_Hwi_Object__PARAMS__C
  000010a0    000010a0    0000002c   0000002c    r-- .const:ti_sysbios_hal_Hwi_Object__PARAMS__C
  000010cc    000010cc    00000028   00000028    r-- .const:ti_sysbios_heaps_HeapMem_Module__FXNS__C
  000010f4    000010f4    00000028   00000028    r-- .const:ti_sysbios_knl_Swi_Object__PARAMS__C
  0000111c    0000111c    00000024   00000024    r-- .const:ti_sysbios_gates_GateHwi_Module__FXNS__C
  00001140    00001140    00000024   00000024    r-- .const:ti_sysbios_gates_GateMutex_Module__FXNS__C
  00001164    00001164    00000024   00000024    r-- .const:ti_sysbios_heaps_HeapMem_Object__PARAMS__C
  00001188    00001188    00000024   00000024    r-- .const:ti_sysbios_knl_Clock_Object__PARAMS__C
  000011ac    000011ac    00000024   00000024    r-- .const:ti_sysbios_knl_Semaphore_Object__PARAMS__C
  000011d0    000011d0    00000020   00000020    r-- .const:ti_sysbios_family_arm_m3_Hwi_Object__DESC__C
  000011f0    000011f0    00000020   00000020    r-- .const:ti_sysbios_gates_GateHwi_Object__DESC__C
  00001210    00001210    00000020   00000020    r-- .const:ti_sysbios_gates_GateMutex_Object__DESC__C
  00001230    00001230    00000020   00000020    r-- .const:ti_sysbios_hal_Hwi_Object__DESC__C
  00001250    00001250    00000020   00000020    r-- .const:ti_sysbios_heaps_HeapMem_Object__DESC__C
  00001270    00001270    00000020   00000020    r-- .const:ti_sysbios_knl_Clock_Object__DESC__C
  00001290    00001290    00000020   00000020    r-- .const:ti_sysbios_knl_Mailbox_Object__DESC__C
  000012b0    000012b0    00000020   00000020    r-- .const:ti_sysbios_knl_Queue_Object__DESC__C
  000012d0    000012d0    00000020   00000020    r-- .const:ti_sysbios_knl_Semaphore_Object__DESC__C
  000012f0    000012f0    00000020   00000020    r-- .const:ti_sysbios_knl_Swi_Object__DESC__C
  00001310    00001310    00000020   00000020    r-- .const:ti_sysbios_knl_Task_Object__DESC__C
  00001330    00001330    00000018   00000018    r-- .const:ti_sysbios_gates_GateHwi_Object__PARAMS__C
  00001348    00001348    00000018   00000018    r-- .const:ti_sysbios_gates_GateMutex_Object__PARAMS__C
  00001360    00001360    00000018   00000018    r-- .const:ti_sysbios_knl_Queue_Object__PARAMS__C
  00001378    00001378    00000008   00000008    r-- .const:ti_sysbios_knl_Idle_funcList__C
  00001384    00001384    00000004   00000004    r-- .const:ti_sysbios_family_arm_cc26xx_Timer_startupNeeded__C
  00001388    00001388    00000004   00000004    r-- .const:ti_sysbios_family_arm_m3_Hwi_E_alreadyDefined__C
  0000138c    0000138c    00000004   00000004    r-- .const:ti_sysbios_family_arm_m3_Hwi_E_hwiLimitExceeded__C
  00001390    00001390    00000004   00000004    r-- .const:ti_sysbios_family_arm_m3_Hwi_NUM_INTERRUPTS__C
  00001394    00001394    00000004   00000004    r-- .const:ti_sysbios_family_arm_m3_Hwi_Object__count__C
  00001398    00001398    00000004   00000004    r-- .const:ti_sysbios_family_arm_m3_Hwi_Object__table__C
  0000139c    0000139c    00000004   00000004    r-- .const:ti_sysbios_family_arm_m3_Hwi_ccr__C
  000013a0    000013a0    00000004   00000004    r-- .const:ti_sysbios_family_arm_m3_Hwi_excHandlerFunc__C
  000013a4    000013a4    00000004   00000004    r-- .const:ti_sysbios_family_arm_m3_Hwi_nullIsrFunc__C
  000013a8    000013a8    00000004   00000004    r-- .const:ti_sysbios_family_arm_m3_Hwi_numSparseInterrupts__C
  000013ac    000013ac    00000004   00000004    r-- .const:ti_sysbios_family_arm_m3_Hwi_priGroup__C
  000013b0    000013b0    00000004   00000004    r-- .const:ti_sysbios_family_arm_m3_TaskSupport_stackAlignment__C
  000013b4    000013b4    00000004   00000004    r-- .const:ti_sysbios_heaps_HeapMem_E_memory__C
  000013b8    000013b8    00000004   00000004    r-- .const:ti_sysbios_heaps_HeapMem_Module__gateObj__C
  000013bc    000013bc    00000004   00000004    r-- .const:ti_sysbios_heaps_HeapMem_Object__count__C
  000013c0    000013c0    00000004   00000004    r-- .const:ti_sysbios_heaps_HeapMem_Object__table__C
  000013c4    000013c4    00000004   00000004    r-- .const:ti_sysbios_heaps_HeapMem_reqAlign__C
  000013c8    000013c8    00000004   00000004    r-- .const:ti_sysbios_knl_Clock_serviceMargin__C
  000013cc    000013cc    00000004   00000004    r-- .const:ti_sysbios_knl_Mailbox_Object__count__C
  000013d0    000013d0    00000004   00000004    r-- .const:ti_sysbios_knl_Mailbox_Object__table__C
  000013d4    000013d4    00000004   00000004    r-- .const:ti_sysbios_knl_Mailbox_maxTypeAlign__C
  000013d8    000013d8    00000004   00000004    r-- .const:ti_sysbios_knl_Queue_Object__count__C
  000013dc    000013dc    00000004   00000004    r-- .const:ti_sysbios_knl_Queue_Object__table__C
  000013e0    000013e0    00000004   00000004    r-- .const:ti_sysbios_knl_Swi_Object__count__C
  000013e4    000013e4    00000004   00000004    r-- .const:ti_sysbios_knl_Swi_Object__table__C
  000013e8    000013e8    00000004   00000004    r-- .const:ti_sysbios_knl_Swi_numPriorities__C
  000013ec    000013ec    00000004   00000004    r-- .const:ti_sysbios_knl_Task_Object__count__C
  000013f0    000013f0    00000004   00000004    r-- .const:ti_sysbios_knl_Task_Object__table__C
  000013f4    000013f4    00000004   00000004    r-- .const:ti_sysbios_knl_Task_allBlockedFunc__C
  000013f8    000013f8    00000004   00000004    r-- .const:ti_sysbios_knl_Task_defaultStackHeap__C
  000013fc    000013fc    00000004   00000004    r-- .const:ti_sysbios_knl_Task_defaultStackSize__C
  00001400    00001400    00000004   00000004    r-- .const:ti_sysbios_knl_Task_numConstructedTasks__C
  00001406    00001406    00000002   00000002    r-- .const:ti_sysbios_family_arm_cc26xx_Timer_Module__id__C
  00001408    00001408    00000002   00000002    r-- .const:ti_sysbios_family_arm_cc26xx_TimestampProvider_useClockTimer__C
  0000140a    0000140a    00000002   00000002    r-- .const:ti_sysbios_family_arm_m3_Hwi_Module__id__C
  0000140c    0000140c    00000002   00000002    r-- .const:ti_sysbios_gates_GateHwi_Module__id__C
  0000140e    0000140e    00000002   00000002    r-- .const:ti_sysbios_gates_GateMutex_Module__id__C
  00001410    00001410    00000002   00000002    r-- .const:ti_sysbios_heaps_HeapMem_Module__id__C
  00001412    00001412    00000002   00000002    r-- .const:ti_sysbios_knl_Task_initStackFlag__C
  00001414    00001414    00000001   00000001    r-- .const:ti_sysbios_knl_Clock_tickMode__C
  00001418    00001418    00000008   00000008    r-- .const:xdc_runtime_Startup_firstFxns__C
  00001420    00001420    00000008   00000008    r-- .const:xdc_runtime_Startup_lastFxns__C
  00001428    00001428    00000004   00000004    r-- .const:xdc_runtime_Assert_E_assertFailed__C
  0000142c    0000142c    00000004   00000004    r-- .const:xdc_runtime_Error_E_memory__C
  00001430    00001430    00000004   00000004    r-- .const:xdc_runtime_Error_policyFxn__C
  00001434    00001434    00000004   00000004    r-- .const:xdc_runtime_IGateProvider_Interface__BASE__C
  00001438    00001438    00000004   00000004    r-- .const:xdc_runtime_IHeap_Interface__BASE__C
  0000143c    0000143c    00000004   00000004    r-- .const:xdc_runtime_IModule_Interface__BASE__C
  00001440    00001440    00000004   00000004    r-- .const:xdc_runtime_Main_Module__diagsEnabled__C
  00001444    00001444    00000004   00000004    r-- .const:xdc_runtime_Main_Module__diagsIncluded__C
  00001448    00001448    00000004   00000004    r-- .const:xdc_runtime_Main_Module__diagsMask__C
  0000144c    0000144c    00000004   00000004    r-- .const:xdc_runtime_Memory_defaultHeapInstance__C
  00001450    00001450    00000004   00000004    r-- .const:xdc_runtime_Startup_execImpl__C
  00001454    00001454    00000004   00000004    r-- .const:xdc_runtime_Startup_maxPasses__C
  00001458    00001458    00000004   00000004    r-- .const:xdc_runtime_Startup_sfxnRts__C
  0000145c    0000145c    00000004   00000004    r-- .const:xdc_runtime_Startup_sfxnTab__C
  00001460    00001460    00000004   00000004    r-- .const:xdc_runtime_Startup_startModsFxn__C
  00001464    00001464    00000004   00000004    r-- .const:xdc_runtime_SysCallback_abortFxn__C
  00001468    00001468    00000004   00000004    r-- .const:xdc_runtime_SysCallback_exitFxn__C
  0000146c    0000146c    00000004   00000004    r-- .const:xdc_runtime_System_abortFxn__C
  00001470    00001470    00000004   00000004    r-- .const:xdc_runtime_System_exitFxn__C
  00001474    00001474    00000004   00000004    r-- .const:xdc_runtime_System_maxAtexitHandlers__C
  00001478    00001478    00000004   00000004    r-- .const:xdc_runtime_Text_charTab__C
  0000147c    0000147c    00000004   00000004    r-- .const:xdc_runtime_Text_nameEmpty__C
  00001480    00001480    00000004   00000004    r-- .const:xdc_runtime_Text_nameStatic__C
  00001484    00001484    00000004   00000004    r-- .const:xdc_runtime_Text_nameUnknown__C
  00001488    00001488    00000002   00000002    r-- .const:xdc_runtime_Main_Module__id__C
  0000148a    0000148a    00000002   00000002    r-- .const:xdc_runtime_Memory_Module__id__C
  0000148c    0000148c    00000002   00000002    r-- .const:xdc_runtime_Text_charCnt__C
  0000148e    0000148e    00000002   00000002    r-- .const:xdc_runtime_Text_isLoaded__C
  00001490    00001490    00000001   00000001    r-- .const:xdc_runtime_Error_policy__C
  00001494    00001494    00000004   00000004    r-- .const:ti_sysbios_rom_ROM_AONRTCChannelEnable
  00001498    00001498    00000004   00000004    r-- .const:ti_sysbios_rom_ROM_AONRTCCompareValueSet
  0000149c    0000149c    00000004   00000004    r-- .const:ti_sysbios_rom_ROM_AONRTCCurrentCompareValueGet
  000014a0    000014a0    00000004   00000004    r-- .const:ti_sysbios_rom_ROM_AONRTCEventClear
  000014a4    000014a4    00000004   00000004    r-- .const:ti_sysbios_rom_ROM_ti_sysbios_family_arm_cc26xx_Timer_getCount64__E
  000014a8    000014a8    00000004   00000004    r-- .const:ti_sysbios_rom_ROM_ti_sysbios_family_arm_cc26xx_Timer_getCurrentTick__E
  000014ac    000014ac    00000004   00000004    r-- .const:ti_sysbios_rom_ROM_ti_sysbios_family_arm_cc26xx_Timer_getMaxTicks__E
  000014b0    000014b0    00000004   00000004    r-- .const:ti_sysbios_rom_ROM_ti_sysbios_family_arm_cc26xx_Timer_initDevice__I
  000014b4    000014b4    00000004   00000004    r-- .const:ti_sysbios_rom_ROM_ti_sysbios_family_arm_cc26xx_Timer_setNextTick__E
  000014b8    000014b8    00000004   00000004    r-- .const:ti_sysbios_rom_ROM_ti_sysbios_family_arm_cc26xx_Timer_setThreshold__I
  000014bc    000014bc    00000004   00000004    r-- .const:ti_sysbios_rom_ROM_ti_sysbios_family_arm_cc26xx_Timer_start__E
  000014c0    000014c0    00000004   00000004    r-- .const:ti_sysbios_rom_ROM_ti_sysbios_family_arm_cc26xx_TimestampProvider_get32__E
  000014c4    000014c4    00000004   00000004    r-- .const:ti_sysbios_rom_ROM_xdc_runtime_Startup_getState__I
  000014c8    000014c8    00000004   00000004    r-- .const:ti_sysbios_rom_ROM_xdc_runtime_System_SupportProxy_abort__E
  000014cc    000014cc    00000004   00000004    r-- .const:ti_sysbios_rom_ROM_xdc_runtime_System_SupportProxy_exit__E
  000014d0    000014d0    00000004   00000004    r-- .const:ti_sysbios_gates_GateMutex_Instance_State_sem__O
  000014d4    000014d4    00000004   00000004    r-- .const:ti_sysbios_knl_Clock_Module_State_clockQ__O
  000014d8    000014d8    00000004   00000004    r-- .const:ti_sysbios_knl_Mailbox_Instance_State_dataQue__O
  000014dc    000014dc    00000004   00000004    r-- .const:ti_sysbios_knl_Mailbox_Instance_State_dataSem__O
  000014e0    000014e0    00000004   00000004    r-- .const:ti_sysbios_knl_Mailbox_Instance_State_freeQue__O
  000014e4    000014e4    00000004   00000004    r-- .const:ti_sysbios_knl_Mailbox_Instance_State_freeSem__O
  000014e8    000014e8    00000004   00000004    r-- .const:ti_sysbios_knl_Semaphore_Instance_State_pendQ__O
  000014ec    000014ec    00000004   00000004    r-- .const:ti_sysbios_knl_Task_Module_State_inactiveQ__O
  000014f0    000014f0    0000a90c   0000a90c    r-x .text
  0000bdfc    0000bdfc    00004a2e   00004a2e    r-- .const
0001ffa8    0001ffa8    00000058   00000058    r--
  0001ffa8    0001ffa8    00000058   00000058    r-- .ccfg
20000100    20000100    00000104   00000000    rw-
  20000100    20000100    00000044   00000000    rw- .data:ti_sysbios_knl_Task_Module__state__V
  20000144    20000144    00000034   00000000    rw- .data:ti_sysbios_family_arm_m3_Hwi_Module__state__V
  20000178    20000178    0000002c   00000000    rw- .data:ti_sysbios_knl_Clock_Module__state__V
  200001a4    200001a4    00000024   00000000    rw- .data:ti_sysbios_BIOS_Module__state__V
  200001c8    200001c8    0000001c   00000000    rw- .data:ti_sysbios_knl_Swi_Module__state__V
  200001e4    200001e4    00000008   00000000    rw- .data:ti_sysbios_family_arm_cc26xx_Timer_Module__state__V
  200001ec    200001ec    00000004   00000000    rw- .data:ti_sysbios_family_arm_cc26xx_TimestampProvider_Module__state__V
  200001f0    200001f0    00000008   00000000    rw- .data:xdc_runtime_Startup_Module__state__V
  200001f8    200001f8    00000008   00000000    rw- .data:xdc_runtime_System_Module__state__V
  20000200    20000200    00000004   00000000    rw- .data:xdc_runtime_Memory_Module__state__V
20000280    20000280    00002dd4   00000000    rw-
  20000280    20000280    00002dd4   00000000    rw- .bss
20003058    20003058    00001000   00000000    r--
  20003058    20003058    00001000   00000000    r-- .priheap
20004058    20004058    000009b5   00000000    rw-
  20004058    20004058    000009b5   00000000    rw- .data
20004c00    20004c00    00000400   00000000    rw-
  20004c00    20004c00    00000400   00000000    rw- .stack


SECTION ALLOCATION MAP

 output                                  attributes/
section   page    origin      length       input sections
--------  ----  ----------  ----------   ----------------
.text      0    000014f0    0000a90c     
                  000014f0    0000044c     rf_multiMode_cc13x0.aem3 : RFCC26XX_multiMode.oem3 (.text:fsmActiveState)
                  0000193c    000003c4     EasyLink.obj (.text:EasyLink_init)
                  00001d00    00000324     rtsv7M3_T_le_eabi.lib : trgdrv.obj (.text)
                  00002024    0000030c     drivers_cc13x0.aem3 : PowerCC26XX_calibrateRCOSC.oem3 (.text:PowerCC26XX_auxISR)
                  00002330    00000248     rtsv7M3_T_le_eabi.lib : vla_alloc.obj (.text)
                  00002578    00000228     driverlib.lib : sys_ctrl.obj (.text:NOROM_SysCtrlSetRechargeBeforePowerDown)
                  000027a0    0000021c     drivers_cc13x0.aem3 : PowerCC26XX.oem3 (.text:Power_sleep)
                  000029bc    00000200     rf_multiMode_cc13x0.aem3 : RFCC26XX_multiMode.oem3 (.text:RF_open)
                  00002bbc    000001f4     rtsv7M3_T_le_eabi.lib : ull_div_t2.obj (.text)
                  00002db0    000001e4     main.obj (.text:LSM9DS1init)
                  00002f94    000001a4     EasyLink.obj (.text:EasyLink_setRfPwr)
                  00003138    0000019c     rf_multiMode_cc13x0.aem3 : RFCC26XX_multiMode.oem3 (.text:fsmSetupState)
                  000032d4    00000190     drivers_cc13x0.aem3 : PowerCC26XX_calibrateRCOSC.oem3 (.text:PowerCC26XX_doCalibrate)
                  00003464    0000018c                         : PINCC26XX.oem3 (.text:PIN_init)
                  000035f0    00000188     EasyLink.obj (.text:rxDoneCallback)
                  00003778    00000180     main.obj (.text:initGyro)
                  000038f8    00000170     EasyLink.obj (.text:EasyLink_receiveAsync)
                  00003a68    00000164     drivers_cc13x0.aem3 : UARTCC26XX.oem3 (.text:UARTCC26XX_open)
                  00003bcc    00000158     rf_multiMode_cc13x0.aem3 : RFCC26XX_multiMode.oem3 (.text:RF_postCmd)
                  00003d24    00000154     drivers_cc13x0.aem3 : I2CCC26XX.oem3 (.text:I2CCC26XX_open)
                  00003e78    00000154     rf_multiMode_cc13x0.aem3 : RFCC26XX_multiMode.oem3 (.text:radioOpDoneCb)
                  00003fcc    00000150                              : RFCC26XX_multiMode.oem3 (.text:abortCmd)
                  0000411c    00000150     smartrf_settings_predefined.obj (.text:rf_patch_mce_genook)
                  0000426c    00000150     main.obj (.text:txDataTaskFunc)
                  000043bc    00000148     rf_multiMode_cc13x0.aem3 : RFCC26XX_multiMode.oem3 (.text:fsmChangePhyState)
                  00004504    00000140     main.obj (.text:gpsFunc)
                  00004644    0000013c     EasyLink.obj (.text:EasyLink_transmit)
                  00004780    00000138     hello_pem3.oem3 (.text:ti_uia_loggers_LoggerStopMode_writeMemoryRange__E)
                  000048b8    00000134     main.obj (.text:initAccel)
                  000049ec    00000130     driverlib.lib : setup_rom.obj (.text:NOROM_SetupAfterColdResetWakeupFromShutDownCfg3)
                  00004b1c    0000012c     drivers_cc13x0.aem3 : PowerCC26XX.oem3 (.text:Power_init)
                  00004c48    00000128     smartrf_settings.obj (.text:rf_patch_rfe_genfsk)
                  00004d70    00000128     smartrf_settings_predefined.obj (.text:rf_patch_rfe_genfsk)
                  00004e98    00000128     smartrf_settings_predefined.obj (.text:rf_patch_rfe_lrm)
                  00004fc0    00000128     smartrf_settings_predefined.obj (.text:rf_patch_rfe_sl_longrange)
                  000050e8    0000011c     rf_multiMode_cc13x0.aem3 : RFCC26XX_multiMode.oem3 (.text:RF_close)
                  00005204    00000118     drivers_cc13x0.aem3 : UARTCC26XX.oem3 (.text:UARTCC26XX_read)
                  0000531c    00000118     main.obj (.text:initMag)
                  00005434    00000114     smartrf_settings_predefined.obj (.text:rf_patch_mce_hsp_4mbps)
                  00005548    00000110     drivers_cc13x0.aem3 : I2CCC26XX.oem3 (.text:I2CCC26XX_hwiFxn)
                  00005658    0000010c     hello_pem3.oem3 (.text:ti_uia_loggers_LoggerStopMode_write8__E)
                  00005764    0000010a     drivers_cc13x0.aem3 : UARTCC26XX.oem3 (.text:UARTCC26XX_hwiIntFxn)
                  0000586e    00000002                         : PWMTimerCC26XX.oem3 (.text:PWMTimerCC26XX_init)
                  00005870    00000108     rf_multiMode_cc13x0.aem3 : RFCC26XX_multiMode.oem3 (.text:fsmPowerUpState)
                  00005978    00000108                              : RFCC26XX_multiMode.oem3 (.text:hwiFxnCpe0Active)
                  00005a80    00000104     main.obj (.text:rxDoneCb)
                  00005b84    000000fc     drivers_cc13x0.aem3 : UARTCC26XX.oem3 (.text:UARTCC26XX_write)
                  00005c80    000000f8     main.obj (.text:semaphoreSetup)
                  00005d78    000000f4     hello_pem3.oem3 (.text:ti_uia_loggers_LoggerStopMode_write4__E)
                  00005e6c    000000f0     driverlib.lib : setup_rom.obj (.text:NOROM_SetupAfterColdResetWakeupFromShutDownCfg2)
                  00005f5c    000000ec     drivers_cc13x0.aem3 : PWMTimerCC26XX.oem3 (.text:PWMTimerCC26XX_open)
                  00006048    000000e8     hello_pem3.oem3 (.text:ti_uia_loggers_LoggerStopMode_write1__E)
                  00006130    000000e8     hello_pem3.oem3 (.text:ti_uia_loggers_LoggerStopMode_write2__E)
                  00006218    000000dc     driverlib.lib : rfc.obj (.text:NOROM_RFCOverrideUpdate)
                  000062f4    000000dc     drivers_cc13x0.aem3 : PINCC26XX.oem3 (.text:PINCC26XX_setIoCfg)
                  000063d0    000000d8     EasyLink.obj (.text:EasyLink_enableRxAddrFilter)
                  000064a8    000000d8     smartrf_settings_predefined.obj (.text:rf_patch_rfe_genook)
                  00006580    000000d8     smartrf_settings_predefined.obj (.text:rf_patch_rfe_hsp_4mbps)
                  00006658    000000d8     hello_pem3.oem3 (.text:ti_uia_loggers_LoggerStopMode_write0__E)
                  00006730    000000d4     driverlib.lib : rfc.obj (.text:NOROM_RFCRfTrimRead)
                  00006804    000000d0     dpl_cc13x0.aem3 : PowerCC26XX_tirtos.oem3 (.text:PowerCC26XX_standbyPolicy)
                  000068d4    000000cc     EasyLink.obj (.text:EasyLink_setFrequency)
                  000069a0    000000c4     drivers_cc13x0.aem3 : ADCCC26XX.oem3 (.text:ADCCC26XX_convert)
                  00006a64    000000c4     driverlib.lib : setup.obj (.text:TrimAfterColdResetWakeupFromShutDown)
                  00006b28    000000c4     smartrf_settings_predefined.obj (.text:rf_patch_mce_sl_longrange)
                  00006bec    000000c4     main.obj (.text:rxBeaconFunc)
                  00006cb0    000000c0     drivers_cc13x0.aem3 : I2CCC26XX.oem3 (.text:I2CCC26XX_transfer)
                  00006d70    000000c0     driverlib.lib : aux_adc.obj (.text:NOROM_AUXADCEnableSync)
                  00006e30    000000bc     drivers_cc13x0.aem3 : GPTimerCC26XX.oem3 (.text:GPTimerCC26XX_open)
                  00006eec    000000bc     main.obj (.text:I2CreadBytes)
                  00006fa8    000000bc     drivers_cc13x0.aem3 : PowerCC26XX.oem3 (.text:Power_releaseDependency)
                  00007064    000000bc                         : UARTCC26XX.oem3 (.text:UARTCC26XX_initHw)
                  00007120    000000b4                         : PowerCC26XX.oem3 (.text:Power_setDependency)
                  000071d4    000000a8     driverlib.lib : setup.obj (.text:NOROM_SetupTrimDevice)
                  0000727c    000000a4                   : setup_rom.obj (.text:NOROM_SetupAfterColdResetWakeupFromShutDownCfg1)
                  00007320    000000a4     rf_multiMode_cc13x0.aem3 : RFCC26XX_multiMode.oem3 (.text:RF_dispatchCmd)
                  000073c4    000000a0     drivers_cc13x0.aem3 : GPTimerCC26XX.oem3 (.text:GPTimerCC26XX_close)
                  00007464    000000a0     auto_init.aem3 : auto_init.oem3 (.text)
                  00007504    0000009c     rf_multiMode_cc13x0.aem3 : RFCC26XX_multiMode.oem3 (.text:RF_issueRadioFreeCb)
                  000075a0    0000009c     drivers_cc13x0.aem3 : WatchdogCC26XX.oem3 (.text:WatchdogCC26XX_open)
                  0000763c    0000009c     rf_multiMode_cc13x0.aem3 : RFCC26XX_multiMode.oem3 (.text:hwiFxnCpe0PowerFsm)
                  000076d8    0000009c     rtsv7M3_T_le_eabi.lib : memcpy_t2.obj (.text)
                  00007774    0000009c     rf_multiMode_cc13x0.aem3 : RFCC26XX_multiMode.oem3 (.text:swiFxnHw)
                  00007810    00000098     drivers_cc13x0.aem3 : PINCC26XX.oem3 (.text:PIN_open)
                  000078a8    00000098                         : UARTCC26XX.oem3 (.text:UARTCC26XX_initIO)
                  00007940    00000098     rom_sysbios.aem3 : rom_sysbios.obj (.text:ti_sysbios_knl_Clock_workFuncDynamic__E)
                  000079d8    00000094     EasyLink.obj (.text:EasyLink_abort)
                  00007a6c    00000094     driverlib.lib : aux_adc.obj (.text:NOROM_AUXADCDisable)
                  00007b00    00000094     main.obj (.text:readAccel)
                  00007b94    00000094     main.obj (.text:readGyro)
                  00007c28    00000094     drivers_cc13x0.aem3 : UARTCC26XX.oem3 (.text:writeFinishedDoCallback)
                  00007cbc    00000090                         : I2CCC26XX.oem3 (.text:I2CCC26XX_cancel)
                  00007d4c    00000090     ti.uia.loggers.aem3 : LoggerStopMode.oem3 (.text:ti_uia_loggers_LoggerStopMode_initQueueDescriptor__E)
                  00007ddc    0000008c     drivers_cc13x0.aem3 : I2CCC26XX.oem3 (.text:I2CCC26XX_primeTransfer)
                  00007e68    0000008c     rf_multiMode_cc13x0.aem3 : RFCC26XX_multiMode.oem3 (.text:RF_pendCmd)
                  00007ef4    0000008c     drivers_cc13x0.aem3 : UARTCC26XX.oem3 (.text:UARTCC26XX_close)
                  00007f80    0000008c                         : UARTCC26XX.oem3 (.text:UARTCC26XX_writeCancel)
                  0000800c    00000088                         : ADCCC26XX.oem3 (.text:ADCCC26XX_open)
                  00008094    00000088                         : PowerCC26XX.oem3 (.text:disableLFClockQualifiers)
                  0000811c    00000084                         : PowerCC26XX.oem3 (.text:switchXOSCHFclockFunc)
                  000081a0    00000080                         : PWMTimerCC26XX.oem3 (.text:PWMTimerCC26XX_setPeriod)
                  00008220    00000080     main.obj (.text:magTaskFunc)
                  000082a0    0000007c     main.obj (.text:adcTaskFunc)
                  0000831c    0000007c     main.obj (.text:constrainScales)
                  00008398    0000007a     rtsv7M3_T_le_eabi.lib : memset_t2.obj (.text)
                  00008412    00000002     drivers_cc13x0.aem3 : WatchdogCC26XX.oem3 (.text:WatchdogCC26XX_close)
                  00008414    00000078     main.obj (.text:LSM9DS1begin)
                  0000848c    00000078     main.obj (.text:pwmSetup)
                  00008504    00000078     drivers_cc13x0.aem3 : UARTCC26XX.oem3 (.text:writeTxFifoFlush)
                  0000857c    00000074     driverlib.lib : setup_rom.obj (.text:NOROM_SetupSetVddrLevel)
                  000085f0    00000074     main.obj (.text:configInt)
                  00008664    00000074     rom_sysbios.aem3 : rom_sysbios.obj (.text:ti_sysbios_family_arm_cc26xx_Timer_start__E)
                  000086d8    00000074     ti.uia.runtime.aem3 : QueueDescriptor.oem3 (.text:ti_uia_runtime_QueueDescriptor_addToList__E)
                  0000874c    0000006c     drivers_cc13x0.aem3 : PowerCC26XX_calibrateRCOSC.oem3 (.text:PowerCC26XX_initiateCalibration)
                  000087b8    00000068                         : I2CCC26XX.oem3 (.text:I2CCC26XX_close)
                  00008820    00000068     main.obj (.text:I2CreadByte)
                  00008888    00000068     main.obj (.text:I2CwriteByte)
                  000088f0    00000068     driverlib.lib : setup_rom.obj (.text:NOROM_SetupGetTrimForAmpcompCtrl)
                  00008958    00000068                   : setup_rom.obj (.text:NOROM_SetupGetTrimForAnabypassValue1)
                  000089c0    00000068                   : sys_ctrl.obj (.text:NOROM_SysCtrl_DCDC_VoltageConditionalControl)
                  00008a28    00000068     drivers_cc13x0.aem3 : UARTCC26XX.oem3 (.text:UARTCC26XX_readCancel)
                  00008a90    00000068     rtsv7M3_T_le_eabi.lib : copy_decompress_lzss.obj (.text:decompress:lzss)
                  00008af8    00000068     rf_multiMode_cc13x0.aem3 : RFCC26XX_multiMode.oem3 (.text:flushPendCmd)
                  00008b60    00000068                              : RFCC26XX_multiMode.oem3 (.text:fsmXOSCState)
                  00008bc8    00000068     rtsv7M3_T_le_eabi.lib : trgmsg.obj (.text)
                  00008c30    00000066     ti.uia.loggers.aem3 : LoggerStopMode.oem3 (.text:ti_uia_loggers_LoggerStopMode_flush__E)
                  00008c96    00000002     rf_multiMode_cc13x0.aem3 : RFCC26XX_multiMode.oem3 (.text:defaultCallback)
                  00008c98    00000064     driverlib.lib : osc.obj (.text:NOROM_OSCHF_AttemptToSwitchToXosc)
                  00008cfc    00000064     drivers_cc13x0.aem3 : PINCC26XX.oem3 (.text:PIN_add)
                  00008d60    00000064                         : PowerCC26XX.oem3 (.text:configureXOSCHF)
                  00008dc4    00000064     rf_multiMode_cc13x0.aem3 : RFCC26XX_multiMode.oem3 (.text:dispatchOpWhen)
                  00008e28    00000064     rom_sysbios.aem3 : rom_sysbios.obj (.text:ti_sysbios_heaps_HeapMem_initPrimary__I)
                  00008e8c    00000062     rf_multiMode_cc13x0.aem3 : RFCC26XX_multiMode.oem3 (.text:syncCb)
                  00008eee    00000002     drivers_cc13x0.aem3 : PowerCC26XX.oem3 (.text:emptyClockFunc)
                  00008ef0    00000060     driverlib.lib : osc.obj (.text:NOROM_OSCClockSourceSet)
                  00008f50    00000060     drivers_cc13x0.aem3 : UARTCC26XX.oem3 (.text:UARTCC26XX_control)
                  00008fb0    00000060     smartrf_settings.obj (.text:configureGenfskPatch)
                  00009010    00000060     smartrf_settings_predefined.obj (.text:configureGenfskPatch)
                  00009070    00000060     smartrf_settings_predefined.obj (.text:configureGenookPatch)
                  000090d0    00000060     smartrf_settings_predefined.obj (.text:configureLrmPatch)
                  00009130    00000060     smartrf_settings_predefined.obj (.text:configureSl_longrangePatch)
                  00009190    0000005c     driverlib.lib : sys_ctrl.obj (.text:NOROM_SysCtrlAdjustRechargeAfterPowerDown)
                  000091ec    0000005c     drivers_cc13x0.aem3 : PowerCC26XX_calibrateRCOSC.oem3 (.text:PowerCC26XX_RCOSC_clockFunc)
                  00009248    0000005c                         : PowerCC26XX.oem3 (.text:PowerCC26XX_calibrate)
                  000092a4    0000005c     main.obj (.text:createRFRXTasks)
                  00009300    0000005c     rf_multiMode_cc13x0.aem3 : RFCC26XX_multiMode.oem3 (.text:ratChanFree)
                  0000935c    0000005c     hello_pem3.oem3 (.text:xdc_runtime_Startup_getState__I)
                  000093b8    00000058     drivers_cc13x0.aem3 : GPTimerCC26XX.oem3 (.text:GPTimerCC26XX_stop)
                  00009410    00000058                         : I2CCC26XX.oem3 (.text:I2CCC26XX_swiFxn)
                  00009468    00000058                         : PINCC26XX.oem3 (.text:PIN_remove)
                  000094c0    00000058     rf_multiMode_cc13x0.aem3 : RFCC26XX_multiMode.oem3 (.text:applyRfCorePatch)
                  00009518    00000054                              : RFCC26XX_multiMode.oem3 (.text:RF_getCurrentTime)
                  0000956c    00000054     main.obj (.text:calcaRes)
                  000095c0    00000054     main.obj (.text:calcmRes)
                  00009614    00000054     rf_multiMode_cc13x0.aem3 : RFCC26XX_multiMode.oem3 (.text:hwiFxnHw)
                  00009668    00000054     rtsv7M3_T_le_eabi.lib : exit.obj (.text)
                  000096bc    00000050     driverlib.lib : setup_rom.obj (.text:NOROM_SetupSetCacheModeAccordingToCcfgSetting)
                  0000970c    00000050     main.obj (.text:pinCallback)
                  0000975c    00000050     main.obj (.text:readMag)
                  000097ac    00000050     drivers_cc13x0.aem3 : UARTCC26XX.oem3 (.text:startTxFifoEmptyClk)
                  000097fc    0000004c                         : GPTimerCC26XX.oem3 (.text:GPTimerCC26XX_start)
                  00009848    0000004c                         : I2CCC26XX.oem3 (.text:I2CCC26XX_initHw)
                  00009894    0000004c                         : PWMTimerCC26XX.oem3 (.text:PWMTimerCC26XX_getdutyCounts)
                  000098e0    0000004c     rf_multiMode_cc13x0.aem3 : RFCC26XX_multiMode.oem3 (.text:RF_wakeupNotifyFxn)
                  0000992c    0000004c     main.obj (.text:main)
                  00009978    0000004c     rtsv7M3_T_le_eabi.lib : cpy_tbl.obj (.text)
                  000099c4    0000004c     ti.uia.loggers.aem3 : LoggerStopMode.oem3 (.text:ti_uia_loggers_LoggerStopMode_Module_startup__E)
                  00009a10    00000048     dpl_cc13x0.aem3 : ClockP_tirtos.oem3 (.text:ClockP_construct)
                  00009a58    00000048     drivers_cc13x0.aem3 : PINCC26XX.oem3 (.text:PIN_setOutputEnable)
                  00009aa0    00000048     main.obj (.text:calcgRes)
                  00009ae8    00000048     main.obj (.text:clockSetup)
                  00009b30    00000044     drivers_cc13x0.aem3 : PINCC26XX.oem3 (.text:PIN_swi)
                  00009b74    00000044     rf_multiMode_cc13x0.aem3 : RFCC26XX_multiMode.oem3 (.text:RF_releasePowerConstraint)
                  00009bb8    00000044     drivers_cc13x0.aem3 : RingBuf.oem3 (.text:RingBuf_put)
                  00009bfc    00000044     main.obj (.text:adcSetup)
                  00009c40    00000044     boot.aem3 : boot.oem3 (.text)
                  00009c84    00000044     drivers_cc13x0.aem3 : PowerCC26XX.oem3 (.text:notify)
                  00009cc8    00000044     ti.uia.loggers.aem3 : LoggerStopMode.oem3 (.text:ti_uia_loggers_LoggerStopMode_initBuffer__I)
                  00009d0c    00000044     rom_sysbios.aem3 : rom_sysbios.obj (.text:xdc_runtime_SysMin_flush__E)
                  00009d50    00000040     drivers_cc13x0.aem3 : ADCCC26XX.oem3 (.text:ADCCC26XX_convertToMicroVolts)
                  00009d90    00000040                         : ADC.oem3 (.text:ADC_init)
                  00009dd0    00000040                         : ADC.oem3 (.text:ADC_open)
                  00009e10    00000040     dpl_cc13x0.aem3 : HwiP_tirtos.oem3 (.text:HwiP_construct)
                  00009e50    00000040     drivers_cc13x0.aem3 : I2C.oem3 (.text:I2C_init)
                  00009e90    00000040                         : I2C.oem3 (.text:I2C_open)
                  00009ed0    00000040                         : PWMTimerCC26XX.oem3 (.text:PWMTimerCC26XX_setDuty)
                  00009f10    00000040                         : PWM.oem3 (.text:PWM_init)
                  00009f50    00000040                         : PWM.oem3 (.text:PWM_open)
                  00009f90    00000040                         : UART.oem3 (.text:UART_init)
                  00009fd0    00000040                         : UART.oem3 (.text:UART_open)
                  0000a010    00000040                         : Watchdog.oem3 (.text:Watchdog_init)
                  0000a050    00000040                         : Watchdog.oem3 (.text:Watchdog_open)
                  0000a090    00000040     main.obj (.text:accelTaskFunc)
                  0000a0d0    00000040     main.obj (.text:gyroTaskFunc)
                  0000a110    00000040     rom_sysbios.aem3 : rom_sysbios.obj (.text:ti_sysbios_family_arm_cc26xx_Timer_setThreshold__I)
                  0000a150    0000003e     drivers_cc13x0.aem3 : RingBuf.oem3 (.text:RingBuf_get)
                  0000a18e    0000003e     hello_pem3.oem3 (.text:realloc)
                  0000a1cc    0000003c     drivers_cc13x0.aem3 : ADCCC26XX.oem3 (.text:ADCCC26XX_close)
                  0000a208    0000003c     driverlib.lib : chipinfo.obj (.text:NOROM_ChipInfo_GetHwRevision)
                  0000a244    0000003c                   : osc.obj (.text:NOROM_OSC_HPOSCRelativeFrequencyOffsetGet)
                  0000a280    0000003c                   : rfc.obj (.text:NOROM_RFCSynthPowerDown)
                  0000a2bc    0000003c     drivers_cc13x0.aem3 : PowerCC26XX.oem3 (.text:PowerCC26XX_isStableXOSC_HF)
                  0000a2f8    0000003c                         : PowerCC26XX.oem3 (.text:PowerCC26XX_switchXOSC_HF)
                  0000a334    0000003c     rf_multiMode_cc13x0.aem3 : RFCC26XX_multiMode.oem3 (.text:RF_runCmd)
                  0000a370    0000003c     dpl_cc13x0.aem3 : SwiP_tirtos.oem3 (.text:SwiP_construct)
                  0000a3ac    0000003c     rom_sysbios.aem3 : rom_sysbios.obj (.text:ti_sysbios_family_arm_m3_Hwi_construct2__E)
                  0000a3e8    00000038     drivers_cc13x0.aem3 : PINCC26XX.oem3 (.text:PIN_setOutputValue)
                  0000a420    00000038     rf_multiMode_cc13x0.aem3 : RFCC26XX_multiMode.oem3 (.text:Q_end)
                  0000a458    00000038                              : RFCC26XX_multiMode.oem3 (.text:RF_checkCmdFsError)
                  0000a490    00000038     drivers_cc13x0.aem3 : UARTCC26XX.oem3 (.text:UARTCC26XX_swiIntFxn)
                  0000a4c8    00000038     main.obj (.text:createADCTask)
                  0000a500    00000038     main.obj (.text:createAccelTask)
                  0000a538    00000038     main.obj (.text:createGPSTask)
                  0000a570    00000038     main.obj (.text:createGyroTask)
                  0000a5a8    00000038     main.obj (.text:createMagTask)
                  0000a5e0    00000038     main.obj (.text:createRFTXTasks)
                  0000a618    00000038     main.obj (.text:pinSetup)
                  0000a650    00000038     drivers_cc13x0.aem3 : UARTCC26XX.oem3 (.text:readData)
                  0000a688    00000038     rom_sysbios.aem3 : rom_sysbios.obj (.text:ti_sysbios_family_arm_cc26xx_Timer_getCurrentTick__E)
                  0000a6c0    00000038     drivers_cc13x0.aem3 : UARTCC26XX.oem3 (.text:writeData)
                  0000a6f8    00000038     rom_sysbios.aem3 : rom_sysbios.obj (.text:xdc_runtime_SysMin_putch__E)
                  0000a730    00000034     drivers_cc13x0.aem3 : GPTimerCC26XX.oem3 (.text:GPTimerCC26XXSetLoadMatch)
                  0000a764    00000034     driverlib.lib : aux_adc.obj (.text:NOROM_AUXADCDisableInputScaling)
                  0000a798    00000034                   : osc.obj (.text:NOROM_OSCHF_SwitchToRcOscTurnOffXosc)
                  0000a7cc    00000034     drivers_cc13x0.aem3 : PINCC26XX.oem3 (.text:PIN_setConfig)
                  0000a800    00000034                         : PowerCC26XX.oem3 (.text:Power_releaseConstraint)
                  0000a834    00000034     rf_multiMode_cc13x0.aem3 : RFCC26XX_multiMode.oem3 (.text:Q_push)
                  0000a868    00000034     rom_sysbios.aem3 : rom_sysbios.obj (.text:ti_sysbios_family_arm_cc26xx_Timer_initDevice__I)
                  0000a89c    00000034     ti.uia.loggers.aem3 : LoggerStopMode.oem3 (.text:ti_uia_loggers_LoggerStopMode_reset__E)
                  0000a8d0    00000034     main.obj (.text:wdtSetup)
                  0000a904    00000032     rom_sysbios.aem3 : rom_sysbios.obj (.text:ti_sysbios_family_arm_cc26xx_Timer_setNextTick__E)
                  0000a936    00000002     smartrf_settings.obj (.text:enterGenfskSysPatch)
                  0000a938    00000030     drivers_cc13x0.aem3 : GPTimerCC26XX.oem3 (.text:GPTimerCC26XX_configureDebugStall)
                  0000a968    00000030     driverlib.lib : chipinfo.obj (.text:NOROM_ChipInfo_GetChipType)
                  0000a998    00000030                   : setup_rom.obj (.text:NOROM_SetupSetAonRtcSubSecInc)
                  0000a9c8    00000030     drivers_cc13x0.aem3 : PowerCC26XX.oem3 (.text:Power_setConstraint)
                  0000a9f8    00000030     driverlib.lib : adi.obj (.text:SafeHapiAuxAdiSelect)
                  0000aa28    00000030     drivers_cc13x0.aem3 : WatchdogCC26XX.oem3 (.text:WatchdogCC26XX_setReload)
                  0000aa58    00000030     rf_multiMode_cc13x0.aem3 : RFCC26XX_multiMode.oem3 (.text:clkPowerUpFxn)
                  0000aa88    00000030     main.obj (.text:initI2C)
                  0000aab8    00000030     drivers_cc13x0.aem3 : UARTCC26XX.oem3 (.text:readData2RingBuf)
                  0000aae8    00000030     hello_pem3.oem3 (.text:ti_sysbios_BIOS_atExitFunc__I)
                  0000ab18    00000030     hello_pem3.oem3 (.text:ti_sysbios_BIOS_startFunc__I)
                  0000ab48    00000030     hello_pem3.oem3 (.text:ti_uia_loggers_LoggerStopMode_Object__create__S)
                  0000ab78    00000030     rom_sysbios.aem3 : rom_sysbios.obj (.text:xdc_runtime_SysMin_abort__E)
                  0000aba8    0000002e     hello_pem3.oem3 (.text:ti_sysbios_rts_gnu_MemAlloc_alloc)
                  0000abd6    00000002     smartrf_settings_predefined.obj (.text:enterGenfskSysPatch)
                  0000abd8    0000002c     driverlib.lib : ddi.obj (.text:NOROM_DDI32RegWrite)
                  0000ac04    0000002c                   : osc.obj (.text:NOROM_OSCClockSourceGet)
                  0000ac30    0000002c                   : rfc.obj (.text:NOROM_RFCCPEPatchReset)
                  0000ac5c    0000002c                   : setup_rom.obj (.text:NOROM_SetupGetTrimForRadcExtCfg)
                  0000ac88    0000002c     drivers_cc13x0.aem3 : PINCC26XX.oem3 (.text:PINCC26XX_setMux)
                  0000acb4    0000002c                         : PWMTimerCC26XX.oem3 (.text:PWMTimerCC26XX_close)
                  0000ace0    0000002c     dpl_cc13x0.aem3 : SemaphoreP_tirtos.oem3 (.text:SemaphoreP_constructBinary)
                  0000ad0c    0000002c     rf_multiMode_cc13x0.aem3 : RFCC26XX_multiMode.oem3 (.text:getCmd)
                  0000ad38    0000002c     rom_sysbios.aem3 : rom_sysbios.obj (.text:ti_sysbios_knl_Clock_getTicksUntilInterrupt__E)
                  0000ad64    0000002a                      : rom_sysbios.obj (.text:ti_sysbios_knl_Clock_getTimeout__E)
                  0000ad8e    00000002     smartrf_settings_predefined.obj (.text:enterGenookSysPatch)
                  0000ad90    00000028     driverlib.lib : aon_batmon.obj (.text:NOROM_AONBatMonTemperatureGetDegC)
                  0000adb8    00000028     drivers_cc13x0.aem3 : PowerCC26XX.oem3 (.text:Power_registerNotify)
                  0000ade0    00000028     driverlib.lib : adi.obj (.text:SafeHapiVoid)
                  0000ae08    00000028     drivers_cc13x0.aem3 : WatchdogCC26XX.oem3 (.text:WatchdogCC26XX_convertMsToTicks)
                  0000ae30    00000028     main.obj (.text:clk0Fxn)
                  0000ae58    00000024     driverlib.lib : rfc.obj (.text:NOROM_RFCDoorbellSendTo)
                  0000ae7c    00000024     drivers_cc13x0.aem3 : PINCC26XX.oem3 (.text:PINCC26XX_getPinCount)
                  0000aea0    00000024                         : PWMTimerCC26XX.oem3 (.text:PWMTimerCC26XX_start)
                  0000aec4    00000024     rf_multiMode_cc13x0.aem3 : RFCC26XX_multiMode.oem3 (.text:allocCmd)
                  0000aee8    00000024     main.obj (.text:mReadBytes)
                  0000af0c    00000024     main.obj (.text:rxRestartFunc)
                  0000af30    00000024     hello_pem3.oem3 (.text:ti_sysbios_BIOS_registerRTSLock__I)
                  0000af54    00000024     hello_pem3.oem3 (.text:ti_sysbios_BIOS_removeRTSLock__I)
                  0000af78    00000024     rom_sysbios.aem3 : rom_sysbios.obj (.text:ti_sysbios_family_arm_cc26xx_Timer_getMaxTicks__E)
                  0000af9c    00000024     main.obj (.text:xgReadBytes)
                  0000afc0    00000022     drivers_cc13x0.aem3 : List.oem3 (.text:List_put)
                  0000afe2    00000022     driverlib.lib : aux_adc.obj (.text:NOROM_AUXADCAdjustValueForGainAndOffset)
                  0000b004    00000022     hello_pem3.oem3 (.text:xdc_runtime_SysMin_output__I)
                  0000b026    00000002     smartrf_settings_predefined.obj (.text:enterLrmSysPatch)
                  0000b028    00000020     driverlib.lib : rfc.obj (.text:NOROM_RFCAdi3VcoLdoVoltageMode)
                  0000b048    00000020                   : setup_rom.obj (.text:NOROM_SetupGetTrimForXoscHfCtl)
                  0000b068    00000020     drivers_cc13x0.aem3 : PWMTimerCC26XX.oem3 (.text:PWMTimerCC26XX_stop)
                  0000b088    00000020     dpl_cc13x0.aem3 : PowerCC26XX_tirtos.oem3 (.text:PowerCC26XX_schedulerDisable)
                  0000b0a8    00000020                     : PowerCC26XX_tirtos.oem3 (.text:PowerCC26XX_schedulerRestore)
                  0000b0c8    00000020     drivers_cc13x0.aem3 : PowerCC26XX.oem3 (.text:Power_unregisterNotify)
                  0000b0e8    00000020     main.obj (.text:Serial_RxDataCallback)
                  0000b108    00000020     main.obj (.text:mWriteByte)
                  0000b128    00000020     hello_pem3.oem3 (.text:ti_sysbios_BIOS_rtsLock__I)
                  0000b148    00000020     rom_sysbios.aem3 : rom_sysbios.obj (.text:ti_sysbios_family_arm_cc26xx_Timer_dynamicStub__E)
                  0000b168    00000020                      : rom_sysbios.obj (.text:ti_sysbios_knl_Clock_stop__E)
                  0000b188    00000020     hello_pem3.oem3 (.text:ti_uia_loggers_LoggerStopMode_Object__delete__S)
                  0000b1a8    00000020     rom_sysbios.aem3 : rom_sysbios.obj (.text:xdc_runtime_SysMin_Module_startup__E)
                  0000b1c8    00000020     main.obj (.text:xgWriteByte)
                  0000b1e8    0000001e     drivers_cc13x0.aem3 : PINCC26XX.oem3 (.text:PIN_close)
                  0000b206    0000001e                         : PowerCC26XX.oem3 (.text:Power_getTransitionLatency)
                  0000b224    0000001c     driverlib.lib : aux_adc.obj (.text:NOROM_AUXADCGetAdjustmentGain)
                  0000b240    0000001c                   : chipinfo.obj (.text:NOROM_ChipInfo_GetChipFamily)
                  0000b25c    0000001c                   : setup_rom.obj (.text:NOROM_SetupGetTrimForAmpcompTh2)
                  0000b278    0000001c                   : setup_rom.obj (.text:NOROM_SetupGetTrimForRcOscLfRtuneCtuneTrim)
                  0000b294    0000001c     drivers_cc13x0.aem3 : PINCC26XX.oem3 (.text:PINCC26XX_setIoCfgMux)
                  0000b2b0    0000001c                         : PINCC26XX.oem3 (.text:PIN_hwi)
                  0000b2cc    0000001c     rf_multiMode_cc13x0.aem3 : RFCC26XX_multiMode.oem3 (.text:RF_setPowerConstraint)
                  0000b2e8    0000001c                              : RFCC26XX_multiMode.oem3 (.text:clkInactivityFxn)
                  0000b304    0000001c     smartrf_settings.obj (.text:enterGenfskCpePatch)
                  0000b320    0000001c     smartrf_settings_predefined.obj (.text:enterGenfskCpePatch)
                  0000b33c    0000001c     smartrf_settings_predefined.obj (.text:enterGenookCpePatch)
                  0000b358    0000001c     smartrf_settings_predefined.obj (.text:enterLrmCpePatch)
                  0000b374    0000001c     smartrf_settings_predefined.obj (.text:enterSl_longrangeCpePatch)
                  0000b390    0000001c     rf_multiMode_cc13x0.aem3 : RFCC26XX_multiMode.oem3 (.text:hwiFxnCpe0ChangePhy)
                  0000b3ac    0000001c     rom_sysbios.aem3 : rom_sysbios.obj (.text:ti_sysbios_knl_Swi_construct2__E)
                  0000b3c8    0000001c     ti.uia.loggers.aem3 : LoggerStopMode.oem3 (.text:ti_uia_loggers_LoggerStopMode_Instance_init__E)
                  0000b3e4    0000001c     rom_sysbios.aem3 : rom_sysbios.obj (.text:xdc_runtime_SysMin_exit__E)
                  0000b400    0000001a     drivers_cc13x0.aem3 : PWMTimerCC26XX.oem3 (.text:PWMTimerCC26XX_control)
                  0000b41a    00000002     smartrf_settings_predefined.obj (.text:enterSl_longrangeSysPatch)
                  0000b41c    00000018     CC1310_LAUNCHXL.obj (.text:CC1310_LAUNCHXL_initGeneral)
                  0000b434    00000018     driverlib.lib : aon_rtc.obj (.text:NOROM_AONRTCCurrentCompareValueGet)
                  0000b44c    00000018                   : aux_adc.obj (.text:NOROM_AUXADCGetAdjustmentOffset)
                  0000b464    00000018                   : chipinfo.obj (.text:NOROM_ChipInfo_GetPackageType)
                  0000b47c    00000018                   : osc.obj (.text:NOROM_OSCHF_TurnOnXosc)
                  0000b494    00000018                   : rfc.obj (.text:NOROM_RFCCpeIntGetAndClear)
                  0000b4ac    00000018                   : setup_rom.obj (.text:NOROM_SetupGetTrimForAdcShModeEn)
                  0000b4c4    00000018                   : setup_rom.obj (.text:NOROM_SetupGetTrimForAdcShVbufEn)
                  0000b4dc    00000018                   : setup_rom.obj (.text:NOROM_SetupGetTrimForAmpcompTh1)
                  0000b4f4    00000018                   : setup_rom.obj (.text:NOROM_SetupGetTrimForDblrLoopFilterResetVoltage)
                  0000b50c    00000018                   : setup_rom.obj (.text:NOROM_SetupGetTrimForRcOscLfIBiasTrim)
                  0000b524    00000018                   : setup_rom.obj (.text:NOROM_SetupGetTrimForXoscLfRegulatorAndCmirrwrRatio)
                  0000b53c    00000018     drivers_cc13x0.aem3 : PowerCC26XX.oem3 (.text:Power_idleFunc)
                  0000b554    00000018                         : UARTCC26XX.oem3 (.text:UARTCC26XX_init)
                  0000b56c    00000018                         : UART.oem3 (.text:UART_Params_init)
                  0000b584    00000018                         : PowerCC26XX.oem3 (.text:configureRFCoreClocks)
                  0000b59c    00000018     hello_pem3.oem3 (.text:free)
                  0000b5b4    00000018     main.obj (.text:mReadByte)
                  0000b5cc    00000018     rtsv7M3_T_le_eabi.lib : args_main.obj (.text)
                  0000b5e4    00000018                           : ll_mul_t2.obj (.text)
                  0000b5fc    00000018     rf_multiMode_cc13x0.aem3 : RFCC26XX_multiMode.oem3 (.text:swiFxnFsm)
                  0000b614    00000018     hello_pem3.oem3 (.text:ti_sysbios_BIOS_rtsUnlock__I)
                  0000b62c    00000018     rom_sysbios.aem3 : rom_sysbios.obj (.text:ti_sysbios_knl_Swi_or__E)
                  0000b644    00000018     hello_pem3.oem3 (.text:ti_sysbios_rom_cortexm_cc13xx_CC13xx_checkRevision__E)
                  0000b65c    00000018     hello_pem3.oem3 (.text:ti_uia_loggers_LoggerStopMode_Handle__label__S)
                  0000b674    00000018     rom_sysbios.aem3 : rom_sysbios.obj (.text:xdc_runtime_Error_init__E)
                  0000b68c    00000018     main.obj (.text:xgReadByte)
                  0000b6a4    00000016     drivers_cc13x0.aem3 : List.oem3 (.text:List_remove)
                  0000b6ba    00000016     driverlib.lib : chipinfo.obj (.text:NOROM_ThisLibraryIsFor_CC13x0_HwRev20AndLater_HaltIfViolated)
                  0000b6d0    00000016     rf_multiMode_cc13x0.aem3 : RFCC26XX_multiMode.oem3 (.text:Q_pop)
                  0000b6e6    00000016     rtsv7M3_T_le_eabi.lib : strcpy.obj (.text)
                  0000b6fc    00000016     hello_pem3.oem3 (.text:ti_sysbios_BIOS_exitFunc__I)
                  0000b712    00000016     main.obj (.text:ti_sysbios_knl_Clock_Params_init)
                  0000b728    00000016     EasyLink.obj (.text:ti_sysbios_knl_Semaphore_Params_init)
                  0000b73e    00000016     main.obj (.text:ti_sysbios_knl_Semaphore_Params_init)
                  0000b754    00000016     main.obj (.text:ti_sysbios_knl_Task_Params_init)
                  0000b76a    00000016     ti.uia.loggers.aem3 : LoggerStopMode.oem3 (.text:ti_uia_loggers_LoggerStopMode_disable__E)
                  0000b780    00000016                         : LoggerStopMode.oem3 (.text:ti_uia_loggers_LoggerStopMode_enable__E)
                  0000b796    00000002     rom_sysbios.aem3 : rom_sysbios.obj (.text:ti_sysbios_BIOS_linkedWithIncorrectBootLibrary__E)
                  0000b798    00000014     driverlib.lib : aon_rtc.obj (.text:NOROM_AONRTCCurrent64BitValueGet)
                  0000b7ac    00000014                   : aux_adc.obj (.text:NOROM_AUXADCValueToMicrovolts)
                  0000b7c0    00000014     drivers_cc13x0.aem3 : PINCC26XX.oem3 (.text:PINCC26XX_getOutputValue)
                  0000b7d4    00000014                         : PWM.oem3 (.text:PWM_Params_init)
                  0000b7e8    00000014     rf_multiMode_cc13x0.aem3 : RFCC26XX_multiMode.oem3 (.text:RF_Params_init)
                  0000b7fc    00000014     rtsv7M3_T_le_eabi.lib : _lock.obj (.text)
                  0000b810    00000014                           : strlen.obj (.text)
                  0000b824    00000014     hello_pem3.oem3 (.text:ti_sysbios_knl_Clock_doTick__I)
                  0000b838    00000012     drivers_cc13x0.aem3 : RingBuf.oem3 (.text:RingBuf_construct)
                  0000b84a    00000012     dpl_cc13x0.aem3 : SemaphoreP_tirtos.oem3 (.text:SemaphoreP_pend)
                  0000b85c    00000012     hello_pem3.oem3 (.text:xdc_runtime_Startup_exec__I)
                  0000b86e    00000010     dpl_cc13x0.aem3 : ClockP_tirtos.oem3 (.text:ClockP_isActive)
                  0000b87e    00000010                     : HwiP_tirtos.oem3 (.text:HwiP_Params_init)
                  0000b88e    00000002     hello_pem3.oem3 (.text:ti_sysbios_BIOS_nullFunc__I)
                  0000b890    00000010     drivers_cc13x0.aem3 : I2C.oem3 (.text:I2C_Params_init)
                  0000b8a0    00000010     driverlib.lib : aux_adc.obj (.text:NOROM_AUXADCFlushFifo)
                  0000b8b0    00000010                   : aux_adc.obj (.text:NOROM_AUXADCReadFifo)
                  0000b8c0    00000010                   : rfc.obj (.text:NOROM_RFCRfTrimSet)
                  0000b8d0    00000010                   : setup_rom.obj (.text:NOROM_SetupGetTrimForXoscHfFastStart)
                  0000b8e0    00000010                   : setup_rom.obj (.text:NOROM_SetupGetTrimForXoscHfIbiastherm)
                  0000b8f0    00000010     dpl_cc13x0.aem3 : SwiP_tirtos.oem3 (.text:SwiP_Params_init)
                  0000b900    00000010     drivers_cc13x0.aem3 : WatchdogCC26XX.oem3 (.text:WatchdogCC26XX_clear)
                  0000b910    00000010                         : Watchdog.oem3 (.text:Watchdog_Params_init)
                  0000b920    00000010     smartrf_settings.obj (.text:applyGenfskPatch)
                  0000b930    00000010     smartrf_settings_predefined.obj (.text:applyGenfskPatch)
                  0000b940    00000010     smartrf_settings_predefined.obj (.text:applyGenookPatch)
                  0000b950    00000010     smartrf_settings_predefined.obj (.text:applyLrmPatch)
                  0000b960    00000010     smartrf_settings_predefined.obj (.text:applySl_longrangePatch)
                  0000b970    00000010     drivers_cc13x0.aem3 : I2CCC26XX.oem3 (.text:i2cPostNotify)
                  0000b980    00000010     rom_sysbios.aem3 : rom_sysbios.obj (.text:ti_sysbios_family_arm_m3_Hwi_post__E)
                  0000b990    00000010     hello_pem3.oem3 (.text:ti_uia_loggers_LoggerStopMode_Object__get__S)
                  0000b9a0    00000010     ti.uia.loggers.aem3 : LoggerStopMode.oem3 (.text:ti_uia_loggers_LoggerStopMode_isEmpty__E)
                  0000b9b0    00000010     drivers_cc13x0.aem3 : UARTCC26XX.oem3 (.text:uartPostNotify)
                  0000b9c0    0000000e     driverlib.lib : vims.obj (.text:NOROM_VIMSModeGet)
                  0000b9ce    0000000e     rtsv7M3_T_le_eabi.lib : copy_decompress_none.obj (.text:decompress:none)
                  0000b9dc    0000000e     rom_sysbios.aem3 : rom_sysbios.obj (.text:ti_sysbios_family_arm_cc26xx_TimestampProvider_get32__E)
                  0000b9ea    00000002                      : rom_sysbios.obj (.text:ti_sysbios_knl_Clock_triggerFunc__I)
                  0000b9ec    0000000c     rf_multiMode_cc13x0.aem3 : RFCC26XX_multiMode.oem3 (.text:FsmNextState)
                  0000b9f8    0000000c     drivers_cc13x0.aem3 : GPTimerCC26XX.oem3 (.text:GPTimerCC26XX_Params_init)
                  0000ba04    0000000c                         : List.oem3 (.text:List_empty)
                  0000ba10    0000000c     driverlib.lib : cpu.obj (.text:NOROM_CPUcpsid)
                  0000ba1c    0000000c                   : cpu.obj (.text:NOROM_CPUcpsie)
                  0000ba28    0000000c                   : osc.obj (.text:NOROM_OSC_HPOSCRelativeFrequencyOffsetToRFCoreFormatConvert)
                  0000ba34    0000000c     drivers_cc13x0.aem3 : PINCC26XX.oem3 (.text:PIN_registerIntCb)
                  0000ba40    0000000c                         : PowerCC26XX.oem3 (.text:Power_getConstraintMask)
                  0000ba4c    0000000c                         : PowerCC26XX.oem3 (.text:Power_getDependencyCount)
                  0000ba58    0000000c     rtsv7M3_T_le_eabi.lib : copy_zero_init.obj (.text:decompress:ZI)
                  0000ba64    0000000c     main.obj (.text:ti_sysbios_knl_Semaphore_handle)
                  0000ba70    0000000c     rom_sysbios.aem3 : rom_sysbios.obj (.text:ti_sysbios_knl_Swi_getTrigger__E)
                  0000ba7c    0000000c     hello_pem3.oem3 (.text:xdc_runtime_Startup_reset__I)
                  0000ba88    0000000c     rom_sysbios.aem3 : rom_sysbios.obj (.text:xdc_runtime_Startup_rtsDone__E)
                  0000ba94    0000000a     drivers_cc13x0.aem3 : ADC.oem3 (.text:ADC_Params_init)
                  0000ba9e    0000000a                         : ADC.oem3 (.text:ADC_convert)
                  0000baa8    0000000a                         : ADC.oem3 (.text:ADC_convertToMicroVolts)
                  0000bab2    0000000a                         : I2CCC26XX.oem3 (.text:I2CCC26XX_init)
                  0000babc    0000000a                         : I2C.oem3 (.text:I2C_transfer)
                  0000bac6    0000000a                         : PWM.oem3 (.text:PWM_start)
                  0000bad0    0000000a                         : UART.oem3 (.text:UART_control)
                  0000bada    0000000a                         : UART.oem3 (.text:UART_read)
                  0000bae4    0000000a                         : UART.oem3 (.text:UART_write)
                  0000baee    0000000a                         : Watchdog.oem3 (.text:Watchdog_clear)
                  0000baf8    0000000a                         : Watchdog.oem3 (.text:Watchdog_setReload)
                  0000bb02    00000008                         : ADCCC26XX.oem3 (.text:ADCCC26XX_init)
                  0000bb0a    00000008                         : GPTimerCC26XX.oem3 (.text:GPTimerCC26XX_setLoadValue)
                  0000bb12    00000008                         : GPTimerCC26XX.oem3 (.text:GPTimerCC26XX_setMatchValue)
                  0000bb1a    00000008                         : I2CCC26XX.oem3 (.text:I2CCC26XX_blockingCallback)
                  0000bb22    00000008                         : WatchdogCC26XX.oem3 (.text:WatchdogCC26XX_init)
                  0000bb2a    00000008                         : UARTCC26XX.oem3 (.text:readSemCallback)
                  0000bb32    00000008     smartrf_settings.obj (.text:rf_patch_cpe_genfsk)
                  0000bb3a    00000008     smartrf_settings_predefined.obj (.text:rf_patch_cpe_genfsk)
                  0000bb42    00000008     smartrf_settings_predefined.obj (.text:rf_patch_cpe_genook)
                  0000bb4a    00000008     smartrf_settings_predefined.obj (.text:rf_patch_cpe_lrm)
                  0000bb52    00000008     smartrf_settings_predefined.obj (.text:rf_patch_cpe_sl_longrange)
                  0000bb5a    00000008     drivers_cc13x0.aem3 : UARTCC26XX.oem3 (.text:writeSemCallback)
                  0000bb62    00000006                         : ADCCC26XX.oem3 (.text:ADCCC26XX_control)
                  0000bb68    00000006     dpl_cc13x0.aem3 : ClockP_tirtos.oem3 (.text:ClockP_Params_init)
                  0000bb6e    00000006     drivers_cc13x0.aem3 : I2CCC26XX.oem3 (.text:I2CCC26XX_control)
                  0000bb74    00000006     driverlib.lib : cpu.obj (.text:NOROM_CPUdelay)
                  0000bb7a    00000006     drivers_cc13x0.aem3 : UARTCC26XX.oem3 (.text:UARTCC26XX_readPolling)
                  0000bb80    00000006                         : UARTCC26XX.oem3 (.text:UARTCC26XX_writePolling)
                  0000bb86    00000006                         : WatchdogCC26XX.oem3 (.text:WatchdogCC26XX_control)
                  0000bb8c    00000006     rf_multiMode_cc13x0.aem3 : RFCC26XX_multiMode.oem3 (.text:clkReqAccessFxn)
                  0000bb92    00000006     rom_sysbios.aem3 : rom_sysbios.obj (.text:ti_sysbios_family_arm_m3_Hwi_setFunc__E)
                  0000bb98    00000004     dpl_cc13x0.aem3 : PowerCC26XX_tirtos.oem3 (.text:CPUwfi)
                  0000bb9c    00000004                     : ClockP_tirtos.oem3 (.text:ClockP_destruct)
                  0000bba0    00000004                     : ClockP_tirtos.oem3 (.text:ClockP_getCpuFreq)
                  0000bba4    00000004                     : ClockP_tirtos.oem3 (.text:ClockP_getTimeout)
                  0000bba8    00000004                     : ClockP_tirtos.oem3 (.text:ClockP_setTimeout)
                  0000bbac    00000004                     : ClockP_tirtos.oem3 (.text:ClockP_start)
                  0000bbb0    00000004                     : ClockP_tirtos.oem3 (.text:ClockP_stop)
                  0000bbb4    00000004                     : HwiP_tirtos.oem3 (.text:HwiP_destruct)
                  0000bbb8    00000004                     : HwiP_tirtos.oem3 (.text:HwiP_disable)
                  0000bbbc    00000004                     : HwiP_tirtos.oem3 (.text:HwiP_disableInterrupt)
                  0000bbc0    00000004                     : HwiP_tirtos.oem3 (.text:HwiP_enableInterrupt)
                  0000bbc4    00000004                     : HwiP_tirtos.oem3 (.text:HwiP_plug)
                  0000bbc8    00000004                     : HwiP_tirtos.oem3 (.text:HwiP_post)
                  0000bbcc    00000004                     : HwiP_tirtos.oem3 (.text:HwiP_setFunc)
                  0000bbd0    00000004     drivers_cc13x0.aem3 : List.oem3 (.text:List_head)
                  0000bbd4    00000004                         : List.oem3 (.text:List_next)
                  0000bbd8    00000004     rf_multiMode_cc13x0.aem3 : RFCC26XX_multiMode.oem3 (.text:Q_peek)
                  0000bbdc    00000004     dpl_cc13x0.aem3 : SemaphoreP_tirtos.oem3 (.text:SemaphoreP_destruct)
                  0000bbe0    00000004                     : SemaphoreP_tirtos.oem3 (.text:SemaphoreP_post)
                  0000bbe4    00000004                     : SwiP_tirtos.oem3 (.text:SwiP_destruct)
                  0000bbe8    00000004                     : SwiP_tirtos.oem3 (.text:SwiP_disable)
                  0000bbec    00000004                     : SwiP_tirtos.oem3 (.text:SwiP_getTrigger)
                  0000bbf0    00000004                     : SwiP_tirtos.oem3 (.text:SwiP_or)
                  0000bbf4    00000004                     : SwiP_tirtos.oem3 (.text:SwiP_post)
                  0000bbf8    00000004     drivers_cc13x0.aem3 : PowerCC26XX.oem3 (.text:nopResourceHandler)
                  0000bbfc    00000004     rtsv7M3_T_le_eabi.lib : error.obj (.text)
                  0000bc00    00000004     rom_sysbios.aem3 : rom_sysbios.obj (.text:ti_sysbios_family_arm_cc26xx_Timer_getCount64__E)
                  0000bc04    00000004                      : rom_sysbios.obj (.text:ti_sysbios_knl_Clock_isActive__E)
                  0000bc08    00000004     ti.uia.loggers.aem3 : LoggerStopMode.oem3 (.text:ti_uia_loggers_LoggerStopMode_getContents__E)
                  0000bc0c    00000004     hello_pem3.oem3 (.text:ti_uia_loggers_LoggerStopMode_getFilterLevel__E)
                  0000bc10    00000004     ti.uia.loggers.aem3 : LoggerStopMode.oem3 (.text:ti_uia_loggers_LoggerStopMode_getInstanceId__E)
                  0000bc14    00000004                         : LoggerStopMode.oem3 (.text:ti_uia_loggers_LoggerStopMode_getMaxLength__E)
                  0000bc18    00000004                         : LoggerStopMode.oem3 (.text:ti_uia_loggers_LoggerStopMode_getPriority__E)
                  0000bc1c    00000004                         : LoggerStopMode.oem3 (.text:ti_uia_loggers_LoggerStopMode_getTransferType__E)
                  0000bc20    00000002     hello_pem3.oem3 (.text:ti_sysbios_rom_cortexm_cc13xx_CC13xx_badRomRevision__E)
                  0000bc22    00000002     hello_pem3.oem3 (.text:ti_uia_loggers_LoggerStopMode_setFilterLevel__E)
                  0000bc24    00000002     ti.uia.loggers.aem3 : LoggerStopMode.oem3 (.text:ti_uia_loggers_LoggerStopMode_setPriority__E)
                  0000bc26    00000002     rom_sysbios.aem3 : rom_sysbios.obj (.text:xdc_runtime_SysCallback_defaultAbort)
                  0000bc28    00000002                      : rom_sysbios.obj (.text:xdc_runtime_SysCallback_defaultExit)
                  0000bc2a    00000002     --HOLE-- [fill = 0]
                  0000bc2c    00000008     (.tramp.ti_sysbios_knl_Swi_destruct.1)
                  0000bc34    00000008     (.tramp.ti_sysbios_knl_Semaphore_destruct.1)
                  0000bc3c    00000008     (.tramp.ti_sysbios_family_arm_m3_Hwi_plug__E.1)
                  0000bc44    00000008     (.tramp.ti_sysbios_family_arm_m3_Hwi_enableInterrupt__E.1)
                  0000bc4c    00000008     (.tramp.ti_sysbios_family_arm_m3_Hwi_disableInterrupt__E.1)
                  0000bc54    00000008     (.tramp.ti_sysbios_family_arm_m3_Hwi_destruct.1)
                  0000bc5c    00000008     (.tramp.ti_sysbios_BIOS_getCpuFreq__E.1)
                  0000bc64    00000008     (.tramp.ti_sysbios_knl_Clock_destruct.1)
                  0000bc6c    00000008     (.tramp.xdc_runtime_Startup_startMods__I.1)
                  0000bc74    00000008     (.tramp.ti_sysbios_knl_Clock_logTick__E.1)
                  0000bc7c    00000008     (.tramp.ti_sysbios_knl_Task_Params__init__S.1)
                  0000bc84    00000008     (.tramp.xdc_runtime_Core_assignLabel__I.1)
                  0000bc8c    00000008     (.tramp.ti_sysbios_knl_Swi_post__E.1)
                  0000bc94    00000008     (.tramp.ti_sysbios_BIOS_RtsGateProxy_leave__E.1)
                  0000bc9c    00000008     (.tramp.xdc_runtime_Memory_free__E.1)
                  0000bca4    00000008     (.tramp.ti_sysbios_knl_Swi_construct.1)
                  0000bcac    00000008     (.tramp.xdc_runtime_Core_deleteObject__I.1)
                  0000bcb4    00000008     (.tramp.ti_sysbios_BIOS_RtsGateProxy_enter__E.1)
                  0000bcbc    00000008     (.tramp.ti_sysbios_knl_Task_restore__E.1)
                  0000bcc4    00000008     (.tramp.ti_sysbios_knl_Clock_getTicks__E.1)
                  0000bccc    00000008     (.tramp.ti_sysbios_knl_Semaphore_Params__init__S.1)
                  0000bcd4    00000008     (.tramp.xdc_runtime_Memory_alloc__E.1)
                  0000bcdc    00000008     (.tramp.xdc_runtime_Core_createObject__I.1)
                  0000bce4    00000008     (.tramp.ti_sysbios_knl_Task_startup__E.1)
                  0000bcec    00000008     (.tramp.ti_sysbios_knl_Swi_startup__E.1)
                  0000bcf4    00000008     (.tramp.ti_sysbios_hal_Hwi_startup__E.1)
                  0000bcfc    00000008     (.tramp.ti_sysbios_family_arm_cc26xx_Timer_startup__E.1)
                  0000bd04    00000008     (.tramp.xdc_runtime_System_atexit__E.1)
                  0000bd0c    00000008     (.tramp.ti_sysbios_BIOS_setThreadType__E.1)
                  0000bd14    00000008     (.tramp.ti_sysbios_knl_Task_disable__E.1)
                  0000bd1c    00000008     (.tramp.ti_sysbios_knl_Swi_disable__E.1)
                  0000bd24    00000008     (.tramp.ti_sysbios_family_arm_m3_Hwi_construct.1)
                  0000bd2c    00000008     (.tramp.ti_sysbios_knl_Swi_Params__init__S.1)
                  0000bd34    00000008     (.tramp.ti_sysbios_family_arm_m3_Hwi_Params__init__S.1)
                  0000bd3c    00000008     (.tramp.xdc_runtime_System_exit__E.1)
                  0000bd44    00000008     (.tramp.ti_sysbios_knl_Clock_construct.1)
                  0000bd4c    00000008     (.tramp.ti_sysbios_knl_Clock_Params__init__S.1)
                  0000bd54    00000008     (.tramp.ti_sysbios_BIOS_start__E.1)
                  0000bd5c    00000008     (.tramp.ti_sysbios_knl_Task_construct.1)
                  0000bd64    00000008     (.tramp.ti_sysbios_heaps_HeapMem_restore__E.1)
                  0000bd6c    00000008     (.tramp.ti_sysbios_heaps_HeapMem_Object__get__S.1)
                  0000bd74    00000008     (.tramp.xdc_runtime_Gate_leaveSystem__E.1)
                  0000bd7c    00000008     (.tramp.xdc_runtime_Gate_enterSystem__E.1)
                  0000bd84    00000008     (.tramp.ti_sysbios_knl_Task_sleep__E.1)
                  0000bd8c    00000008     (.tramp.xdc_runtime_Assert_raise__I.1)
                  0000bd94    00000008     (.tramp.ti_sysbios_knl_Clock_scheduleNextTick__E.1)
                  0000bd9c    00000008     (.tramp.ti_sysbios_knl_Clock_walkQueueDynamic__E.1)
                  0000bda4    00000008     (.tramp.ti_sysbios_knl_Clock_TimerProxy_getCurrentTick__E.1)
                  0000bdac    00000008     (.tramp.ti_sysbios_knl_Clock_start__E.1)
                  0000bdb4    00000008     (.tramp.ti_sysbios_knl_Clock_setTimeout__E.1)
                  0000bdbc    00000008     (.tramp.ti_sysbios_knl_Semaphore_construct.1)
                  0000bdc4    00000008     (.tramp.xdc_runtime_Timestamp_get64__E.1)
                  0000bdcc    00000008     (.tramp.ti_sysbios_family_arm_m3_Hwi_disableFxn__E.1)
                  0000bdd4    00000008     (.tramp.ti_sysbios_knl_Swi_restore__E.1)
                  0000bddc    00000008     (.tramp.ti_sysbios_knl_Semaphore_create.1)
                  0000bde4    00000008     (.tramp.ti_sysbios_knl_Semaphore_post__E.1)
                  0000bdec    00000008     (.tramp.ti_sysbios_knl_Semaphore_pend__E.1)
                  0000bdf4    00000008     (.tramp.ti_sysbios_family_arm_m3_Hwi_restoreFxn__E.1)

.const     0    0000bdfc    00004a2e     
                  0000bdfc    0000073c     smartrf_settings_predefined.obj (.const:patchGenookMce)
                  0000c538    000006b4     smartrf_settings.obj (.const:patchGenfskRfe)
                  0000cbec    000006b4     smartrf_settings_predefined.obj (.const:patchGenfskRfe)
                  0000d2a0    000006b4     smartrf_settings_predefined.obj (.const:patchLrmRfe)
                  0000d954    000006b4     smartrf_settings_predefined.obj (.const:patchSl_longrangeRfe)
                  0000e008    000006a4     smartrf_settings_predefined.obj (.const:patchGenookRfe)
                  0000e6ac    00000504     smartrf_settings_predefined.obj (.const:patchHsp4mbpsRfe)
                  0000ebb0    00000400     smartrf_settings_predefined.obj (.const:patchSl_longrangeMce)
                  0000efb0    000003f0     smartrf_settings_predefined.obj (.const:patchHsp4mbpsMce)
                  0000f3a0    000002b0     smartrf_settings.obj (.const:patchImageGenfsk)
                  0000f650    000002b0     smartrf_settings_predefined.obj (.const:patchImageGenfsk)
                  0000f900    000002b0     smartrf_settings_predefined.obj (.const:patchImageGenook)
                  0000fbb0    000002b0     smartrf_settings_predefined.obj (.const:patchImageLrm)
                  0000fe60    000002b0     smartrf_settings_predefined.obj (.const:patchImageSl_longrange)
                  00010110    00000090     main.obj (.const:$P$T2$3)
                  000101a0    00000084     CC1310_LAUNCHXL.obj (.const:ADC_config)
                  00010224    00000060     CC1310_LAUNCHXL.obj (.const:GPTimerCC26XX_config)
                  00010284    00000060     CC1310_LAUNCHXL.obj (.const:PWM_config)
                  000102e4    00000060     CC1310_LAUNCHXL.obj (.const:gptimerCC26xxHWAttrs)
                  00010344    00000060     hello_pem3.oem3 (.const:ti_uia_loggers_LoggerStopMode_Module__FXNS__C)
                  000103a4    0000004d     CC1310_LAUNCHXL.obj (.const:adcCC26xxHWAttrs)
                  000103f1    00000001     smartrf_settings_predefined.obj (.const)
                  000103f2    0000004c     drivers_cc13x0.aem3 : PowerCC26XX.oem3 (.const:resourceDB)
                  0001043e    00000002     hello_pem3.oem3 (.const:ti_uia_loggers_LoggerStopMode_Module__id__C)
                  00010440    00000048     hello_pem3.oem3 (.const:.string)
                  00010488    00000040     drivers_cc13x0.aem3 : UARTCC26XX.oem3 (.const:$O1$$)
                  000104c8    00000040     smartrf_settings_predefined.obj (.const:rfPowerTable)
                  00010508    0000002c     CC1310_LAUNCHXL.obj (.const:BoardGpioInitTable)
                  00010534    0000002c     hello_pem3.oem3 (.const:xdc_runtime_Startup_sfxnTab__A)
                  00010560    00000028     drivers_cc13x0.aem3 : UARTCC26XX.oem3 (.const:UARTCC26XX_fxnTable)
                  00010588    00000028     hello_pem3.oem3 (.const:ti_uia_loggers_LoggerStopMode_Object__PARAMS__C)
                  000105b0    00000024     drivers_cc13x0.aem3 : GPTimerCC26XX.oem3 (.const:$O1$$)
                  000105d4    00000024                         : UART.oem3 (.const:UART_defaultParams)
                  000105f8    00000020                         : PWMTimerCC26XX.oem3 (.const:PWMTimerCC26XX_fxnTable)
                  00010618    00000020     hello_pem3.oem3 (.const:ti_uia_loggers_LoggerStopMode_Object__DESC__C)
                  00010638    00000020     CC1310_LAUNCHXL.obj (.const:uartCC26XXHWAttrs)
                  00010658    0000001c     rf_multiMode_cc13x0.aem3 : RFCC26XX_multiMode.oem3 (.const:RF_defaultParams)
                  00010674    0000001c     drivers_cc13x0.aem3 : WatchdogCC26XX.oem3 (.const:WatchdogCC26XX_fxnTable)
                  00010690    00000018     EasyLink.obj (.const:$P$T0$3)
                  000106a8    00000018     drivers_cc13x0.aem3 : ADCCC26XX.oem3 (.const:ADCCC26XX_fxnTable)
                  000106c0    00000018                         : I2CCC26XX.oem3 (.const:I2CCC26XX_fxnTable)
                  000106d8    00000018                         : PWM.oem3 (.const:PWM_defaultParams)
                  000106f0    00000018     CC1310_LAUNCHXL.obj (.const:i2cCC26xxHWAttrs)
                  00010708    00000018     driverlib.lib : rfc.obj (.const:rfc_defaultIrqAddr)
                  00010720    00000016     hello_pem3.oem3 (.const:xdc_runtime_Startup_sfxnRts__A)
                  00010736    00000002     hello_pem3.oem3 (.const:ti_uia_loggers_LoggerStopMode_isTimestampEnabled__C)
                  00010738    00000010     drivers_cc13x0.aem3 : I2C.oem3 (.const:I2C_defaultParams)
                  00010748    00000010     CC1310_LAUNCHXL.obj (.const:PowerCC26XX_config)
                  00010758    00000010     CC1310_LAUNCHXL.obj (.const:pwmtimerCC26xxHWAttrs)
                  00010768    0000000c     CC1310_LAUNCHXL.obj (.const:I2C_config)
                  00010774    0000000c     CC1310_LAUNCHXL.obj (.const:UART_config)
                  00010780    0000000c     CC1310_LAUNCHXL.obj (.const:Watchdog_config)
                  0001078c    0000000c     drivers_cc13x0.aem3 : Watchdog.oem3 (.const:Watchdog_defaultParams)
                  00010798    0000000c     hello_pem3.oem3 (.const:xdc_runtime_Startup_firstFxns__A)
                  000107a4    0000000b     main.obj (.const:.string:$P$T1$2)
                  000107af    00000009     CC1310_LAUNCHXL.obj (.const)
                  000107b8    00000008     drivers_cc13x0.aem3 : ADC.oem3 (.const:ADC_defaultParams)
                  000107c0    00000008     CC1310_LAUNCHXL.obj (.const:PINCC26XX_hwAttrs)
                  000107c8    00000008     drivers_cc13x0.aem3 : I2CCC26XX.oem3 (.const:bitRate)
                  000107d0    00000008     CC1310_LAUNCHXL.obj (.const:watchdogCC26XXHWAttrs)
                  000107d8    00000004     EasyLink.obj (.const:$P$T1$4)
                  000107dc    00000004     CC1310_LAUNCHXL.obj (.const:RFCC26XX_hwAttrs)
                  000107e0    00000004     hello_pem3.oem3 (.const:ti_sysbios_family_arm_m3_Hwi_swiDisable__C)
                  000107e4    00000004     hello_pem3.oem3 (.const:ti_sysbios_family_arm_m3_Hwi_swiRestoreHwi__C)
                  000107e8    00000004     hello_pem3.oem3 (.const:ti_sysbios_heaps_HeapMem_primaryHeapBaseAddr__C)
                  000107ec    00000004     hello_pem3.oem3 (.const:ti_sysbios_heaps_HeapMem_primaryHeapEndAddr__C)
                  000107f0    00000004     hello_pem3.oem3 (.const:ti_sysbios_knl_Clock_tickPeriod__C)
                  000107f4    00000004     hello_pem3.oem3 (.const:ti_sysbios_knl_Clock_triggerClock__C)
                  000107f8    00000004     hello_pem3.oem3 (.const:ti_sysbios_knl_Idle_funcList__A)
                  000107fc    00000004     hello_pem3.oem3 (.const:ti_uia_loggers_LoggerStopMode_Module__diagsEnabled__C)
                  00010800    00000004     hello_pem3.oem3 (.const:ti_uia_loggers_LoggerStopMode_Module__diagsIncluded__C)
                  00010804    00000004     hello_pem3.oem3 (.const:ti_uia_loggers_LoggerStopMode_Module__diagsMask__C)
                  00010808    00000004     hello_pem3.oem3 (.const:ti_uia_loggers_LoggerStopMode_Object__count__C)
                  0001080c    00000004     hello_pem3.oem3 (.const:ti_uia_runtime_ILoggerSnapshot_Interface__BASE__C)
                  00010810    00000004     hello_pem3.oem3 (.const:ti_uia_runtime_IUIATransfer_Interface__BASE__C)
                  00010814    00000004     hello_pem3.oem3 (.const:xdc_runtime_IFilterLogger_Interface__BASE__C)
                  00010818    00000004     hello_pem3.oem3 (.const:xdc_runtime_ILogger_Interface__BASE__C)
                  0001081c    00000004     hello_pem3.oem3 (.const:xdc_runtime_SysMin_bufSize__C)
                  00010820    00000004     hello_pem3.oem3 (.const:xdc_runtime_SysMin_outputFunc__C)
                  00010824    00000003     main.obj (.const:.string:$P$T0$1)
                  00010827    00000001     hello_pem3.oem3 (.const:xdc_runtime_Text_charTab__A)
                  00010828    00000002     hello_pem3.oem3 (.const:xdc_runtime_SysMin_flushAtExit__C)

.cinit     0    00000040    000004c0     
                  00000040    00000382     (.cinit..data.load) [load image, compression = lzss]
                  000003c2    00000029     (.cinit..data:ti_sysbios_family_arm_m3_Hwi_Module__state__V.load) [load image, compression = lzss]
                  000003eb    00000021     (.cinit..data:ti_sysbios_knl_Task_Module__state__V.load) [load image, compression = lzss]
                  0000040c    0000001f     (.cinit..data:ti_sysbios_BIOS_Module__state__V.load) [load image, compression = lzss]
                  0000042b    0000001e     (.cinit..data:ti_sysbios_knl_Clock_Module__state__V.load) [load image, compression = lzss]
                  00000449    00000010     (.cinit..data:ti_sysbios_knl_Swi_Module__state__V.load) [load image, compression = lzss]
                  00000459    00000003     --HOLE-- [fill = 0]
                  0000045c    0000000c     (__TI_handler_table)
                  00000468    0000000b     (.cinit..data:ti_sysbios_family_arm_cc26xx_Timer_Module__state__V.load) [load image, compression = lzss]
                  00000473    0000000b     (.cinit..data:xdc_runtime_System_Module__state__V.load) [load image, compression = lzss]
                  0000047e    00000002     --HOLE-- [fill = 0]
                  00000480    00000008     (.cinit..bss.load) [load image, compression = zero_init]
                  00000488    00000008     (.cinit..data:xdc_runtime_Memory_Module__state__V.load) [load image, compression = lzss]
                  00000490    00000007     (.cinit..data:ti_sysbios_family_arm_cc26xx_TimestampProvider_Module__state__V.load) [load image, compression = lzss]
                  00000497    00000007     (.cinit..data:xdc_runtime_Startup_Module__state__V.load) [load image, compression = lzss]
[...]
1001c897  xdc_runtime_System_exitSpin__E                                            
1001c899  ti_sysbios_family_arm_m3_Hwi_dispatch__I                                  
1001c969  ti_sysbios_family_arm_m3_TaskSupport_buildTaskStack                       
1001c9b5  ti_sysbios_family_arm_m3_Hwi_initStacks__E                                
1001c9fd  ti_sysbios_family_arm_m3_Hwi_excHandlerAsm__I                             
1001ca1d  ti_sysbios_family_xxx_Hwi_switchAndRunFunc                                
1001ca3b  ti_sysbios_family_arm_m3_Hwi_pendSV__I                                    
1001ca53  ti_sysbios_family_arm_m3_Hwi_return                                       
1001ca55  ti_sysbios_family_arm_m3_TaskSupport_glue                                 
1001ca65  ti_sysbios_family_arm_m3_TaskSupport_swap__E                              
1001ca6d  ti_sysbios_knl_Task_swapReturn                                            
1001ca97  ti_sysbios_rom_cortexm_cc13xx_CC13xx_getRevision__E                       
20000000  ti_sysbios_family_arm_m3_Hwi_ramVectors                                   
20000100  ti_sysbios_knl_Task_Module__state__V                                      
20000144  ti_sysbios_family_arm_m3_Hwi_Module__state__V                             
20000178  ti_sysbios_knl_Clock_Module__state__V                                     
200001a4  ti_sysbios_BIOS_Module__state__V                                          
200001c8  ti_sysbios_knl_Swi_Module__state__V                                       
200001e4  ti_sysbios_family_arm_cc26xx_Timer_Module__state__V                       
200001ec  ti_sysbios_family_arm_cc26xx_TimestampProvider_Module__state__V           
200001f0  xdc_runtime_Startup_Module__state__V                                      
200001f8  xdc_runtime_System_Module__state__V                                       
20000200  xdc_runtime_Memory_Module__state__V                                       
20000680  ti_uia_loggers_LoggerStopMode_Instance_State_0_packetArray__A             
20000a80  ti_uia_loggers_LoggerStopMode_Instance_State_1_packetArray__A             
2000140c  xdc_runtime_SysMin_Module_State_0_outbuf__A                               
20001f40  uartCC26XXObjects                                                         
2000206c  __CIOBUF_                                                                 
2000218c  gptimerCC26XXObjects                                                      
200022ac  PIN_NumPins                                                               
20002340  PIN_HandleTable                                                           
200023bc  pwmtimerCC26xxObjects                                                     
200024bc  i2cCC26xxObjects                                                          
2000259c  adcCC26xxObjects                                                          
20002740  ti_sysbios_family_arm_m3_Hwi_dispatchTable                                
200029c4  accelTask                                                                 
20002a14  adcTask                                                                   
20002a64  gpsTask                                                                   
20002ab4  gyroTask                                                                  
20002b04  magTask                                                                   
20002b54  rxBeaconTask                                                              
20002ba4  rxRestartTask                                                             
20002bf4  txDataTask                                                                
20002c80  ti_uia_loggers_LoggerStopMode_Instance_State_0_hdr__A                     
20002d00  ti_uia_loggers_LoggerStopMode_Instance_State_1_hdr__A                     
20002d30  watchdogCC26XXObjects                                                     
20002d58  settings                                                                  
20002d80  clk0Struct                                                                
20002da4  uartParams                                                                
20002ee0  i2cTransaction                                                            
20002f2c  pwmparams                                                                 
20002f58  Connections                                                               
20002f8c  i2cParams                                                                 
20002fa8  aBias                                                                     
20002fb4  gBias                                                                     
20002fc0  mBias                                                                     
20002fcc  PowerCC26XX_taskKey                                                       
20002fd0  PowerCC26XX_swiKey                                                        
20002fec  aBiasRaw                                                                  
20002ff4  gBiasRaw                                                                  
20002ffc  mBiasRaw                                                                  
20003004  params                                                                    
2000300c  ClockP_tickPeriod                                                         
20003010  aRes                                                                      
20003014  adc0                                                                      
20003018  adc1                                                                      
2000301c  adcValue0MicroVolt                                                        
20003020  adcValue1MicroVolt                                                        
20003024  gRes                                                                      
20003028  i2c                                                                       
2000302c  mRes                                                                      
20003030  uart                                                                      
20003034  watchdogHandle                                                            
2000303a  adcValue0                                                                 
2000303c  adcValue1                                                                 
2000303e  ax                                                                        
20003040  ay                                                                        
20003042  az                                                                        
20003044  gx                                                                        
20003046  gy                                                                        
20003048  gz                                                                        
2000304a  mx                                                                        
2000304c  my                                                                        
2000304e  mz                                                                        
20003050  _autoCalc                                                                 
20003051  _mAddress                                                                 
20003052  _xgAddress                                                                
20003053  driverlib_release_0_48919                                                 
20003058  __primary_heap_start__                                                    
20004058  PowerCC26XX_module                                                        
20004058  __primary_heap_end__                                                      
2000416c  globalPacket                                                              
20004204  pOverrides_sl_lr                                                          
2000426c  ti_uia_loggers_LoggerStopMode_Object__table__V                            
200042d4  pOverrides_hsm                                                            
20004334  pOverrides_lrm                                                            
20004390  pOverrides_ook                                                            
20004444  pOverrides_fsk                                                            
2000449c  main_func_sp                                                              
200044a0  ti_sysbios_family_arm_cc26xx_Timer_Object__table__V                       
200044e8  RF_pProp_fsk                                                              
200044ec  RF_pProp_lrm                                                              
200044f0  RF_pProp_ook                                                              
200044f4  RF_pProp_hsm                                                              
200044f8  RF_pProp_sl_lr                                                            
200044fc  RF_pProp_2_4G_fsk                                                         
20004500  RF_pCmdPropRadioDivSetup_fsk                                              
20004504  RF_pCmdPropRadioDivSetup_lrm                                              
20004508  RF_pCmdPropRadioDivSetup_ook                                              
2000450c  RF_pCmdRadioSetup_hsm                                                     
20004510  RF_pCmdPropRadioDivSetup_sl_lr                                            
20004514  RF_pCmdPropRadioSetup_2_4G_fsk                                            
20004518  RF_pCmdTxHS                                                               
2000451c  RF_pCmdRxHS                                                               
20004520  RF_pCmdFs_preDef                                                          
20004524  RF_pCmdPropTx_preDef                                                      
20004528  RF_pCmdPropRxAdv_preDef                                                   
2000452c  ti_sysbios_gates_GateMutex_Object__table__V                               
20004564  RF_cmdPropRxAdv_preDef                                                    
20004594  goodToGo                                                                  
20004598  pwmPeriod                                                                 
2000459a  pwmduty                                                                   
2000459c  pwmdutyInc                                                                
200045a0  polarity                                                                  
200045a4  pwmtime                                                                   
200045a8  pwm1                                                                      
200045ac  pwm2                                                                      
200045b0  bytesRead                                                                 
200045b4  numConnections                                                            
200045b8  AXN                                                                       
200045bc  AYN                                                                       
200045c0  AZN                                                                       
200045c4  ti_sysbios_knl_Swi_Module_State_0_readyQ__A                               
200045f4  ti_sysbios_knl_Swi_Object__table__V                                       
20004624  ti_sysbios_knl_Task_Module_State_0_readyQ__A                              
20004654  RF_cmdPropRadioDivSetup                                                   
2000467c  RF_cmdPropRadioDivSetup_fsk                                               
200046a4  RF_cmdPropRadioDivSetup_lrm                                               
200046cc  RF_cmdPropRadioDivSetup_ook                                               
200046f4  RF_cmdPropRadioDivSetup_sl_lr                                             
2000471c  RF_cmdRxHS                                                                
20004760  pinTable                                                                  
20004780  ti_sysbios_knl_Clock_Object__table__V                                     
200047a0  xdc_runtime_Error_IgnoreBlock                                             
200047c0  message                                                                   
200047de  ti_sysbios_family_arm_m3_Hwi_Module_State_0_excActive__A                  
200047e0  RF_cmdFs                                                                  
200047f8  RF_cmdFs_preDef                                                           
20004810  RF_cmdPropTx                                                              
20004828  RF_cmdPropTx_preDef                                                       
20004840  RF_cmdRadioSetup_hsm                                                      
20004870  shapeovr                                                                  
20004888  ti_sysbios_family_arm_m3_Hwi_Object__table__V                             
200048a0  ti_sysbios_heaps_HeapMem_Object__table__V                                 
200048b8  RF_cmdTxHS                                                                
200048ec  RF_prop                                                                   
200048fc  RF_prop_fsk                                                               
2000490c  RF_prop_hsm                                                               
2000491c  RF_prop_lrm                                                               
2000492c  RF_prop_ook                                                               
2000493c  RF_prop_sl_lr                                                             
2000495a  xdc_runtime_Main_Module__root__V                                          
2000495c  __TI_cleanup_ptr                                                          
20004960  __TI_dtors_ptr                                                            
20004964  __TI_enable_exit_profile_output                                           
20004968  ti_sysbios_knl_Task_Module__root__V                                       
20004974  ti_uia_runtime_QueueDescriptor_Module__state__V                           
20004980  xdc_runtime_SysMin_Module__state__V                                       
2000498c  _lock                                                                     
20004990  _unlock                                                                   
20004994  ti_uia_runtime_QueueDescriptor_gPtrToFirstDescriptor                      
20004998  ti_uia_runtime_QueueDescriptor_gUpdateCount                               
2000499c  ti_sysbios_family_arm_m3_Hwi_Module__root__V                              
200049a4  ti_sysbios_gates_GateHwi_Module__root__V                                  
200049ac  ti_sysbios_gates_GateMutex_Module__root__V                                
200049b4  ti_sysbios_hal_Hwi_Module__root__V                                        
200049bc  ti_sysbios_heaps_HeapMem_Module__root__V                                  
200049c4  ti_sysbios_knl_Clock_Module__root__V                                      
200049cc  ti_sysbios_knl_Mailbox_Module__root__V                                    
200049d4  ti_sysbios_knl_Queue_Module__root__V                                      
200049dc  ti_sysbios_knl_Semaphore_Module__root__V                                  
200049e4  ti_sysbios_knl_Swi_Module__root__V                                        
200049ec  ti_uia_loggers_LoggerStopMode_Module__root__V                             
200049f4  xdc_runtime_System_Module_State_0_atexitHandlers__A                       
200049fc  ti_sysbios_family_arm_m3_Hwi_Module_State_0_excContext__A                 
20004a00  ti_sysbios_family_arm_m3_Hwi_Module_State_0_excStack__A                   
20004a04  ti_sysbios_knl_Task_Module_State_0_idleTask__A                            
20004c00  __stack                                                                   
20005000  __STACK_END                                                               
e000e000  ti_sysbios_family_arm_m3_Hwi_nvic                                         
ffffffff  __TI_pprof_out_hndl                                                       
ffffffff  __TI_prof_data_size                                                       
ffffffff  __TI_prof_data_start                                                      
ffffffff  __binit__                                                                 
ffffffff  __c_args__                                                                
ffffffff  binit                                                                     
UNDEFED   ClockP_getSystemTicks                                                     
UNDEFED   HwiP_restore                                                              
UNDEFED   SHT$$INIT_ARRAY$$Base                                                     
UNDEFED   SHT$$INIT_ARRAY$$Limit                                                    
UNDEFED   SwiP_restore                                                              
UNDEFED   ti_sysbios_BIOS_RtsGateProxy_Handle__label__S__mangled__                  
UNDEFED   ti_sysbios_BIOS_RtsGateProxy_Params__init__S__mangled__                   
UNDEFED   ti_sysbios_BIOS_RtsGateProxy_query__E__mangled__                          
UNDEFED   ti_sysbios_hal_Hwi_HwiProxy_Module__startupDone__S__mangled__             
UNDEFED   ti_sysbios_hal_Hwi_HwiProxy_Params__init__S__mangled__                    
UNDEFED   ti_sysbios_hal_Hwi_HwiProxy_disableInterrupt__E__mangled__                
UNDEFED   ti_sysbios_hal_Hwi_HwiProxy_enableInterrupt__E__mangled__                 
UNDEFED   ti_sysbios_hal_Hwi_HwiProxy_getStackInfo__E__mangled__                    
UNDEFED   ti_sysbios_hal_Hwi_HwiProxy_startup__E__mangled__                         
UNDEFED   ti_sysbios_hal_Hwi_HwiProxy_switchFromBootStack__E__mangled__             
UNDEFED   ti_sysbios_hal_Hwi_disableInterrupt__E                                    
UNDEFED   ti_sysbios_hal_Hwi_enableInterrupt__E                                     
UNDEFED   ti_sysbios_hal_Hwi_getStackInfo__E                                        
UNDEFED   ti_sysbios_hal_Hwi_startup__E                                             
UNDEFED   ti_sysbios_hal_Hwi_switchFromBootStack__E                                 
UNDEFED   ti_sysbios_heaps_HeapMem_Module_GateProxy_Handle__label__S__mangled__     
UNDEFED   ti_sysbios_heaps_HeapMem_Module_GateProxy_Params__init__S__mangled__      
UNDEFED   ti_sysbios_heaps_HeapMem_Module_GateProxy_query__E__mangled__             
UNDEFED   ti_sysbios_knl_Clock_TimerProxy_Module__startupDone__S__mangled__         
UNDEFED   ti_sysbios_knl_Clock_TimerProxy_startup__E__mangled__                     
UNDEFED   ti_sysbios_knl_Task_SupportProxy_Module__startupDone__S__mangled__        
UNDEFED   ti_sysbios_knl_Task_SupportProxy_getStackAlignment__E__mangled__          
UNDEFED   ti_sysbios_knl_Task_SupportProxy_start__E__mangled__                      
UNDEFED   ti_sysbios_knl_Task_SupportProxy_swap__E__mangled__                       
UNDEFED   xdc_runtime_Main_Module_GateProxy_Handle__label__S                        
UNDEFED   xdc_runtime_Main_Module_GateProxy_query__E                                
UNDEFED   xdc_runtime_Memory_HeapProxy_Handle__label__S__mangled__                  
UNDEFED   xdc_runtime_System_Module_GateProxy_Handle__label__S__mangled__           
UNDEFED   xdc_runtime_System_Module_GateProxy_query__E__mangled__                   
UNDEFED   xdc_runtime_Timestamp_SupportProxy_get64__E__mangled__                    
UNDEFED   xdc_runtime_Timestamp_SupportProxy_getFreq__E__mangled__                  
UNDEFED   xdc_runtime_Timestamp_get32__E                                            
UNDEFED   xdc_runtime_Timestamp_get64__E                                            
UNDEFED   xdc_runtime_Timestamp_getFreq__E                                          

[1129 symbols]
