******************************************************************************
                  TI ARM Linker Unix v16.9.3                   
******************************************************************************
>> Linked Tue Jan 30 14:23:57 2018

OUTPUT FILE NAME:   <Sprite.out>
ENTRY POINT SYMBOL: "ResetISR"  address: 00009c7d


MEMORY CONFIGURATION

         name            origin    length      used     unused   attr    fill
----------------------  --------  ---------  --------  --------  ----  --------
  FLASH                 00000000   00020000  0000fd9b  00010265  R  X
  SRAM                  20000000   00005000  00004eb3  0000014d  RW X


SEGMENT ALLOCATION MAP

run origin  load origin   length   init length attrs members
----------  ----------- ---------- ----------- ----- -------
00000000    00000000    000004d8   000004d8    r--
  00000000    00000000    0000003c   0000003c    r-- .resetVecs
  00000040    00000040    00000498   00000498    r-- .cinit
00001000    00001000    0000f87b   0000f87b    r-x
  00001000    00001000    0000003c   0000003c    r-- .const:ti_sysbios_knl_Task_Object__PARAMS__C
  0000103c    0000103c    00000034   00000034    r-- .const:ti_sysbios_knl_Mailbox_Object__PARAMS__C
  00001070    00001070    00000030   00000030    r-- .const:ti_sysbios_family_arm_m3_Hwi_Object__PARAMS__C
  000010a0    000010a0    0000002c   0000002c    r-- .const:ti_sysbios_hal_Hwi_Object__PARAMS__C
  000010cc    000010cc    00000028   00000028    r-- .const:ti_sysbios_heaps_HeapMem_Module__FXNS__C
  000010f4    000010f4    00000028   00000028    r-- .const:ti_sysbios_knl_Swi_Object__PARAMS__C
  0000111c    0000111c    00000024   00000024    r-- .const:ti_sysbios_gates_GateHwi_Module__FXNS__C
  00001140    00001140    00000024   00000024    r-- .const:ti_sysbios_gates_GateMutex_Module__FXNS__C
  00001164    00001164    00000024   00000024    r-- .const:ti_sysbios_heaps_HeapMem_Object__PARAMS__C
  00001188    00001188    00000024   00000024    r-- .const:ti_sysbios_knl_Clock_Object__PARAMS__C
  000011ac    000011ac    00000024   00000024    r-- .const:ti_sysbios_knl_Semaphore_Object__PARAMS__C
  000011d0    000011d0    00000020   00000020    r-- .const:ti_sysbios_family_arm_m3_Hwi_Object__DESC__C
  000011f0    000011f0    00000020   00000020    r-- .const:ti_sysbios_gates_GateHwi_Object__DESC__C
  00001210    00001210    00000020   00000020    r-- .const:ti_sysbios_gates_GateMutex_Object__DESC__C
  00001230    00001230    00000020   00000020    r-- .const:ti_sysbios_hal_Hwi_Object__DESC__C
  00001250    00001250    00000020   00000020    r-- .const:ti_sysbios_heaps_HeapMem_Object__DESC__C
  00001270    00001270    00000020   00000020    r-- .const:ti_sysbios_knl_Clock_Object__DESC__C
  00001290    00001290    00000020   00000020    r-- .const:ti_sysbios_knl_Mailbox_Object__DESC__C
  000012b0    000012b0    00000020   00000020    r-- .const:ti_sysbios_knl_Queue_Object__DESC__C
  000012d0    000012d0    00000020   00000020    r-- .const:ti_sysbios_knl_Semaphore_Object__DESC__C
  000012f0    000012f0    00000020   00000020    r-- .const:ti_sysbios_knl_Swi_Object__DESC__C
  00001310    00001310    00000020   00000020    r-- .const:ti_sysbios_knl_Task_Object__DESC__C
  00001330    00001330    00000018   00000018    r-- .const:ti_sysbios_gates_GateHwi_Object__PARAMS__C
  00001348    00001348    00000018   00000018    r-- .const:ti_sysbios_gates_GateMutex_Object__PARAMS__C
  00001360    00001360    00000018   00000018    r-- .const:ti_sysbios_knl_Queue_Object__PARAMS__C
  00001378    00001378    00000008   00000008    r-- .const:ti_sysbios_knl_Idle_funcList__C
  00001384    00001384    00000004   00000004    r-- .const:ti_sysbios_family_arm_cc26xx_Timer_startupNeeded__C
  00001388    00001388    00000004   00000004    r-- .const:ti_sysbios_family_arm_m3_Hwi_E_alreadyDefined__C
  0000138c    0000138c    00000004   00000004    r-- .const:ti_sysbios_family_arm_m3_Hwi_E_hwiLimitExceeded__C
  00001390    00001390    00000004   00000004    r-- .const:ti_sysbios_family_arm_m3_Hwi_NUM_INTERRUPTS__C
  00001394    00001394    00000004   00000004    r-- .const:ti_sysbios_family_arm_m3_Hwi_Object__count__C
  00001398    00001398    00000004   00000004    r-- .const:ti_sysbios_family_arm_m3_Hwi_Object__table__C
  0000139c    0000139c    00000004   00000004    r-- .const:ti_sysbios_family_arm_m3_Hwi_ccr__C
  000013a0    000013a0    00000004   00000004    r-- .const:ti_sysbios_family_arm_m3_Hwi_excHandlerFunc__C
  000013a4    000013a4    00000004   00000004    r-- .const:ti_sysbios_family_arm_m3_Hwi_nullIsrFunc__C
  000013a8    000013a8    00000004   00000004    r-- .const:ti_sysbios_family_arm_m3_Hwi_numSparseInterrupts__C
  000013ac    000013ac    00000004   00000004    r-- .const:ti_sysbios_family_arm_m3_Hwi_priGroup__C
  000013b0    000013b0    00000004   00000004    r-- .const:ti_sysbios_family_arm_m3_TaskSupport_stackAlignment__C
  000013b4    000013b4    00000004   00000004    r-- .const:ti_sysbios_heaps_HeapMem_E_memory__C
  000013b8    000013b8    00000004   00000004    r-- .const:ti_sysbios_heaps_HeapMem_Module__gateObj__C
  000013bc    000013bc    00000004   00000004    r-- .const:ti_sysbios_heaps_HeapMem_Object__count__C
  000013c0    000013c0    00000004   00000004    r-- .const:ti_sysbios_heaps_HeapMem_Object__table__C
  000013c4    000013c4    00000004   00000004    r-- .const:ti_sysbios_heaps_HeapMem_reqAlign__C
  000013c8    000013c8    00000004   00000004    r-- .const:ti_sysbios_knl_Clock_serviceMargin__C
  000013cc    000013cc    00000004   00000004    r-- .const:ti_sysbios_knl_Mailbox_Object__count__C
  000013d0    000013d0    00000004   00000004    r-- .const:ti_sysbios_knl_Mailbox_Object__table__C
  000013d4    000013d4    00000004   00000004    r-- .const:ti_sysbios_knl_Mailbox_maxTypeAlign__C
  000013d8    000013d8    00000004   00000004    r-- .const:ti_sysbios_knl_Queue_Object__count__C
  000013dc    000013dc    00000004   00000004    r-- .const:ti_sysbios_knl_Queue_Object__table__C
  000013e0    000013e0    00000004   00000004    r-- .const:ti_sysbios_knl_Swi_Object__count__C
  000013e4    000013e4    00000004   00000004    r-- .const:ti_sysbios_knl_Swi_Object__table__C
  000013e8    000013e8    00000004   00000004    r-- .const:ti_sysbios_knl_Swi_numPriorities__C
  000013ec    000013ec    00000004   00000004    r-- .const:ti_sysbios_knl_Task_Object__count__C
  000013f0    000013f0    00000004   00000004    r-- .const:ti_sysbios_knl_Task_Object__table__C
  000013f4    000013f4    00000004   00000004    r-- .const:ti_sysbios_knl_Task_allBlockedFunc__C
  000013f8    000013f8    00000004   00000004    r-- .const:ti_sysbios_knl_Task_defaultStackHeap__C
  000013fc    000013fc    00000004   00000004    r-- .const:ti_sysbios_knl_Task_defaultStackSize__C
  00001400    00001400    00000004   00000004    r-- .const:ti_sysbios_knl_Task_numConstructedTasks__C
  00001406    00001406    00000002   00000002    r-- .const:ti_sysbios_family_arm_cc26xx_Timer_Module__id__C
  00001408    00001408    00000002   00000002    r-- .const:ti_sysbios_family_arm_cc26xx_TimestampProvider_useClockTimer__C
  0000140a    0000140a    00000002   00000002    r-- .const:ti_sysbios_family_arm_m3_Hwi_Module__id__C
  0000140c    0000140c    00000002   00000002    r-- .const:ti_sysbios_gates_GateHwi_Module__id__C
  0000140e    0000140e    00000002   00000002    r-- .const:ti_sysbios_gates_GateMutex_Module__id__C
  00001410    00001410    00000002   00000002    r-- .const:ti_sysbios_heaps_HeapMem_Module__id__C
  00001412    00001412    00000002   00000002    r-- .const:ti_sysbios_knl_Task_initStackFlag__C
  00001414    00001414    00000001   00000001    r-- .const:ti_sysbios_knl_Clock_tickMode__C
  00001418    00001418    00000008   00000008    r-- .const:xdc_runtime_Startup_firstFxns__C
  00001420    00001420    00000008   00000008    r-- .const:xdc_runtime_Startup_lastFxns__C
  00001428    00001428    00000004   00000004    r-- .const:xdc_runtime_Assert_E_assertFailed__C
  0000142c    0000142c    00000004   00000004    r-- .const:xdc_runtime_Error_E_memory__C
  00001430    00001430    00000004   00000004    r-- .const:xdc_runtime_Error_policyFxn__C
  00001434    00001434    00000004   00000004    r-- .const:xdc_runtime_IGateProvider_Interface__BASE__C
  00001438    00001438    00000004   00000004    r-- .const:xdc_runtime_IHeap_Interface__BASE__C
  0000143c    0000143c    00000004   00000004    r-- .const:xdc_runtime_IModule_Interface__BASE__C
  00001440    00001440    00000004   00000004    r-- .const:xdc_runtime_Main_Module__diagsEnabled__C
  00001444    00001444    00000004   00000004    r-- .const:xdc_runtime_Main_Module__diagsIncluded__C
  00001448    00001448    00000004   00000004    r-- .const:xdc_runtime_Main_Module__diagsMask__C
  0000144c    0000144c    00000004   00000004    r-- .const:xdc_runtime_Memory_defaultHeapInstance__C
  00001450    00001450    00000004   00000004    r-- .const:xdc_runtime_Startup_execImpl__C
  00001454    00001454    00000004   00000004    r-- .const:xdc_runtime_Startup_maxPasses__C
  00001458    00001458    00000004   00000004    r-- .const:xdc_runtime_Startup_sfxnRts__C
  0000145c    0000145c    00000004   00000004    r-- .const:xdc_runtime_Startup_sfxnTab__C
  00001460    00001460    00000004   00000004    r-- .const:xdc_runtime_Startup_startModsFxn__C
  00001464    00001464    00000004   00000004    r-- .const:xdc_runtime_SysCallback_abortFxn__C
  00001468    00001468    00000004   00000004    r-- .const:xdc_runtime_SysCallback_exitFxn__C
  0000146c    0000146c    00000004   00000004    r-- .const:xdc_runtime_System_abortFxn__C
  00001470    00001470    00000004   00000004    r-- .const:xdc_runtime_System_exitFxn__C
  00001474    00001474    00000004   00000004    r-- .const:xdc_runtime_System_maxAtexitHandlers__C
  00001478    00001478    00000004   00000004    r-- .const:xdc_runtime_Text_charTab__C
  0000147c    0000147c    00000004   00000004    r-- .const:xdc_runtime_Text_nameEmpty__C
  00001480    00001480    00000004   00000004    r-- .const:xdc_runtime_Text_nameStatic__C
  00001484    00001484    00000004   00000004    r-- .const:xdc_runtime_Text_nameUnknown__C
  00001488    00001488    00000002   00000002    r-- .const:xdc_runtime_Main_Module__id__C
  0000148a    0000148a    00000002   00000002    r-- .const:xdc_runtime_Memory_Module__id__C
  0000148c    0000148c    00000002   00000002    r-- .const:xdc_runtime_Text_charCnt__C
  0000148e    0000148e    00000002   00000002    r-- .const:xdc_runtime_Text_isLoaded__C
  00001490    00001490    00000001   00000001    r-- .const:xdc_runtime_Error_policy__C
  00001494    00001494    00000004   00000004    r-- .const:ti_sysbios_rom_ROM_AONRTCChannelEnable
  00001498    00001498    00000004   00000004    r-- .const:ti_sysbios_rom_ROM_AONRTCCompareValueSet
  0000149c    0000149c    00000004   00000004    r-- .const:ti_sysbios_rom_ROM_AONRTCCurrentCompareValueGet
  000014a0    000014a0    00000004   00000004    r-- .const:ti_sysbios_rom_ROM_AONRTCEventClear
  000014a4    000014a4    00000004   00000004    r-- .const:ti_sysbios_rom_ROM_ti_sysbios_family_arm_cc26xx_Timer_getCount64__E
  000014a8    000014a8    00000004   00000004    r-- .const:ti_sysbios_rom_ROM_ti_sysbios_family_arm_cc26xx_Timer_getCurrentTick__E
  000014ac    000014ac    00000004   00000004    r-- .const:ti_sysbios_rom_ROM_ti_sysbios_family_arm_cc26xx_Timer_getMaxTicks__E
  000014b0    000014b0    00000004   00000004    r-- .const:ti_sysbios_rom_ROM_ti_sysbios_family_arm_cc26xx_Timer_initDevice__I
  000014b4    000014b4    00000004   00000004    r-- .const:ti_sysbios_rom_ROM_ti_sysbios_family_arm_cc26xx_Timer_setNextTick__E
  000014b8    000014b8    00000004   00000004    r-- .const:ti_sysbios_rom_ROM_ti_sysbios_family_arm_cc26xx_Timer_setThreshold__I
  000014bc    000014bc    00000004   00000004    r-- .const:ti_sysbios_rom_ROM_ti_sysbios_family_arm_cc26xx_Timer_start__E
  000014c0    000014c0    00000004   00000004    r-- .const:ti_sysbios_rom_ROM_ti_sysbios_family_arm_cc26xx_TimestampProvider_get32__E
  000014c4    000014c4    00000004   00000004    r-- .const:ti_sysbios_rom_ROM_xdc_runtime_Startup_getState__I
  000014c8    000014c8    00000004   00000004    r-- .const:ti_sysbios_rom_ROM_xdc_runtime_System_SupportProxy_abort__E
  000014cc    000014cc    00000004   00000004    r-- .const:ti_sysbios_rom_ROM_xdc_runtime_System_SupportProxy_exit__E
  000014d0    000014d0    00000004   00000004    r-- .const:ti_sysbios_gates_GateMutex_Instance_State_sem__O
  000014d4    000014d4    00000004   00000004    r-- .const:ti_sysbios_knl_Clock_Module_State_clockQ__O
  000014d8    000014d8    00000004   00000004    r-- .const:ti_sysbios_knl_Mailbox_Instance_State_dataQue__O
  000014dc    000014dc    00000004   00000004    r-- .const:ti_sysbios_knl_Mailbox_Instance_State_dataSem__O
  000014e0    000014e0    00000004   00000004    r-- .const:ti_sysbios_knl_Mailbox_Instance_State_freeQue__O
  000014e4    000014e4    00000004   00000004    r-- .const:ti_sysbios_knl_Mailbox_Instance_State_freeSem__O
  000014e8    000014e8    00000004   00000004    r-- .const:ti_sysbios_knl_Semaphore_Instance_State_pendQ__O
  000014ec    000014ec    00000004   00000004    r-- .const:ti_sysbios_knl_Task_Module_State_inactiveQ__O
  000014f0    000014f0    0000a968   0000a968    r-x .text
  0000be58    0000be58    00004a23   00004a23    r-- .const
0001ffa8    0001ffa8    00000058   00000058    r--
  0001ffa8    0001ffa8    00000058   00000058    r-- .ccfg
20000100    20000100    00000104   00000000    rw-
  20000100    20000100    00000044   00000000    rw- .data:ti_sysbios_knl_Task_Module__state__V
  20000144    20000144    00000034   00000000    rw- .data:ti_sysbios_family_arm_m3_Hwi_Module__state__V
  20000178    20000178    0000002c   00000000    rw- .data:ti_sysbios_knl_Clock_Module__state__V
  200001a4    200001a4    00000024   00000000    rw- .data:ti_sysbios_BIOS_Module__state__V
  200001c8    200001c8    0000001c   00000000    rw- .data:ti_sysbios_knl_Swi_Module__state__V
  200001e4    200001e4    00000008   00000000    rw- .data:ti_sysbios_family_arm_cc26xx_Timer_Module__state__V
  200001ec    200001ec    00000004   00000000    rw- .data:ti_sysbios_family_arm_cc26xx_TimestampProvider_Module__state__V
  200001f0    200001f0    00000008   00000000    rw- .data:xdc_runtime_Startup_Module__state__V
  200001f8    200001f8    00000008   00000000    rw- .data:xdc_runtime_System_Module__state__V
  20000200    20000200    00000004   00000000    rw- .data:xdc_runtime_Memory_Module__state__V
20000280    20000280    00002f50   00000000    rw-
  20000280    20000280    00002f50   00000000    rw- .bss
200031d0    200031d0    00001000   00000000    r--
  200031d0    200031d0    00001000   00000000    r-- .priheap
200041d0    200041d0    00000997   00000000    rw-
  200041d0    200041d0    00000997   00000000    rw- .data
20004c00    20004c00    00000400   00000000    rw-
  20004c00    20004c00    00000400   00000000    rw- .stack


SECTION ALLOCATION MAP

 output                                  attributes/
section   page    origin      length       input sections
--------  ----  ----------  ----------   ----------------
.text      0    000014f0    0000a968     
                  000014f0    0000044c     rf_multiMode_cc13x0.aem3 : RFCC26XX_multiMode.oem3 (.text:fsmActiveState)
                  0000193c    000003c4     EasyLink.obj (.text:EasyLink_init)
                  00001d00    00000324     rtsv7M3_T_le_eabi.lib : trgdrv.obj (.text)
                  00002024    0000030c     drivers_cc13x0.aem3 : PowerCC26XX_calibrateRCOSC.oem3 (.text:PowerCC26XX_auxISR)
                  00002330    00000248     rtsv7M3_T_le_eabi.lib : vla_alloc.obj (.text)
                  00002578    00000228     driverlib.lib : sys_ctrl.obj (.text:NOROM_SysCtrlSetRechargeBeforePowerDown)
                  000027a0    0000021c     drivers_cc13x0.aem3 : PowerCC26XX.oem3 (.text:Power_sleep)
                  000029bc    00000200     rf_multiMode_cc13x0.aem3 : RFCC26XX_multiMode.oem3 (.text:RF_open)
                  00002bbc    000001f4     rtsv7M3_T_le_eabi.lib : ull_div_t2.obj (.text)
                  00002db0    000001e4     main.obj (.text:LSM9DS1init)
                  00002f94    000001a4     EasyLink.obj (.text:EasyLink_setRfPwr)
                  00003138    0000019c     rf_multiMode_cc13x0.aem3 : RFCC26XX_multiMode.oem3 (.text:fsmSetupState)
                  000032d4    00000190     drivers_cc13x0.aem3 : PowerCC26XX_calibrateRCOSC.oem3 (.text:PowerCC26XX_doCalibrate)
                  00003464    0000018c                         : PINCC26XX.oem3 (.text:PIN_init)
                  000035f0    00000188     EasyLink.obj (.text:rxDoneCallback)
                  00003778    00000180     main.obj (.text:initGyro)
                  000038f8    00000170     EasyLink.obj (.text:EasyLink_receiveAsync)
                  00003a68    00000164     drivers_cc13x0.aem3 : UARTCC26XX.oem3 (.text:UARTCC26XX_open)
                  00003bcc    00000158     rf_multiMode_cc13x0.aem3 : RFCC26XX_multiMode.oem3 (.text:RF_postCmd)
                  00003d24    00000154     drivers_cc13x0.aem3 : I2CCC26XX.oem3 (.text:I2CCC26XX_open)
                  00003e78    00000154     rf_multiMode_cc13x0.aem3 : RFCC26XX_multiMode.oem3 (.text:radioOpDoneCb)
                  00003fcc    00000150                              : RFCC26XX_multiMode.oem3 (.text:abortCmd)
                  0000411c    00000150     smartrf_settings_predefined.obj (.text:rf_patch_mce_genook)
                  0000426c    00000148     rf_multiMode_cc13x0.aem3 : RFCC26XX_multiMode.oem3 (.text:fsmChangePhyState)
                  000043b4    0000013c     EasyLink.obj (.text:EasyLink_transmit)
                  000044f0    00000138     hello_pem3.oem3 (.text:ti_uia_loggers_LoggerStopMode_writeMemoryRange__E)
                  00004628    00000134     main.obj (.text:initAccel)
                  0000475c    00000130     driverlib.lib : setup_rom.obj (.text:NOROM_SetupAfterColdResetWakeupFromShutDownCfg3)
                  0000488c    0000012c     drivers_cc13x0.aem3 : PowerCC26XX.oem3 (.text:Power_init)
                  000049b8    00000128     smartrf_settings.obj (.text:rf_patch_rfe_genfsk)
                  00004ae0    00000128     smartrf_settings_predefined.obj (.text:rf_patch_rfe_genfsk)
                  00004c08    00000128     smartrf_settings_predefined.obj (.text:rf_patch_rfe_lrm)
                  00004d30    00000128     smartrf_settings_predefined.obj (.text:rf_patch_rfe_sl_longrange)
                  00004e58    00000120     main.obj (.text:rxDoneCb)
                  00004f78    0000011c     rf_multiMode_cc13x0.aem3 : RFCC26XX_multiMode.oem3 (.text:RF_close)
                  00005094    00000118     drivers_cc13x0.aem3 : UARTCC26XX.oem3 (.text:UARTCC26XX_read)
                  000051ac    00000118     main.obj (.text:initMag)
                  000052c4    00000114     smartrf_settings_predefined.obj (.text:rf_patch_mce_hsp_4mbps)
                  000053d8    00000110     drivers_cc13x0.aem3 : I2CCC26XX.oem3 (.text:I2CCC26XX_hwiFxn)
                  000054e8    0000010c     hello_pem3.oem3 (.text:ti_uia_loggers_LoggerStopMode_write8__E)
                  000055f4    0000010a     drivers_cc13x0.aem3 : UARTCC26XX.oem3 (.text:UARTCC26XX_hwiIntFxn)
                  000056fe    00000002                         : PWMTimerCC26XX.oem3 (.text:PWMTimerCC26XX_init)
                  00005700    00000108     rf_multiMode_cc13x0.aem3 : RFCC26XX_multiMode.oem3 (.text:fsmPowerUpState)
                  00005808    00000108                              : RFCC26XX_multiMode.oem3 (.text:hwiFxnCpe0Active)
                  00005910    000000fc     drivers_cc13x0.aem3 : UARTCC26XX.oem3 (.text:UARTCC26XX_write)
                  00005a0c    000000fc     main.obj (.text:adcTaskFunc)
                  00005b08    000000fc     main.obj (.text:gpsFunc)
                  00005c04    000000f8     main.obj (.text:semaphoreSetup)
                  00005cfc    000000f4     hello_pem3.oem3 (.text:ti_uia_loggers_LoggerStopMode_write4__E)
                  00005df0    000000f0     driverlib.lib : setup_rom.obj (.text:NOROM_SetupAfterColdResetWakeupFromShutDownCfg2)
                  00005ee0    000000ec     drivers_cc13x0.aem3 : PWMTimerCC26XX.oem3 (.text:PWMTimerCC26XX_open)
                  00005fcc    000000e8     hello_pem3.oem3 (.text:ti_uia_loggers_LoggerStopMode_write1__E)
                  000060b4    000000e8     hello_pem3.oem3 (.text:ti_uia_loggers_LoggerStopMode_write2__E)
                  0000619c    000000e0     main.obj (.text:txDataTaskFunc)
                  0000627c    000000dc     driverlib.lib : rfc.obj (.text:NOROM_RFCOverrideUpdate)
                  00006358    000000dc     drivers_cc13x0.aem3 : PINCC26XX.oem3 (.text:PINCC26XX_setIoCfg)
                  00006434    000000d8     EasyLink.obj (.text:EasyLink_enableRxAddrFilter)
                  0000650c    000000d8     smartrf_settings_predefined.obj (.text:rf_patch_rfe_genook)
                  000065e4    000000d8     smartrf_settings_predefined.obj (.text:rf_patch_rfe_hsp_4mbps)
                  000066bc    000000d8     hello_pem3.oem3 (.text:ti_uia_loggers_LoggerStopMode_write0__E)
                  00006794    000000d4     driverlib.lib : rfc.obj (.text:NOROM_RFCRfTrimRead)
                  00006868    000000d0     dpl_cc13x0.aem3 : PowerCC26XX_tirtos.oem3 (.text:PowerCC26XX_standbyPolicy)
                  00006938    000000c4     drivers_cc13x0.aem3 : ADCCC26XX.oem3 (.text:ADCCC26XX_convert)
                  000069fc    000000c4     driverlib.lib : setup.obj (.text:TrimAfterColdResetWakeupFromShutDown)
                  00006ac0    000000c4     smartrf_settings_predefined.obj (.text:rf_patch_mce_sl_longrange)
                  00006b84    000000c4     main.obj (.text:rxBeaconFunc)
                  00006c48    000000c0     drivers_cc13x0.aem3 : I2CCC26XX.oem3 (.text:I2CCC26XX_transfer)
                  00006d08    000000c0     driverlib.lib : aux_adc.obj (.text:NOROM_AUXADCEnableSync)
                  00006dc8    000000bc     drivers_cc13x0.aem3 : GPTimerCC26XX.oem3 (.text:GPTimerCC26XX_open)
                  00006e84    000000bc     main.obj (.text:I2CreadBytes)
                  00006f40    000000bc     drivers_cc13x0.aem3 : PowerCC26XX.oem3 (.text:Power_releaseDependency)
                  00006ffc    000000bc                         : UARTCC26XX.oem3 (.text:UARTCC26XX_initHw)
                  000070b8    000000b4                         : PowerCC26XX.oem3 (.text:Power_setDependency)
                  0000716c    000000a8     driverlib.lib : setup.obj (.text:NOROM_SetupTrimDevice)
                  00007214    000000a8     main.obj (.text:pwmTaskFunc)
                  000072bc    000000a4     driverlib.lib : setup_rom.obj (.text:NOROM_SetupAfterColdResetWakeupFromShutDownCfg1)
                  00007360    000000a4     rf_multiMode_cc13x0.aem3 : RFCC26XX_multiMode.oem3 (.text:RF_dispatchCmd)
                  00007404    000000a0     drivers_cc13x0.aem3 : GPTimerCC26XX.oem3 (.text:GPTimerCC26XX_close)
                  000074a4    000000a0     auto_init.aem3 : auto_init.oem3 (.text)
                  00007544    0000009c     rf_multiMode_cc13x0.aem3 : RFCC26XX_multiMode.oem3 (.text:RF_issueRadioFreeCb)
                  000075e0    0000009c     drivers_cc13x0.aem3 : WatchdogCC26XX.oem3 (.text:WatchdogCC26XX_open)
                  0000767c    0000009c     rf_multiMode_cc13x0.aem3 : RFCC26XX_multiMode.oem3 (.text:hwiFxnCpe0PowerFsm)
                  00007718    0000009c     rtsv7M3_T_le_eabi.lib : memcpy_t2.obj (.text)
                  000077b4    0000009c     rf_multiMode_cc13x0.aem3 : RFCC26XX_multiMode.oem3 (.text:swiFxnHw)
                  00007850    00000098     drivers_cc13x0.aem3 : PINCC26XX.oem3 (.text:PIN_open)
                  000078e8    00000098                         : UARTCC26XX.oem3 (.text:UARTCC26XX_initIO)
                  00007980    00000098     rom_sysbios.aem3 : rom_sysbios.obj (.text:ti_sysbios_knl_Clock_workFuncDynamic__E)
                  00007a18    00000094     EasyLink.obj (.text:EasyLink_abort)
                  00007aac    00000094     driverlib.lib : aux_adc.obj (.text:NOROM_AUXADCDisable)
                  00007b40    00000094     main.obj (.text:readAccel)
                  00007bd4    00000094     main.obj (.text:readGyro)
                  00007c68    00000094     drivers_cc13x0.aem3 : UARTCC26XX.oem3 (.text:writeFinishedDoCallback)
                  00007cfc    00000090                         : I2CCC26XX.oem3 (.text:I2CCC26XX_cancel)
                  00007d8c    00000090     ti.uia.loggers.aem3 : LoggerStopMode.oem3 (.text:ti_uia_loggers_LoggerStopMode_initQueueDescriptor__E)
                  00007e1c    0000008c     drivers_cc13x0.aem3 : I2CCC26XX.oem3 (.text:I2CCC26XX_primeTransfer)
                  00007ea8    0000008c     rf_multiMode_cc13x0.aem3 : RFCC26XX_multiMode.oem3 (.text:RF_pendCmd)
                  00007f34    0000008c     drivers_cc13x0.aem3 : UARTCC26XX.oem3 (.text:UARTCC26XX_close)
                  00007fc0    0000008c                         : UARTCC26XX.oem3 (.text:UARTCC26XX_writeCancel)
                  0000804c    00000088                         : ADCCC26XX.oem3 (.text:ADCCC26XX_open)
                  000080d4    00000088                         : PowerCC26XX.oem3 (.text:disableLFClockQualifiers)
                  0000815c    00000084                         : PowerCC26XX.oem3 (.text:switchXOSCHFclockFunc)
                  000081e0    00000080                         : PWMTimerCC26XX.oem3 (.text:PWMTimerCC26XX_setPeriod)
                  00008260    00000080     main.obj (.text:magTaskFunc)
                  000082e0    0000007c     main.obj (.text:constrainScales)
                  0000835c    0000007a     rtsv7M3_T_le_eabi.lib : memset_t2.obj (.text)
                  000083d6    00000002     drivers_cc13x0.aem3 : WatchdogCC26XX.oem3 (.text:WatchdogCC26XX_close)
                  000083d8    00000078     main.obj (.text:LSM9DS1begin)
                  00008450    00000078     main.obj (.text:pinCallback)
                  000084c8    00000078     main.obj (.text:pwmSetup)
                  00008540    00000078     drivers_cc13x0.aem3 : UARTCC26XX.oem3 (.text:writeTxFifoFlush)
                  000085b8    00000074     driverlib.lib : setup_rom.obj (.text:NOROM_SetupSetVddrLevel)
                  0000862c    00000074     main.obj (.text:configInt)
                  000086a0    00000074     rom_sysbios.aem3 : rom_sysbios.obj (.text:ti_sysbios_family_arm_cc26xx_Timer_start__E)
                  00008714    00000074     ti.uia.runtime.aem3 : QueueDescriptor.oem3 (.text:ti_uia_runtime_QueueDescriptor_addToList__E)
                  00008788    0000006c     drivers_cc13x0.aem3 : PowerCC26XX_calibrateRCOSC.oem3 (.text:PowerCC26XX_initiateCalibration)
                  000087f4    00000068                         : I2CCC26XX.oem3 (.text:I2CCC26XX_close)
                  0000885c    00000068     main.obj (.text:I2CreadByte)
                  000088c4    00000068     main.obj (.text:I2CwriteByte)
                  0000892c    00000068     driverlib.lib : setup_rom.obj (.text:NOROM_SetupGetTrimForAmpcompCtrl)
                  00008994    00000068                   : setup_rom.obj (.text:NOROM_SetupGetTrimForAnabypassValue1)
                  000089fc    00000068                   : sys_ctrl.obj (.text:NOROM_SysCtrl_DCDC_VoltageConditionalControl)
                  00008a64    00000068     drivers_cc13x0.aem3 : UARTCC26XX.oem3 (.text:UARTCC26XX_readCancel)
                  00008acc    00000068     rtsv7M3_T_le_eabi.lib : copy_decompress_lzss.obj (.text:decompress:lzss)
                  00008b34    00000068     rf_multiMode_cc13x0.aem3 : RFCC26XX_multiMode.oem3 (.text:flushPendCmd)
                  00008b9c    00000068                              : RFCC26XX_multiMode.oem3 (.text:fsmXOSCState)
                  00008c04    00000068     rtsv7M3_T_le_eabi.lib : trgmsg.obj (.text)
                  00008c6c    00000066     ti.uia.loggers.aem3 : LoggerStopMode.oem3 (.text:ti_uia_loggers_LoggerStopMode_flush__E)
                  00008cd2    00000002     rf_multiMode_cc13x0.aem3 : RFCC26XX_multiMode.oem3 (.text:defaultCallback)
                  00008cd4    00000064     driverlib.lib : osc.obj (.text:NOROM_OSCHF_AttemptToSwitchToXosc)
                  00008d38    00000064     drivers_cc13x0.aem3 : PINCC26XX.oem3 (.text:PIN_add)
                  00008d9c    00000064                         : PowerCC26XX.oem3 (.text:configureXOSCHF)
                  00008e00    00000064     rf_multiMode_cc13x0.aem3 : RFCC26XX_multiMode.oem3 (.text:dispatchOpWhen)
                  00008e64    00000064     rom_sysbios.aem3 : rom_sysbios.obj (.text:ti_sysbios_heaps_HeapMem_initPrimary__I)
                  00008ec8    00000062     rf_multiMode_cc13x0.aem3 : RFCC26XX_multiMode.oem3 (.text:syncCb)
                  00008f2a    00000002     drivers_cc13x0.aem3 : PowerCC26XX.oem3 (.text:emptyClockFunc)
                  00008f2c    00000060     driverlib.lib : osc.obj (.text:NOROM_OSCClockSourceSet)
                  00008f8c    00000060     drivers_cc13x0.aem3 : UARTCC26XX.oem3 (.text:UARTCC26XX_control)
                  00008fec    00000060     smartrf_settings.obj (.text:configureGenfskPatch)
                  0000904c    00000060     smartrf_settings_predefined.obj (.text:configureGenfskPatch)
                  000090ac    00000060     smartrf_settings_predefined.obj (.text:configureGenookPatch)
                  0000910c    00000060     smartrf_settings_predefined.obj (.text:configureLrmPatch)
                  0000916c    00000060     smartrf_settings_predefined.obj (.text:configureSl_longrangePatch)
                  000091cc    0000005c     driverlib.lib : sys_ctrl.obj (.text:NOROM_SysCtrlAdjustRechargeAfterPowerDown)
                  00009228    0000005c     drivers_cc13x0.aem3 : PowerCC26XX_calibrateRCOSC.oem3 (.text:PowerCC26XX_RCOSC_clockFunc)
                  00009284    0000005c                         : PowerCC26XX.oem3 (.text:PowerCC26XX_calibrate)
                  000092e0    0000005c     main.obj (.text:createRFRXTasks)
                  0000933c    0000005c     rf_multiMode_cc13x0.aem3 : RFCC26XX_multiMode.oem3 (.text:ratChanFree)
                  00009398    0000005c     hello_pem3.oem3 (.text:xdc_runtime_Startup_getState__I)
                  000093f4    00000058     drivers_cc13x0.aem3 : GPTimerCC26XX.oem3 (.text:GPTimerCC26XX_stop)
                  0000944c    00000058                         : I2CCC26XX.oem3 (.text:I2CCC26XX_swiFxn)
                  000094a4    00000058                         : PINCC26XX.oem3 (.text:PIN_remove)
                  000094fc    00000058     rf_multiMode_cc13x0.aem3 : RFCC26XX_multiMode.oem3 (.text:applyRfCorePatch)
                  00009554    00000054                              : RFCC26XX_multiMode.oem3 (.text:RF_getCurrentTime)
                  000095a8    00000054     main.obj (.text:calcaRes)
                  000095fc    00000054     main.obj (.text:calcmRes)
                  00009650    00000054     rf_multiMode_cc13x0.aem3 : RFCC26XX_multiMode.oem3 (.text:hwiFxnHw)
                  000096a4    00000054     rtsv7M3_T_le_eabi.lib : exit.obj (.text)
                  000096f8    00000050     driverlib.lib : setup_rom.obj (.text:NOROM_SetupSetCacheModeAccordingToCcfgSetting)
                  00009748    00000050     main.obj (.text:main)
                  00009798    00000050     main.obj (.text:readMag)
                  000097e8    00000050     drivers_cc13x0.aem3 : UARTCC26XX.oem3 (.text:startTxFifoEmptyClk)
                  00009838    0000004c                         : GPTimerCC26XX.oem3 (.text:GPTimerCC26XX_start)
                  00009884    0000004c                         : I2CCC26XX.oem3 (.text:I2CCC26XX_initHw)
                  000098d0    0000004c                         : PWMTimerCC26XX.oem3 (.text:PWMTimerCC26XX_getdutyCounts)
                  0000991c    0000004c     rf_multiMode_cc13x0.aem3 : RFCC26XX_multiMode.oem3 (.text:RF_wakeupNotifyFxn)
                  00009968    0000004c     main.obj (.text:gyroTaskFunc)
                  000099b4    0000004c     rtsv7M3_T_le_eabi.lib : cpy_tbl.obj (.text)
                  00009a00    0000004c     ti.uia.loggers.aem3 : LoggerStopMode.oem3 (.text:ti_uia_loggers_LoggerStopMode_Module_startup__E)
                  00009a4c    00000048     dpl_cc13x0.aem3 : ClockP_tirtos.oem3 (.text:ClockP_construct)
                  00009a94    00000048     drivers_cc13x0.aem3 : PINCC26XX.oem3 (.text:PIN_setOutputEnable)
                  00009adc    00000048     main.obj (.text:calcgRes)
                  00009b24    00000048     main.obj (.text:clockSetup)
                  00009b6c    00000044     drivers_cc13x0.aem3 : PINCC26XX.oem3 (.text:PIN_swi)
                  00009bb0    00000044     rf_multiMode_cc13x0.aem3 : RFCC26XX_multiMode.oem3 (.text:RF_releasePowerConstraint)
                  00009bf4    00000044     drivers_cc13x0.aem3 : RingBuf.oem3 (.text:RingBuf_put)
                  00009c38    00000044     main.obj (.text:adcSetup)
                  00009c7c    00000044     boot.aem3 : boot.oem3 (.text)
                  00009cc0    00000044     drivers_cc13x0.aem3 : PowerCC26XX.oem3 (.text:notify)
                  00009d04    00000044     ti.uia.loggers.aem3 : LoggerStopMode.oem3 (.text:ti_uia_loggers_LoggerStopMode_initBuffer__I)
                  00009d48    00000044     rom_sysbios.aem3 : rom_sysbios.obj (.text:xdc_runtime_SysMin_flush__E)
                  00009d8c    00000040     drivers_cc13x0.aem3 : ADCCC26XX.oem3 (.text:ADCCC26XX_convertToMicroVolts)
                  00009dcc    00000040                         : ADC.oem3 (.text:ADC_init)
                  00009e0c    00000040                         : ADC.oem3 (.text:ADC_open)
                  00009e4c    00000040     dpl_cc13x0.aem3 : HwiP_tirtos.oem3 (.text:HwiP_construct)
                  00009e8c    00000040     drivers_cc13x0.aem3 : I2C.oem3 (.text:I2C_init)
                  00009ecc    00000040                         : I2C.oem3 (.text:I2C_open)
                  00009f0c    00000040                         : PWMTimerCC26XX.oem3 (.text:PWMTimerCC26XX_setDuty)
                  00009f4c    00000040                         : PWM.oem3 (.text:PWM_init)
                  00009f8c    00000040                         : PWM.oem3 (.text:PWM_open)
                  00009fcc    00000040                         : UART.oem3 (.text:UART_init)
                  0000a00c    00000040                         : UART.oem3 (.text:UART_open)
                  0000a04c    00000040                         : Watchdog.oem3 (.text:Watchdog_init)
                  0000a08c    00000040                         : Watchdog.oem3 (.text:Watchdog_open)
                  0000a0cc    00000040     main.obj (.text:accelTaskFunc)
                  0000a10c    00000040     rom_sysbios.aem3 : rom_sysbios.obj (.text:ti_sysbios_family_arm_cc26xx_Timer_setThreshold__I)
                  0000a14c    0000003e     drivers_cc13x0.aem3 : RingBuf.oem3 (.text:RingBuf_get)
                  0000a18a    0000003e     hello_pem3.oem3 (.text:realloc)
                  0000a1c8    0000003c     drivers_cc13x0.aem3 : ADCCC26XX.oem3 (.text:ADCCC26XX_close)
                  0000a204    0000003c     driverlib.lib : chipinfo.obj (.text:NOROM_ChipInfo_GetHwRevision)
                  0000a240    0000003c                   : osc.obj (.text:NOROM_OSC_HPOSCRelativeFrequencyOffsetGet)
                  0000a27c    0000003c                   : rfc.obj (.text:NOROM_RFCSynthPowerDown)
                  0000a2b8    0000003c     drivers_cc13x0.aem3 : PowerCC26XX.oem3 (.text:PowerCC26XX_isStableXOSC_HF)
                  0000a2f4    0000003c                         : PowerCC26XX.oem3 (.text:PowerCC26XX_switchXOSC_HF)
                  0000a330    0000003c     rf_multiMode_cc13x0.aem3 : RFCC26XX_multiMode.oem3 (.text:RF_runCmd)
                  0000a36c    0000003c     dpl_cc13x0.aem3 : SwiP_tirtos.oem3 (.text:SwiP_construct)
                  0000a3a8    0000003c     rom_sysbios.aem3 : rom_sysbios.obj (.text:ti_sysbios_family_arm_m3_Hwi_construct2__E)
                  0000a3e4    00000038     drivers_cc13x0.aem3 : PINCC26XX.oem3 (.text:PIN_setOutputValue)
                  0000a41c    00000038     rf_multiMode_cc13x0.aem3 : RFCC26XX_multiMode.oem3 (.text:Q_end)
                  0000a454    00000038                              : RFCC26XX_multiMode.oem3 (.text:RF_checkCmdFsError)
                  0000a48c    00000038     drivers_cc13x0.aem3 : UARTCC26XX.oem3 (.text:UARTCC26XX_swiIntFxn)
                  0000a4c4    00000038     main.obj (.text:createADCTask)
                  0000a4fc    00000038     main.obj (.text:createAccelTask)
                  0000a534    00000038     main.obj (.text:createGPSTask)
                  0000a56c    00000038     main.obj (.text:createGyroTask)
                  0000a5a4    00000038     main.obj (.text:createMagTask)
                  0000a5dc    00000038     main.obj (.text:createPWMTask)
                  0000a614    00000038     main.obj (.text:createRFTXTasks)
                  0000a64c    00000038     main.obj (.text:pinSetup)
                  0000a684    00000038     drivers_cc13x0.aem3 : UARTCC26XX.oem3 (.text:readData)
                  0000a6bc    00000038     rom_sysbios.aem3 : rom_sysbios.obj (.text:ti_sysbios_family_arm_cc26xx_Timer_getCurrentTick__E)
                  0000a6f4    00000038     drivers_cc13x0.aem3 : UARTCC26XX.oem3 (.text:writeData)
                  0000a72c    00000038     rom_sysbios.aem3 : rom_sysbios.obj (.text:xdc_runtime_SysMin_putch__E)
                  0000a764    00000034     drivers_cc13x0.aem3 : GPTimerCC26XX.oem3 (.text:GPTimerCC26XXSetLoadMatch)
                  0000a798    00000034     driverlib.lib : aux_adc.obj (.text:NOROM_AUXADCDisableInputScaling)
                  0000a7cc    00000034                   : osc.obj (.text:NOROM_OSCHF_SwitchToRcOscTurnOffXosc)
                  0000a800    00000034     drivers_cc13x0.aem3 : PINCC26XX.oem3 (.text:PIN_setConfig)
                  0000a834    00000034                         : PowerCC26XX.oem3 (.text:Power_releaseConstraint)
                  0000a868    00000034     rf_multiMode_cc13x0.aem3 : RFCC26XX_multiMode.oem3 (.text:Q_push)
                  0000a89c    00000034     rom_sysbios.aem3 : rom_sysbios.obj (.text:ti_sysbios_family_arm_cc26xx_Timer_initDevice__I)
                  0000a8d0    00000034     ti.uia.loggers.aem3 : LoggerStopMode.oem3 (.text:ti_uia_loggers_LoggerStopMode_reset__E)
                  0000a904    00000034     main.obj (.text:wdtSetup)
                  0000a938    00000032     rom_sysbios.aem3 : rom_sysbios.obj (.text:ti_sysbios_family_arm_cc26xx_Timer_setNextTick__E)
                  0000a96a    00000002     smartrf_settings.obj (.text:enterGenfskSysPatch)
                  0000a96c    00000030     drivers_cc13x0.aem3 : GPTimerCC26XX.oem3 (.text:GPTimerCC26XX_configureDebugStall)
                  0000a99c    00000030     driverlib.lib : chipinfo.obj (.text:NOROM_ChipInfo_GetChipType)
                  0000a9cc    00000030                   : setup_rom.obj (.text:NOROM_SetupSetAonRtcSubSecInc)
                  0000a9fc    00000030     drivers_cc13x0.aem3 : PowerCC26XX.oem3 (.text:Power_setConstraint)
                  0000aa2c    00000030     driverlib.lib : adi.obj (.text:SafeHapiAuxAdiSelect)
                  0000aa5c    00000030     drivers_cc13x0.aem3 : WatchdogCC26XX.oem3 (.text:WatchdogCC26XX_setReload)
                  0000aa8c    00000030     rf_multiMode_cc13x0.aem3 : RFCC26XX_multiMode.oem3 (.text:clkPowerUpFxn)
                  0000aabc    00000030     main.obj (.text:initI2C)
                  0000aaec    00000030     drivers_cc13x0.aem3 : UARTCC26XX.oem3 (.text:readData2RingBuf)
                  0000ab1c    00000030     hello_pem3.oem3 (.text:ti_sysbios_BIOS_atExitFunc__I)
                  0000ab4c    00000030     hello_pem3.oem3 (.text:ti_sysbios_BIOS_startFunc__I)
                  0000ab7c    00000030     hello_pem3.oem3 (.text:ti_uia_loggers_LoggerStopMode_Object__create__S)
                  0000abac    00000030     rom_sysbios.aem3 : rom_sysbios.obj (.text:xdc_runtime_SysMin_abort__E)
                  0000abdc    0000002e     hello_pem3.oem3 (.text:ti_sysbios_rts_gnu_MemAlloc_alloc)
                  0000ac0a    00000002     smartrf_settings_predefined.obj (.text:enterGenfskSysPatch)
                  0000ac0c    0000002c     driverlib.lib : ddi.obj (.text:NOROM_DDI32RegWrite)
                  0000ac38    0000002c                   : osc.obj (.text:NOROM_OSCClockSourceGet)
                  0000ac64    0000002c                   : rfc.obj (.text:NOROM_RFCCPEPatchReset)
                  0000ac90    0000002c                   : setup_rom.obj (.text:NOROM_SetupGetTrimForRadcExtCfg)
                  0000acbc    0000002c     drivers_cc13x0.aem3 : PINCC26XX.oem3 (.text:PINCC26XX_setMux)
                  0000ace8    0000002c                         : PWMTimerCC26XX.oem3 (.text:PWMTimerCC26XX_close)
                  0000ad14    0000002c     dpl_cc13x0.aem3 : SemaphoreP_tirtos.oem3 (.text:SemaphoreP_constructBinary)
                  0000ad40    0000002c     rf_multiMode_cc13x0.aem3 : RFCC26XX_multiMode.oem3 (.text:getCmd)
                  0000ad6c    0000002c     rom_sysbios.aem3 : rom_sysbios.obj (.text:ti_sysbios_knl_Clock_getTicksUntilInterrupt__E)
                  0000ad98    0000002a     display.aem3 : Display.oem3 (.text:Display_doPrintf)
                  0000adc2    0000002a     rom_sysbios.aem3 : rom_sysbios.obj (.text:ti_sysbios_knl_Clock_getTimeout__E)
                  0000adec    00000028     driverlib.lib : aon_batmon.obj (.text:NOROM_AONBatMonTemperatureGetDegC)
                  0000ae14    00000028     drivers_cc13x0.aem3 : PowerCC26XX.oem3 (.text:Power_registerNotify)
                  0000ae3c    00000028     driverlib.lib : adi.obj (.text:SafeHapiVoid)
                  0000ae64    00000028     drivers_cc13x0.aem3 : WatchdogCC26XX.oem3 (.text:WatchdogCC26XX_convertMsToTicks)
                  0000ae8c    00000024     driverlib.lib : rfc.obj (.text:NOROM_RFCDoorbellSendTo)
                  0000aeb0    00000024     drivers_cc13x0.aem3 : PINCC26XX.oem3 (.text:PINCC26XX_getPinCount)
                  0000aed4    00000024                         : PWMTimerCC26XX.oem3 (.text:PWMTimerCC26XX_start)
                  0000aef8    00000024     rf_multiMode_cc13x0.aem3 : RFCC26XX_multiMode.oem3 (.text:allocCmd)
                  0000af1c    00000024     main.obj (.text:mReadBytes)
                  0000af40    00000024     main.obj (.text:rxRestartFunc)
                  0000af64    00000024     hello_pem3.oem3 (.text:ti_sysbios_BIOS_registerRTSLock__I)
                  0000af88    00000024     hello_pem3.oem3 (.text:ti_sysbios_BIOS_removeRTSLock__I)
                  0000afac    00000024     rom_sysbios.aem3 : rom_sysbios.obj (.text:ti_sysbios_family_arm_cc26xx_Timer_getMaxTicks__E)
                  0000afd0    00000024     main.obj (.text:xgReadBytes)
                  0000aff4    00000022     drivers_cc13x0.aem3 : List.oem3 (.text:List_put)
                  0000b016    00000022     driverlib.lib : aux_adc.obj (.text:NOROM_AUXADCAdjustValueForGainAndOffset)
                  0000b038    00000022     hello_pem3.oem3 (.text:xdc_runtime_SysMin_output__I)
                  0000b05a    00000002     smartrf_settings_predefined.obj (.text:enterGenookSysPatch)
                  0000b05c    00000020     driverlib.lib : rfc.obj (.text:NOROM_RFCAdi3VcoLdoVoltageMode)
                  0000b07c    00000020                   : setup_rom.obj (.text:NOROM_SetupGetTrimForXoscHfCtl)
                  0000b09c    00000020     drivers_cc13x0.aem3 : PWMTimerCC26XX.oem3 (.text:PWMTimerCC26XX_stop)
                  0000b0bc    00000020     dpl_cc13x0.aem3 : PowerCC26XX_tirtos.oem3 (.text:PowerCC26XX_schedulerDisable)
                  0000b0dc    00000020                     : PowerCC26XX_tirtos.oem3 (.text:PowerCC26XX_schedulerRestore)
                  0000b0fc    00000020     drivers_cc13x0.aem3 : PowerCC26XX.oem3 (.text:Power_unregisterNotify)
                  0000b11c    00000020     main.obj (.text:Serial_RxDataCallback)
                  0000b13c    00000020     main.obj (.text:mWriteByte)
                  0000b15c    00000020     hello_pem3.oem3 (.text:ti_sysbios_BIOS_rtsLock__I)
                  0000b17c    00000020     rom_sysbios.aem3 : rom_sysbios.obj (.text:ti_sysbios_family_arm_cc26xx_Timer_dynamicStub__E)
                  0000b19c    00000020                      : rom_sysbios.obj (.text:ti_sysbios_knl_Clock_stop__E)
                  0000b1bc    00000020     hello_pem3.oem3 (.text:ti_uia_loggers_LoggerStopMode_Object__delete__S)
                  0000b1dc    00000020     rom_sysbios.aem3 : rom_sysbios.obj (.text:xdc_runtime_SysMin_Module_startup__E)
                  0000b1fc    00000020     main.obj (.text:xgWriteByte)
                  0000b21c    0000001e     drivers_cc13x0.aem3 : PINCC26XX.oem3 (.text:PIN_close)
                  0000b23a    0000001e                         : PowerCC26XX.oem3 (.text:Power_getTransitionLatency)
                  0000b258    0000001c     driverlib.lib : aux_adc.obj (.text:NOROM_AUXADCGetAdjustmentGain)
                  0000b274    0000001c                   : chipinfo.obj (.text:NOROM_ChipInfo_GetChipFamily)
                  0000b290    0000001c                   : setup_rom.obj (.text:NOROM_SetupGetTrimForAmpcompTh2)
                  0000b2ac    0000001c                   : setup_rom.obj (.text:NOROM_SetupGetTrimForRcOscLfRtuneCtuneTrim)
                  0000b2c8    0000001c     drivers_cc13x0.aem3 : PINCC26XX.oem3 (.text:PINCC26XX_setIoCfgMux)
                  0000b2e4    0000001c                         : PINCC26XX.oem3 (.text:PIN_hwi)
                  0000b300    0000001c     rf_multiMode_cc13x0.aem3 : RFCC26XX_multiMode.oem3 (.text:RF_setPowerConstraint)
                  0000b31c    0000001c     main.obj (.text:clk0Fxn)
                  0000b338    0000001c     rf_multiMode_cc13x0.aem3 : RFCC26XX_multiMode.oem3 (.text:clkInactivityFxn)
                  0000b354    0000001c     smartrf_settings.obj (.text:enterGenfskCpePatch)
                  0000b370    0000001c     smartrf_settings_predefined.obj (.text:enterGenfskCpePatch)
                  0000b38c    0000001c     smartrf_settings_predefined.obj (.text:enterGenookCpePatch)
                  0000b3a8    0000001c     smartrf_settings_predefined.obj (.text:enterLrmCpePatch)
                  0000b3c4    0000001c     smartrf_settings_predefined.obj (.text:enterSl_longrangeCpePatch)
                  0000b3e0    0000001c     rf_multiMode_cc13x0.aem3 : RFCC26XX_multiMode.oem3 (.text:hwiFxnCpe0ChangePhy)
                  0000b3fc    0000001c     rom_sysbios.aem3 : rom_sysbios.obj (.text:ti_sysbios_knl_Swi_construct2__E)
                  0000b418    0000001c     ti.uia.loggers.aem3 : LoggerStopMode.oem3 (.text:ti_uia_loggers_LoggerStopMode_Instance_init__E)
                  0000b434    0000001c     rom_sysbios.aem3 : rom_sysbios.obj (.text:xdc_runtime_SysMin_exit__E)
                  0000b450    0000001a     drivers_cc13x0.aem3 : PWMTimerCC26XX.oem3 (.text:PWMTimerCC26XX_control)
                  0000b46a    00000002     smartrf_settings_predefined.obj (.text:enterLrmSysPatch)
                  0000b46c    00000018     CC1310_LAUNCHXL.obj (.text:CC1310_LAUNCHXL_initGeneral)
                  0000b484    00000018     driverlib.lib : aon_rtc.obj (.text:NOROM_AONRTCCurrentCompareValueGet)
                  0000b49c    00000018                   : aux_adc.obj (.text:NOROM_AUXADCGetAdjustmentOffset)
                  0000b4b4    00000018                   : chipinfo.obj (.text:NOROM_ChipInfo_GetPackageType)
                  0000b4cc    00000018                   : osc.obj (.text:NOROM_OSCHF_TurnOnXosc)
                  0000b4e4    00000018                   : rfc.obj (.text:NOROM_RFCCpeIntGetAndClear)
                  0000b4fc    00000018                   : setup_rom.obj (.text:NOROM_SetupGetTrimForAdcShModeEn)
                  0000b514    00000018                   : setup_rom.obj (.text:NOROM_SetupGetTrimForAdcShVbufEn)
                  0000b52c    00000018                   : setup_rom.obj (.text:NOROM_SetupGetTrimForAmpcompTh1)
                  0000b544    00000018                   : setup_rom.obj (.text:NOROM_SetupGetTrimForDblrLoopFilterResetVoltage)
                  0000b55c    00000018                   : setup_rom.obj (.text:NOROM_SetupGetTrimForRcOscLfIBiasTrim)
                  0000b574    00000018                   : setup_rom.obj (.text:NOROM_SetupGetTrimForXoscLfRegulatorAndCmirrwrRatio)
                  0000b58c    00000018     drivers_cc13x0.aem3 : PowerCC26XX.oem3 (.text:Power_idleFunc)
                  0000b5a4    00000018                         : UARTCC26XX.oem3 (.text:UARTCC26XX_init)
                  0000b5bc    00000018                         : UART.oem3 (.text:UART_Params_init)
                  0000b5d4    00000018                         : PowerCC26XX.oem3 (.text:configureRFCoreClocks)
                  0000b5ec    00000018     hello_pem3.oem3 (.text:free)
                  0000b604    00000018     main.obj (.text:mReadByte)
                  0000b61c    00000018     rtsv7M3_T_le_eabi.lib : args_main.obj (.text)
                  0000b634    00000018                           : ll_mul_t2.obj (.text)
                  0000b64c    00000018     rf_multiMode_cc13x0.aem3 : RFCC26XX_multiMode.oem3 (.text:swiFxnFsm)
                  0000b664    00000018     hello_pem3.oem3 (.text:ti_sysbios_BIOS_rtsUnlock__I)
                  0000b67c    00000018     rom_sysbios.aem3 : rom_sysbios.obj (.text:ti_sysbios_knl_Swi_or__E)
                  0000b694    00000018     hello_pem3.oem3 (.text:ti_sysbios_rom_cortexm_cc13xx_CC13xx_checkRevision__E)
                  0000b6ac    00000018     hello_pem3.oem3 (.text:ti_uia_loggers_LoggerStopMode_Handle__label__S)
                  0000b6c4    00000018     rom_sysbios.aem3 : rom_sysbios.obj (.text:xdc_runtime_Error_init__E)
                  0000b6dc    00000018     main.obj (.text:xgReadByte)
                  0000b6f4    00000016     drivers_cc13x0.aem3 : List.oem3 (.text:List_remove)
                  0000b70a    00000016     driverlib.lib : chipinfo.obj (.text:NOROM_ThisLibraryIsFor_CC13x0_HwRev20AndLater_HaltIfViolated)
                  0000b720    00000016     rf_multiMode_cc13x0.aem3 : RFCC26XX_multiMode.oem3 (.text:Q_pop)
                  0000b736    00000016     rtsv7M3_T_le_eabi.lib : strcpy.obj (.text)
                  0000b74c    00000016     hello_pem3.oem3 (.text:ti_sysbios_BIOS_exitFunc__I)
                  0000b762    00000016     main.obj (.text:ti_sysbios_knl_Clock_Params_init)
                  0000b778    00000016     EasyLink.obj (.text:ti_sysbios_knl_Semaphore_Params_init)
                  0000b78e    00000016     main.obj (.text:ti_sysbios_knl_Semaphore_Params_init)
                  0000b7a4    00000016     main.obj (.text:ti_sysbios_knl_Task_Params_init)
                  0000b7ba    00000016     ti.uia.loggers.aem3 : LoggerStopMode.oem3 (.text:ti_uia_loggers_LoggerStopMode_disable__E)
                  0000b7d0    00000016                         : LoggerStopMode.oem3 (.text:ti_uia_loggers_LoggerStopMode_enable__E)
                  0000b7e6    00000002     smartrf_settings_predefined.obj (.text:enterSl_longrangeSysPatch)
                  0000b7e8    00000014     driverlib.lib : aon_rtc.obj (.text:NOROM_AONRTCCurrent64BitValueGet)
                  0000b7fc    00000014                   : aux_adc.obj (.text:NOROM_AUXADCValueToMicrovolts)
                  0000b810    00000014     drivers_cc13x0.aem3 : PINCC26XX.oem3 (.text:PINCC26XX_getOutputValue)
                  0000b824    00000014                         : PWM.oem3 (.text:PWM_Params_init)
                  0000b838    00000014     rf_multiMode_cc13x0.aem3 : RFCC26XX_multiMode.oem3 (.text:RF_Params_init)
                  0000b84c    00000014     rtsv7M3_T_le_eabi.lib : _lock.obj (.text)
                  0000b860    00000014                           : strlen.obj (.text)
                  0000b874    00000014     hello_pem3.oem3 (.text:ti_sysbios_knl_Clock_doTick__I)
                  0000b888    00000012     drivers_cc13x0.aem3 : RingBuf.oem3 (.text:RingBuf_construct)
                  0000b89a    00000012     dpl_cc13x0.aem3 : SemaphoreP_tirtos.oem3 (.text:SemaphoreP_pend)
                  0000b8ac    00000012     hello_pem3.oem3 (.text:xdc_runtime_Startup_exec__I)
                  0000b8be    00000010     dpl_cc13x0.aem3 : ClockP_tirtos.oem3 (.text:ClockP_isActive)
                  0000b8ce    00000010                     : HwiP_tirtos.oem3 (.text:HwiP_Params_init)
                  0000b8de    00000002     rom_sysbios.aem3 : rom_sysbios.obj (.text:ti_sysbios_BIOS_linkedWithIncorrectBootLibrary__E)
                  0000b8e0    00000010     drivers_cc13x0.aem3 : I2C.oem3 (.text:I2C_Params_init)
                  0000b8f0    00000010     driverlib.lib : aux_adc.obj (.text:NOROM_AUXADCFlushFifo)
                  0000b900    00000010                   : aux_adc.obj (.text:NOROM_AUXADCReadFifo)
                  0000b910    00000010                   : rfc.obj (.text:NOROM_RFCRfTrimSet)
                  0000b920    00000010                   : setup_rom.obj (.text:NOROM_SetupGetTrimForXoscHfFastStart)
                  0000b930    00000010                   : setup_rom.obj (.text:NOROM_SetupGetTrimForXoscHfIbiastherm)
                  0000b940    00000010     dpl_cc13x0.aem3 : SwiP_tirtos.oem3 (.text:SwiP_Params_init)
                  0000b950    00000010     drivers_cc13x0.aem3 : WatchdogCC26XX.oem3 (.text:WatchdogCC26XX_clear)
                  0000b960    00000010                         : Watchdog.oem3 (.text:Watchdog_Params_init)
                  0000b970    00000010     smartrf_settings.obj (.text:applyGenfskPatch)
                  0000b980    00000010     smartrf_settings_predefined.obj (.text:applyGenfskPatch)
                  0000b990    00000010     smartrf_settings_predefined.obj (.text:applyGenookPatch)
                  0000b9a0    00000010     smartrf_settings_predefined.obj (.text:applyLrmPatch)
                  0000b9b0    00000010     smartrf_settings_predefined.obj (.text:applySl_longrangePatch)
                  0000b9c0    00000010     drivers_cc13x0.aem3 : I2CCC26XX.oem3 (.text:i2cPostNotify)
                  0000b9d0    00000010     rom_sysbios.aem3 : rom_sysbios.obj (.text:ti_sysbios_family_arm_m3_Hwi_post__E)
                  0000b9e0    00000010     hello_pem3.oem3 (.text:ti_uia_loggers_LoggerStopMode_Object__get__S)
                  0000b9f0    00000010     ti.uia.loggers.aem3 : LoggerStopMode.oem3 (.text:ti_uia_loggers_LoggerStopMode_isEmpty__E)
                  0000ba00    00000010     drivers_cc13x0.aem3 : UARTCC26XX.oem3 (.text:uartPostNotify)
                  0000ba10    0000000e     driverlib.lib : vims.obj (.text:NOROM_VIMSModeGet)
                  0000ba1e    0000000e     rtsv7M3_T_le_eabi.lib : copy_decompress_none.obj (.text:decompress:none)
                  0000ba2c    0000000e     rom_sysbios.aem3 : rom_sysbios.obj (.text:ti_sysbios_family_arm_cc26xx_TimestampProvider_get32__E)
                  0000ba3a    00000002     hello_pem3.oem3 (.text:ti_sysbios_BIOS_nullFunc__I)
                  0000ba3c    0000000c     rf_multiMode_cc13x0.aem3 : RFCC26XX_multiMode.oem3 (.text:FsmNextState)
                  0000ba48    0000000c     drivers_cc13x0.aem3 : GPTimerCC26XX.oem3 (.text:GPTimerCC26XX_Params_init)
                  0000ba54    0000000c                         : List.oem3 (.text:List_empty)
                  0000ba60    0000000c     driverlib.lib : cpu.obj (.text:NOROM_CPUcpsid)
                  0000ba6c    0000000c                   : cpu.obj (.text:NOROM_CPUcpsie)
                  0000ba78    0000000c                   : osc.obj (.text:NOROM_OSC_HPOSCRelativeFrequencyOffsetToRFCoreFormatConvert)
                  0000ba84    0000000c     drivers_cc13x0.aem3 : PINCC26XX.oem3 (.text:PIN_registerIntCb)
                  0000ba90    0000000c                         : PowerCC26XX.oem3 (.text:Power_getConstraintMask)
                  0000ba9c    0000000c                         : PowerCC26XX.oem3 (.text:Power_getDependencyCount)
                  0000baa8    0000000c     rtsv7M3_T_le_eabi.lib : copy_zero_init.obj (.text:decompress:ZI)
                  0000bab4    0000000c     main.obj (.text:ti_sysbios_knl_Semaphore_handle)
                  0000bac0    0000000c     rom_sysbios.aem3 : rom_sysbios.obj (.text:ti_sysbios_knl_Swi_getTrigger__E)
                  0000bacc    0000000c     hello_pem3.oem3 (.text:xdc_runtime_Startup_reset__I)
                  0000bad8    0000000c     rom_sysbios.aem3 : rom_sysbios.obj (.text:xdc_runtime_Startup_rtsDone__E)
                  0000bae4    0000000a     drivers_cc13x0.aem3 : ADC.oem3 (.text:ADC_Params_init)
                  0000baee    0000000a                         : ADC.oem3 (.text:ADC_convert)
                  0000baf8    0000000a                         : ADC.oem3 (.text:ADC_convertToMicroVolts)
                  0000bb02    0000000a                         : I2CCC26XX.oem3 (.text:I2CCC26XX_init)
                  0000bb0c    0000000a                         : I2C.oem3 (.text:I2C_transfer)
                  0000bb16    0000000a                         : PWM.oem3 (.text:PWM_setDuty)
                  0000bb20    0000000a                         : PWM.oem3 (.text:PWM_start)
                  0000bb2a    0000000a                         : UART.oem3 (.text:UART_control)
                  0000bb34    0000000a                         : UART.oem3 (.text:UART_read)
                  0000bb3e    0000000a                         : UART.oem3 (.text:UART_write)
                  0000bb48    0000000a                         : Watchdog.oem3 (.text:Watchdog_clear)
                  0000bb52    0000000a                         : Watchdog.oem3 (.text:Watchdog_setReload)
                  0000bb5c    00000008                         : ADCCC26XX.oem3 (.text:ADCCC26XX_init)
                  0000bb64    00000008                         : GPTimerCC26XX.oem3 (.text:GPTimerCC26XX_setLoadValue)
                  0000bb6c    00000008                         : GPTimerCC26XX.oem3 (.text:GPTimerCC26XX_setMatchValue)
                  0000bb74    00000008                         : I2CCC26XX.oem3 (.text:I2CCC26XX_blockingCallback)
                  0000bb7c    00000008                         : WatchdogCC26XX.oem3 (.text:WatchdogCC26XX_init)
                  0000bb84    00000008                         : UARTCC26XX.oem3 (.text:readSemCallback)
                  0000bb8c    00000008     smartrf_settings.obj (.text:rf_patch_cpe_genfsk)
                  0000bb94    00000008     smartrf_settings_predefined.obj (.text:rf_patch_cpe_genfsk)
                  0000bb9c    00000008     smartrf_settings_predefined.obj (.text:rf_patch_cpe_genook)
                  0000bba4    00000008     smartrf_settings_predefined.obj (.text:rf_patch_cpe_lrm)
                  0000bbac    00000008     smartrf_settings_predefined.obj (.text:rf_patch_cpe_sl_longrange)
                  0000bbb4    00000008     drivers_cc13x0.aem3 : UARTCC26XX.oem3 (.text:writeSemCallback)
                  0000bbbc    00000006                         : ADCCC26XX.oem3 (.text:ADCCC26XX_control)
                  0000bbc2    00000006     dpl_cc13x0.aem3 : ClockP_tirtos.oem3 (.text:ClockP_Params_init)
                  0000bbc8    00000006     drivers_cc13x0.aem3 : I2CCC26XX.oem3 (.text:I2CCC26XX_control)
                  0000bbce    00000006     driverlib.lib : cpu.obj (.text:NOROM_CPUdelay)
                  0000bbd4    00000006     drivers_cc13x0.aem3 : UARTCC26XX.oem3 (.text:UARTCC26XX_readPolling)
                  0000bbda    00000006                         : UARTCC26XX.oem3 (.text:UARTCC26XX_writePolling)
                  0000bbe0    00000006                         : WatchdogCC26XX.oem3 (.text:WatchdogCC26XX_control)
                  0000bbe6    00000006     rf_multiMode_cc13x0.aem3 : RFCC26XX_multiMode.oem3 (.text:clkReqAccessFxn)
                  0000bbec    00000006     rom_sysbios.aem3 : rom_sysbios.obj (.text:ti_sysbios_family_arm_m3_Hwi_setFunc__E)
                  0000bbf2    00000004     dpl_cc13x0.aem3 : PowerCC26XX_tirtos.oem3 (.text:CPUwfi)
                  0000bbf6    00000004                     : ClockP_tirtos.oem3 (.text:ClockP_destruct)
                  0000bbfa    00000004                     : ClockP_tirtos.oem3 (.text:ClockP_getCpuFreq)
                  0000bbfe    00000004                     : ClockP_tirtos.oem3 (.text:ClockP_getTimeout)
                  0000bc02    00000004                     : ClockP_tirtos.oem3 (.text:ClockP_setTimeout)
                  0000bc06    00000004                     : ClockP_tirtos.oem3 (.text:ClockP_start)
                  0000bc0a    00000004                     : ClockP_tirtos.oem3 (.text:ClockP_stop)
                  0000bc0e    00000004                     : HwiP_tirtos.oem3 (.text:HwiP_destruct)
                  0000bc12    00000004                     : HwiP_tirtos.oem3 (.text:HwiP_disable)
                  0000bc16    00000004                     : HwiP_tirtos.oem3 (.text:HwiP_disableInterrupt)
                  0000bc1a    00000004                     : HwiP_tirtos.oem3 (.text:HwiP_enableInterrupt)
                  0000bc1e    00000004                     : HwiP_tirtos.oem3 (.text:HwiP_plug)
                  0000bc22    00000004                     : HwiP_tirtos.oem3 (.text:HwiP_post)
                  0000bc26    00000004                     : HwiP_tirtos.oem3 (.text:HwiP_setFunc)
                  0000bc2a    00000004     drivers_cc13x0.aem3 : List.oem3 (.text:List_head)
                  0000bc2e    00000004                         : List.oem3 (.text:List_next)
                  0000bc32    00000004     rf_multiMode_cc13x0.aem3 : RFCC26XX_multiMode.oem3 (.text:Q_peek)
                  0000bc36    00000004     dpl_cc13x0.aem3 : SemaphoreP_tirtos.oem3 (.text:SemaphoreP_destruct)
                  0000bc3a    00000004                     : SemaphoreP_tirtos.oem3 (.text:SemaphoreP_post)
                  0000bc3e    00000004                     : SwiP_tirtos.oem3 (.text:SwiP_destruct)
                  0000bc42    00000004                     : SwiP_tirtos.oem3 (.text:SwiP_disable)
                  0000bc46    00000004                     : SwiP_tirtos.oem3 (.text:SwiP_getTrigger)
                  0000bc4a    00000004                     : SwiP_tirtos.oem3 (.text:SwiP_or)
                  0000bc4e    00000004                     : SwiP_tirtos.oem3 (.text:SwiP_post)
                  0000bc52    00000004     drivers_cc13x0.aem3 : PowerCC26XX.oem3 (.text:nopResourceHandler)
                  0000bc56    00000004     rtsv7M3_T_le_eabi.lib : error.obj (.text)
                  0000bc5a    00000004     rom_sysbios.aem3 : rom_sysbios.obj (.text:ti_sysbios_family_arm_cc26xx_Timer_getCount64__E)
                  0000bc5e    00000004                      : rom_sysbios.obj (.text:ti_sysbios_knl_Clock_isActive__E)
                  0000bc62    00000004     ti.uia.loggers.aem3 : LoggerStopMode.oem3 (.text:ti_uia_loggers_LoggerStopMode_getContents__E)
                  0000bc66    00000004     hello_pem3.oem3 (.text:ti_uia_loggers_LoggerStopMode_getFilterLevel__E)
                  0000bc6a    00000004     ti.uia.loggers.aem3 : LoggerStopMode.oem3 (.text:ti_uia_loggers_LoggerStopMode_getInstanceId__E)
                  0000bc6e    00000004                         : LoggerStopMode.oem3 (.text:ti_uia_loggers_LoggerStopMode_getMaxLength__E)
                  0000bc72    00000004                         : LoggerStopMode.oem3 (.text:ti_uia_loggers_LoggerStopMode_getPriority__E)
                  0000bc76    00000004                         : LoggerStopMode.oem3 (.text:ti_uia_loggers_LoggerStopMode_getTransferType__E)
                  0000bc7a    00000002     rom_sysbios.aem3 : rom_sysbios.obj (.text:ti_sysbios_knl_Clock_triggerFunc__I)
                  0000bc7c    00000002     hello_pem3.oem3 (.text:ti_sysbios_rom_cortexm_cc13xx_CC13xx_badRomRevision__E)
                  0000bc7e    00000002     hello_pem3.oem3 (.text:ti_uia_loggers_LoggerStopMode_setFilterLevel__E)
                  0000bc80    00000002     ti.uia.loggers.aem3 : LoggerStopMode.oem3 (.text:ti_uia_loggers_LoggerStopMode_setPriority__E)
                  0000bc82    00000002     rom_sysbios.aem3 : rom_sysbios.obj (.text:xdc_runtime_SysCallback_defaultAbort)
                  0000bc84    00000002                      : rom_sysbios.obj (.text:xdc_runtime_SysCallback_defaultExit)
                  0000bc86    00000002     --HOLE-- [fill = 0]
                  0000bc88    00000008     (.tramp.ti_sysbios_knl_Swi_destruct.1)
                  0000bc90    00000008     (.tramp.ti_sysbios_knl_Semaphore_destruct.1)
                  0000bc98    00000008     (.tramp.ti_sysbios_family_arm_m3_Hwi_plug__E.1)
                  0000bca0    00000008     (.tramp.ti_sysbios_family_arm_m3_Hwi_enableInterrupt__E.1)
                  0000bca8    00000008     (.tramp.ti_sysbios_family_arm_m3_Hwi_disableInterrupt__E.1)
                  0000bcb0    00000008     (.tramp.ti_sysbios_family_arm_m3_Hwi_destruct.1)
                  0000bcb8    00000008     (.tramp.ti_sysbios_BIOS_getCpuFreq__E.1)
                  0000bcc0    00000008     (.tramp.ti_sysbios_knl_Clock_destruct.1)
                  0000bcc8    00000008     (.tramp.xdc_runtime_Startup_startMods__I.1)
                  0000bcd0    00000008     (.tramp.ti_sysbios_knl_Clock_logTick__E.1)
                  0000bcd8    00000008     (.tramp.ti_sysbios_knl_Task_Params__init__S.1)
                  0000bce0    00000008     (.tramp.xdc_runtime_Core_assignLabel__I.1)
                  0000bce8    00000008     (.tramp.ti_sysbios_knl_Swi_post__E.1)
                  0000bcf0    00000008     (.tramp.ti_sysbios_BIOS_RtsGateProxy_leave__E.1)
                  0000bcf8    00000008     (.tramp.xdc_runtime_Memory_free__E.1)
                  0000bd00    00000008     (.tramp.ti_sysbios_knl_Swi_construct.1)
                  0000bd08    00000008     (.tramp.xdc_runtime_Core_deleteObject__I.1)
                  0000bd10    00000008     (.tramp.ti_sysbios_BIOS_RtsGateProxy_enter__E.1)
                  0000bd18    00000008     (.tramp.ti_sysbios_knl_Task_restore__E.1)
                  0000bd20    00000008     (.tramp.ti_sysbios_knl_Clock_getTicks__E.1)
                  0000bd28    00000008     (.tramp.ti_sysbios_knl_Semaphore_Params__init__S.1)
                  0000bd30    00000008     (.tramp.xdc_runtime_Memory_alloc__E.1)
                  0000bd38    00000008     (.tramp.xdc_runtime_Core_createObject__I.1)
                  0000bd40    00000008     (.tramp.ti_sysbios_knl_Task_startup__E.1)
                  0000bd48    00000008     (.tramp.ti_sysbios_knl_Swi_startup__E.1)
                  0000bd50    00000008     (.tramp.ti_sysbios_hal_Hwi_startup__E.1)
                  0000bd58    00000008     (.tramp.ti_sysbios_family_arm_cc26xx_Timer_startup__E.1)
                  0000bd60    00000008     (.tramp.xdc_runtime_System_atexit__E.1)
                  0000bd68    00000008     (.tramp.ti_sysbios_BIOS_setThreadType__E.1)
                  0000bd70    00000008     (.tramp.ti_sysbios_knl_Task_disable__E.1)
                  0000bd78    00000008     (.tramp.ti_sysbios_knl_Swi_disable__E.1)
                  0000bd80    00000008     (.tramp.ti_sysbios_family_arm_m3_Hwi_construct.1)
                  0000bd88    00000008     (.tramp.ti_sysbios_knl_Swi_Params__init__S.1)
                  0000bd90    00000008     (.tramp.ti_sysbios_family_arm_m3_Hwi_Params__init__S.1)
                  0000bd98    00000008     (.tramp.xdc_runtime_System_exit__E.1)
                  0000bda0    00000008     (.tramp.ti_sysbios_knl_Clock_construct.1)
                  0000bda8    00000008     (.tramp.ti_sysbios_knl_Clock_Params__init__S.1)
                  0000bdb0    00000008     (.tramp.ti_sysbios_BIOS_start__E.1)
                  0000bdb8    00000008     (.tramp.ti_sysbios_knl_Task_construct.1)
                  0000bdc0    00000008     (.tramp.ti_sysbios_heaps_HeapMem_restore__E.1)
                  0000bdc8    00000008     (.tramp.ti_sysbios_heaps_HeapMem_Object__get__S.1)
                  0000bdd0    00000008     (.tramp.xdc_runtime_Gate_leaveSystem__E.1)
                  0000bdd8    00000008     (.tramp.xdc_runtime_Gate_enterSystem__E.1)
                  0000bde0    00000008     (.tramp.xdc_runtime_Assert_raise__I.1)
                  0000bde8    00000008     (.tramp.ti_sysbios_knl_Clock_scheduleNextTick__E.1)
                  0000bdf0    00000008     (.tramp.ti_sysbios_knl_Clock_walkQueueDynamic__E.1)
                  0000bdf8    00000008     (.tramp.ti_sysbios_knl_Clock_TimerProxy_getCurrentTick__E.1)
                  0000be00    00000008     (.tramp.ti_sysbios_knl_Clock_start__E.1)
                  0000be08    00000008     (.tramp.ti_sysbios_knl_Clock_setTimeout__E.1)
                  0000be10    00000008     (.tramp.ti_sysbios_knl_Semaphore_construct.1)
                  0000be18    00000008     (.tramp.ti_sysbios_knl_Task_sleep__E.1)
                  0000be20    00000008     (.tramp.xdc_runtime_Timestamp_get64__E.1)
                  0000be28    00000008     (.tramp.ti_sysbios_family_arm_m3_Hwi_disableFxn__E.1)
                  0000be30    00000008     (.tramp.ti_sysbios_knl_Swi_restore__E.1)
                  0000be38    00000008     (.tramp.ti_sysbios_knl_Semaphore_create.1)
                  0000be40    00000008     (.tramp.ti_sysbios_knl_Semaphore_post__E.1)
                  0000be48    00000008     (.tramp.ti_sysbios_knl_Semaphore_pend__E.1)
                  0000be50    00000008     (.tramp.ti_sysbios_family_arm_m3_Hwi_restoreFxn__E.1)

.const     0    0000be58    00004a23     
                  0000be58    0000073c     smartrf_settings_predefined.obj (.const:patchGenookMce)
                  0000c594    000006b4     smartrf_settings.obj (.const:patchGenfskRfe)
                  0000cc48    000006b4     smartrf_settings_predefined.obj (.const:patchGenfskRfe)
                  0000d2fc    000006b4     smartrf_settings_predefined.obj (.const:patchLrmRfe)
                  0000d9b0    000006b4     smartrf_settings_predefined.obj (.const:patchSl_longrangeRfe)
                  0000e064    000006a4     smartrf_settings_predefined.obj (.const:patchGenookRfe)
                  0000e708    00000504     smartrf_settings_predefined.obj (.const:patchHsp4mbpsRfe)
                  0000ec0c    00000400     smartrf_settings_predefined.obj (.const:patchSl_longrangeMce)
                  0000f00c    000003f0     smartrf_settings_predefined.obj (.const:patchHsp4mbpsMce)
                  0000f3fc    000002b0     smartrf_settings.obj (.const:patchImageGenfsk)
                  0000f6ac    000002b0     smartrf_settings_predefined.obj (.const:patchImageGenfsk)
                  0000f95c    000002b0     smartrf_settings_predefined.obj (.const:patchImageGenook)
                  0000fc0c    000002b0     smartrf_settings_predefined.obj (.const:patchImageLrm)
                  0000febc    000002b0     smartrf_settings_predefined.obj (.const:patchImageSl_longrange)
                  0001016c    00000090     main.obj (.const:$P$T1$2)
                  000101fc    00000084     CC1310_LAUNCHXL.obj (.const:ADC_config)
                  00010280    00000060     CC1310_LAUNCHXL.obj (.const:GPTimerCC26XX_config)
                  000102e0    00000060     CC1310_LAUNCHXL.obj (.const:PWM_config)
                  00010340    00000060     CC1310_LAUNCHXL.obj (.const:gptimerCC26xxHWAttrs)
                  000103a0    00000060     hello_pem3.oem3 (.const:ti_uia_loggers_LoggerStopMode_Module__FXNS__C)
                  00010400    0000004d     CC1310_LAUNCHXL.obj (.const:adcCC26xxHWAttrs)
                  0001044d    00000001     smartrf_settings_predefined.obj (.const)
                  0001044e    0000004c     drivers_cc13x0.aem3 : PowerCC26XX.oem3 (.const:resourceDB)
                  0001049a    00000002     hello_pem3.oem3 (.const:ti_uia_loggers_LoggerStopMode_Module__id__C)
                  0001049c    00000048     hello_pem3.oem3 (.const:.string)
                  000104e4    00000040     drivers_cc13x0.aem3 : UARTCC26XX.oem3 (.const:$O1$$)
                  00010524    00000040     smartrf_settings_predefined.obj (.const:rfPowerTable)
                  00010564    0000002c     CC1310_LAUNCHXL.obj (.const:BoardGpioInitTable)
                  00010590    0000002c     hello_pem3.oem3 (.const:xdc_runtime_Startup_sfxnTab__A)
                  000105bc    00000028     drivers_cc13x0.aem3 : UARTCC26XX.oem3 (.const:UARTCC26XX_fxnTable)
                  000105e4    00000028     hello_pem3.oem3 (.const:ti_uia_loggers_LoggerStopMode_Object__PARAMS__C)
                  0001060c    00000024     drivers_cc13x0.aem3 : GPTimerCC26XX.oem3 (.const:$O1$$)
                  00010630    00000024                         : UART.oem3 (.const:UART_defaultParams)
                  00010654    00000020                         : PWMTimerCC26XX.oem3 (.const:PWMTimerCC26XX_fxnTable)
                  00010674    00000020     hello_pem3.oem3 (.const:ti_uia_loggers_LoggerStopMode_Object__DESC__C)
                  00010694    00000020     CC1310_LAUNCHXL.obj (.const:uartCC26XXHWAttrs)
                  000106b4    0000001c     rf_multiMode_cc13x0.aem3 : RFCC26XX_multiMode.oem3 (.const:RF_defaultParams)
                  000106d0    0000001c     drivers_cc13x0.aem3 : WatchdogCC26XX.oem3 (.const:WatchdogCC26XX_fxnTable)
                  000106ec    00000018     EasyLink.obj (.const:$P$T0$3)
                  00010704    00000018     drivers_cc13x0.aem3 : ADCCC26XX.oem3 (.const:ADCCC26XX_fxnTable)
                  0001071c    00000018                         : I2CCC26XX.oem3 (.const:I2CCC26XX_fxnTable)
                  00010734    00000018                         : PWM.oem3 (.const:PWM_defaultParams)
                  0001074c    00000018     CC1310_LAUNCHXL.obj (.const:i2cCC26xxHWAttrs)
                  00010764    00000018     driverlib.lib : rfc.obj (.const:rfc_defaultIrqAddr)
                  0001077c    00000016     hello_pem3.oem3 (.const:xdc_runtime_Startup_sfxnRts__A)
                  00010792    00000002     hello_pem3.oem3 (.const:ti_uia_loggers_LoggerStopMode_isTimestampEnabled__C)
                  00010794    00000010     drivers_cc13x0.aem3 : I2C.oem3 (.const:I2C_defaultParams)
                  000107a4    00000010     CC1310_LAUNCHXL.obj (.const:PowerCC26XX_config)
                  000107b4    00000010     CC1310_LAUNCHXL.obj (.const:pwmtimerCC26xxHWAttrs)
                  000107c4    0000000c     CC1310_LAUNCHXL.obj (.const:I2C_config)
                  000107d0    0000000c     CC1310_LAUNCHXL.obj (.const:UART_config)
                  000107dc    0000000c     CC1310_LAUNCHXL.obj (.const:Watchdog_config)
                  000107e8    0000000c     drivers_cc13x0.aem3 : Watchdog.oem3 (.const:Watchdog_defaultParams)
                  000107f4    0000000c     hello_pem3.oem3 (.const:xdc_runtime_Startup_firstFxns__A)
                  00010800    00000009     CC1310_LAUNCHXL.obj (.const)
                  00010809    00000003     main.obj (.const:.string:$P$T0$1)
                  0001080c    00000008     drivers_cc13x0.aem3 : ADC.oem3 (.const:ADC_defaultParams)
                  00010814    00000008     CC1310_LAUNCHXL.obj (.const:PINCC26XX_hwAttrs)
                  0001081c    00000008     drivers_cc13x0.aem3 : I2CCC26XX.oem3 (.const:bitRate)
                  00010824    00000008     CC1310_LAUNCHXL.obj (.const:watchdogCC26XXHWAttrs)
                  0001082c    00000004     EasyLink.obj (.const:$P$T1$4)
                  00010830    00000004     CC1310_LAUNCHXL.obj (.const:RFCC26XX_hwAttrs)
                  00010834    00000004     hello_pem3.oem3 (.const:ti_sysbios_family_arm_m3_Hwi_swiDisable__C)
                  00010838    00000004     hello_pem3.oem3 (.const:ti_sysbios_family_arm_m3_Hwi_swiRestoreHwi__C)
                  0001083c    00000004     hello_pem3.oem3 (.const:ti_sysbios_heaps_HeapMem_primaryHeapBaseAddr__C)
                  00010840    00000004     hello_pem3.oem3 (.const:ti_sysbios_heaps_HeapMem_primaryHeapEndAddr__C)
                  00010844    00000004     hello_pem3.oem3 (.const:ti_sysbios_knl_Clock_tickPeriod__C)
                  00010848    00000004     hello_pem3.oem3 (.const:ti_sysbios_knl_Clock_triggerClock__C)
                  0001084c    00000004     hello_pem3.oem3 (.const:ti_sysbios_knl_Idle_funcList__A)
                  00010850    00000004     hello_pem3.oem3 (.const:ti_uia_loggers_LoggerStopMode_Module__diagsEnabled__C)
                  00010854    00000004     hello_pem3.oem3 (.const:ti_uia_loggers_LoggerStopMode_Module__diagsIncluded__C)
                  00010858    00000004     hello_pem3.oem3 (.const:ti_uia_loggers_LoggerStopMode_Module__diagsMask__C)
                  0001085c    00000004     hello_pem3.oem3 (.const:ti_uia_loggers_LoggerStopMode_Object__count__C)
                  00010860    00000004     hello_pem3.oem3 (.const:ti_uia_runtime_ILoggerSnapshot_Interface__BASE__C)
                  00010864    00000004     hello_pem3.oem3 (.const:ti_uia_runtime_IUIATransfer_Interface__BASE__C)
                  00010868    00000004     hello_pem3.oem3 (.const:xdc_runtime_IFilterLogger_Interface__BASE__C)
                  0001086c    00000004     hello_pem3.oem3 (.const:xdc_runtime_ILogger_Interface__BASE__C)
                  00010870    00000004     hello_pem3.oem3 (.const:xdc_runtime_SysMin_bufSize__C)
                  00010874    00000004     hello_pem3.oem3 (.const:xdc_runtime_SysMin_outputFunc__C)
                  00010878    00000002     hello_pem3.oem3 (.const:xdc_runtime_SysMin_flushAtExit__C)
                  0001087a    00000001     hello_pem3.oem3 (.const:xdc_runtime_Text_charTab__A)

.cinit     0    00000040    00000498     
                  00000040    0000035b     (.cinit..data.load) [load image, compression = lzss]
                  0000039b    00000029     (.cinit..data:ti_sysbios_family_arm_m3_Hwi_Module__state__V.load) [load image, compression = lzss]
                  000003c4    00000021     (.cinit..data:ti_sysbios_knl_Task_Module__state__V.load) [load image, compression = lzss]
                  000003e5    0000001e     (.cinit..data:ti_sysbios_BIOS_Module__state__V.load) [load image, compression = lzss]
                  00000403    0000001e     (.cinit..data:ti_sysbios_knl_Clock_Module__state__V.load) [load image, compression = lzss]
                  00000421    00000010     (.cinit..data:ti_sysbios_knl_Swi_Module__state__V.load) [load image, compression = lzss]
                  00000431    00000003     --HOLE-- [fill = 0]
                  00000434    0000000c     (__TI_handler_table)
                  00000440    0000000b     (.cinit..data:ti_sysbios_family_arm_cc26xx_Timer_Module__state__V.load) [load image, compression = lzss]
                  0000044b    0000000b     (.cinit..data:xdc_runtime_System_Module__state__V.load) [load image, compression = lzss]
                  00000456    00000002     --HOLE-- [fill = 0]
                  00000458    00000008     (.cinit..bss.load) [load image, compression = zero_init]
                  00000460    00000008     (.cinit..data:xdc_runtime_Memory_Module__state__V.load) [load image, compression = lzss]
[...]
1001c897  xdc_runtime_System_exitSpin__E                                            
1001c899  ti_sysbios_family_arm_m3_Hwi_dispatch__I                                  
1001c969  ti_sysbios_family_arm_m3_TaskSupport_buildTaskStack                       
1001c9b5  ti_sysbios_family_arm_m3_Hwi_initStacks__E                                
1001c9fd  ti_sysbios_family_arm_m3_Hwi_excHandlerAsm__I                             
1001ca1d  ti_sysbios_family_xxx_Hwi_switchAndRunFunc                                
1001ca3b  ti_sysbios_family_arm_m3_Hwi_pendSV__I                                    
1001ca53  ti_sysbios_family_arm_m3_Hwi_return                                       
1001ca55  ti_sysbios_family_arm_m3_TaskSupport_glue                                 
1001ca65  ti_sysbios_family_arm_m3_TaskSupport_swap__E                              
1001ca6d  ti_sysbios_knl_Task_swapReturn                                            
1001ca97  ti_sysbios_rom_cortexm_cc13xx_CC13xx_getRevision__E                       
20000000  ti_sysbios_family_arm_m3_Hwi_ramVectors                                   
20000100  ti_sysbios_knl_Task_Module__state__V                                      
20000144  ti_sysbios_family_arm_m3_Hwi_Module__state__V                             
20000178  ti_sysbios_knl_Clock_Module__state__V                                     
200001a4  ti_sysbios_BIOS_Module__state__V                                          
200001c8  ti_sysbios_knl_Swi_Module__state__V                                       
200001e4  ti_sysbios_family_arm_cc26xx_Timer_Module__state__V                       
200001ec  ti_sysbios_family_arm_cc26xx_TimestampProvider_Module__state__V           
200001f0  xdc_runtime_Startup_Module__state__V                                      
200001f8  xdc_runtime_System_Module__state__V                                       
20000200  xdc_runtime_Memory_Module__state__V                                       
20000680  ti_uia_loggers_LoggerStopMode_Instance_State_0_packetArray__A             
20000a80  ti_uia_loggers_LoggerStopMode_Instance_State_1_packetArray__A             
2000140c  xdc_runtime_SysMin_Module_State_0_outbuf__A                               
2000206c  uartCC26XXObjects                                                         
20002198  __CIOBUF_                                                                 
200022b8  gptimerCC26XXObjects                                                      
200023d8  PIN_NumPins                                                               
2000246c  PIN_HandleTable                                                           
200024e8  pwmtimerCC26xxObjects                                                     
200025e8  i2cCC26xxObjects                                                          
200026c8  adcCC26xxObjects                                                          
200027a4  ClockP_tickPeriod                                                         
20002870  ti_sysbios_family_arm_m3_Hwi_dispatchTable                                
20002af4  accelTask                                                                 
20002b44  adcTask                                                                   
20002b94  gpsTask                                                                   
20002be4  gyroTask                                                                  
20002c34  magTask                                                                   
20002c84  pwmTask                                                                   
20002cd4  rxBeaconTask                                                              
20002d24  rxRestartTask                                                             
20002d74  txDataTask                                                                
20002e00  ti_uia_loggers_LoggerStopMode_Instance_State_0_hdr__A                     
20002e80  ti_uia_loggers_LoggerStopMode_Instance_State_1_hdr__A                     
20002eb0  watchdogCC26XXObjects                                                     
20002ed8  settings                                                                  
20002f00  clk0Struct                                                                
20002f24  uartParams                                                                
20003060  i2cTransaction                                                            
200030ac  pwmparams                                                                 
200030d8  Connections                                                               
2000310c  i2cParams                                                                 
20003128  aBias                                                                     
20003134  gBias                                                                     
20003140  mBias                                                                     
2000314c  PowerCC26XX_taskKey                                                       
20003150  PowerCC26XX_swiKey                                                        
2000316c  aBiasRaw                                                                  
20003174  gBiasRaw                                                                  
2000317c  mBiasRaw                                                                  
20003184  params                                                                    
2000318c  aRes                                                                      
20003190  adc0                                                                      
20003194  adc1                                                                      
20003198  adcValue0MicroVolt                                                        
2000319c  adcValue1MicroVolt                                                        
200031a0  gRes                                                                      
200031a4  i2c                                                                       
200031a8  mRes                                                                      
200031ac  uart                                                                      
200031b0  watchdogHandle                                                            
200031b6  adcValue0                                                                 
200031b8  adcValue1                                                                 
200031ba  ax                                                                        
200031bc  ay                                                                        
200031be  az                                                                        
200031c0  gx                                                                        
200031c2  gy                                                                        
200031c4  gz                                                                        
200031c6  mx                                                                        
200031c8  my                                                                        
200031ca  mz                                                                        
200031cc  _autoCalc                                                                 
200031cd  _mAddress                                                                 
200031ce  _xgAddress                                                                
200031cf  driverlib_release_0_48919                                                 
200031d0  __primary_heap_start__                                                    
200041d0  PowerCC26XX_module                                                        
200041d0  __primary_heap_end__                                                      
200042e4  globalPacket                                                              
2000437c  pOverrides_sl_lr                                                          
200043e4  ti_uia_loggers_LoggerStopMode_Object__table__V                            
2000444c  pOverrides_hsm                                                            
200044ac  pOverrides_lrm                                                            
20004508  pOverrides_ook                                                            
200045bc  pOverrides_fsk                                                            
20004614  main_func_sp                                                              
20004618  ti_sysbios_family_arm_cc26xx_Timer_Object__table__V                       
20004660  RF_pProp_fsk                                                              
20004664  RF_pProp_lrm                                                              
20004668  RF_pProp_ook                                                              
2000466c  RF_pProp_hsm                                                              
20004670  RF_pProp_sl_lr                                                            
20004674  RF_pProp_2_4G_fsk                                                         
20004678  RF_pCmdPropRadioDivSetup_fsk                                              
2000467c  RF_pCmdPropRadioDivSetup_lrm                                              
20004680  RF_pCmdPropRadioDivSetup_ook                                              
20004684  RF_pCmdRadioSetup_hsm                                                     
20004688  RF_pCmdPropRadioDivSetup_sl_lr                                            
2000468c  RF_pCmdPropRadioSetup_2_4G_fsk                                            
20004690  RF_pCmdTxHS                                                               
20004694  RF_pCmdRxHS                                                               
20004698  RF_pCmdFs_preDef                                                          
2000469c  RF_pCmdPropTx_preDef                                                      
200046a0  RF_pCmdPropRxAdv_preDef                                                   
200046a4  ti_sysbios_gates_GateMutex_Object__table__V                               
200046dc  RF_cmdPropRxAdv_preDef                                                    
2000470c  goodToGo                                                                  
20004710  pwmPeriod                                                                 
20004712  pwmduty                                                                   
20004714  pwmdutyInc                                                                
20004718  polarity                                                                  
2000471c  pwmtime                                                                   
20004720  pwm1                                                                      
20004724  pwm2                                                                      
20004728  bytesRead                                                                 
2000472c  numConnections                                                            
20004730  AXN                                                                       
20004734  AYN                                                                       
20004738  AZN                                                                       
2000473c  ti_sysbios_knl_Swi_Module_State_0_readyQ__A                               
2000476c  ti_sysbios_knl_Swi_Object__table__V                                       
2000479c  ti_sysbios_knl_Task_Module_State_0_readyQ__A                              
200047cc  RF_cmdPropRadioDivSetup                                                   
200047f4  RF_cmdPropRadioDivSetup_fsk                                               
2000481c  RF_cmdPropRadioDivSetup_lrm                                               
20004844  RF_cmdPropRadioDivSetup_ook                                               
2000486c  RF_cmdPropRadioDivSetup_sl_lr                                             
20004894  RF_cmdRxHS                                                                
200048d8  pinTable                                                                  
200048f8  ti_sysbios_knl_Clock_Object__table__V                                     
20004918  xdc_runtime_Error_IgnoreBlock                                             
20004938  RF_cmdFs                                                                  
20004950  RF_cmdFs_preDef                                                           
20004968  RF_cmdPropTx                                                              
20004980  RF_cmdPropTx_preDef                                                       
20004998  RF_cmdRadioSetup_hsm                                                      
200049c8  shapeovr                                                                  
200049e0  ti_sysbios_family_arm_m3_Hwi_Object__table__V                             
200049f8  ti_sysbios_heaps_HeapMem_Object__table__V                                 
20004a10  RF_cmdTxHS                                                                
20004a44  RF_prop                                                                   
20004a54  RF_prop_fsk                                                               
20004a64  RF_prop_hsm                                                               
20004a74  RF_prop_lrm                                                               
20004a84  RF_prop_ook                                                               
20004a94  RF_prop_sl_lr                                                             
20004ab2  ti_sysbios_family_arm_m3_Hwi_Module_State_0_excActive__A                  
20004ab4  __TI_cleanup_ptr                                                          
20004ab8  __TI_dtors_ptr                                                            
20004abc  __TI_enable_exit_profile_output                                           
20004ac0  ti_sysbios_knl_Task_Module__root__V                                       
20004acc  ti_uia_runtime_QueueDescriptor_Module__state__V                           
20004ad8  xdc_runtime_SysMin_Module__state__V                                       
20004ae4  _lock                                                                     
20004ae8  _unlock                                                                   
20004aec  ti_uia_runtime_QueueDescriptor_gPtrToFirstDescriptor                      
20004af0  ti_uia_runtime_QueueDescriptor_gUpdateCount                               
20004af4  ti_sysbios_family_arm_m3_Hwi_Module__root__V                              
20004afc  ti_sysbios_gates_GateHwi_Module__root__V                                  
20004b04  ti_sysbios_gates_GateMutex_Module__root__V                                
20004b0c  ti_sysbios_hal_Hwi_Module__root__V                                        
20004b14  ti_sysbios_heaps_HeapMem_Module__root__V                                  
20004b1c  ti_sysbios_knl_Clock_Module__root__V                                      
20004b24  ti_sysbios_knl_Mailbox_Module__root__V                                    
20004b2c  ti_sysbios_knl_Queue_Module__root__V                                      
20004b34  ti_sysbios_knl_Semaphore_Module__root__V                                  
20004b3c  ti_sysbios_knl_Swi_Module__root__V                                        
20004b44  ti_uia_loggers_LoggerStopMode_Module__root__V                             
20004b4c  xdc_runtime_System_Module_State_0_atexitHandlers__A                       
20004b54  ti_sysbios_family_arm_m3_Hwi_Module_State_0_excContext__A                 
20004b58  ti_sysbios_family_arm_m3_Hwi_Module_State_0_excStack__A                   
20004b5c  ti_sysbios_knl_Task_Module_State_0_idleTask__A                            
20004b60  xdc_runtime_Main_Module__root__V                                          
20004c00  __stack                                                                   
20005000  __STACK_END                                                               
e000e000  ti_sysbios_family_arm_m3_Hwi_nvic                                         
ffffffff  __TI_pprof_out_hndl                                                       
ffffffff  __TI_prof_data_size                                                       
ffffffff  __TI_prof_data_start                                                      
ffffffff  __binit__                                                                 
ffffffff  __c_args__                                                                
ffffffff  binit                                                                     
UNDEFED   ClockP_getSystemTicks                                                     
UNDEFED   HwiP_restore                                                              
UNDEFED   SHT$$INIT_ARRAY$$Base                                                     
UNDEFED   SHT$$INIT_ARRAY$$Limit                                                    
UNDEFED   SwiP_restore                                                              
UNDEFED   ti_sysbios_BIOS_RtsGateProxy_Handle__label__S__mangled__                  
UNDEFED   ti_sysbios_BIOS_RtsGateProxy_Params__init__S__mangled__                   
UNDEFED   ti_sysbios_BIOS_RtsGateProxy_query__E__mangled__                          
UNDEFED   ti_sysbios_hal_Hwi_HwiProxy_Module__startupDone__S__mangled__             
UNDEFED   ti_sysbios_hal_Hwi_HwiProxy_Params__init__S__mangled__                    
UNDEFED   ti_sysbios_hal_Hwi_HwiProxy_disableInterrupt__E__mangled__                
UNDEFED   ti_sysbios_hal_Hwi_HwiProxy_enableInterrupt__E__mangled__                 
UNDEFED   ti_sysbios_hal_Hwi_HwiProxy_getStackInfo__E__mangled__                    
UNDEFED   ti_sysbios_hal_Hwi_HwiProxy_startup__E__mangled__                         
UNDEFED   ti_sysbios_hal_Hwi_HwiProxy_switchFromBootStack__E__mangled__             
UNDEFED   ti_sysbios_hal_Hwi_disableInterrupt__E                                    
UNDEFED   ti_sysbios_hal_Hwi_enableInterrupt__E                                     
UNDEFED   ti_sysbios_hal_Hwi_getStackInfo__E                                        
UNDEFED   ti_sysbios_hal_Hwi_startup__E                                             
UNDEFED   ti_sysbios_hal_Hwi_switchFromBootStack__E                                 
UNDEFED   ti_sysbios_heaps_HeapMem_Module_GateProxy_Handle__label__S__mangled__     
UNDEFED   ti_sysbios_heaps_HeapMem_Module_GateProxy_Params__init__S__mangled__      
UNDEFED   ti_sysbios_heaps_HeapMem_Module_GateProxy_query__E__mangled__             
UNDEFED   ti_sysbios_knl_Clock_TimerProxy_Module__startupDone__S__mangled__         
UNDEFED   ti_sysbios_knl_Clock_TimerProxy_startup__E__mangled__                     
UNDEFED   ti_sysbios_knl_Task_SupportProxy_Module__startupDone__S__mangled__        
UNDEFED   ti_sysbios_knl_Task_SupportProxy_getStackAlignment__E__mangled__          
UNDEFED   ti_sysbios_knl_Task_SupportProxy_start__E__mangled__                      
UNDEFED   ti_sysbios_knl_Task_SupportProxy_swap__E__mangled__                       
UNDEFED   xdc_runtime_Main_Module_GateProxy_Handle__label__S                        
UNDEFED   xdc_runtime_Main_Module_GateProxy_query__E                                
UNDEFED   xdc_runtime_Memory_HeapProxy_Handle__label__S__mangled__                  
UNDEFED   xdc_runtime_System_Module_GateProxy_Handle__label__S__mangled__           
UNDEFED   xdc_runtime_System_Module_GateProxy_query__E__mangled__                   
UNDEFED   xdc_runtime_Timestamp_SupportProxy_get64__E__mangled__                    
UNDEFED   xdc_runtime_Timestamp_SupportProxy_getFreq__E__mangled__                  
UNDEFED   xdc_runtime_Timestamp_get32__E                                            
UNDEFED   xdc_runtime_Timestamp_get64__E                                            
UNDEFED   xdc_runtime_Timestamp_getFreq__E                                          

[1132 symbols]
