******************************************************************************
                  TI ARM Linker Unix v16.9.3                   
******************************************************************************
>> Linked Mon Oct  2 19:28:36 2017

OUTPUT FILE NAME:   <Sprite.out>
ENTRY POINT SYMBOL: "ResetISR"  address: 00009b79


MEMORY CONFIGURATION

         name            origin    length      used     unused   attr    fill
----------------------  --------  ---------  --------  --------  ----  --------
  FLASH                 00000000   00020000  0000fcaf  00010351  R  X
  SRAM                  20000000   00005000  00004e43  000001bd  RW X


SEGMENT ALLOCATION MAP

run origin  load origin   length   init length attrs members
----------  ----------- ---------- ----------- ----- -------
00000000    00000000    000004d0   000004d0    r--
  00000000    00000000    0000003c   0000003c    r-- .resetVecs
  00000040    00000040    00000490   00000490    r-- .cinit
00001000    00001000    0000f797   0000f797    r-x
  00001000    00001000    0000003c   0000003c    r-- .const:ti_sysbios_knl_Task_Object__PARAMS__C
  0000103c    0000103c    00000034   00000034    r-- .const:ti_sysbios_knl_Mailbox_Object__PARAMS__C
  00001070    00001070    00000030   00000030    r-- .const:ti_sysbios_family_arm_m3_Hwi_Object__PARAMS__C
  000010a0    000010a0    0000002c   0000002c    r-- .const:ti_sysbios_hal_Hwi_Object__PARAMS__C
  000010cc    000010cc    00000028   00000028    r-- .const:ti_sysbios_heaps_HeapMem_Module__FXNS__C
  000010f4    000010f4    00000028   00000028    r-- .const:ti_sysbios_knl_Swi_Object__PARAMS__C
  0000111c    0000111c    00000024   00000024    r-- .const:ti_sysbios_gates_GateHwi_Module__FXNS__C
  00001140    00001140    00000024   00000024    r-- .const:ti_sysbios_gates_GateMutex_Module__FXNS__C
  00001164    00001164    00000024   00000024    r-- .const:ti_sysbios_heaps_HeapMem_Object__PARAMS__C
  00001188    00001188    00000024   00000024    r-- .const:ti_sysbios_knl_Clock_Object__PARAMS__C
  000011ac    000011ac    00000024   00000024    r-- .const:ti_sysbios_knl_Semaphore_Object__PARAMS__C
  000011d0    000011d0    00000020   00000020    r-- .const:ti_sysbios_family_arm_m3_Hwi_Object__DESC__C
  000011f0    000011f0    00000020   00000020    r-- .const:ti_sysbios_gates_GateHwi_Object__DESC__C
  00001210    00001210    00000020   00000020    r-- .const:ti_sysbios_gates_GateMutex_Object__DESC__C
  00001230    00001230    00000020   00000020    r-- .const:ti_sysbios_hal_Hwi_Object__DESC__C
  00001250    00001250    00000020   00000020    r-- .const:ti_sysbios_heaps_HeapMem_Object__DESC__C
  00001270    00001270    00000020   00000020    r-- .const:ti_sysbios_knl_Clock_Object__DESC__C
  00001290    00001290    00000020   00000020    r-- .const:ti_sysbios_knl_Mailbox_Object__DESC__C
  000012b0    000012b0    00000020   00000020    r-- .const:ti_sysbios_knl_Queue_Object__DESC__C
  000012d0    000012d0    00000020   00000020    r-- .const:ti_sysbios_knl_Semaphore_Object__DESC__C
  000012f0    000012f0    00000020   00000020    r-- .const:ti_sysbios_knl_Swi_Object__DESC__C
  00001310    00001310    00000020   00000020    r-- .const:ti_sysbios_knl_Task_Object__DESC__C
  00001330    00001330    00000018   00000018    r-- .const:ti_sysbios_gates_GateHwi_Object__PARAMS__C
  00001348    00001348    00000018   00000018    r-- .const:ti_sysbios_gates_GateMutex_Object__PARAMS__C
  00001360    00001360    00000018   00000018    r-- .const:ti_sysbios_knl_Queue_Object__PARAMS__C
  00001378    00001378    00000008   00000008    r-- .const:ti_sysbios_knl_Idle_funcList__C
  00001384    00001384    00000004   00000004    r-- .const:ti_sysbios_family_arm_cc26xx_Timer_startupNeeded__C
  00001388    00001388    00000004   00000004    r-- .const:ti_sysbios_family_arm_m3_Hwi_E_alreadyDefined__C
  0000138c    0000138c    00000004   00000004    r-- .const:ti_sysbios_family_arm_m3_Hwi_E_hwiLimitExceeded__C
  00001390    00001390    00000004   00000004    r-- .const:ti_sysbios_family_arm_m3_Hwi_NUM_INTERRUPTS__C
  00001394    00001394    00000004   00000004    r-- .const:ti_sysbios_family_arm_m3_Hwi_Object__count__C
  00001398    00001398    00000004   00000004    r-- .const:ti_sysbios_family_arm_m3_Hwi_Object__table__C
  0000139c    0000139c    00000004   00000004    r-- .const:ti_sysbios_family_arm_m3_Hwi_ccr__C
  000013a0    000013a0    00000004   00000004    r-- .const:ti_sysbios_family_arm_m3_Hwi_excHandlerFunc__C
  000013a4    000013a4    00000004   00000004    r-- .const:ti_sysbios_family_arm_m3_Hwi_nullIsrFunc__C
  000013a8    000013a8    00000004   00000004    r-- .const:ti_sysbios_family_arm_m3_Hwi_numSparseInterrupts__C
  000013ac    000013ac    00000004   00000004    r-- .const:ti_sysbios_family_arm_m3_Hwi_priGroup__C
  000013b0    000013b0    00000004   00000004    r-- .const:ti_sysbios_family_arm_m3_TaskSupport_stackAlignment__C
  000013b4    000013b4    00000004   00000004    r-- .const:ti_sysbios_heaps_HeapMem_E_memory__C
  000013b8    000013b8    00000004   00000004    r-- .const:ti_sysbios_heaps_HeapMem_Module__gateObj__C
  000013bc    000013bc    00000004   00000004    r-- .const:ti_sysbios_heaps_HeapMem_Object__count__C
  000013c0    000013c0    00000004   00000004    r-- .const:ti_sysbios_heaps_HeapMem_Object__table__C
  000013c4    000013c4    00000004   00000004    r-- .const:ti_sysbios_heaps_HeapMem_reqAlign__C
  000013c8    000013c8    00000004   00000004    r-- .const:ti_sysbios_knl_Clock_serviceMargin__C
  000013cc    000013cc    00000004   00000004    r-- .const:ti_sysbios_knl_Mailbox_Object__count__C
  000013d0    000013d0    00000004   00000004    r-- .const:ti_sysbios_knl_Mailbox_Object__table__C
  000013d4    000013d4    00000004   00000004    r-- .const:ti_sysbios_knl_Mailbox_maxTypeAlign__C
  000013d8    000013d8    00000004   00000004    r-- .const:ti_sysbios_knl_Queue_Object__count__C
  000013dc    000013dc    00000004   00000004    r-- .const:ti_sysbios_knl_Queue_Object__table__C
  000013e0    000013e0    00000004   00000004    r-- .const:ti_sysbios_knl_Swi_Object__count__C
  000013e4    000013e4    00000004   00000004    r-- .const:ti_sysbios_knl_Swi_Object__table__C
  000013e8    000013e8    00000004   00000004    r-- .const:ti_sysbios_knl_Swi_numPriorities__C
  000013ec    000013ec    00000004   00000004    r-- .const:ti_sysbios_knl_Task_Object__count__C
  000013f0    000013f0    00000004   00000004    r-- .const:ti_sysbios_knl_Task_Object__table__C
  000013f4    000013f4    00000004   00000004    r-- .const:ti_sysbios_knl_Task_allBlockedFunc__C
  000013f8    000013f8    00000004   00000004    r-- .const:ti_sysbios_knl_Task_defaultStackHeap__C
  000013fc    000013fc    00000004   00000004    r-- .const:ti_sysbios_knl_Task_defaultStackSize__C
  00001400    00001400    00000004   00000004    r-- .const:ti_sysbios_knl_Task_numConstructedTasks__C
  00001406    00001406    00000002   00000002    r-- .const:ti_sysbios_family_arm_cc26xx_Timer_Module__id__C
  00001408    00001408    00000002   00000002    r-- .const:ti_sysbios_family_arm_cc26xx_TimestampProvider_useClockTimer__C
  0000140a    0000140a    00000002   00000002    r-- .const:ti_sysbios_family_arm_m3_Hwi_Module__id__C
  0000140c    0000140c    00000002   00000002    r-- .const:ti_sysbios_gates_GateHwi_Module__id__C
  0000140e    0000140e    00000002   00000002    r-- .const:ti_sysbios_gates_GateMutex_Module__id__C
  00001410    00001410    00000002   00000002    r-- .const:ti_sysbios_heaps_HeapMem_Module__id__C
  00001412    00001412    00000002   00000002    r-- .const:ti_sysbios_knl_Task_initStackFlag__C
  00001414    00001414    00000001   00000001    r-- .const:ti_sysbios_knl_Clock_tickMode__C
  00001418    00001418    00000008   00000008    r-- .const:xdc_runtime_Startup_firstFxns__C
  00001420    00001420    00000008   00000008    r-- .const:xdc_runtime_Startup_lastFxns__C
  00001428    00001428    00000004   00000004    r-- .const:xdc_runtime_Assert_E_assertFailed__C
  0000142c    0000142c    00000004   00000004    r-- .const:xdc_runtime_Error_E_memory__C
  00001430    00001430    00000004   00000004    r-- .const:xdc_runtime_Error_policyFxn__C
  00001434    00001434    00000004   00000004    r-- .const:xdc_runtime_IGateProvider_Interface__BASE__C
  00001438    00001438    00000004   00000004    r-- .const:xdc_runtime_IHeap_Interface__BASE__C
  0000143c    0000143c    00000004   00000004    r-- .const:xdc_runtime_IModule_Interface__BASE__C
  00001440    00001440    00000004   00000004    r-- .const:xdc_runtime_Main_Module__diagsEnabled__C
  00001444    00001444    00000004   00000004    r-- .const:xdc_runtime_Main_Module__diagsIncluded__C
  00001448    00001448    00000004   00000004    r-- .const:xdc_runtime_Main_Module__diagsMask__C
  0000144c    0000144c    00000004   00000004    r-- .const:xdc_runtime_Memory_defaultHeapInstance__C
  00001450    00001450    00000004   00000004    r-- .const:xdc_runtime_Startup_execImpl__C
  00001454    00001454    00000004   00000004    r-- .const:xdc_runtime_Startup_maxPasses__C
  00001458    00001458    00000004   00000004    r-- .const:xdc_runtime_Startup_sfxnRts__C
  0000145c    0000145c    00000004   00000004    r-- .const:xdc_runtime_Startup_sfxnTab__C
  00001460    00001460    00000004   00000004    r-- .const:xdc_runtime_Startup_startModsFxn__C
  00001464    00001464    00000004   00000004    r-- .const:xdc_runtime_SysCallback_abortFxn__C
  00001468    00001468    00000004   00000004    r-- .const:xdc_runtime_SysCallback_exitFxn__C
  0000146c    0000146c    00000004   00000004    r-- .const:xdc_runtime_System_abortFxn__C
  00001470    00001470    00000004   00000004    r-- .const:xdc_runtime_System_exitFxn__C
  00001474    00001474    00000004   00000004    r-- .const:xdc_runtime_System_maxAtexitHandlers__C
  00001478    00001478    00000004   00000004    r-- .const:xdc_runtime_Text_charTab__C
  0000147c    0000147c    00000004   00000004    r-- .const:xdc_runtime_Text_nameEmpty__C
  00001480    00001480    00000004   00000004    r-- .const:xdc_runtime_Text_nameStatic__C
  00001484    00001484    00000004   00000004    r-- .const:xdc_runtime_Text_nameUnknown__C
  00001488    00001488    00000002   00000002    r-- .const:xdc_runtime_Main_Module__id__C
  0000148a    0000148a    00000002   00000002    r-- .const:xdc_runtime_Memory_Module__id__C
  0000148c    0000148c    00000002   00000002    r-- .const:xdc_runtime_Text_charCnt__C
  0000148e    0000148e    00000002   00000002    r-- .const:xdc_runtime_Text_isLoaded__C
  00001490    00001490    00000001   00000001    r-- .const:xdc_runtime_Error_policy__C
  00001494    00001494    00000004   00000004    r-- .const:ti_sysbios_rom_ROM_AONRTCChannelEnable
  00001498    00001498    00000004   00000004    r-- .const:ti_sysbios_rom_ROM_AONRTCCompareValueSet
  0000149c    0000149c    00000004   00000004    r-- .const:ti_sysbios_rom_ROM_AONRTCCurrentCompareValueGet
  000014a0    000014a0    00000004   00000004    r-- .const:ti_sysbios_rom_ROM_AONRTCEventClear
  000014a4    000014a4    00000004   00000004    r-- .const:ti_sysbios_rom_ROM_ti_sysbios_family_arm_cc26xx_Timer_getCount64__E
  000014a8    000014a8    00000004   00000004    r-- .const:ti_sysbios_rom_ROM_ti_sysbios_family_arm_cc26xx_Timer_getCurrentTick__E
  000014ac    000014ac    00000004   00000004    r-- .const:ti_sysbios_rom_ROM_ti_sysbios_family_arm_cc26xx_Timer_getMaxTicks__E
  000014b0    000014b0    00000004   00000004    r-- .const:ti_sysbios_rom_ROM_ti_sysbios_family_arm_cc26xx_Timer_initDevice__I
  000014b4    000014b4    00000004   00000004    r-- .const:ti_sysbios_rom_ROM_ti_sysbios_family_arm_cc26xx_Timer_setNextTick__E
  000014b8    000014b8    00000004   00000004    r-- .const:ti_sysbios_rom_ROM_ti_sysbios_family_arm_cc26xx_Timer_setThreshold__I
  000014bc    000014bc    00000004   00000004    r-- .const:ti_sysbios_rom_ROM_ti_sysbios_family_arm_cc26xx_Timer_start__E
  000014c0    000014c0    00000004   00000004    r-- .const:ti_sysbios_rom_ROM_ti_sysbios_family_arm_cc26xx_TimestampProvider_get32__E
  000014c4    000014c4    00000004   00000004    r-- .const:ti_sysbios_rom_ROM_xdc_runtime_Startup_getState__I
  000014c8    000014c8    00000004   00000004    r-- .const:ti_sysbios_rom_ROM_xdc_runtime_System_SupportProxy_abort__E
  000014cc    000014cc    00000004   00000004    r-- .const:ti_sysbios_rom_ROM_xdc_runtime_System_SupportProxy_exit__E
  000014d0    000014d0    00000004   00000004    r-- .const:ti_sysbios_gates_GateMutex_Instance_State_sem__O
  000014d4    000014d4    00000004   00000004    r-- .const:ti_sysbios_knl_Clock_Module_State_clockQ__O
  000014d8    000014d8    00000004   00000004    r-- .const:ti_sysbios_knl_Mailbox_Instance_State_dataQue__O
  000014dc    000014dc    00000004   00000004    r-- .const:ti_sysbios_knl_Mailbox_Instance_State_dataSem__O
  000014e0    000014e0    00000004   00000004    r-- .const:ti_sysbios_knl_Mailbox_Instance_State_freeQue__O
  000014e4    000014e4    00000004   00000004    r-- .const:ti_sysbios_knl_Mailbox_Instance_State_freeSem__O
  000014e8    000014e8    00000004   00000004    r-- .const:ti_sysbios_knl_Semaphore_Instance_State_pendQ__O
  000014ec    000014ec    00000004   00000004    r-- .const:ti_sysbios_knl_Task_Module_State_inactiveQ__O
  000014f0    000014f0    0000a884   0000a884    r-x .text
  0000bd74    0000bd74    00004a23   00004a23    r-- .const
0001ffa8    0001ffa8    00000058   00000058    r--
  0001ffa8    0001ffa8    00000058   00000058    r-- .ccfg
20000100    20000100    00000104   00000000    rw-
  20000100    20000100    00000044   00000000    rw- .data:ti_sysbios_knl_Task_Module__state__V
  20000144    20000144    00000034   00000000    rw- .data:ti_sysbios_family_arm_m3_Hwi_Module__state__V
  20000178    20000178    0000002c   00000000    rw- .data:ti_sysbios_knl_Clock_Module__state__V
  200001a4    200001a4    00000024   00000000    rw- .data:ti_sysbios_BIOS_Module__state__V
  200001c8    200001c8    0000001c   00000000    rw- .data:ti_sysbios_knl_Swi_Module__state__V
  200001e4    200001e4    00000008   00000000    rw- .data:ti_sysbios_family_arm_cc26xx_Timer_Module__state__V
  200001ec    200001ec    00000004   00000000    rw- .data:ti_sysbios_family_arm_cc26xx_TimestampProvider_Module__state__V
  200001f0    200001f0    00000008   00000000    rw- .data:xdc_runtime_Startup_Module__state__V
  200001f8    200001f8    00000008   00000000    rw- .data:xdc_runtime_System_Module__state__V
  20000200    20000200    00000004   00000000    rw- .data:xdc_runtime_Memory_Module__state__V
20000280    20000280    00002eec   00000000    rw-
  20000280    20000280    00002eec   00000000    rw- .bss
20003170    20003170    00001000   00000000    r--
  20003170    20003170    00001000   00000000    r-- .priheap
20004170    20004170    0000098b   00000000    rw-
  20004170    20004170    0000098b   00000000    rw- .data
20004c00    20004c00    00000400   00000000    rw-
  20004c00    20004c00    00000400   00000000    rw- .stack


SECTION ALLOCATION MAP

 output                                  attributes/
section   page    origin      length       input sections
--------  ----  ----------  ----------   ----------------
.text      0    000014f0    0000a884     
                  000014f0    0000044c     rf_multiMode_cc13x0.aem3 : RFCC26XX_multiMode.oem3 (.text:fsmActiveState)
                  0000193c    000003c4     EasyLink.obj (.text:EasyLink_init)
                  00001d00    00000324     rtsv7M3_T_le_eabi.lib : trgdrv.obj (.text)
                  00002024    0000030c     drivers_cc13x0.aem3 : PowerCC26XX_calibrateRCOSC.oem3 (.text:PowerCC26XX_auxISR)
                  00002330    00000248     rtsv7M3_T_le_eabi.lib : vla_alloc.obj (.text)
                  00002578    00000228     driverlib.lib : sys_ctrl.obj (.text:NOROM_SysCtrlSetRechargeBeforePowerDown)
                  000027a0    0000021c     drivers_cc13x0.aem3 : PowerCC26XX.oem3 (.text:Power_sleep)
                  000029bc    00000200     rf_multiMode_cc13x0.aem3 : RFCC26XX_multiMode.oem3 (.text:RF_open)
                  00002bbc    000001f4     rtsv7M3_T_le_eabi.lib : ull_div_t2.obj (.text)
                  00002db0    000001e4     main.obj (.text:LSM9DS1init)
                  00002f94    000001a4     EasyLink.obj (.text:EasyLink_setRfPwr)
                  00003138    0000019c     rf_multiMode_cc13x0.aem3 : RFCC26XX_multiMode.oem3 (.text:fsmSetupState)
                  000032d4    00000190     drivers_cc13x0.aem3 : PowerCC26XX_calibrateRCOSC.oem3 (.text:PowerCC26XX_doCalibrate)
                  00003464    0000018c                         : PINCC26XX.oem3 (.text:PIN_init)
                  000035f0    00000188     EasyLink.obj (.text:rxDoneCallback)
                  00003778    00000180     main.obj (.text:initGyro)
                  000038f8    00000170     EasyLink.obj (.text:EasyLink_receiveAsync)
                  00003a68    00000164     drivers_cc13x0.aem3 : UARTCC26XX.oem3 (.text:UARTCC26XX_open)
                  00003bcc    00000158     rf_multiMode_cc13x0.aem3 : RFCC26XX_multiMode.oem3 (.text:RF_postCmd)
                  00003d24    00000154     drivers_cc13x0.aem3 : I2CCC26XX.oem3 (.text:I2CCC26XX_open)
                  00003e78    00000154     rf_multiMode_cc13x0.aem3 : RFCC26XX_multiMode.oem3 (.text:radioOpDoneCb)
                  00003fcc    00000150                              : RFCC26XX_multiMode.oem3 (.text:abortCmd)
                  0000411c    00000150     smartrf_settings_predefined.obj (.text:rf_patch_mce_genook)
                  0000426c    00000148     rf_multiMode_cc13x0.aem3 : RFCC26XX_multiMode.oem3 (.text:fsmChangePhyState)
                  000043b4    0000013c     EasyLink.obj (.text:EasyLink_transmit)
                  000044f0    00000138     hello_pem3.oem3 (.text:ti_uia_loggers_LoggerStopMode_writeMemoryRange__E)
                  00004628    00000134     main.obj (.text:initAccel)
                  0000475c    00000130     driverlib.lib : setup_rom.obj (.text:NOROM_SetupAfterColdResetWakeupFromShutDownCfg3)
                  0000488c    0000012c     drivers_cc13x0.aem3 : PowerCC26XX.oem3 (.text:Power_init)
                  000049b8    00000128     smartrf_settings.obj (.text:rf_patch_rfe_genfsk)
                  00004ae0    00000128     smartrf_settings_predefined.obj (.text:rf_patch_rfe_genfsk)
                  00004c08    00000128     smartrf_settings_predefined.obj (.text:rf_patch_rfe_lrm)
                  00004d30    00000128     smartrf_settings_predefined.obj (.text:rf_patch_rfe_sl_longrange)
                  00004e58    00000120     main.obj (.text:rxDoneCb)
                  00004f78    0000011c     rf_multiMode_cc13x0.aem3 : RFCC26XX_multiMode.oem3 (.text:RF_close)
                  00005094    00000118     drivers_cc13x0.aem3 : UARTCC26XX.oem3 (.text:UARTCC26XX_read)
                  000051ac    00000118     main.obj (.text:initMag)
                  000052c4    00000114     smartrf_settings_predefined.obj (.text:rf_patch_mce_hsp_4mbps)
                  000053d8    00000110     drivers_cc13x0.aem3 : I2CCC26XX.oem3 (.text:I2CCC26XX_hwiFxn)
                  000054e8    0000010c     hello_pem3.oem3 (.text:ti_uia_loggers_LoggerStopMode_write8__E)
                  000055f4    0000010a     drivers_cc13x0.aem3 : UARTCC26XX.oem3 (.text:UARTCC26XX_hwiIntFxn)
                  000056fe    00000002                         : PWMTimerCC26XX.oem3 (.text:PWMTimerCC26XX_init)
                  00005700    00000108     rf_multiMode_cc13x0.aem3 : RFCC26XX_multiMode.oem3 (.text:fsmPowerUpState)
                  00005808    00000108                              : RFCC26XX_multiMode.oem3 (.text:hwiFxnCpe0Active)
                  00005910    000000fc     drivers_cc13x0.aem3 : UARTCC26XX.oem3 (.text:UARTCC26XX_write)
                  00005a0c    000000f8     main.obj (.text:gpsFunc)
                  00005b04    000000f8     main.obj (.text:semaphoreSetup)
                  00005bfc    000000f4     hello_pem3.oem3 (.text:ti_uia_loggers_LoggerStopMode_write4__E)
                  00005cf0    000000f0     driverlib.lib : setup_rom.obj (.text:NOROM_SetupAfterColdResetWakeupFromShutDownCfg2)
                  00005de0    000000ec     drivers_cc13x0.aem3 : PWMTimerCC26XX.oem3 (.text:PWMTimerCC26XX_open)
                  00005ecc    000000e8     hello_pem3.oem3 (.text:ti_uia_loggers_LoggerStopMode_write1__E)
                  00005fb4    000000e8     hello_pem3.oem3 (.text:ti_uia_loggers_LoggerStopMode_write2__E)
                  0000609c    000000e0     main.obj (.text:txDataTaskFunc)
                  0000617c    000000dc     driverlib.lib : rfc.obj (.text:NOROM_RFCOverrideUpdate)
                  00006258    000000dc     drivers_cc13x0.aem3 : PINCC26XX.oem3 (.text:PINCC26XX_setIoCfg)
                  00006334    000000d8     EasyLink.obj (.text:EasyLink_enableRxAddrFilter)
                  0000640c    000000d8     smartrf_settings_predefined.obj (.text:rf_patch_rfe_genook)
                  000064e4    000000d8     smartrf_settings_predefined.obj (.text:rf_patch_rfe_hsp_4mbps)
                  000065bc    000000d8     hello_pem3.oem3 (.text:ti_uia_loggers_LoggerStopMode_write0__E)
                  00006694    000000d4     driverlib.lib : rfc.obj (.text:NOROM_RFCRfTrimRead)
                  00006768    000000d0     dpl_cc13x0.aem3 : PowerCC26XX_tirtos.oem3 (.text:PowerCC26XX_standbyPolicy)
                  00006838    000000c4     drivers_cc13x0.aem3 : ADCCC26XX.oem3 (.text:ADCCC26XX_convert)
                  000068fc    000000c4     driverlib.lib : setup.obj (.text:TrimAfterColdResetWakeupFromShutDown)
                  000069c0    000000c4     smartrf_settings_predefined.obj (.text:rf_patch_mce_sl_longrange)
                  00006a84    000000c4     main.obj (.text:rxBeaconFunc)
                  00006b48    000000c0     drivers_cc13x0.aem3 : I2CCC26XX.oem3 (.text:I2CCC26XX_transfer)
                  00006c08    000000c0     driverlib.lib : aux_adc.obj (.text:NOROM_AUXADCEnableSync)
                  00006cc8    000000bc     drivers_cc13x0.aem3 : GPTimerCC26XX.oem3 (.text:GPTimerCC26XX_open)
                  00006d84    000000bc     main.obj (.text:I2CreadBytes)
                  00006e40    000000bc     drivers_cc13x0.aem3 : PowerCC26XX.oem3 (.text:Power_releaseDependency)
                  00006efc    000000bc                         : UARTCC26XX.oem3 (.text:UARTCC26XX_initHw)
                  00006fb8    000000b4                         : PowerCC26XX.oem3 (.text:Power_setDependency)
                  0000706c    000000a8     driverlib.lib : setup.obj (.text:NOROM_SetupTrimDevice)
                  00007114    000000a4                   : setup_rom.obj (.text:NOROM_SetupAfterColdResetWakeupFromShutDownCfg1)
                  000071b8    000000a4     rf_multiMode_cc13x0.aem3 : RFCC26XX_multiMode.oem3 (.text:RF_dispatchCmd)
                  0000725c    000000a0     drivers_cc13x0.aem3 : GPTimerCC26XX.oem3 (.text:GPTimerCC26XX_close)
                  000072fc    000000a0     auto_init.aem3 : auto_init.oem3 (.text)
                  0000739c    000000a0     main.obj (.text:pwmTaskFunc)
                  0000743c    0000009c     rf_multiMode_cc13x0.aem3 : RFCC26XX_multiMode.oem3 (.text:RF_issueRadioFreeCb)
                  000074d8    0000009c     drivers_cc13x0.aem3 : WatchdogCC26XX.oem3 (.text:WatchdogCC26XX_open)
                  00007574    0000009c     rf_multiMode_cc13x0.aem3 : RFCC26XX_multiMode.oem3 (.text:hwiFxnCpe0PowerFsm)
                  00007610    0000009c     rtsv7M3_T_le_eabi.lib : memcpy_t2.obj (.text)
                  000076ac    0000009c     rf_multiMode_cc13x0.aem3 : RFCC26XX_multiMode.oem3 (.text:swiFxnHw)
                  00007748    00000098     drivers_cc13x0.aem3 : PINCC26XX.oem3 (.text:PIN_open)
                  000077e0    00000098                         : UARTCC26XX.oem3 (.text:UARTCC26XX_initIO)
                  00007878    00000098     rom_sysbios.aem3 : rom_sysbios.obj (.text:ti_sysbios_knl_Clock_workFuncDynamic__E)
                  00007910    00000094     EasyLink.obj (.text:EasyLink_abort)
                  000079a4    00000094     driverlib.lib : aux_adc.obj (.text:NOROM_AUXADCDisable)
                  00007a38    00000094     main.obj (.text:readAccel)
                  00007acc    00000094     main.obj (.text:readGyro)
                  00007b60    00000094     drivers_cc13x0.aem3 : UARTCC26XX.oem3 (.text:writeFinishedDoCallback)
                  00007bf4    00000090                         : I2CCC26XX.oem3 (.text:I2CCC26XX_cancel)
                  00007c84    00000090     ti.uia.loggers.aem3 : LoggerStopMode.oem3 (.text:ti_uia_loggers_LoggerStopMode_initQueueDescriptor__E)
                  00007d14    0000008c     drivers_cc13x0.aem3 : I2CCC26XX.oem3 (.text:I2CCC26XX_primeTransfer)
                  00007da0    0000008c     rf_multiMode_cc13x0.aem3 : RFCC26XX_multiMode.oem3 (.text:RF_pendCmd)
                  00007e2c    0000008c     drivers_cc13x0.aem3 : UARTCC26XX.oem3 (.text:UARTCC26XX_close)
                  00007eb8    0000008c                         : UARTCC26XX.oem3 (.text:UARTCC26XX_writeCancel)
                  00007f44    00000088                         : ADCCC26XX.oem3 (.text:ADCCC26XX_open)
                  00007fcc    00000088                         : PowerCC26XX.oem3 (.text:disableLFClockQualifiers)
                  00008054    00000084                         : PowerCC26XX.oem3 (.text:switchXOSCHFclockFunc)
                  000080d8    00000080                         : PWMTimerCC26XX.oem3 (.text:PWMTimerCC26XX_setPeriod)
                  00008158    0000007c     main.obj (.text:constrainScales)
                  000081d4    0000007a     rtsv7M3_T_le_eabi.lib : memset_t2.obj (.text)
                  0000824e    00000002     drivers_cc13x0.aem3 : WatchdogCC26XX.oem3 (.text:WatchdogCC26XX_close)
                  00008250    00000078     main.obj (.text:LSM9DS1begin)
                  000082c8    00000078     main.obj (.text:pwmSetup)
                  00008340    00000078     drivers_cc13x0.aem3 : UARTCC26XX.oem3 (.text:writeTxFifoFlush)
                  000083b8    00000074     driverlib.lib : setup_rom.obj (.text:NOROM_SetupSetVddrLevel)
                  0000842c    00000074     main.obj (.text:adcTaskFunc)
                  000084a0    00000074     main.obj (.text:configInt)
                  00008514    00000074     main.obj (.text:magTaskFunc)
                  00008588    00000074     rom_sysbios.aem3 : rom_sysbios.obj (.text:ti_sysbios_family_arm_cc26xx_Timer_start__E)
                  000085fc    00000074     ti.uia.runtime.aem3 : QueueDescriptor.oem3 (.text:ti_uia_runtime_QueueDescriptor_addToList__E)
                  00008670    0000006c     drivers_cc13x0.aem3 : PowerCC26XX_calibrateRCOSC.oem3 (.text:PowerCC26XX_initiateCalibration)
                  000086dc    00000068                         : I2CCC26XX.oem3 (.text:I2CCC26XX_close)
                  00008744    00000068     main.obj (.text:I2CreadByte)
                  000087ac    00000068     main.obj (.text:I2CwriteByte)
                  00008814    00000068     driverlib.lib : setup_rom.obj (.text:NOROM_SetupGetTrimForAmpcompCtrl)
                  0000887c    00000068                   : setup_rom.obj (.text:NOROM_SetupGetTrimForAnabypassValue1)
                  000088e4    00000068                   : sys_ctrl.obj (.text:NOROM_SysCtrl_DCDC_VoltageConditionalControl)
                  0000894c    00000068     drivers_cc13x0.aem3 : UARTCC26XX.oem3 (.text:UARTCC26XX_readCancel)
                  000089b4    00000068     rtsv7M3_T_le_eabi.lib : copy_decompress_lzss.obj (.text:decompress:lzss)
                  00008a1c    00000068     rf_multiMode_cc13x0.aem3 : RFCC26XX_multiMode.oem3 (.text:flushPendCmd)
                  00008a84    00000068                              : RFCC26XX_multiMode.oem3 (.text:fsmXOSCState)
                  00008aec    00000068     main.obj (.text:main)
                  00008b54    00000068     rtsv7M3_T_le_eabi.lib : trgmsg.obj (.text)
                  00008bbc    00000066     ti.uia.loggers.aem3 : LoggerStopMode.oem3 (.text:ti_uia_loggers_LoggerStopMode_flush__E)
                  00008c22    00000002     rf_multiMode_cc13x0.aem3 : RFCC26XX_multiMode.oem3 (.text:defaultCallback)
                  00008c24    00000064     driverlib.lib : osc.obj (.text:NOROM_OSCHF_AttemptToSwitchToXosc)
                  00008c88    00000064     drivers_cc13x0.aem3 : PINCC26XX.oem3 (.text:PIN_add)
                  00008cec    00000064                         : PowerCC26XX.oem3 (.text:configureXOSCHF)
                  00008d50    00000064     rf_multiMode_cc13x0.aem3 : RFCC26XX_multiMode.oem3 (.text:dispatchOpWhen)
                  00008db4    00000064     rom_sysbios.aem3 : rom_sysbios.obj (.text:ti_sysbios_heaps_HeapMem_initPrimary__I)
                  00008e18    00000062     rf_multiMode_cc13x0.aem3 : RFCC26XX_multiMode.oem3 (.text:syncCb)
                  00008e7a    00000002     drivers_cc13x0.aem3 : PowerCC26XX.oem3 (.text:emptyClockFunc)
                  00008e7c    00000060     driverlib.lib : osc.obj (.text:NOROM_OSCClockSourceSet)
                  00008edc    00000060     drivers_cc13x0.aem3 : UARTCC26XX.oem3 (.text:UARTCC26XX_control)
                  00008f3c    00000060     smartrf_settings.obj (.text:configureGenfskPatch)
                  00008f9c    00000060     smartrf_settings_predefined.obj (.text:configureGenfskPatch)
                  00008ffc    00000060     smartrf_settings_predefined.obj (.text:configureGenookPatch)
                  0000905c    00000060     smartrf_settings_predefined.obj (.text:configureLrmPatch)
                  000090bc    00000060     smartrf_settings_predefined.obj (.text:configureSl_longrangePatch)
                  0000911c    0000005c     driverlib.lib : sys_ctrl.obj (.text:NOROM_SysCtrlAdjustRechargeAfterPowerDown)
                  00009178    0000005c     drivers_cc13x0.aem3 : PowerCC26XX_calibrateRCOSC.oem3 (.text:PowerCC26XX_RCOSC_clockFunc)
                  000091d4    0000005c                         : PowerCC26XX.oem3 (.text:PowerCC26XX_calibrate)
                  00009230    0000005c     main.obj (.text:createRFRXTasks)
                  0000928c    0000005c     rf_multiMode_cc13x0.aem3 : RFCC26XX_multiMode.oem3 (.text:ratChanFree)
                  000092e8    0000005c     hello_pem3.oem3 (.text:xdc_runtime_Startup_getState__I)
                  00009344    00000058     drivers_cc13x0.aem3 : GPTimerCC26XX.oem3 (.text:GPTimerCC26XX_stop)
                  0000939c    00000058                         : I2CCC26XX.oem3 (.text:I2CCC26XX_swiFxn)
                  000093f4    00000058                         : PINCC26XX.oem3 (.text:PIN_remove)
                  0000944c    00000058     rf_multiMode_cc13x0.aem3 : RFCC26XX_multiMode.oem3 (.text:applyRfCorePatch)
                  000094a4    00000054                              : RFCC26XX_multiMode.oem3 (.text:RF_getCurrentTime)
                  000094f8    00000054     main.obj (.text:calcaRes)
                  0000954c    00000054     main.obj (.text:calcmRes)
                  000095a0    00000054     rf_multiMode_cc13x0.aem3 : RFCC26XX_multiMode.oem3 (.text:hwiFxnHw)
                  000095f4    00000054     rtsv7M3_T_le_eabi.lib : exit.obj (.text)
                  00009648    00000050     driverlib.lib : setup_rom.obj (.text:NOROM_SetupSetCacheModeAccordingToCcfgSetting)
                  00009698    00000050     main.obj (.text:readMag)
                  000096e8    00000050     drivers_cc13x0.aem3 : UARTCC26XX.oem3 (.text:startTxFifoEmptyClk)
                  00009738    0000004c                         : GPTimerCC26XX.oem3 (.text:GPTimerCC26XX_start)
                  00009784    0000004c                         : I2CCC26XX.oem3 (.text:I2CCC26XX_initHw)
                  000097d0    0000004c                         : PWMTimerCC26XX.oem3 (.text:PWMTimerCC26XX_getdutyCounts)
                  0000981c    0000004c     rf_multiMode_cc13x0.aem3 : RFCC26XX_multiMode.oem3 (.text:RF_wakeupNotifyFxn)
                  00009868    0000004c     rtsv7M3_T_le_eabi.lib : cpy_tbl.obj (.text)
                  000098b4    0000004c     ti.uia.loggers.aem3 : LoggerStopMode.oem3 (.text:ti_uia_loggers_LoggerStopMode_Module_startup__E)
                  00009900    00000048     dpl_cc13x0.aem3 : ClockP_tirtos.oem3 (.text:ClockP_construct)
                  00009948    00000048     drivers_cc13x0.aem3 : PINCC26XX.oem3 (.text:PIN_setOutputEnable)
                  00009990    00000048     main.obj (.text:calcgRes)
                  000099d8    00000048     main.obj (.text:clockSetup)
                  00009a20    00000048     main.obj (.text:pinCallback)
                  00009a68    00000044     drivers_cc13x0.aem3 : PINCC26XX.oem3 (.text:PIN_swi)
                  00009aac    00000044     rf_multiMode_cc13x0.aem3 : RFCC26XX_multiMode.oem3 (.text:RF_releasePowerConstraint)
                  00009af0    00000044     drivers_cc13x0.aem3 : RingBuf.oem3 (.text:RingBuf_put)
                  00009b34    00000044     main.obj (.text:adcSetup)
                  00009b78    00000044     boot.aem3 : boot.oem3 (.text)
                  00009bbc    00000044     drivers_cc13x0.aem3 : PowerCC26XX.oem3 (.text:notify)
                  00009c00    00000044     ti.uia.loggers.aem3 : LoggerStopMode.oem3 (.text:ti_uia_loggers_LoggerStopMode_initBuffer__I)
                  00009c44    00000044     rom_sysbios.aem3 : rom_sysbios.obj (.text:xdc_runtime_SysMin_flush__E)
                  00009c88    00000040     drivers_cc13x0.aem3 : ADCCC26XX.oem3 (.text:ADCCC26XX_convertToMicroVolts)
                  00009cc8    00000040                         : ADC.oem3 (.text:ADC_init)
                  00009d08    00000040                         : ADC.oem3 (.text:ADC_open)
                  00009d48    00000040     dpl_cc13x0.aem3 : HwiP_tirtos.oem3 (.text:HwiP_construct)
                  00009d88    00000040     drivers_cc13x0.aem3 : I2C.oem3 (.text:I2C_init)
                  00009dc8    00000040                         : I2C.oem3 (.text:I2C_open)
                  00009e08    00000040                         : PWMTimerCC26XX.oem3 (.text:PWMTimerCC26XX_setDuty)
                  00009e48    00000040                         : PWM.oem3 (.text:PWM_init)
                  00009e88    00000040                         : PWM.oem3 (.text:PWM_open)
                  00009ec8    00000040                         : UART.oem3 (.text:UART_init)
                  00009f08    00000040                         : UART.oem3 (.text:UART_open)
                  00009f48    00000040                         : Watchdog.oem3 (.text:Watchdog_init)
                  00009f88    00000040                         : Watchdog.oem3 (.text:Watchdog_open)
                  00009fc8    00000040     main.obj (.text:accelTaskFunc)
                  0000a008    00000040     main.obj (.text:gyroTaskFunc)
                  0000a048    00000040     rom_sysbios.aem3 : rom_sysbios.obj (.text:ti_sysbios_family_arm_cc26xx_Timer_setThreshold__I)
                  0000a088    0000003e     drivers_cc13x0.aem3 : RingBuf.oem3 (.text:RingBuf_get)
                  0000a0c6    0000003e     hello_pem3.oem3 (.text:realloc)
                  0000a104    0000003c     drivers_cc13x0.aem3 : ADCCC26XX.oem3 (.text:ADCCC26XX_close)
                  0000a140    0000003c     driverlib.lib : chipinfo.obj (.text:NOROM_ChipInfo_GetHwRevision)
                  0000a17c    0000003c                   : osc.obj (.text:NOROM_OSC_HPOSCRelativeFrequencyOffsetGet)
                  0000a1b8    0000003c                   : rfc.obj (.text:NOROM_RFCSynthPowerDown)
                  0000a1f4    0000003c     drivers_cc13x0.aem3 : PowerCC26XX.oem3 (.text:PowerCC26XX_isStableXOSC_HF)
                  0000a230    0000003c                         : PowerCC26XX.oem3 (.text:PowerCC26XX_switchXOSC_HF)
                  0000a26c    0000003c     rf_multiMode_cc13x0.aem3 : RFCC26XX_multiMode.oem3 (.text:RF_runCmd)
                  0000a2a8    0000003c     dpl_cc13x0.aem3 : SwiP_tirtos.oem3 (.text:SwiP_construct)
                  0000a2e4    0000003c     rom_sysbios.aem3 : rom_sysbios.obj (.text:ti_sysbios_family_arm_m3_Hwi_construct2__E)
                  0000a320    00000038     drivers_cc13x0.aem3 : PINCC26XX.oem3 (.text:PIN_setOutputValue)
                  0000a358    00000038     rf_multiMode_cc13x0.aem3 : RFCC26XX_multiMode.oem3 (.text:Q_end)
                  0000a390    00000038                              : RFCC26XX_multiMode.oem3 (.text:RF_checkCmdFsError)
                  0000a3c8    00000038     drivers_cc13x0.aem3 : UARTCC26XX.oem3 (.text:UARTCC26XX_swiIntFxn)
                  0000a400    00000038     main.obj (.text:createADCTask)
                  0000a438    00000038     main.obj (.text:createAccelTask)
                  0000a470    00000038     main.obj (.text:createGPSTask)
                  0000a4a8    00000038     main.obj (.text:createGyroTask)
                  0000a4e0    00000038     main.obj (.text:createMagTask)
                  0000a518    00000038     main.obj (.text:createPWMTask)
                  0000a550    00000038     main.obj (.text:createRFTXTasks)
                  0000a588    00000038     main.obj (.text:pinSetup)
                  0000a5c0    00000038     drivers_cc13x0.aem3 : UARTCC26XX.oem3 (.text:readData)
                  0000a5f8    00000038     rom_sysbios.aem3 : rom_sysbios.obj (.text:ti_sysbios_family_arm_cc26xx_Timer_getCurrentTick__E)
                  0000a630    00000038     drivers_cc13x0.aem3 : UARTCC26XX.oem3 (.text:writeData)
                  0000a668    00000038     rom_sysbios.aem3 : rom_sysbios.obj (.text:xdc_runtime_SysMin_putch__E)
                  0000a6a0    00000034     drivers_cc13x0.aem3 : GPTimerCC26XX.oem3 (.text:GPTimerCC26XXSetLoadMatch)
                  0000a6d4    00000034     driverlib.lib : aux_adc.obj (.text:NOROM_AUXADCDisableInputScaling)
                  0000a708    00000034                   : osc.obj (.text:NOROM_OSCHF_SwitchToRcOscTurnOffXosc)
                  0000a73c    00000034     drivers_cc13x0.aem3 : PINCC26XX.oem3 (.text:PIN_setConfig)
                  0000a770    00000034                         : PowerCC26XX.oem3 (.text:Power_releaseConstraint)
                  0000a7a4    00000034     rf_multiMode_cc13x0.aem3 : RFCC26XX_multiMode.oem3 (.text:Q_push)
                  0000a7d8    00000034     rom_sysbios.aem3 : rom_sysbios.obj (.text:ti_sysbios_family_arm_cc26xx_Timer_initDevice__I)
                  0000a80c    00000034     ti.uia.loggers.aem3 : LoggerStopMode.oem3 (.text:ti_uia_loggers_LoggerStopMode_reset__E)
                  0000a840    00000034     main.obj (.text:wdtSetup)
                  0000a874    00000032     rom_sysbios.aem3 : rom_sysbios.obj (.text:ti_sysbios_family_arm_cc26xx_Timer_setNextTick__E)
                  0000a8a6    00000002     smartrf_settings.obj (.text:enterGenfskSysPatch)
                  0000a8a8    00000030     drivers_cc13x0.aem3 : GPTimerCC26XX.oem3 (.text:GPTimerCC26XX_configureDebugStall)
                  0000a8d8    00000030     driverlib.lib : chipinfo.obj (.text:NOROM_ChipInfo_GetChipType)
                  0000a908    00000030                   : setup_rom.obj (.text:NOROM_SetupSetAonRtcSubSecInc)
                  0000a938    00000030     drivers_cc13x0.aem3 : PowerCC26XX.oem3 (.text:Power_setConstraint)
                  0000a968    00000030     driverlib.lib : adi.obj (.text:SafeHapiAuxAdiSelect)
                  0000a998    00000030     drivers_cc13x0.aem3 : WatchdogCC26XX.oem3 (.text:WatchdogCC26XX_setReload)
                  0000a9c8    00000030     rf_multiMode_cc13x0.aem3 : RFCC26XX_multiMode.oem3 (.text:clkPowerUpFxn)
                  0000a9f8    00000030     main.obj (.text:initI2C)
                  0000aa28    00000030     drivers_cc13x0.aem3 : UARTCC26XX.oem3 (.text:readData2RingBuf)
                  0000aa58    00000030     hello_pem3.oem3 (.text:ti_sysbios_BIOS_atExitFunc__I)
                  0000aa88    00000030     hello_pem3.oem3 (.text:ti_sysbios_BIOS_startFunc__I)
                  0000aab8    00000030     hello_pem3.oem3 (.text:ti_uia_loggers_LoggerStopMode_Object__create__S)
                  0000aae8    00000030     rom_sysbios.aem3 : rom_sysbios.obj (.text:xdc_runtime_SysMin_abort__E)
                  0000ab18    0000002e     hello_pem3.oem3 (.text:ti_sysbios_rts_gnu_MemAlloc_alloc)
                  0000ab46    00000002     smartrf_settings_predefined.obj (.text:enterGenfskSysPatch)
                  0000ab48    0000002c     driverlib.lib : ddi.obj (.text:NOROM_DDI32RegWrite)
                  0000ab74    0000002c                   : osc.obj (.text:NOROM_OSCClockSourceGet)
                  0000aba0    0000002c                   : rfc.obj (.text:NOROM_RFCCPEPatchReset)
                  0000abcc    0000002c                   : setup_rom.obj (.text:NOROM_SetupGetTrimForRadcExtCfg)
                  0000abf8    0000002c     drivers_cc13x0.aem3 : PINCC26XX.oem3 (.text:PINCC26XX_setMux)
                  0000ac24    0000002c                         : PWMTimerCC26XX.oem3 (.text:PWMTimerCC26XX_close)
                  0000ac50    0000002c     dpl_cc13x0.aem3 : SemaphoreP_tirtos.oem3 (.text:SemaphoreP_constructBinary)
                  0000ac7c    0000002c     rf_multiMode_cc13x0.aem3 : RFCC26XX_multiMode.oem3 (.text:getCmd)
                  0000aca8    0000002c     rom_sysbios.aem3 : rom_sysbios.obj (.text:ti_sysbios_knl_Clock_getTicksUntilInterrupt__E)
                  0000acd4    0000002a                      : rom_sysbios.obj (.text:ti_sysbios_knl_Clock_getTimeout__E)
                  0000acfe    00000002     smartrf_settings_predefined.obj (.text:enterGenookSysPatch)
                  0000ad00    00000028     driverlib.lib : aon_batmon.obj (.text:NOROM_AONBatMonTemperatureGetDegC)
                  0000ad28    00000028     drivers_cc13x0.aem3 : PowerCC26XX.oem3 (.text:Power_registerNotify)
                  0000ad50    00000028     driverlib.lib : adi.obj (.text:SafeHapiVoid)
                  0000ad78    00000028     drivers_cc13x0.aem3 : WatchdogCC26XX.oem3 (.text:WatchdogCC26XX_convertMsToTicks)
                  0000ada0    00000028     main.obj (.text:clk0Fxn)
                  0000adc8    00000024     driverlib.lib : rfc.obj (.text:NOROM_RFCDoorbellSendTo)
                  0000adec    00000024     drivers_cc13x0.aem3 : PINCC26XX.oem3 (.text:PINCC26XX_getPinCount)
                  0000ae10    00000024                         : PWMTimerCC26XX.oem3 (.text:PWMTimerCC26XX_start)
                  0000ae34    00000024     rf_multiMode_cc13x0.aem3 : RFCC26XX_multiMode.oem3 (.text:allocCmd)
                  0000ae58    00000024     main.obj (.text:mReadBytes)
                  0000ae7c    00000024     main.obj (.text:rxRestartFunc)
                  0000aea0    00000024     hello_pem3.oem3 (.text:ti_sysbios_BIOS_registerRTSLock__I)
                  0000aec4    00000024     hello_pem3.oem3 (.text:ti_sysbios_BIOS_removeRTSLock__I)
                  0000aee8    00000024     rom_sysbios.aem3 : rom_sysbios.obj (.text:ti_sysbios_family_arm_cc26xx_Timer_getMaxTicks__E)
                  0000af0c    00000024     main.obj (.text:xgReadBytes)
                  0000af30    00000022     drivers_cc13x0.aem3 : List.oem3 (.text:List_put)
                  0000af52    00000022     driverlib.lib : aux_adc.obj (.text:NOROM_AUXADCAdjustValueForGainAndOffset)
                  0000af74    00000022     hello_pem3.oem3 (.text:xdc_runtime_SysMin_output__I)
                  0000af96    00000002     smartrf_settings_predefined.obj (.text:enterLrmSysPatch)
                  0000af98    00000020     driverlib.lib : rfc.obj (.text:NOROM_RFCAdi3VcoLdoVoltageMode)
                  0000afb8    00000020                   : setup_rom.obj (.text:NOROM_SetupGetTrimForXoscHfCtl)
                  0000afd8    00000020     drivers_cc13x0.aem3 : PWMTimerCC26XX.oem3 (.text:PWMTimerCC26XX_stop)
                  0000aff8    00000020     dpl_cc13x0.aem3 : PowerCC26XX_tirtos.oem3 (.text:PowerCC26XX_schedulerDisable)
                  0000b018    00000020                     : PowerCC26XX_tirtos.oem3 (.text:PowerCC26XX_schedulerRestore)
                  0000b038    00000020     drivers_cc13x0.aem3 : PowerCC26XX.oem3 (.text:Power_unregisterNotify)
                  0000b058    00000020     main.obj (.text:Serial_RxDataCallback)
                  0000b078    00000020     main.obj (.text:mWriteByte)
                  0000b098    00000020     hello_pem3.oem3 (.text:ti_sysbios_BIOS_rtsLock__I)
                  0000b0b8    00000020     rom_sysbios.aem3 : rom_sysbios.obj (.text:ti_sysbios_family_arm_cc26xx_Timer_dynamicStub__E)
                  0000b0d8    00000020                      : rom_sysbios.obj (.text:ti_sysbios_knl_Clock_stop__E)
                  0000b0f8    00000020     hello_pem3.oem3 (.text:ti_uia_loggers_LoggerStopMode_Object__delete__S)
                  0000b118    00000020     rom_sysbios.aem3 : rom_sysbios.obj (.text:xdc_runtime_SysMin_Module_startup__E)
                  0000b138    00000020     main.obj (.text:xgWriteByte)
                  0000b158    0000001e     drivers_cc13x0.aem3 : PINCC26XX.oem3 (.text:PIN_close)
                  0000b176    0000001e                         : PowerCC26XX.oem3 (.text:Power_getTransitionLatency)
                  0000b194    0000001c     driverlib.lib : aux_adc.obj (.text:NOROM_AUXADCGetAdjustmentGain)
                  0000b1b0    0000001c                   : chipinfo.obj (.text:NOROM_ChipInfo_GetChipFamily)
                  0000b1cc    0000001c                   : setup_rom.obj (.text:NOROM_SetupGetTrimForAmpcompTh2)
                  0000b1e8    0000001c                   : setup_rom.obj (.text:NOROM_SetupGetTrimForRcOscLfRtuneCtuneTrim)
                  0000b204    0000001c     drivers_cc13x0.aem3 : PINCC26XX.oem3 (.text:PINCC26XX_setIoCfgMux)
                  0000b220    0000001c                         : PINCC26XX.oem3 (.text:PIN_hwi)
                  0000b23c    0000001c     rf_multiMode_cc13x0.aem3 : RFCC26XX_multiMode.oem3 (.text:RF_setPowerConstraint)
                  0000b258    0000001c                              : RFCC26XX_multiMode.oem3 (.text:clkInactivityFxn)
                  0000b274    0000001c     smartrf_settings.obj (.text:enterGenfskCpePatch)
                  0000b290    0000001c     smartrf_settings_predefined.obj (.text:enterGenfskCpePatch)
                  0000b2ac    0000001c     smartrf_settings_predefined.obj (.text:enterGenookCpePatch)
                  0000b2c8    0000001c     smartrf_settings_predefined.obj (.text:enterLrmCpePatch)
                  0000b2e4    0000001c     smartrf_settings_predefined.obj (.text:enterSl_longrangeCpePatch)
                  0000b300    0000001c     rf_multiMode_cc13x0.aem3 : RFCC26XX_multiMode.oem3 (.text:hwiFxnCpe0ChangePhy)
                  0000b31c    0000001c     rom_sysbios.aem3 : rom_sysbios.obj (.text:ti_sysbios_knl_Swi_construct2__E)
                  0000b338    0000001c     ti.uia.loggers.aem3 : LoggerStopMode.oem3 (.text:ti_uia_loggers_LoggerStopMode_Instance_init__E)
                  0000b354    0000001c     rom_sysbios.aem3 : rom_sysbios.obj (.text:xdc_runtime_SysMin_exit__E)
                  0000b370    0000001a     drivers_cc13x0.aem3 : PWMTimerCC26XX.oem3 (.text:PWMTimerCC26XX_control)
                  0000b38a    00000002     smartrf_settings_predefined.obj (.text:enterSl_longrangeSysPatch)
                  0000b38c    00000018     CC1310_LAUNCHXL.obj (.text:CC1310_LAUNCHXL_initGeneral)
                  0000b3a4    00000018     driverlib.lib : aon_rtc.obj (.text:NOROM_AONRTCCurrentCompareValueGet)
                  0000b3bc    00000018                   : aux_adc.obj (.text:NOROM_AUXADCGetAdjustmentOffset)
                  0000b3d4    00000018                   : chipinfo.obj (.text:NOROM_ChipInfo_GetPackageType)
                  0000b3ec    00000018                   : osc.obj (.text:NOROM_OSCHF_TurnOnXosc)
                  0000b404    00000018                   : rfc.obj (.text:NOROM_RFCCpeIntGetAndClear)
                  0000b41c    00000018                   : setup_rom.obj (.text:NOROM_SetupGetTrimForAdcShModeEn)
                  0000b434    00000018                   : setup_rom.obj (.text:NOROM_SetupGetTrimForAdcShVbufEn)
                  0000b44c    00000018                   : setup_rom.obj (.text:NOROM_SetupGetTrimForAmpcompTh1)
                  0000b464    00000018                   : setup_rom.obj (.text:NOROM_SetupGetTrimForDblrLoopFilterResetVoltage)
                  0000b47c    00000018                   : setup_rom.obj (.text:NOROM_SetupGetTrimForRcOscLfIBiasTrim)
                  0000b494    00000018                   : setup_rom.obj (.text:NOROM_SetupGetTrimForXoscLfRegulatorAndCmirrwrRatio)
                  0000b4ac    00000018     drivers_cc13x0.aem3 : PowerCC26XX.oem3 (.text:Power_idleFunc)
                  0000b4c4    00000018                         : UARTCC26XX.oem3 (.text:UARTCC26XX_init)
                  0000b4dc    00000018                         : UART.oem3 (.text:UART_Params_init)
                  0000b4f4    00000018                         : PowerCC26XX.oem3 (.text:configureRFCoreClocks)
                  0000b50c    00000018     hello_pem3.oem3 (.text:free)
                  0000b524    00000018     main.obj (.text:mReadByte)
                  0000b53c    00000018     rtsv7M3_T_le_eabi.lib : args_main.obj (.text)
                  0000b554    00000018                           : ll_mul_t2.obj (.text)
                  0000b56c    00000018     rf_multiMode_cc13x0.aem3 : RFCC26XX_multiMode.oem3 (.text:swiFxnFsm)
                  0000b584    00000018     hello_pem3.oem3 (.text:ti_sysbios_BIOS_rtsUnlock__I)
                  0000b59c    00000018     rom_sysbios.aem3 : rom_sysbios.obj (.text:ti_sysbios_knl_Swi_or__E)
                  0000b5b4    00000018     hello_pem3.oem3 (.text:ti_sysbios_rom_cortexm_cc13xx_CC13xx_checkRevision__E)
                  0000b5cc    00000018     hello_pem3.oem3 (.text:ti_uia_loggers_LoggerStopMode_Handle__label__S)
                  0000b5e4    00000018     rom_sysbios.aem3 : rom_sysbios.obj (.text:xdc_runtime_Error_init__E)
                  0000b5fc    00000018     main.obj (.text:xgReadByte)
                  0000b614    00000016     drivers_cc13x0.aem3 : List.oem3 (.text:List_remove)
                  0000b62a    00000016     driverlib.lib : chipinfo.obj (.text:NOROM_ThisLibraryIsFor_CC13x0_HwRev20AndLater_HaltIfViolated)
                  0000b640    00000016     rf_multiMode_cc13x0.aem3 : RFCC26XX_multiMode.oem3 (.text:Q_pop)
                  0000b656    00000016     rtsv7M3_T_le_eabi.lib : strcpy.obj (.text)
                  0000b66c    00000016     hello_pem3.oem3 (.text:ti_sysbios_BIOS_exitFunc__I)
                  0000b682    00000016     main.obj (.text:ti_sysbios_knl_Clock_Params_init)
                  0000b698    00000016     EasyLink.obj (.text:ti_sysbios_knl_Semaphore_Params_init)
                  0000b6ae    00000016     main.obj (.text:ti_sysbios_knl_Semaphore_Params_init)
                  0000b6c4    00000016     main.obj (.text:ti_sysbios_knl_Task_Params_init)
                  0000b6da    00000016     ti.uia.loggers.aem3 : LoggerStopMode.oem3 (.text:ti_uia_loggers_LoggerStopMode_disable__E)
                  0000b6f0    00000016                         : LoggerStopMode.oem3 (.text:ti_uia_loggers_LoggerStopMode_enable__E)
                  0000b706    00000002     rom_sysbios.aem3 : rom_sysbios.obj (.text:ti_sysbios_BIOS_linkedWithIncorrectBootLibrary__E)
                  0000b708    00000014     driverlib.lib : aon_rtc.obj (.text:NOROM_AONRTCCurrent64BitValueGet)
                  0000b71c    00000014                   : aux_adc.obj (.text:NOROM_AUXADCValueToMicrovolts)
                  0000b730    00000014     drivers_cc13x0.aem3 : PINCC26XX.oem3 (.text:PINCC26XX_getOutputValue)
                  0000b744    00000014                         : PWM.oem3 (.text:PWM_Params_init)
                  0000b758    00000014     rf_multiMode_cc13x0.aem3 : RFCC26XX_multiMode.oem3 (.text:RF_Params_init)
                  0000b76c    00000014     rtsv7M3_T_le_eabi.lib : _lock.obj (.text)
                  0000b780    00000014                           : strlen.obj (.text)
                  0000b794    00000014     hello_pem3.oem3 (.text:ti_sysbios_knl_Clock_doTick__I)
                  0000b7a8    00000012     drivers_cc13x0.aem3 : RingBuf.oem3 (.text:RingBuf_construct)
                  0000b7ba    00000012     dpl_cc13x0.aem3 : SemaphoreP_tirtos.oem3 (.text:SemaphoreP_pend)
                  0000b7cc    00000012     hello_pem3.oem3 (.text:xdc_runtime_Startup_exec__I)
                  0000b7de    00000010     dpl_cc13x0.aem3 : ClockP_tirtos.oem3 (.text:ClockP_isActive)
                  0000b7ee    00000010                     : HwiP_tirtos.oem3 (.text:HwiP_Params_init)
                  0000b7fe    00000002     hello_pem3.oem3 (.text:ti_sysbios_BIOS_nullFunc__I)
                  0000b800    00000010     drivers_cc13x0.aem3 : I2C.oem3 (.text:I2C_Params_init)
                  0000b810    00000010     driverlib.lib : aux_adc.obj (.text:NOROM_AUXADCFlushFifo)
                  0000b820    00000010                   : aux_adc.obj (.text:NOROM_AUXADCReadFifo)
                  0000b830    00000010                   : rfc.obj (.text:NOROM_RFCRfTrimSet)
                  0000b840    00000010                   : setup_rom.obj (.text:NOROM_SetupGetTrimForXoscHfFastStart)
                  0000b850    00000010                   : setup_rom.obj (.text:NOROM_SetupGetTrimForXoscHfIbiastherm)
                  0000b860    00000010     dpl_cc13x0.aem3 : SwiP_tirtos.oem3 (.text:SwiP_Params_init)
                  0000b870    00000010     drivers_cc13x0.aem3 : WatchdogCC26XX.oem3 (.text:WatchdogCC26XX_clear)
                  0000b880    00000010                         : Watchdog.oem3 (.text:Watchdog_Params_init)
                  0000b890    00000010     smartrf_settings.obj (.text:applyGenfskPatch)
                  0000b8a0    00000010     smartrf_settings_predefined.obj (.text:applyGenfskPatch)
                  0000b8b0    00000010     smartrf_settings_predefined.obj (.text:applyGenookPatch)
                  0000b8c0    00000010     smartrf_settings_predefined.obj (.text:applyLrmPatch)
                  0000b8d0    00000010     smartrf_settings_predefined.obj (.text:applySl_longrangePatch)
                  0000b8e0    00000010     drivers_cc13x0.aem3 : I2CCC26XX.oem3 (.text:i2cPostNotify)
                  0000b8f0    00000010     rom_sysbios.aem3 : rom_sysbios.obj (.text:ti_sysbios_family_arm_m3_Hwi_post__E)
                  0000b900    00000010     hello_pem3.oem3 (.text:ti_uia_loggers_LoggerStopMode_Object__get__S)
                  0000b910    00000010     ti.uia.loggers.aem3 : LoggerStopMode.oem3 (.text:ti_uia_loggers_LoggerStopMode_isEmpty__E)
                  0000b920    00000010     drivers_cc13x0.aem3 : UARTCC26XX.oem3 (.text:uartPostNotify)
                  0000b930    0000000e     driverlib.lib : vims.obj (.text:NOROM_VIMSModeGet)
                  0000b93e    0000000e     rtsv7M3_T_le_eabi.lib : copy_decompress_none.obj (.text:decompress:none)
                  0000b94c    0000000e     rom_sysbios.aem3 : rom_sysbios.obj (.text:ti_sysbios_family_arm_cc26xx_TimestampProvider_get32__E)
                  0000b95a    00000002                      : rom_sysbios.obj (.text:ti_sysbios_knl_Clock_triggerFunc__I)
                  0000b95c    0000000c     rf_multiMode_cc13x0.aem3 : RFCC26XX_multiMode.oem3 (.text:FsmNextState)
                  0000b968    0000000c     drivers_cc13x0.aem3 : GPTimerCC26XX.oem3 (.text:GPTimerCC26XX_Params_init)
                  0000b974    0000000c                         : List.oem3 (.text:List_empty)
                  0000b980    0000000c     driverlib.lib : cpu.obj (.text:NOROM_CPUcpsid)
                  0000b98c    0000000c                   : cpu.obj (.text:NOROM_CPUcpsie)
                  0000b998    0000000c                   : osc.obj (.text:NOROM_OSC_HPOSCRelativeFrequencyOffsetToRFCoreFormatConvert)
                  0000b9a4    0000000c     drivers_cc13x0.aem3 : PINCC26XX.oem3 (.text:PIN_registerIntCb)
                  0000b9b0    0000000c                         : PowerCC26XX.oem3 (.text:Power_getConstraintMask)
                  0000b9bc    0000000c                         : PowerCC26XX.oem3 (.text:Power_getDependencyCount)
                  0000b9c8    0000000c     rtsv7M3_T_le_eabi.lib : copy_zero_init.obj (.text:decompress:ZI)
                  0000b9d4    0000000c     main.obj (.text:ti_sysbios_knl_Semaphore_handle)
                  0000b9e0    0000000c     rom_sysbios.aem3 : rom_sysbios.obj (.text:ti_sysbios_knl_Swi_getTrigger__E)
                  0000b9ec    0000000c     hello_pem3.oem3 (.text:xdc_runtime_Startup_reset__I)
                  0000b9f8    0000000c     rom_sysbios.aem3 : rom_sysbios.obj (.text:xdc_runtime_Startup_rtsDone__E)
                  0000ba04    0000000a     drivers_cc13x0.aem3 : ADC.oem3 (.text:ADC_Params_init)
                  0000ba0e    0000000a                         : ADC.oem3 (.text:ADC_convert)
                  0000ba18    0000000a                         : ADC.oem3 (.text:ADC_convertToMicroVolts)
                  0000ba22    0000000a                         : I2CCC26XX.oem3 (.text:I2CCC26XX_init)
                  0000ba2c    0000000a                         : I2C.oem3 (.text:I2C_transfer)
                  0000ba36    0000000a                         : PWM.oem3 (.text:PWM_setDuty)
                  0000ba40    0000000a                         : PWM.oem3 (.text:PWM_start)
                  0000ba4a    0000000a                         : UART.oem3 (.text:UART_control)
                  0000ba54    0000000a                         : UART.oem3 (.text:UART_read)
                  0000ba5e    0000000a                         : UART.oem3 (.text:UART_write)
                  0000ba68    0000000a                         : Watchdog.oem3 (.text:Watchdog_clear)
                  0000ba72    0000000a                         : Watchdog.oem3 (.text:Watchdog_setReload)
                  0000ba7c    00000008                         : ADCCC26XX.oem3 (.text:ADCCC26XX_init)
                  0000ba84    00000008                         : GPTimerCC26XX.oem3 (.text:GPTimerCC26XX_setLoadValue)
                  0000ba8c    00000008                         : GPTimerCC26XX.oem3 (.text:GPTimerCC26XX_setMatchValue)
                  0000ba94    00000008                         : I2CCC26XX.oem3 (.text:I2CCC26XX_blockingCallback)
                  0000ba9c    00000008                         : WatchdogCC26XX.oem3 (.text:WatchdogCC26XX_init)
                  0000baa4    00000008                         : UARTCC26XX.oem3 (.text:readSemCallback)
                  0000baac    00000008     smartrf_settings.obj (.text:rf_patch_cpe_genfsk)
                  0000bab4    00000008     smartrf_settings_predefined.obj (.text:rf_patch_cpe_genfsk)
                  0000babc    00000008     smartrf_settings_predefined.obj (.text:rf_patch_cpe_genook)
                  0000bac4    00000008     smartrf_settings_predefined.obj (.text:rf_patch_cpe_lrm)
                  0000bacc    00000008     smartrf_settings_predefined.obj (.text:rf_patch_cpe_sl_longrange)
                  0000bad4    00000008     drivers_cc13x0.aem3 : UARTCC26XX.oem3 (.text:writeSemCallback)
                  0000badc    00000006                         : ADCCC26XX.oem3 (.text:ADCCC26XX_control)
                  0000bae2    00000006     dpl_cc13x0.aem3 : ClockP_tirtos.oem3 (.text:ClockP_Params_init)
                  0000bae8    00000006     drivers_cc13x0.aem3 : I2CCC26XX.oem3 (.text:I2CCC26XX_control)
                  0000baee    00000006     driverlib.lib : cpu.obj (.text:NOROM_CPUdelay)
                  0000baf4    00000006     drivers_cc13x0.aem3 : UARTCC26XX.oem3 (.text:UARTCC26XX_readPolling)
                  0000bafa    00000006                         : UARTCC26XX.oem3 (.text:UARTCC26XX_writePolling)
                  0000bb00    00000006                         : WatchdogCC26XX.oem3 (.text:WatchdogCC26XX_control)
                  0000bb06    00000006     rf_multiMode_cc13x0.aem3 : RFCC26XX_multiMode.oem3 (.text:clkReqAccessFxn)
                  0000bb0c    00000006     rom_sysbios.aem3 : rom_sysbios.obj (.text:ti_sysbios_family_arm_m3_Hwi_setFunc__E)
                  0000bb12    00000004     dpl_cc13x0.aem3 : PowerCC26XX_tirtos.oem3 (.text:CPUwfi)
                  0000bb16    00000004                     : ClockP_tirtos.oem3 (.text:ClockP_destruct)
                  0000bb1a    00000004                     : ClockP_tirtos.oem3 (.text:ClockP_getCpuFreq)
                  0000bb1e    00000004                     : ClockP_tirtos.oem3 (.text:ClockP_getTimeout)
                  0000bb22    00000004                     : ClockP_tirtos.oem3 (.text:ClockP_setTimeout)
                  0000bb26    00000004                     : ClockP_tirtos.oem3 (.text:ClockP_start)
                  0000bb2a    00000004                     : ClockP_tirtos.oem3 (.text:ClockP_stop)
                  0000bb2e    00000004                     : HwiP_tirtos.oem3 (.text:HwiP_destruct)
                  0000bb32    00000004                     : HwiP_tirtos.oem3 (.text:HwiP_disable)
                  0000bb36    00000004                     : HwiP_tirtos.oem3 (.text:HwiP_disableInterrupt)
                  0000bb3a    00000004                     : HwiP_tirtos.oem3 (.text:HwiP_enableInterrupt)
                  0000bb3e    00000004                     : HwiP_tirtos.oem3 (.text:HwiP_plug)
                  0000bb42    00000004                     : HwiP_tirtos.oem3 (.text:HwiP_post)
                  0000bb46    00000004                     : HwiP_tirtos.oem3 (.text:HwiP_setFunc)
                  0000bb4a    00000004     drivers_cc13x0.aem3 : List.oem3 (.text:List_head)
                  0000bb4e    00000004                         : List.oem3 (.text:List_next)
                  0000bb52    00000004     rf_multiMode_cc13x0.aem3 : RFCC26XX_multiMode.oem3 (.text:Q_peek)
                  0000bb56    00000004     dpl_cc13x0.aem3 : SemaphoreP_tirtos.oem3 (.text:SemaphoreP_destruct)
                  0000bb5a    00000004                     : SemaphoreP_tirtos.oem3 (.text:SemaphoreP_post)
                  0000bb5e    00000004                     : SwiP_tirtos.oem3 (.text:SwiP_destruct)
                  0000bb62    00000004                     : SwiP_tirtos.oem3 (.text:SwiP_disable)
                  0000bb66    00000004                     : SwiP_tirtos.oem3 (.text:SwiP_getTrigger)
                  0000bb6a    00000004                     : SwiP_tirtos.oem3 (.text:SwiP_or)
                  0000bb6e    00000004                     : SwiP_tirtos.oem3 (.text:SwiP_post)
                  0000bb72    00000004     drivers_cc13x0.aem3 : PowerCC26XX.oem3 (.text:nopResourceHandler)
                  0000bb76    00000004     rtsv7M3_T_le_eabi.lib : error.obj (.text)
                  0000bb7a    00000004     rom_sysbios.aem3 : rom_sysbios.obj (.text:ti_sysbios_family_arm_cc26xx_Timer_getCount64__E)
                  0000bb7e    00000004                      : rom_sysbios.obj (.text:ti_sysbios_knl_Clock_isActive__E)
                  0000bb82    00000004     ti.uia.loggers.aem3 : LoggerStopMode.oem3 (.text:ti_uia_loggers_LoggerStopMode_getContents__E)
                  0000bb86    00000004     hello_pem3.oem3 (.text:ti_uia_loggers_LoggerStopMode_getFilterLevel__E)
                  0000bb8a    00000004     ti.uia.loggers.aem3 : LoggerStopMode.oem3 (.text:ti_uia_loggers_LoggerStopMode_getInstanceId__E)
                  0000bb8e    00000004                         : LoggerStopMode.oem3 (.text:ti_uia_loggers_LoggerStopMode_getMaxLength__E)
                  0000bb92    00000004                         : LoggerStopMode.oem3 (.text:ti_uia_loggers_LoggerStopMode_getPriority__E)
                  0000bb96    00000004                         : LoggerStopMode.oem3 (.text:ti_uia_loggers_LoggerStopMode_getTransferType__E)
                  0000bb9a    00000002     hello_pem3.oem3 (.text:ti_sysbios_rom_cortexm_cc13xx_CC13xx_badRomRevision__E)
                  0000bb9c    00000002     hello_pem3.oem3 (.text:ti_uia_loggers_LoggerStopMode_setFilterLevel__E)
                  0000bb9e    00000002     ti.uia.loggers.aem3 : LoggerStopMode.oem3 (.text:ti_uia_loggers_LoggerStopMode_setPriority__E)
                  0000bba0    00000002     rom_sysbios.aem3 : rom_sysbios.obj (.text:xdc_runtime_SysCallback_defaultAbort)
                  0000bba2    00000002                      : rom_sysbios.obj (.text:xdc_runtime_SysCallback_defaultExit)
                  0000bba4    00000008     (.tramp.ti_sysbios_knl_Swi_destruct.1)
                  0000bbac    00000008     (.tramp.ti_sysbios_knl_Semaphore_destruct.1)
                  0000bbb4    00000008     (.tramp.ti_sysbios_family_arm_m3_Hwi_plug__E.1)
                  0000bbbc    00000008     (.tramp.ti_sysbios_family_arm_m3_Hwi_enableInterrupt__E.1)
                  0000bbc4    00000008     (.tramp.ti_sysbios_family_arm_m3_Hwi_disableInterrupt__E.1)
                  0000bbcc    00000008     (.tramp.ti_sysbios_family_arm_m3_Hwi_destruct.1)
                  0000bbd4    00000008     (.tramp.ti_sysbios_BIOS_getCpuFreq__E.1)
                  0000bbdc    00000008     (.tramp.ti_sysbios_knl_Clock_destruct.1)
                  0000bbe4    00000008     (.tramp.xdc_runtime_Startup_startMods__I.1)
                  0000bbec    00000008     (.tramp.ti_sysbios_knl_Clock_logTick__E.1)
                  0000bbf4    00000008     (.tramp.ti_sysbios_knl_Task_Params__init__S.1)
                  0000bbfc    00000008     (.tramp.xdc_runtime_Core_assignLabel__I.1)
                  0000bc04    00000008     (.tramp.ti_sysbios_knl_Swi_post__E.1)
                  0000bc0c    00000008     (.tramp.ti_sysbios_BIOS_RtsGateProxy_leave__E.1)
                  0000bc14    00000008     (.tramp.xdc_runtime_Memory_free__E.1)
                  0000bc1c    00000008     (.tramp.ti_sysbios_knl_Swi_construct.1)
                  0000bc24    00000008     (.tramp.xdc_runtime_Core_deleteObject__I.1)
                  0000bc2c    00000008     (.tramp.ti_sysbios_BIOS_RtsGateProxy_enter__E.1)
                  0000bc34    00000008     (.tramp.ti_sysbios_knl_Task_restore__E.1)
                  0000bc3c    00000008     (.tramp.ti_sysbios_knl_Clock_getTicks__E.1)
                  0000bc44    00000008     (.tramp.ti_sysbios_knl_Semaphore_Params__init__S.1)
                  0000bc4c    00000008     (.tramp.xdc_runtime_Memory_alloc__E.1)
                  0000bc54    00000008     (.tramp.xdc_runtime_Core_createObject__I.1)
                  0000bc5c    00000008     (.tramp.ti_sysbios_knl_Task_startup__E.1)
                  0000bc64    00000008     (.tramp.ti_sysbios_knl_Swi_startup__E.1)
                  0000bc6c    00000008     (.tramp.ti_sysbios_hal_Hwi_startup__E.1)
                  0000bc74    00000008     (.tramp.ti_sysbios_family_arm_cc26xx_Timer_startup__E.1)
                  0000bc7c    00000008     (.tramp.xdc_runtime_System_atexit__E.1)
                  0000bc84    00000008     (.tramp.ti_sysbios_BIOS_setThreadType__E.1)
                  0000bc8c    00000008     (.tramp.ti_sysbios_knl_Task_disable__E.1)
                  0000bc94    00000008     (.tramp.ti_sysbios_knl_Swi_disable__E.1)
                  0000bc9c    00000008     (.tramp.ti_sysbios_family_arm_m3_Hwi_construct.1)
                  0000bca4    00000008     (.tramp.ti_sysbios_knl_Swi_Params__init__S.1)
                  0000bcac    00000008     (.tramp.ti_sysbios_family_arm_m3_Hwi_Params__init__S.1)
                  0000bcb4    00000008     (.tramp.xdc_runtime_System_exit__E.1)
                  0000bcbc    00000008     (.tramp.ti_sysbios_knl_Clock_construct.1)
                  0000bcc4    00000008     (.tramp.ti_sysbios_knl_Clock_Params__init__S.1)
                  0000bccc    00000008     (.tramp.ti_sysbios_knl_Task_construct.1)
                  0000bcd4    00000008     (.tramp.ti_sysbios_heaps_HeapMem_restore__E.1)
                  0000bcdc    00000008     (.tramp.ti_sysbios_heaps_HeapMem_Object__get__S.1)
                  0000bce4    00000008     (.tramp.ti_sysbios_BIOS_start__E.1)
                  0000bcec    00000008     (.tramp.xdc_runtime_Gate_leaveSystem__E.1)
                  0000bcf4    00000008     (.tramp.xdc_runtime_Gate_enterSystem__E.1)
                  0000bcfc    00000008     (.tramp.xdc_runtime_Assert_raise__I.1)
                  0000bd04    00000008     (.tramp.ti_sysbios_knl_Clock_scheduleNextTick__E.1)
                  0000bd0c    00000008     (.tramp.ti_sysbios_knl_Clock_walkQueueDynamic__E.1)
                  0000bd14    00000008     (.tramp.ti_sysbios_knl_Clock_TimerProxy_getCurrentTick__E.1)
                  0000bd1c    00000008     (.tramp.ti_sysbios_knl_Task_sleep__E.1)
                  0000bd24    00000008     (.tramp.ti_sysbios_knl_Clock_start__E.1)
                  0000bd2c    00000008     (.tramp.ti_sysbios_knl_Clock_setTimeout__E.1)
                  0000bd34    00000008     (.tramp.ti_sysbios_knl_Semaphore_construct.1)
                  0000bd3c    00000008     (.tramp.xdc_runtime_Timestamp_get64__E.1)
                  0000bd44    00000008     (.tramp.ti_sysbios_family_arm_m3_Hwi_disableFxn__E.1)
                  0000bd4c    00000008     (.tramp.ti_sysbios_knl_Swi_restore__E.1)
                  0000bd54    00000008     (.tramp.ti_sysbios_knl_Semaphore_create.1)
                  0000bd5c    00000008     (.tramp.ti_sysbios_knl_Semaphore_post__E.1)
                  0000bd64    00000008     (.tramp.ti_sysbios_knl_Semaphore_pend__E.1)
                  0000bd6c    00000008     (.tramp.ti_sysbios_family_arm_m3_Hwi_restoreFxn__E.1)

.const     0    0000bd74    00004a23     
                  0000bd74    0000073c     smartrf_settings_predefined.obj (.const:patchGenookMce)
                  0000c4b0    000006b4     smartrf_settings.obj (.const:patchGenfskRfe)
                  0000cb64    000006b4     smartrf_settings_predefined.obj (.const:patchGenfskRfe)
                  0000d218    000006b4     smartrf_settings_predefined.obj (.const:patchLrmRfe)
                  0000d8cc    000006b4     smartrf_settings_predefined.obj (.const:patchSl_longrangeRfe)
                  0000df80    000006a4     smartrf_settings_predefined.obj (.const:patchGenookRfe)
                  0000e624    00000504     smartrf_settings_predefined.obj (.const:patchHsp4mbpsRfe)
                  0000eb28    00000400     smartrf_settings_predefined.obj (.const:patchSl_longrangeMce)
                  0000ef28    000003f0     smartrf_settings_predefined.obj (.const:patchHsp4mbpsMce)
                  0000f318    000002b0     smartrf_settings.obj (.const:patchImageGenfsk)
                  0000f5c8    000002b0     smartrf_settings_predefined.obj (.const:patchImageGenfsk)
                  0000f878    000002b0     smartrf_settings_predefined.obj (.const:patchImageGenook)
                  0000fb28    000002b0     smartrf_settings_predefined.obj (.const:patchImageLrm)
                  0000fdd8    000002b0     smartrf_settings_predefined.obj (.const:patchImageSl_longrange)
                  00010088    00000090     main.obj (.const:$P$T1$2)
                  00010118    00000084     CC1310_LAUNCHXL.obj (.const:ADC_config)
                  0001019c    00000060     CC1310_LAUNCHXL.obj (.const:GPTimerCC26XX_config)
                  000101fc    00000060     CC1310_LAUNCHXL.obj (.const:PWM_config)
                  0001025c    00000060     CC1310_LAUNCHXL.obj (.const:gptimerCC26xxHWAttrs)
                  000102bc    00000060     hello_pem3.oem3 (.const:ti_uia_loggers_LoggerStopMode_Module__FXNS__C)
                  0001031c    0000004d     CC1310_LAUNCHXL.obj (.const:adcCC26xxHWAttrs)
                  00010369    00000001     smartrf_settings_predefined.obj (.const)
                  0001036a    0000004c     drivers_cc13x0.aem3 : PowerCC26XX.oem3 (.const:resourceDB)
                  000103b6    00000002     hello_pem3.oem3 (.const:ti_uia_loggers_LoggerStopMode_Module__id__C)
                  000103b8    00000048     hello_pem3.oem3 (.const:.string)
                  00010400    00000040     drivers_cc13x0.aem3 : UARTCC26XX.oem3 (.const:$O1$$)
                  00010440    00000040     smartrf_settings_predefined.obj (.const:rfPowerTable)
                  00010480    0000002c     CC1310_LAUNCHXL.obj (.const:BoardGpioInitTable)
                  000104ac    0000002c     hello_pem3.oem3 (.const:xdc_runtime_Startup_sfxnTab__A)
                  000104d8    00000028     drivers_cc13x0.aem3 : UARTCC26XX.oem3 (.const:UARTCC26XX_fxnTable)
                  00010500    00000028     hello_pem3.oem3 (.const:ti_uia_loggers_LoggerStopMode_Object__PARAMS__C)
                  00010528    00000024     drivers_cc13x0.aem3 : GPTimerCC26XX.oem3 (.const:$O1$$)
                  0001054c    00000024                         : UART.oem3 (.const:UART_defaultParams)
                  00010570    00000020                         : PWMTimerCC26XX.oem3 (.const:PWMTimerCC26XX_fxnTable)
                  00010590    00000020     hello_pem3.oem3 (.const:ti_uia_loggers_LoggerStopMode_Object__DESC__C)
                  000105b0    00000020     CC1310_LAUNCHXL.obj (.const:uartCC26XXHWAttrs)
                  000105d0    0000001c     rf_multiMode_cc13x0.aem3 : RFCC26XX_multiMode.oem3 (.const:RF_defaultParams)
                  000105ec    0000001c     drivers_cc13x0.aem3 : WatchdogCC26XX.oem3 (.const:WatchdogCC26XX_fxnTable)
                  00010608    00000018     EasyLink.obj (.const:$P$T0$3)
                  00010620    00000018     drivers_cc13x0.aem3 : ADCCC26XX.oem3 (.const:ADCCC26XX_fxnTable)
                  00010638    00000018                         : I2CCC26XX.oem3 (.const:I2CCC26XX_fxnTable)
                  00010650    00000018                         : PWM.oem3 (.const:PWM_defaultParams)
                  00010668    00000018     CC1310_LAUNCHXL.obj (.const:i2cCC26xxHWAttrs)
                  00010680    00000018     driverlib.lib : rfc.obj (.const:rfc_defaultIrqAddr)
                  00010698    00000016     hello_pem3.oem3 (.const:xdc_runtime_Startup_sfxnRts__A)
                  000106ae    00000002     hello_pem3.oem3 (.const:ti_uia_loggers_LoggerStopMode_isTimestampEnabled__C)
                  000106b0    00000010     drivers_cc13x0.aem3 : I2C.oem3 (.const:I2C_defaultParams)
                  000106c0    00000010     CC1310_LAUNCHXL.obj (.const:PowerCC26XX_config)
                  000106d0    00000010     CC1310_LAUNCHXL.obj (.const:pwmtimerCC26xxHWAttrs)
                  000106e0    0000000c     CC1310_LAUNCHXL.obj (.const:I2C_config)
                  000106ec    0000000c     CC1310_LAUNCHXL.obj (.const:UART_config)
                  000106f8    0000000c     CC1310_LAUNCHXL.obj (.const:Watchdog_config)
                  00010704    0000000c     drivers_cc13x0.aem3 : Watchdog.oem3 (.const:Watchdog_defaultParams)
                  00010710    0000000c     hello_pem3.oem3 (.const:xdc_runtime_Startup_firstFxns__A)
                  0001071c    00000009     CC1310_LAUNCHXL.obj (.const)
                  00010725    00000003     main.obj (.const:.string:$P$T0$1)
                  00010728    00000008     drivers_cc13x0.aem3 : ADC.oem3 (.const:ADC_defaultParams)
                  00010730    00000008     CC1310_LAUNCHXL.obj (.const:PINCC26XX_hwAttrs)
                  00010738    00000008     drivers_cc13x0.aem3 : I2CCC26XX.oem3 (.const:bitRate)
                  00010740    00000008     CC1310_LAUNCHXL.obj (.const:watchdogCC26XXHWAttrs)
                  00010748    00000004     EasyLink.obj (.const:$P$T1$4)
                  0001074c    00000004     CC1310_LAUNCHXL.obj (.const:RFCC26XX_hwAttrs)
                  00010750    00000004     hello_pem3.oem3 (.const:ti_sysbios_family_arm_m3_Hwi_swiDisable__C)
                  00010754    00000004     hello_pem3.oem3 (.const:ti_sysbios_family_arm_m3_Hwi_swiRestoreHwi__C)
                  00010758    00000004     hello_pem3.oem3 (.const:ti_sysbios_heaps_HeapMem_primaryHeapBaseAddr__C)
                  0001075c    00000004     hello_pem3.oem3 (.const:ti_sysbios_heaps_HeapMem_primaryHeapEndAddr__C)
                  00010760    00000004     hello_pem3.oem3 (.const:ti_sysbios_knl_Clock_tickPeriod__C)
                  00010764    00000004     hello_pem3.oem3 (.const:ti_sysbios_knl_Clock_triggerClock__C)
                  00010768    00000004     hello_pem3.oem3 (.const:ti_sysbios_knl_Idle_funcList__A)
                  0001076c    00000004     hello_pem3.oem3 (.const:ti_uia_loggers_LoggerStopMode_Module__diagsEnabled__C)
                  00010770    00000004     hello_pem3.oem3 (.const:ti_uia_loggers_LoggerStopMode_Module__diagsIncluded__C)
                  00010774    00000004     hello_pem3.oem3 (.const:ti_uia_loggers_LoggerStopMode_Module__diagsMask__C)
                  00010778    00000004     hello_pem3.oem3 (.const:ti_uia_loggers_LoggerStopMode_Object__count__C)
                  0001077c    00000004     hello_pem3.oem3 (.const:ti_uia_runtime_ILoggerSnapshot_Interface__BASE__C)
                  00010780    00000004     hello_pem3.oem3 (.const:ti_uia_runtime_IUIATransfer_Interface__BASE__C)
                  00010784    00000004     hello_pem3.oem3 (.const:xdc_runtime_IFilterLogger_Interface__BASE__C)
                  00010788    00000004     hello_pem3.oem3 (.const:xdc_runtime_ILogger_Interface__BASE__C)
                  0001078c    00000004     hello_pem3.oem3 (.const:xdc_runtime_SysMin_bufSize__C)
                  00010790    00000004     hello_pem3.oem3 (.const:xdc_runtime_SysMin_outputFunc__C)
                  00010794    00000002     hello_pem3.oem3 (.const:xdc_runtime_SysMin_flushAtExit__C)
                  00010796    00000001     hello_pem3.oem3 (.const:xdc_runtime_Text_charTab__A)

.cinit     0    00000040    00000490     
                  00000040    00000353     (.cinit..data.load) [load image, compression = lzss]
                  00000393    00000028     (.cinit..data:ti_sysbios_family_arm_m3_Hwi_Module__state__V.load) [load image, compression = lzss]
                  000003bb    00000021     (.cinit..data:ti_sysbios_knl_Task_Module__state__V.load) [load image, compression = lzss]
                  000003dc    0000001f     (.cinit..data:ti_sysbios_BIOS_Module__state__V.load) [load image, compression = lzss]
                  000003fb    0000001e     (.cinit..data:ti_sysbios_knl_Clock_Module__state__V.load) [load image, compression = lzss]
                  00000419    00000010     (.cinit..data:ti_sysbios_knl_Swi_Module__state__V.load) [load image, compression = lzss]
                  00000429    00000003     --HOLE-- [fill = 0]
                  0000042c    0000000c     (__TI_handler_table)
                  00000438    0000000b     (.cinit..data:ti_sysbios_family_arm_cc26xx_Timer_Module__state__V.load) [load image, compression = lzss]
                  00000443    0000000b     (.cinit..data:xdc_runtime_System_Module__state__V.load) [load image, compression = lzss]
                  0000044e    00000002     --HOLE-- [fill = 0]
                  00000450    00000008     (.cinit..bss.load) [load image, compression = zero_init]
                  00000458    00000008     (.cinit..data:xdc_runtime_Memory_Module__state__V.load) [load image, compression = lzss]
                  00000460    00000007     (.cinit..data:ti_sysbios_family_arm_cc26xx_TimestampProvider_Module__state__V.load) [load image, compression = lzss]
                  00000467    00000007     (.cinit..data:xdc_runtime_Startup_Module__state__V.load) [load image, compression = lzss]
[...]
1001c895  xdc_runtime_System_abortSpin__E                                           
1001c897  xdc_runtime_System_exitSpin__E                                            
1001c899  ti_sysbios_family_arm_m3_Hwi_dispatch__I                                  
1001c969  ti_sysbios_family_arm_m3_TaskSupport_buildTaskStack                       
1001c9b5  ti_sysbios_family_arm_m3_Hwi_initStacks__E                                
1001c9fd  ti_sysbios_family_arm_m3_Hwi_excHandlerAsm__I                             
1001ca1d  ti_sysbios_family_xxx_Hwi_switchAndRunFunc                                
1001ca3b  ti_sysbios_family_arm_m3_Hwi_pendSV__I                                    
1001ca53  ti_sysbios_family_arm_m3_Hwi_return                                       
1001ca55  ti_sysbios_family_arm_m3_TaskSupport_glue                                 
1001ca65  ti_sysbios_family_arm_m3_TaskSupport_swap__E                              
1001ca6d  ti_sysbios_knl_Task_swapReturn                                            
1001ca97  ti_sysbios_rom_cortexm_cc13xx_CC13xx_getRevision__E                       
20000000  ti_sysbios_family_arm_m3_Hwi_ramVectors                                   
20000100  ti_sysbios_knl_Task_Module__state__V                                      
20000144  ti_sysbios_family_arm_m3_Hwi_Module__state__V                             
20000178  ti_sysbios_knl_Clock_Module__state__V                                     
200001a4  ti_sysbios_BIOS_Module__state__V                                          
200001c8  ti_sysbios_knl_Swi_Module__state__V                                       
200001e4  ti_sysbios_family_arm_cc26xx_Timer_Module__state__V                       
200001ec  ti_sysbios_family_arm_cc26xx_TimestampProvider_Module__state__V           
200001f0  xdc_runtime_Startup_Module__state__V                                      
200001f8  xdc_runtime_System_Module__state__V                                       
20000200  xdc_runtime_Memory_Module__state__V                                       
20000680  ti_uia_loggers_LoggerStopMode_Instance_State_0_packetArray__A             
20000a80  ti_uia_loggers_LoggerStopMode_Instance_State_1_packetArray__A             
2000140c  xdc_runtime_SysMin_Module_State_0_outbuf__A                               
20002008  uartCC26XXObjects                                                         
20002134  __CIOBUF_                                                                 
20002254  gptimerCC26XXObjects                                                      
20002374  PIN_NumPins                                                               
20002408  PIN_HandleTable                                                           
20002484  pwmtimerCC26xxObjects                                                     
20002584  i2cCC26xxObjects                                                          
20002664  adcCC26xxObjects                                                          
20002808  ti_sysbios_family_arm_m3_Hwi_dispatchTable                                
20002a8c  accelTask                                                                 
20002adc  adcTask                                                                   
20002b2c  gpsTask                                                                   
20002b7c  gyroTask                                                                  
20002bcc  magTask                                                                   
20002c1c  pwmTask                                                                   
20002c6c  rxBeaconTask                                                              
20002cbc  rxRestartTask                                                             
20002d0c  txDataTask                                                                
20002ddc  clk0Struct                                                                
20002e00  ti_uia_loggers_LoggerStopMode_Instance_State_0_hdr__A                     
20002e30  watchdogCC26XXObjects                                                     
20002e58  settings                                                                  
20002e80  ti_uia_loggers_LoggerStopMode_Instance_State_1_hdr__A                     
20002eb0  uartParams                                                                
20002fec  i2cTransaction                                                            
20003038  pwmparams                                                                 
20003064  Connections                                                               
20003098  i2cParams                                                                 
200030c0  aBias                                                                     
200030cc  gBias                                                                     
200030d8  mBias                                                                     
200030e4  PowerCC26XX_taskKey                                                       
200030e8  PowerCC26XX_swiKey                                                        
20003104  aBiasRaw                                                                  
2000310c  gBiasRaw                                                                  
20003114  mBiasRaw                                                                  
2000311c  params                                                                    
20003124  ClockP_tickPeriod                                                         
20003128  aRes                                                                      
2000312c  adc0                                                                      
20003130  adc1                                                                      
20003134  adcValue0MicroVolt                                                        
20003138  adcValue1MicroVolt                                                        
2000313c  gRes                                                                      
20003140  i2c                                                                       
20003144  mRes                                                                      
20003148  uart                                                                      
2000314c  watchdogHandle                                                            
20003152  adcValue0                                                                 
20003154  adcValue1                                                                 
20003156  ax                                                                        
20003158  ay                                                                        
2000315a  az                                                                        
2000315c  gx                                                                        
2000315e  gy                                                                        
20003160  gz                                                                        
20003162  mx                                                                        
20003164  my                                                                        
20003166  mz                                                                        
20003168  _autoCalc                                                                 
20003169  _mAddress                                                                 
2000316a  _xgAddress                                                                
2000316b  driverlib_release_0_48919                                                 
20003170  __primary_heap_start__                                                    
20004170  PowerCC26XX_module                                                        
20004170  __primary_heap_end__                                                      
20004284  globalPacket                                                              
2000431c  pOverrides_sl_lr                                                          
20004384  ti_uia_loggers_LoggerStopMode_Object__table__V                            
200043ec  pOverrides_hsm                                                            
2000444c  pOverrides_lrm                                                            
200044a8  pOverrides_ook                                                            
2000455c  pOverrides_fsk                                                            
200045b4  main_func_sp                                                              
200045b8  ti_sysbios_family_arm_cc26xx_Timer_Object__table__V                       
20004600  RF_pProp_fsk                                                              
20004604  RF_pProp_lrm                                                              
20004608  RF_pProp_ook                                                              
2000460c  RF_pProp_hsm                                                              
20004610  RF_pProp_sl_lr                                                            
20004614  RF_pProp_2_4G_fsk                                                         
20004618  RF_pCmdPropRadioDivSetup_fsk                                              
2000461c  RF_pCmdPropRadioDivSetup_lrm                                              
20004620  RF_pCmdPropRadioDivSetup_ook                                              
20004624  RF_pCmdRadioSetup_hsm                                                     
20004628  RF_pCmdPropRadioDivSetup_sl_lr                                            
2000462c  RF_pCmdPropRadioSetup_2_4G_fsk                                            
20004630  RF_pCmdTxHS                                                               
20004634  RF_pCmdRxHS                                                               
20004638  RF_pCmdFs_preDef                                                          
2000463c  RF_pCmdPropTx_preDef                                                      
20004640  RF_pCmdPropRxAdv_preDef                                                   
20004644  ti_sysbios_gates_GateMutex_Object__table__V                               
2000467c  RF_cmdPropRxAdv_preDef                                                    
200046ac  ti_sysbios_knl_Swi_Module_State_0_readyQ__A                               
200046dc  ti_sysbios_knl_Swi_Object__table__V                                       
2000470c  ti_sysbios_knl_Task_Module_State_0_readyQ__A                              
2000473c  goodToGo                                                                  
20004740  pwmPeriod                                                                 
20004742  pwmduty                                                                   
20004744  pwmdutyInc                                                                
20004748  pwmtime                                                                   
2000474c  pwm1                                                                      
20004750  pwm2                                                                      
20004754  bytesRead                                                                 
20004758  numConnections                                                            
2000475c  AXN                                                                       
20004760  AYN                                                                       
20004764  AZN                                                                       
20004768  RF_cmdPropRadioDivSetup                                                   
20004790  RF_cmdPropRadioDivSetup_fsk                                               
200047b8  RF_cmdPropRadioDivSetup_lrm                                               
200047e0  RF_cmdPropRadioDivSetup_ook                                               
20004808  RF_cmdPropRadioDivSetup_sl_lr                                             
20004830  RF_cmdRxHS                                                                
20004874  ti_sysbios_knl_Clock_Object__table__V                                     
20004894  xdc_runtime_Error_IgnoreBlock                                             
200048b4  RF_cmdFs                                                                  
200048cc  RF_cmdFs_preDef                                                           
200048e4  RF_cmdPropTx                                                              
200048fc  RF_cmdPropTx_preDef                                                       
20004914  RF_cmdRadioSetup_hsm                                                      
20004944  pinTable                                                                  
2000495c  shapeovr                                                                  
20004974  ti_sysbios_family_arm_m3_Hwi_Object__table__V                             
2000498c  ti_sysbios_heaps_HeapMem_Object__table__V                                 
200049a4  RF_cmdTxHS                                                                
200049d8  RF_prop                                                                   
200049e8  RF_prop_fsk                                                               
200049f8  RF_prop_hsm                                                               
20004a08  RF_prop_lrm                                                               
20004a18  RF_prop_ook                                                               
20004a28  RF_prop_sl_lr                                                             
20004a46  ti_sysbios_family_arm_m3_Hwi_Module_State_0_excActive__A                  
20004a48  __TI_cleanup_ptr                                                          
20004a4c  __TI_dtors_ptr                                                            
20004a50  __TI_enable_exit_profile_output                                           
20004a54  ti_sysbios_knl_Task_Module__root__V                                       
20004a60  ti_uia_runtime_QueueDescriptor_Module__state__V                           
20004a6c  xdc_runtime_SysMin_Module__state__V                                       
20004a78  _lock                                                                     
20004a7c  _unlock                                                                   
20004a80  ti_uia_runtime_QueueDescriptor_gPtrToFirstDescriptor                      
20004a84  ti_uia_runtime_QueueDescriptor_gUpdateCount                               
20004a88  ti_sysbios_family_arm_m3_Hwi_Module__root__V                              
20004a90  ti_sysbios_gates_GateHwi_Module__root__V                                  
20004a98  ti_sysbios_gates_GateMutex_Module__root__V                                
20004aa0  ti_sysbios_hal_Hwi_Module__root__V                                        
20004aa8  ti_sysbios_heaps_HeapMem_Module__root__V                                  
20004ab0  ti_sysbios_knl_Clock_Module__root__V                                      
20004ab8  ti_sysbios_knl_Mailbox_Module__root__V                                    
20004ac0  ti_sysbios_knl_Queue_Module__root__V                                      
20004ac8  ti_sysbios_knl_Semaphore_Module__root__V                                  
20004ad0  ti_sysbios_knl_Swi_Module__root__V                                        
20004ad8  ti_uia_loggers_LoggerStopMode_Module__root__V                             
20004ae0  xdc_runtime_System_Module_State_0_atexitHandlers__A                       
20004ae8  ti_sysbios_family_arm_m3_Hwi_Module_State_0_excContext__A                 
20004aec  ti_sysbios_family_arm_m3_Hwi_Module_State_0_excStack__A                   
20004af0  ti_sysbios_knl_Task_Module_State_0_idleTask__A                            
20004af4  xdc_runtime_Main_Module__root__V                                          
20004c00  __stack                                                                   
20005000  __STACK_END                                                               
e000e000  ti_sysbios_family_arm_m3_Hwi_nvic                                         
ffffffff  __TI_pprof_out_hndl                                                       
ffffffff  __TI_prof_data_size                                                       
ffffffff  __TI_prof_data_start                                                      
ffffffff  __binit__                                                                 
ffffffff  __c_args__                                                                
ffffffff  binit                                                                     
UNDEFED   ClockP_getSystemTicks                                                     
UNDEFED   HwiP_restore                                                              
UNDEFED   SHT$$INIT_ARRAY$$Base                                                     
UNDEFED   SHT$$INIT_ARRAY$$Limit                                                    
UNDEFED   SwiP_restore                                                              
UNDEFED   ti_sysbios_BIOS_RtsGateProxy_Handle__label__S__mangled__                  
UNDEFED   ti_sysbios_BIOS_RtsGateProxy_Params__init__S__mangled__                   
UNDEFED   ti_sysbios_BIOS_RtsGateProxy_query__E__mangled__                          
UNDEFED   ti_sysbios_hal_Hwi_HwiProxy_Module__startupDone__S__mangled__             
UNDEFED   ti_sysbios_hal_Hwi_HwiProxy_Params__init__S__mangled__                    
UNDEFED   ti_sysbios_hal_Hwi_HwiProxy_disableInterrupt__E__mangled__                
UNDEFED   ti_sysbios_hal_Hwi_HwiProxy_enableInterrupt__E__mangled__                 
UNDEFED   ti_sysbios_hal_Hwi_HwiProxy_getStackInfo__E__mangled__                    
UNDEFED   ti_sysbios_hal_Hwi_HwiProxy_startup__E__mangled__                         
UNDEFED   ti_sysbios_hal_Hwi_HwiProxy_switchFromBootStack__E__mangled__             
UNDEFED   ti_sysbios_hal_Hwi_disableInterrupt__E                                    
UNDEFED   ti_sysbios_hal_Hwi_enableInterrupt__E                                     
UNDEFED   ti_sysbios_hal_Hwi_getStackInfo__E                                        
UNDEFED   ti_sysbios_hal_Hwi_startup__E                                             
UNDEFED   ti_sysbios_hal_Hwi_switchFromBootStack__E                                 
UNDEFED   ti_sysbios_heaps_HeapMem_Module_GateProxy_Handle__label__S__mangled__     
UNDEFED   ti_sysbios_heaps_HeapMem_Module_GateProxy_Params__init__S__mangled__      
UNDEFED   ti_sysbios_heaps_HeapMem_Module_GateProxy_query__E__mangled__             
UNDEFED   ti_sysbios_knl_Clock_TimerProxy_Module__startupDone__S__mangled__         
UNDEFED   ti_sysbios_knl_Clock_TimerProxy_startup__E__mangled__                     
UNDEFED   ti_sysbios_knl_Task_SupportProxy_Module__startupDone__S__mangled__        
UNDEFED   ti_sysbios_knl_Task_SupportProxy_getStackAlignment__E__mangled__          
UNDEFED   ti_sysbios_knl_Task_SupportProxy_start__E__mangled__                      
UNDEFED   ti_sysbios_knl_Task_SupportProxy_swap__E__mangled__                       
UNDEFED   xdc_runtime_Main_Module_GateProxy_Handle__label__S                        
UNDEFED   xdc_runtime_Main_Module_GateProxy_query__E                                
UNDEFED   xdc_runtime_Memory_HeapProxy_Handle__label__S__mangled__                  
UNDEFED   xdc_runtime_System_Module_GateProxy_Handle__label__S__mangled__           
UNDEFED   xdc_runtime_System_Module_GateProxy_query__E__mangled__                   
UNDEFED   xdc_runtime_Timestamp_SupportProxy_get64__E__mangled__                    
UNDEFED   xdc_runtime_Timestamp_SupportProxy_getFreq__E__mangled__                  
UNDEFED   xdc_runtime_Timestamp_get32__E                                            
UNDEFED   xdc_runtime_Timestamp_get64__E                                            
UNDEFED   xdc_runtime_Timestamp_getFreq__E                                          

[1130 symbols]
