******************************************************************************
                  TI ARM Linker Unix v16.9.3                   
******************************************************************************
>> Linked Mon Oct 30 15:32:22 2017

OUTPUT FILE NAME:   <Sprite.out>
ENTRY POINT SYMBOL: "ResetISR"  address: 000096d9


MEMORY CONFIGURATION

         name            origin    length      used     unused   attr    fill
----------------------  --------  ---------  --------  --------  ----  --------
  FLASH                 00000000   00020000  0000f50f  00010af1  R  X
  SRAM                  20000000   00005000  00004b12  000004ee  RW X


SEGMENT ALLOCATION MAP

run origin  load origin   length   init length attrs members
----------  ----------- ---------- ----------- ----- -------
00000000    00000000    000004d0   000004d0    r--
  00000000    00000000    0000003c   0000003c    r-- .resetVecs
  00000040    00000040    00000490   00000490    r-- .cinit
00001000    00001000    0000eff7   0000eff7    r-x
  00001000    00001000    0000003c   0000003c    r-- .const:ti_sysbios_knl_Task_Object__PARAMS__C
  0000103c    0000103c    00000034   00000034    r-- .const:ti_sysbios_knl_Mailbox_Object__PARAMS__C
  00001070    00001070    00000030   00000030    r-- .const:ti_sysbios_family_arm_m3_Hwi_Object__PARAMS__C
  000010a0    000010a0    0000002c   0000002c    r-- .const:ti_sysbios_hal_Hwi_Object__PARAMS__C
  000010cc    000010cc    00000028   00000028    r-- .const:ti_sysbios_heaps_HeapMem_Module__FXNS__C
  000010f4    000010f4    00000028   00000028    r-- .const:ti_sysbios_knl_Swi_Object__PARAMS__C
  0000111c    0000111c    00000024   00000024    r-- .const:ti_sysbios_gates_GateHwi_Module__FXNS__C
  00001140    00001140    00000024   00000024    r-- .const:ti_sysbios_gates_GateMutex_Module__FXNS__C
  00001164    00001164    00000024   00000024    r-- .const:ti_sysbios_heaps_HeapMem_Object__PARAMS__C
  00001188    00001188    00000024   00000024    r-- .const:ti_sysbios_knl_Clock_Object__PARAMS__C
  000011ac    000011ac    00000024   00000024    r-- .const:ti_sysbios_knl_Semaphore_Object__PARAMS__C
  000011d0    000011d0    00000020   00000020    r-- .const:ti_sysbios_family_arm_m3_Hwi_Object__DESC__C
  000011f0    000011f0    00000020   00000020    r-- .const:ti_sysbios_gates_GateHwi_Object__DESC__C
  00001210    00001210    00000020   00000020    r-- .const:ti_sysbios_gates_GateMutex_Object__DESC__C
  00001230    00001230    00000020   00000020    r-- .const:ti_sysbios_hal_Hwi_Object__DESC__C
  00001250    00001250    00000020   00000020    r-- .const:ti_sysbios_heaps_HeapMem_Object__DESC__C
  00001270    00001270    00000020   00000020    r-- .const:ti_sysbios_knl_Clock_Object__DESC__C
  00001290    00001290    00000020   00000020    r-- .const:ti_sysbios_knl_Mailbox_Object__DESC__C
  000012b0    000012b0    00000020   00000020    r-- .const:ti_sysbios_knl_Queue_Object__DESC__C
  000012d0    000012d0    00000020   00000020    r-- .const:ti_sysbios_knl_Semaphore_Object__DESC__C
  000012f0    000012f0    00000020   00000020    r-- .const:ti_sysbios_knl_Swi_Object__DESC__C
  00001310    00001310    00000020   00000020    r-- .const:ti_sysbios_knl_Task_Object__DESC__C
  00001330    00001330    00000018   00000018    r-- .const:ti_sysbios_gates_GateHwi_Object__PARAMS__C
  00001348    00001348    00000018   00000018    r-- .const:ti_sysbios_gates_GateMutex_Object__PARAMS__C
  00001360    00001360    00000018   00000018    r-- .const:ti_sysbios_knl_Queue_Object__PARAMS__C
  00001378    00001378    00000008   00000008    r-- .const:ti_sysbios_knl_Idle_funcList__C
  00001384    00001384    00000004   00000004    r-- .const:ti_sysbios_family_arm_cc26xx_Timer_startupNeeded__C
  00001388    00001388    00000004   00000004    r-- .const:ti_sysbios_family_arm_m3_Hwi_E_alreadyDefined__C
  0000138c    0000138c    00000004   00000004    r-- .const:ti_sysbios_family_arm_m3_Hwi_E_hwiLimitExceeded__C
  00001390    00001390    00000004   00000004    r-- .const:ti_sysbios_family_arm_m3_Hwi_NUM_INTERRUPTS__C
  00001394    00001394    00000004   00000004    r-- .const:ti_sysbios_family_arm_m3_Hwi_Object__count__C
  00001398    00001398    00000004   00000004    r-- .const:ti_sysbios_family_arm_m3_Hwi_Object__table__C
  0000139c    0000139c    00000004   00000004    r-- .const:ti_sysbios_family_arm_m3_Hwi_ccr__C
  000013a0    000013a0    00000004   00000004    r-- .const:ti_sysbios_family_arm_m3_Hwi_excHandlerFunc__C
  000013a4    000013a4    00000004   00000004    r-- .const:ti_sysbios_family_arm_m3_Hwi_nullIsrFunc__C
  000013a8    000013a8    00000004   00000004    r-- .const:ti_sysbios_family_arm_m3_Hwi_numSparseInterrupts__C
  000013ac    000013ac    00000004   00000004    r-- .const:ti_sysbios_family_arm_m3_Hwi_priGroup__C
  000013b0    000013b0    00000004   00000004    r-- .const:ti_sysbios_family_arm_m3_TaskSupport_stackAlignment__C
  000013b4    000013b4    00000004   00000004    r-- .const:ti_sysbios_heaps_HeapMem_E_memory__C
  000013b8    000013b8    00000004   00000004    r-- .const:ti_sysbios_heaps_HeapMem_Module__gateObj__C
  000013bc    000013bc    00000004   00000004    r-- .const:ti_sysbios_heaps_HeapMem_Object__count__C
  000013c0    000013c0    00000004   00000004    r-- .const:ti_sysbios_heaps_HeapMem_Object__table__C
  000013c4    000013c4    00000004   00000004    r-- .const:ti_sysbios_heaps_HeapMem_reqAlign__C
  000013c8    000013c8    00000004   00000004    r-- .const:ti_sysbios_knl_Clock_serviceMargin__C
  000013cc    000013cc    00000004   00000004    r-- .const:ti_sysbios_knl_Mailbox_Object__count__C
  000013d0    000013d0    00000004   00000004    r-- .const:ti_sysbios_knl_Mailbox_Object__table__C
  000013d4    000013d4    00000004   00000004    r-- .const:ti_sysbios_knl_Mailbox_maxTypeAlign__C
  000013d8    000013d8    00000004   00000004    r-- .const:ti_sysbios_knl_Queue_Object__count__C
  000013dc    000013dc    00000004   00000004    r-- .const:ti_sysbios_knl_Queue_Object__table__C
  000013e0    000013e0    00000004   00000004    r-- .const:ti_sysbios_knl_Swi_Object__count__C
  000013e4    000013e4    00000004   00000004    r-- .const:ti_sysbios_knl_Swi_Object__table__C
  000013e8    000013e8    00000004   00000004    r-- .const:ti_sysbios_knl_Swi_numPriorities__C
  000013ec    000013ec    00000004   00000004    r-- .const:ti_sysbios_knl_Task_Object__count__C
  000013f0    000013f0    00000004   00000004    r-- .const:ti_sysbios_knl_Task_Object__table__C
  000013f4    000013f4    00000004   00000004    r-- .const:ti_sysbios_knl_Task_allBlockedFunc__C
  000013f8    000013f8    00000004   00000004    r-- .const:ti_sysbios_knl_Task_defaultStackHeap__C
  000013fc    000013fc    00000004   00000004    r-- .const:ti_sysbios_knl_Task_defaultStackSize__C
  00001400    00001400    00000004   00000004    r-- .const:ti_sysbios_knl_Task_numConstructedTasks__C
  00001406    00001406    00000002   00000002    r-- .const:ti_sysbios_family_arm_cc26xx_Timer_Module__id__C
  00001408    00001408    00000002   00000002    r-- .const:ti_sysbios_family_arm_cc26xx_TimestampProvider_useClockTimer__C
  0000140a    0000140a    00000002   00000002    r-- .const:ti_sysbios_family_arm_m3_Hwi_Module__id__C
  0000140c    0000140c    00000002   00000002    r-- .const:ti_sysbios_gates_GateHwi_Module__id__C
  0000140e    0000140e    00000002   00000002    r-- .const:ti_sysbios_gates_GateMutex_Module__id__C
  00001410    00001410    00000002   00000002    r-- .const:ti_sysbios_heaps_HeapMem_Module__id__C
  00001412    00001412    00000002   00000002    r-- .const:ti_sysbios_knl_Task_initStackFlag__C
  00001414    00001414    00000001   00000001    r-- .const:ti_sysbios_knl_Clock_tickMode__C
  00001418    00001418    00000008   00000008    r-- .const:xdc_runtime_Startup_firstFxns__C
  00001420    00001420    00000008   00000008    r-- .const:xdc_runtime_Startup_lastFxns__C
  00001428    00001428    00000004   00000004    r-- .const:xdc_runtime_Assert_E_assertFailed__C
  0000142c    0000142c    00000004   00000004    r-- .const:xdc_runtime_Error_E_memory__C
  00001430    00001430    00000004   00000004    r-- .const:xdc_runtime_Error_policyFxn__C
  00001434    00001434    00000004   00000004    r-- .const:xdc_runtime_IGateProvider_Interface__BASE__C
  00001438    00001438    00000004   00000004    r-- .const:xdc_runtime_IHeap_Interface__BASE__C
  0000143c    0000143c    00000004   00000004    r-- .const:xdc_runtime_IModule_Interface__BASE__C
  00001440    00001440    00000004   00000004    r-- .const:xdc_runtime_Main_Module__diagsEnabled__C
  00001444    00001444    00000004   00000004    r-- .const:xdc_runtime_Main_Module__diagsIncluded__C
  00001448    00001448    00000004   00000004    r-- .const:xdc_runtime_Main_Module__diagsMask__C
  0000144c    0000144c    00000004   00000004    r-- .const:xdc_runtime_Memory_defaultHeapInstance__C
  00001450    00001450    00000004   00000004    r-- .const:xdc_runtime_Startup_execImpl__C
  00001454    00001454    00000004   00000004    r-- .const:xdc_runtime_Startup_maxPasses__C
  00001458    00001458    00000004   00000004    r-- .const:xdc_runtime_Startup_sfxnRts__C
  0000145c    0000145c    00000004   00000004    r-- .const:xdc_runtime_Startup_sfxnTab__C
  00001460    00001460    00000004   00000004    r-- .const:xdc_runtime_Startup_startModsFxn__C
  00001464    00001464    00000004   00000004    r-- .const:xdc_runtime_SysCallback_abortFxn__C
  00001468    00001468    00000004   00000004    r-- .const:xdc_runtime_SysCallback_exitFxn__C
  0000146c    0000146c    00000004   00000004    r-- .const:xdc_runtime_System_abortFxn__C
  00001470    00001470    00000004   00000004    r-- .const:xdc_runtime_System_exitFxn__C
  00001474    00001474    00000004   00000004    r-- .const:xdc_runtime_System_maxAtexitHandlers__C
  00001478    00001478    00000004   00000004    r-- .const:xdc_runtime_Text_charTab__C
  0000147c    0000147c    00000004   00000004    r-- .const:xdc_runtime_Text_nameEmpty__C
  00001480    00001480    00000004   00000004    r-- .const:xdc_runtime_Text_nameStatic__C
  00001484    00001484    00000004   00000004    r-- .const:xdc_runtime_Text_nameUnknown__C
  00001488    00001488    00000002   00000002    r-- .const:xdc_runtime_Main_Module__id__C
  0000148a    0000148a    00000002   00000002    r-- .const:xdc_runtime_Memory_Module__id__C
  0000148c    0000148c    00000002   00000002    r-- .const:xdc_runtime_Text_charCnt__C
  0000148e    0000148e    00000002   00000002    r-- .const:xdc_runtime_Text_isLoaded__C
  00001490    00001490    00000001   00000001    r-- .const:xdc_runtime_Error_policy__C
  00001494    00001494    00000004   00000004    r-- .const:ti_sysbios_rom_ROM_AONRTCChannelEnable
  00001498    00001498    00000004   00000004    r-- .const:ti_sysbios_rom_ROM_AONRTCCompareValueSet
  0000149c    0000149c    00000004   00000004    r-- .const:ti_sysbios_rom_ROM_AONRTCCurrentCompareValueGet
  000014a0    000014a0    00000004   00000004    r-- .const:ti_sysbios_rom_ROM_AONRTCEventClear
  000014a4    000014a4    00000004   00000004    r-- .const:ti_sysbios_rom_ROM_ti_sysbios_family_arm_cc26xx_Timer_getCount64__E
  000014a8    000014a8    00000004   00000004    r-- .const:ti_sysbios_rom_ROM_ti_sysbios_family_arm_cc26xx_Timer_getCurrentTick__E
  000014ac    000014ac    00000004   00000004    r-- .const:ti_sysbios_rom_ROM_ti_sysbios_family_arm_cc26xx_Timer_getMaxTicks__E
  000014b0    000014b0    00000004   00000004    r-- .const:ti_sysbios_rom_ROM_ti_sysbios_family_arm_cc26xx_Timer_initDevice__I
  000014b4    000014b4    00000004   00000004    r-- .const:ti_sysbios_rom_ROM_ti_sysbios_family_arm_cc26xx_Timer_setNextTick__E
  000014b8    000014b8    00000004   00000004    r-- .const:ti_sysbios_rom_ROM_ti_sysbios_family_arm_cc26xx_Timer_setThreshold__I
  000014bc    000014bc    00000004   00000004    r-- .const:ti_sysbios_rom_ROM_ti_sysbios_family_arm_cc26xx_Timer_start__E
  000014c0    000014c0    00000004   00000004    r-- .const:ti_sysbios_rom_ROM_ti_sysbios_family_arm_cc26xx_TimestampProvider_get32__E
  000014c4    000014c4    00000004   00000004    r-- .const:ti_sysbios_rom_ROM_xdc_runtime_Startup_getState__I
  000014c8    000014c8    00000004   00000004    r-- .const:ti_sysbios_rom_ROM_xdc_runtime_System_SupportProxy_abort__E
  000014cc    000014cc    00000004   00000004    r-- .const:ti_sysbios_rom_ROM_xdc_runtime_System_SupportProxy_exit__E
  000014d0    000014d0    00000004   00000004    r-- .const:ti_sysbios_gates_GateMutex_Instance_State_sem__O
  000014d4    000014d4    00000004   00000004    r-- .const:ti_sysbios_knl_Clock_Module_State_clockQ__O
  000014d8    000014d8    00000004   00000004    r-- .const:ti_sysbios_knl_Mailbox_Instance_State_dataQue__O
  000014dc    000014dc    00000004   00000004    r-- .const:ti_sysbios_knl_Mailbox_Instance_State_dataSem__O
  000014e0    000014e0    00000004   00000004    r-- .const:ti_sysbios_knl_Mailbox_Instance_State_freeQue__O
  000014e4    000014e4    00000004   00000004    r-- .const:ti_sysbios_knl_Mailbox_Instance_State_freeSem__O
  000014e8    000014e8    00000004   00000004    r-- .const:ti_sysbios_knl_Semaphore_Instance_State_pendQ__O
  000014ec    000014ec    00000004   00000004    r-- .const:ti_sysbios_knl_Task_Module_State_inactiveQ__O
  000014f0    000014f0    0000a270   0000a270    r-x .text
  0000b760    0000b760    00004897   00004897    r-- .const
0001ffa8    0001ffa8    00000058   00000058    r--
  0001ffa8    0001ffa8    00000058   00000058    r-- .ccfg
20000100    20000100    00000104   00000000    rw-
  20000100    20000100    00000044   00000000    rw- .data:ti_sysbios_knl_Task_Module__state__V
  20000144    20000144    00000034   00000000    rw- .data:ti_sysbios_family_arm_m3_Hwi_Module__state__V
  20000178    20000178    0000002c   00000000    rw- .data:ti_sysbios_knl_Clock_Module__state__V
  200001a4    200001a4    00000024   00000000    rw- .data:ti_sysbios_BIOS_Module__state__V
  200001c8    200001c8    0000001c   00000000    rw- .data:ti_sysbios_knl_Swi_Module__state__V
  200001e4    200001e4    00000008   00000000    rw- .data:ti_sysbios_family_arm_cc26xx_Timer_Module__state__V
  200001ec    200001ec    00000004   00000000    rw- .data:ti_sysbios_family_arm_cc26xx_TimestampProvider_Module__state__V
  200001f0    200001f0    00000008   00000000    rw- .data:xdc_runtime_Startup_Module__state__V
  200001f8    200001f8    00000008   00000000    rw- .data:xdc_runtime_System_Module__state__V
  20000200    20000200    00000004   00000000    rw- .data:xdc_runtime_Memory_Module__state__V
20000280    20000280    00002bc0   00000000    rw-
  20000280    20000280    00002bc0   00000000    rw- .bss
20002e40    20002e40    00001000   00000000    r--
  20002e40    20002e40    00001000   00000000    r-- .priheap
20003e40    20003e40    00000986   00000000    rw-
  20003e40    20003e40    00000986   00000000    rw- .data
20004c00    20004c00    00000400   00000000    rw-
  20004c00    20004c00    00000400   00000000    rw- .stack


SECTION ALLOCATION MAP

 output                                  attributes/
section   page    origin      length       input sections
--------  ----  ----------  ----------   ----------------
.text      0    000014f0    0000a270     
                  000014f0    0000044c     rf_multiMode_cc13x0.aem3 : RFCC26XX_multiMode.oem3 (.text:fsmActiveState)
                  0000193c    000003c4     EasyLink.obj (.text:EasyLink_init)
                  00001d00    00000324     rtsv7M3_T_le_eabi.lib : trgdrv.obj (.text)
                  00002024    0000030c     drivers_cc13x0.aem3 : PowerCC26XX_calibrateRCOSC.oem3 (.text:PowerCC26XX_auxISR)
                  00002330    00000248     rtsv7M3_T_le_eabi.lib : vla_alloc.obj (.text)
                  00002578    00000228     driverlib.lib : sys_ctrl.obj (.text:NOROM_SysCtrlSetRechargeBeforePowerDown)
                  000027a0    0000021c     drivers_cc13x0.aem3 : PowerCC26XX.oem3 (.text:Power_sleep)
                  000029bc    00000200     rf_multiMode_cc13x0.aem3 : RFCC26XX_multiMode.oem3 (.text:RF_open)
                  00002bbc    000001f4     rtsv7M3_T_le_eabi.lib : ull_div_t2.obj (.text)
                  00002db0    000001e4     main.obj (.text:LSM9DS1init)
                  00002f94    000001a4     EasyLink.obj (.text:EasyLink_setRfPwr)
                  00003138    0000019c     rf_multiMode_cc13x0.aem3 : RFCC26XX_multiMode.oem3 (.text:fsmSetupState)
                  000032d4    00000190     drivers_cc13x0.aem3 : PowerCC26XX_calibrateRCOSC.oem3 (.text:PowerCC26XX_doCalibrate)
                  00003464    0000018c                         : PINCC26XX.oem3 (.text:PIN_init)
                  000035f0    00000188     EasyLink.obj (.text:rxDoneCallback)
                  00003778    00000180     main.obj (.text:initGyro)
                  000038f8    00000170     EasyLink.obj (.text:EasyLink_receiveAsync)
                  00003a68    00000164     drivers_cc13x0.aem3 : UARTCC26XX.oem3 (.text:UARTCC26XX_open)
                  00003bcc    00000158     rf_multiMode_cc13x0.aem3 : RFCC26XX_multiMode.oem3 (.text:RF_postCmd)
                  00003d24    00000154     drivers_cc13x0.aem3 : I2CCC26XX.oem3 (.text:I2CCC26XX_open)
                  00003e78    00000154     rf_multiMode_cc13x0.aem3 : RFCC26XX_multiMode.oem3 (.text:radioOpDoneCb)
                  00003fcc    00000150                              : RFCC26XX_multiMode.oem3 (.text:abortCmd)
                  0000411c    00000150     smartrf_settings_predefined.obj (.text:rf_patch_mce_genook)
                  0000426c    00000148     rf_multiMode_cc13x0.aem3 : RFCC26XX_multiMode.oem3 (.text:fsmChangePhyState)
                  000043b4    0000013c     EasyLink.obj (.text:EasyLink_transmit)
                  000044f0    00000138     hello_pem3.oem3 (.text:ti_uia_loggers_LoggerStopMode_writeMemoryRange__E)
                  00004628    00000134     main.obj (.text:initAccel)
                  0000475c    00000130     driverlib.lib : setup_rom.obj (.text:NOROM_SetupAfterColdResetWakeupFromShutDownCfg3)
                  0000488c    0000012c     drivers_cc13x0.aem3 : PowerCC26XX.oem3 (.text:Power_init)
                  000049b8    00000128     smartrf_settings.obj (.text:rf_patch_rfe_genfsk)
                  00004ae0    00000128     smartrf_settings_predefined.obj (.text:rf_patch_rfe_genfsk)
                  00004c08    00000128     smartrf_settings_predefined.obj (.text:rf_patch_rfe_lrm)
                  00004d30    00000128     smartrf_settings_predefined.obj (.text:rf_patch_rfe_sl_longrange)
                  00004e58    00000120     main.obj (.text:rxDoneCb)
                  00004f78    0000011c     rf_multiMode_cc13x0.aem3 : RFCC26XX_multiMode.oem3 (.text:RF_close)
                  00005094    00000118     drivers_cc13x0.aem3 : UARTCC26XX.oem3 (.text:UARTCC26XX_read)
                  000051ac    00000118     main.obj (.text:initMag)
                  000052c4    00000114     smartrf_settings_predefined.obj (.text:rf_patch_mce_hsp_4mbps)
                  000053d8    00000110     drivers_cc13x0.aem3 : I2CCC26XX.oem3 (.text:I2CCC26XX_hwiFxn)
                  000054e8    0000010c     hello_pem3.oem3 (.text:ti_uia_loggers_LoggerStopMode_write8__E)
                  000055f4    0000010a     drivers_cc13x0.aem3 : UARTCC26XX.oem3 (.text:UARTCC26XX_hwiIntFxn)
                  000056fe    00000002                         : WatchdogCC26XX.oem3 (.text:WatchdogCC26XX_close)
                  00005700    00000108     rf_multiMode_cc13x0.aem3 : RFCC26XX_multiMode.oem3 (.text:fsmPowerUpState)
                  00005808    00000108                              : RFCC26XX_multiMode.oem3 (.text:hwiFxnCpe0Active)
                  00005910    000000fc     drivers_cc13x0.aem3 : UARTCC26XX.oem3 (.text:UARTCC26XX_write)
                  00005a0c    000000fc     main.obj (.text:adcTaskFunc)
                  00005b08    000000fc     main.obj (.text:gpsFunc)
                  00005c04    000000f8     main.obj (.text:semaphoreSetup)
                  00005cfc    000000f4     hello_pem3.oem3 (.text:ti_uia_loggers_LoggerStopMode_write4__E)
                  00005df0    000000f0     driverlib.lib : setup_rom.obj (.text:NOROM_SetupAfterColdResetWakeupFromShutDownCfg2)
                  00005ee0    000000e8     hello_pem3.oem3 (.text:ti_uia_loggers_LoggerStopMode_write1__E)
                  00005fc8    000000e8     hello_pem3.oem3 (.text:ti_uia_loggers_LoggerStopMode_write2__E)
                  000060b0    000000e0     main.obj (.text:txDataTaskFunc)
                  00006190    000000dc     driverlib.lib : rfc.obj (.text:NOROM_RFCOverrideUpdate)
                  0000626c    000000dc     drivers_cc13x0.aem3 : PINCC26XX.oem3 (.text:PINCC26XX_setIoCfg)
                  00006348    000000d8     EasyLink.obj (.text:EasyLink_enableRxAddrFilter)
                  00006420    000000d8     smartrf_settings_predefined.obj (.text:rf_patch_rfe_genook)
                  000064f8    000000d8     smartrf_settings_predefined.obj (.text:rf_patch_rfe_hsp_4mbps)
                  000065d0    000000d8     hello_pem3.oem3 (.text:ti_uia_loggers_LoggerStopMode_write0__E)
                  000066a8    000000d4     driverlib.lib : rfc.obj (.text:NOROM_RFCRfTrimRead)
                  0000677c    000000d0     dpl_cc13x0.aem3 : PowerCC26XX_tirtos.oem3 (.text:PowerCC26XX_standbyPolicy)
                  0000684c    000000c4     drivers_cc13x0.aem3 : ADCCC26XX.oem3 (.text:ADCCC26XX_convert)
                  00006910    000000c4     driverlib.lib : setup.obj (.text:TrimAfterColdResetWakeupFromShutDown)
                  000069d4    000000c4     smartrf_settings_predefined.obj (.text:rf_patch_mce_sl_longrange)
                  00006a98    000000c4     main.obj (.text:rxBeaconFunc)
                  00006b5c    000000c0     drivers_cc13x0.aem3 : I2CCC26XX.oem3 (.text:I2CCC26XX_transfer)
                  00006c1c    000000c0     driverlib.lib : aux_adc.obj (.text:NOROM_AUXADCEnableSync)
                  00006cdc    000000bc     main.obj (.text:I2CreadBytes)
                  00006d98    000000bc     drivers_cc13x0.aem3 : PowerCC26XX.oem3 (.text:Power_releaseDependency)
                  00006e54    000000bc                         : UARTCC26XX.oem3 (.text:UARTCC26XX_initHw)
                  00006f10    000000b4                         : PowerCC26XX.oem3 (.text:Power_setDependency)
                  00006fc4    000000a8     driverlib.lib : setup.obj (.text:NOROM_SetupTrimDevice)
                  0000706c    000000a4                   : setup_rom.obj (.text:NOROM_SetupAfterColdResetWakeupFromShutDownCfg1)
                  00007110    000000a4     rf_multiMode_cc13x0.aem3 : RFCC26XX_multiMode.oem3 (.text:RF_dispatchCmd)
                  000071b4    000000a0     auto_init.aem3 : auto_init.oem3 (.text)
                  00007254    0000009c     rf_multiMode_cc13x0.aem3 : RFCC26XX_multiMode.oem3 (.text:RF_issueRadioFreeCb)
                  000072f0    0000009c     drivers_cc13x0.aem3 : WatchdogCC26XX.oem3 (.text:WatchdogCC26XX_open)
                  0000738c    0000009c     rf_multiMode_cc13x0.aem3 : RFCC26XX_multiMode.oem3 (.text:hwiFxnCpe0PowerFsm)
                  00007428    0000009c     rtsv7M3_T_le_eabi.lib : memcpy_t2.obj (.text)
                  000074c4    0000009c     rf_multiMode_cc13x0.aem3 : RFCC26XX_multiMode.oem3 (.text:swiFxnHw)
                  00007560    00000098     drivers_cc13x0.aem3 : PINCC26XX.oem3 (.text:PIN_open)
                  000075f8    00000098                         : UARTCC26XX.oem3 (.text:UARTCC26XX_initIO)
                  00007690    00000098     rom_sysbios.aem3 : rom_sysbios.obj (.text:ti_sysbios_knl_Clock_workFuncDynamic__E)
                  00007728    00000094     EasyLink.obj (.text:EasyLink_abort)
                  000077bc    00000094     driverlib.lib : aux_adc.obj (.text:NOROM_AUXADCDisable)
                  00007850    00000094     main.obj (.text:readAccel)
                  000078e4    00000094     main.obj (.text:readGyro)
                  00007978    00000094     drivers_cc13x0.aem3 : UARTCC26XX.oem3 (.text:writeFinishedDoCallback)
                  00007a0c    00000090                         : I2CCC26XX.oem3 (.text:I2CCC26XX_cancel)
                  00007a9c    00000090     ti.uia.loggers.aem3 : LoggerStopMode.oem3 (.text:ti_uia_loggers_LoggerStopMode_initQueueDescriptor__E)
                  00007b2c    0000008c     drivers_cc13x0.aem3 : I2CCC26XX.oem3 (.text:I2CCC26XX_primeTransfer)
                  00007bb8    0000008c     rf_multiMode_cc13x0.aem3 : RFCC26XX_multiMode.oem3 (.text:RF_pendCmd)
                  00007c44    0000008c     drivers_cc13x0.aem3 : UARTCC26XX.oem3 (.text:UARTCC26XX_close)
                  00007cd0    0000008c                         : UARTCC26XX.oem3 (.text:UARTCC26XX_writeCancel)
                  00007d5c    00000088                         : ADCCC26XX.oem3 (.text:ADCCC26XX_open)
                  00007de4    00000088                         : PowerCC26XX.oem3 (.text:disableLFClockQualifiers)
                  00007e6c    00000084                         : PowerCC26XX.oem3 (.text:switchXOSCHFclockFunc)
                  00007ef0    00000080     main.obj (.text:magTaskFunc)
                  00007f70    0000007c     main.obj (.text:clockSetup)
                  00007fec    0000007c     main.obj (.text:constrainScales)
                  00008068    0000007a     rtsv7M3_T_le_eabi.lib : memset_t2.obj (.text)
                  000080e2    00000002     rf_multiMode_cc13x0.aem3 : RFCC26XX_multiMode.oem3 (.text:defaultCallback)
                  000080e4    00000078     main.obj (.text:LSM9DS1begin)
                  0000815c    00000078     main.obj (.text:pinCallback)
                  000081d4    00000078     drivers_cc13x0.aem3 : UARTCC26XX.oem3 (.text:writeTxFifoFlush)
                  0000824c    00000074     driverlib.lib : setup_rom.obj (.text:NOROM_SetupSetVddrLevel)
                  000082c0    00000074     main.obj (.text:configInt)
                  00008334    00000074     rom_sysbios.aem3 : rom_sysbios.obj (.text:ti_sysbios_family_arm_cc26xx_Timer_start__E)
                  000083a8    00000074     ti.uia.runtime.aem3 : QueueDescriptor.oem3 (.text:ti_uia_runtime_QueueDescriptor_addToList__E)
                  0000841c    0000006c     drivers_cc13x0.aem3 : PowerCC26XX_calibrateRCOSC.oem3 (.text:PowerCC26XX_initiateCalibration)
                  00008488    00000068                         : I2CCC26XX.oem3 (.text:I2CCC26XX_close)
                  000084f0    00000068     main.obj (.text:I2CreadByte)
                  00008558    00000068     main.obj (.text:I2CwriteByte)
                  000085c0    00000068     driverlib.lib : setup_rom.obj (.text:NOROM_SetupGetTrimForAmpcompCtrl)
                  00008628    00000068                   : setup_rom.obj (.text:NOROM_SetupGetTrimForAnabypassValue1)
                  00008690    00000068                   : sys_ctrl.obj (.text:NOROM_SysCtrl_DCDC_VoltageConditionalControl)
                  000086f8    00000068     drivers_cc13x0.aem3 : UARTCC26XX.oem3 (.text:UARTCC26XX_readCancel)
                  00008760    00000068     rtsv7M3_T_le_eabi.lib : copy_decompress_lzss.obj (.text:decompress:lzss)
                  000087c8    00000068     rf_multiMode_cc13x0.aem3 : RFCC26XX_multiMode.oem3 (.text:flushPendCmd)
                  00008830    00000068                              : RFCC26XX_multiMode.oem3 (.text:fsmXOSCState)
                  00008898    00000068     rtsv7M3_T_le_eabi.lib : trgmsg.obj (.text)
                  00008900    00000066     ti.uia.loggers.aem3 : LoggerStopMode.oem3 (.text:ti_uia_loggers_LoggerStopMode_flush__E)
                  00008966    00000002     drivers_cc13x0.aem3 : PowerCC26XX.oem3 (.text:emptyClockFunc)
                  00008968    00000064     driverlib.lib : osc.obj (.text:NOROM_OSCHF_AttemptToSwitchToXosc)
                  000089cc    00000064     drivers_cc13x0.aem3 : PowerCC26XX.oem3 (.text:configureXOSCHF)
                  00008a30    00000064     rf_multiMode_cc13x0.aem3 : RFCC26XX_multiMode.oem3 (.text:dispatchOpWhen)
                  00008a94    00000064     rom_sysbios.aem3 : rom_sysbios.obj (.text:ti_sysbios_heaps_HeapMem_initPrimary__I)
                  00008af8    00000062     rf_multiMode_cc13x0.aem3 : RFCC26XX_multiMode.oem3 (.text:syncCb)
                  00008b5a    00000002     smartrf_settings.obj (.text:enterGenfskSysPatch)
                  00008b5c    00000060     driverlib.lib : osc.obj (.text:NOROM_OSCClockSourceSet)
                  00008bbc    00000060     drivers_cc13x0.aem3 : UARTCC26XX.oem3 (.text:UARTCC26XX_control)
                  00008c1c    00000060     smartrf_settings.obj (.text:configureGenfskPatch)
                  00008c7c    00000060     smartrf_settings_predefined.obj (.text:configureGenfskPatch)
                  00008cdc    00000060     smartrf_settings_predefined.obj (.text:configureGenookPatch)
                  00008d3c    00000060     smartrf_settings_predefined.obj (.text:configureLrmPatch)
                  00008d9c    00000060     smartrf_settings_predefined.obj (.text:configureSl_longrangePatch)
                  00008dfc    0000005c     driverlib.lib : sys_ctrl.obj (.text:NOROM_SysCtrlAdjustRechargeAfterPowerDown)
                  00008e58    0000005c     drivers_cc13x0.aem3 : PowerCC26XX_calibrateRCOSC.oem3 (.text:PowerCC26XX_RCOSC_clockFunc)
                  00008eb4    0000005c                         : PowerCC26XX.oem3 (.text:PowerCC26XX_calibrate)
                  00008f10    0000005c     main.obj (.text:createRFRXTasks)
                  00008f6c    0000005c     rf_multiMode_cc13x0.aem3 : RFCC26XX_multiMode.oem3 (.text:ratChanFree)
                  00008fc8    0000005c     hello_pem3.oem3 (.text:xdc_runtime_Startup_getState__I)
                  00009024    00000058     drivers_cc13x0.aem3 : I2CCC26XX.oem3 (.text:I2CCC26XX_swiFxn)
                  0000907c    00000058                         : PINCC26XX.oem3 (.text:PIN_remove)
                  000090d4    00000058     rf_multiMode_cc13x0.aem3 : RFCC26XX_multiMode.oem3 (.text:applyRfCorePatch)
                  0000912c    00000054                              : RFCC26XX_multiMode.oem3 (.text:RF_getCurrentTime)
                  00009180    00000054     main.obj (.text:calcaRes)
                  000091d4    00000054     main.obj (.text:calcmRes)
                  00009228    00000054     rf_multiMode_cc13x0.aem3 : RFCC26XX_multiMode.oem3 (.text:hwiFxnHw)
                  0000927c    00000054     rtsv7M3_T_le_eabi.lib : exit.obj (.text)
                  000092d0    00000050     driverlib.lib : setup_rom.obj (.text:NOROM_SetupSetCacheModeAccordingToCcfgSetting)
                  00009320    00000050     main.obj (.text:readMag)
                  00009370    00000050     drivers_cc13x0.aem3 : UARTCC26XX.oem3 (.text:startTxFifoEmptyClk)
                  000093c0    0000004c                         : I2CCC26XX.oem3 (.text:I2CCC26XX_initHw)
                  0000940c    0000004c     rf_multiMode_cc13x0.aem3 : RFCC26XX_multiMode.oem3 (.text:RF_wakeupNotifyFxn)
                  00009458    0000004c     rtsv7M3_T_le_eabi.lib : cpy_tbl.obj (.text)
                  000094a4    0000004c     ti.uia.loggers.aem3 : LoggerStopMode.oem3 (.text:ti_uia_loggers_LoggerStopMode_Module_startup__E)
                  000094f0    00000048     dpl_cc13x0.aem3 : ClockP_tirtos.oem3 (.text:ClockP_construct)
                  00009538    00000048     drivers_cc13x0.aem3 : PINCC26XX.oem3 (.text:PIN_setOutputEnable)
                  00009580    00000048     main.obj (.text:calcgRes)
                  000095c8    00000044     drivers_cc13x0.aem3 : PINCC26XX.oem3 (.text:PIN_swi)
                  0000960c    00000044     rf_multiMode_cc13x0.aem3 : RFCC26XX_multiMode.oem3 (.text:RF_releasePowerConstraint)
                  00009650    00000044     drivers_cc13x0.aem3 : RingBuf.oem3 (.text:RingBuf_put)
                  00009694    00000044     main.obj (.text:adcSetup)
                  000096d8    00000044     boot.aem3 : boot.oem3 (.text)
                  0000971c    00000044     main.obj (.text:main)
                  00009760    00000044     drivers_cc13x0.aem3 : PowerCC26XX.oem3 (.text:notify)
                  000097a4    00000044     ti.uia.loggers.aem3 : LoggerStopMode.oem3 (.text:ti_uia_loggers_LoggerStopMode_initBuffer__I)
                  000097e8    00000044     rom_sysbios.aem3 : rom_sysbios.obj (.text:xdc_runtime_SysMin_flush__E)
                  0000982c    00000040     drivers_cc13x0.aem3 : ADCCC26XX.oem3 (.text:ADCCC26XX_convertToMicroVolts)
                  0000986c    00000040                         : ADC.oem3 (.text:ADC_init)
                  000098ac    00000040                         : ADC.oem3 (.text:ADC_open)
                  000098ec    00000040     dpl_cc13x0.aem3 : HwiP_tirtos.oem3 (.text:HwiP_construct)
                  0000992c    00000040     drivers_cc13x0.aem3 : I2C.oem3 (.text:I2C_init)
                  0000996c    00000040                         : I2C.oem3 (.text:I2C_open)
                  000099ac    00000040                         : UART.oem3 (.text:UART_init)
                  000099ec    00000040                         : UART.oem3 (.text:UART_open)
                  00009a2c    00000040                         : Watchdog.oem3 (.text:Watchdog_init)
                  00009a6c    00000040                         : Watchdog.oem3 (.text:Watchdog_open)
                  00009aac    00000040     main.obj (.text:accelTaskFunc)
                  00009aec    00000040     main.obj (.text:gyroTaskFunc)
                  00009b2c    00000040     rom_sysbios.aem3 : rom_sysbios.obj (.text:ti_sysbios_family_arm_cc26xx_Timer_setThreshold__I)
                  00009b6c    0000003e     drivers_cc13x0.aem3 : RingBuf.oem3 (.text:RingBuf_get)
                  00009baa    0000003e     hello_pem3.oem3 (.text:realloc)
                  00009be8    0000003c     drivers_cc13x0.aem3 : ADCCC26XX.oem3 (.text:ADCCC26XX_close)
                  00009c24    0000003c     driverlib.lib : chipinfo.obj (.text:NOROM_ChipInfo_GetHwRevision)
                  00009c60    0000003c                   : osc.obj (.text:NOROM_OSC_HPOSCRelativeFrequencyOffsetGet)
                  00009c9c    0000003c                   : rfc.obj (.text:NOROM_RFCSynthPowerDown)
                  00009cd8    0000003c     drivers_cc13x0.aem3 : PowerCC26XX.oem3 (.text:PowerCC26XX_isStableXOSC_HF)
                  00009d14    0000003c                         : PowerCC26XX.oem3 (.text:PowerCC26XX_switchXOSC_HF)
                  00009d50    0000003c     rf_multiMode_cc13x0.aem3 : RFCC26XX_multiMode.oem3 (.text:RF_runCmd)
                  00009d8c    0000003c     dpl_cc13x0.aem3 : SwiP_tirtos.oem3 (.text:SwiP_construct)
                  00009dc8    0000003c     main.obj (.text:clk1Fxn)
                  00009e04    0000003c     rom_sysbios.aem3 : rom_sysbios.obj (.text:ti_sysbios_family_arm_m3_Hwi_construct2__E)
                  00009e40    00000038     drivers_cc13x0.aem3 : PINCC26XX.oem3 (.text:PIN_setOutputValue)
                  00009e78    00000038     rf_multiMode_cc13x0.aem3 : RFCC26XX_multiMode.oem3 (.text:Q_end)
                  00009eb0    00000038                              : RFCC26XX_multiMode.oem3 (.text:RF_checkCmdFsError)
                  00009ee8    00000038     drivers_cc13x0.aem3 : UARTCC26XX.oem3 (.text:UARTCC26XX_swiIntFxn)
                  00009f20    00000038     main.obj (.text:createADCTask)
                  00009f58    00000038     main.obj (.text:createAccelTask)
                  00009f90    00000038     main.obj (.text:createGPSTask)
                  00009fc8    00000038     main.obj (.text:createGyroTask)
                  0000a000    00000038     main.obj (.text:createMagTask)
                  0000a038    00000038     main.obj (.text:createRFTXTasks)
                  0000a070    00000038     main.obj (.text:pinSetup)
                  0000a0a8    00000038     drivers_cc13x0.aem3 : UARTCC26XX.oem3 (.text:readData)
                  0000a0e0    00000038     rom_sysbios.aem3 : rom_sysbios.obj (.text:ti_sysbios_family_arm_cc26xx_Timer_getCurrentTick__E)
                  0000a118    00000038     drivers_cc13x0.aem3 : UARTCC26XX.oem3 (.text:writeData)
                  0000a150    00000038     rom_sysbios.aem3 : rom_sysbios.obj (.text:xdc_runtime_SysMin_putch__E)
                  0000a188    00000034     driverlib.lib : aux_adc.obj (.text:NOROM_AUXADCDisableInputScaling)
                  0000a1bc    00000034                   : osc.obj (.text:NOROM_OSCHF_SwitchToRcOscTurnOffXosc)
                  0000a1f0    00000034     drivers_cc13x0.aem3 : PINCC26XX.oem3 (.text:PIN_setConfig)
                  0000a224    00000034                         : PowerCC26XX.oem3 (.text:Power_releaseConstraint)
                  0000a258    00000034     rf_multiMode_cc13x0.aem3 : RFCC26XX_multiMode.oem3 (.text:Q_push)
                  0000a28c    00000034     rom_sysbios.aem3 : rom_sysbios.obj (.text:ti_sysbios_family_arm_cc26xx_Timer_initDevice__I)
                  0000a2c0    00000034     ti.uia.loggers.aem3 : LoggerStopMode.oem3 (.text:ti_uia_loggers_LoggerStopMode_reset__E)
                  0000a2f4    00000034     main.obj (.text:wdtSetup)
                  0000a328    00000032     rom_sysbios.aem3 : rom_sysbios.obj (.text:ti_sysbios_family_arm_cc26xx_Timer_setNextTick__E)
                  0000a35a    00000002     smartrf_settings_predefined.obj (.text:enterGenfskSysPatch)
                  0000a35c    00000030     driverlib.lib : chipinfo.obj (.text:NOROM_ChipInfo_GetChipType)
                  0000a38c    00000030                   : setup_rom.obj (.text:NOROM_SetupSetAonRtcSubSecInc)
                  0000a3bc    00000030     drivers_cc13x0.aem3 : PowerCC26XX.oem3 (.text:Power_setConstraint)
                  0000a3ec    00000030     driverlib.lib : adi.obj (.text:SafeHapiAuxAdiSelect)
                  0000a41c    00000030     drivers_cc13x0.aem3 : WatchdogCC26XX.oem3 (.text:WatchdogCC26XX_setReload)
                  0000a44c    00000030     rf_multiMode_cc13x0.aem3 : RFCC26XX_multiMode.oem3 (.text:clkPowerUpFxn)
                  0000a47c    00000030     main.obj (.text:initI2C)
                  0000a4ac    00000030     drivers_cc13x0.aem3 : UARTCC26XX.oem3 (.text:readData2RingBuf)
                  0000a4dc    00000030     main.obj (.text:rxRestartFunc)
                  0000a50c    00000030     hello_pem3.oem3 (.text:ti_sysbios_BIOS_atExitFunc__I)
                  0000a53c    00000030     hello_pem3.oem3 (.text:ti_sysbios_BIOS_startFunc__I)
                  0000a56c    00000030     hello_pem3.oem3 (.text:ti_uia_loggers_LoggerStopMode_Object__create__S)
                  0000a59c    00000030     rom_sysbios.aem3 : rom_sysbios.obj (.text:xdc_runtime_SysMin_abort__E)
                  0000a5cc    0000002e     hello_pem3.oem3 (.text:ti_sysbios_rts_gnu_MemAlloc_alloc)
                  0000a5fa    00000002     smartrf_settings_predefined.obj (.text:enterGenookSysPatch)
                  0000a5fc    0000002c     driverlib.lib : ddi.obj (.text:NOROM_DDI32RegWrite)
                  0000a628    0000002c                   : osc.obj (.text:NOROM_OSCClockSourceGet)
                  0000a654    0000002c                   : rfc.obj (.text:NOROM_RFCCPEPatchReset)
                  0000a680    0000002c                   : setup_rom.obj (.text:NOROM_SetupGetTrimForRadcExtCfg)
                  0000a6ac    0000002c     drivers_cc13x0.aem3 : PINCC26XX.oem3 (.text:PINCC26XX_setMux)
                  0000a6d8    0000002c     dpl_cc13x0.aem3 : SemaphoreP_tirtos.oem3 (.text:SemaphoreP_constructBinary)
                  0000a704    0000002c     rf_multiMode_cc13x0.aem3 : RFCC26XX_multiMode.oem3 (.text:getCmd)
                  0000a730    0000002c     rom_sysbios.aem3 : rom_sysbios.obj (.text:ti_sysbios_knl_Clock_getTicksUntilInterrupt__E)
                  0000a75c    0000002a     display.aem3 : Display.oem3 (.text:Display_doPrintf)
                  0000a786    0000002a     rom_sysbios.aem3 : rom_sysbios.obj (.text:ti_sysbios_knl_Clock_getTimeout__E)
                  0000a7b0    00000028     driverlib.lib : aon_batmon.obj (.text:NOROM_AONBatMonTemperatureGetDegC)
                  0000a7d8    00000028     drivers_cc13x0.aem3 : PowerCC26XX.oem3 (.text:Power_registerNotify)
                  0000a800    00000028     driverlib.lib : adi.obj (.text:SafeHapiVoid)
                  0000a828    00000028     drivers_cc13x0.aem3 : WatchdogCC26XX.oem3 (.text:WatchdogCC26XX_convertMsToTicks)
                  0000a850    00000028     main.obj (.text:clk0Fxn)
                  0000a878    00000024     driverlib.lib : rfc.obj (.text:NOROM_RFCDoorbellSendTo)
                  0000a89c    00000024     drivers_cc13x0.aem3 : PINCC26XX.oem3 (.text:PINCC26XX_getPinCount)
                  0000a8c0    00000024     rf_multiMode_cc13x0.aem3 : RFCC26XX_multiMode.oem3 (.text:allocCmd)
                  0000a8e4    00000024     main.obj (.text:mReadBytes)
                  0000a908    00000024     hello_pem3.oem3 (.text:ti_sysbios_BIOS_registerRTSLock__I)
                  0000a92c    00000024     hello_pem3.oem3 (.text:ti_sysbios_BIOS_removeRTSLock__I)
                  0000a950    00000024     rom_sysbios.aem3 : rom_sysbios.obj (.text:ti_sysbios_family_arm_cc26xx_Timer_getMaxTicks__E)
                  0000a974    00000024     main.obj (.text:xgReadBytes)
                  0000a998    00000022     drivers_cc13x0.aem3 : List.oem3 (.text:List_put)
                  0000a9ba    00000022     driverlib.lib : aux_adc.obj (.text:NOROM_AUXADCAdjustValueForGainAndOffset)
                  0000a9dc    00000022     hello_pem3.oem3 (.text:xdc_runtime_SysMin_output__I)
                  0000a9fe    00000002     smartrf_settings_predefined.obj (.text:enterLrmSysPatch)
                  0000aa00    00000020     driverlib.lib : rfc.obj (.text:NOROM_RFCAdi3VcoLdoVoltageMode)
                  0000aa20    00000020                   : setup_rom.obj (.text:NOROM_SetupGetTrimForXoscHfCtl)
                  0000aa40    00000020     dpl_cc13x0.aem3 : PowerCC26XX_tirtos.oem3 (.text:PowerCC26XX_schedulerDisable)
                  0000aa60    00000020                     : PowerCC26XX_tirtos.oem3 (.text:PowerCC26XX_schedulerRestore)
                  0000aa80    00000020     drivers_cc13x0.aem3 : PowerCC26XX.oem3 (.text:Power_unregisterNotify)
                  0000aaa0    00000020     main.obj (.text:Serial_RxDataCallback)
                  0000aac0    00000020     main.obj (.text:mWriteByte)
                  0000aae0    00000020     hello_pem3.oem3 (.text:ti_sysbios_BIOS_rtsLock__I)
                  0000ab00    00000020     rom_sysbios.aem3 : rom_sysbios.obj (.text:ti_sysbios_family_arm_cc26xx_Timer_dynamicStub__E)
                  0000ab20    00000020                      : rom_sysbios.obj (.text:ti_sysbios_knl_Clock_stop__E)
                  0000ab40    00000020     hello_pem3.oem3 (.text:ti_uia_loggers_LoggerStopMode_Object__delete__S)
                  0000ab60    00000020     rom_sysbios.aem3 : rom_sysbios.obj (.text:xdc_runtime_SysMin_Module_startup__E)
                  0000ab80    00000020     main.obj (.text:xgWriteByte)
                  0000aba0    0000001e     drivers_cc13x0.aem3 : PINCC26XX.oem3 (.text:PIN_close)
                  0000abbe    0000001e                         : PowerCC26XX.oem3 (.text:Power_getTransitionLatency)
                  0000abdc    0000001c     driverlib.lib : aux_adc.obj (.text:NOROM_AUXADCGetAdjustmentGain)
                  0000abf8    0000001c                   : chipinfo.obj (.text:NOROM_ChipInfo_GetChipFamily)
                  0000ac14    0000001c                   : setup_rom.obj (.text:NOROM_SetupGetTrimForAmpcompTh2)
                  0000ac30    0000001c                   : setup_rom.obj (.text:NOROM_SetupGetTrimForRcOscLfRtuneCtuneTrim)
                  0000ac4c    0000001c     drivers_cc13x0.aem3 : PINCC26XX.oem3 (.text:PINCC26XX_setIoCfgMux)
                  0000ac68    0000001c                         : PINCC26XX.oem3 (.text:PIN_hwi)
                  0000ac84    0000001c     rf_multiMode_cc13x0.aem3 : RFCC26XX_multiMode.oem3 (.text:RF_setPowerConstraint)
                  0000aca0    0000001c                              : RFCC26XX_multiMode.oem3 (.text:clkInactivityFxn)
                  0000acbc    0000001c     smartrf_settings.obj (.text:enterGenfskCpePatch)
                  0000acd8    0000001c     smartrf_settings_predefined.obj (.text:enterGenfskCpePatch)
                  0000acf4    0000001c     smartrf_settings_predefined.obj (.text:enterGenookCpePatch)
                  0000ad10    0000001c     smartrf_settings_predefined.obj (.text:enterLrmCpePatch)
                  0000ad2c    0000001c     smartrf_settings_predefined.obj (.text:enterSl_longrangeCpePatch)
                  0000ad48    0000001c     rf_multiMode_cc13x0.aem3 : RFCC26XX_multiMode.oem3 (.text:hwiFxnCpe0ChangePhy)
                  0000ad64    0000001c     rom_sysbios.aem3 : rom_sysbios.obj (.text:ti_sysbios_knl_Swi_construct2__E)
                  0000ad80    0000001c     ti.uia.loggers.aem3 : LoggerStopMode.oem3 (.text:ti_uia_loggers_LoggerStopMode_Instance_init__E)
                  0000ad9c    0000001c     rom_sysbios.aem3 : rom_sysbios.obj (.text:xdc_runtime_SysMin_exit__E)
                  0000adb8    00000018     CC1310_LAUNCHXL.obj (.text:CC1310_LAUNCHXL_initGeneral)
                  0000add0    00000018     driverlib.lib : aon_rtc.obj (.text:NOROM_AONRTCCurrentCompareValueGet)
                  0000ade8    00000018                   : aux_adc.obj (.text:NOROM_AUXADCGetAdjustmentOffset)
                  0000ae00    00000018                   : chipinfo.obj (.text:NOROM_ChipInfo_GetPackageType)
                  0000ae18    00000018                   : osc.obj (.text:NOROM_OSCHF_TurnOnXosc)
                  0000ae30    00000018                   : rfc.obj (.text:NOROM_RFCCpeIntGetAndClear)
                  0000ae48    00000018                   : setup_rom.obj (.text:NOROM_SetupGetTrimForAdcShModeEn)
                  0000ae60    00000018                   : setup_rom.obj (.text:NOROM_SetupGetTrimForAdcShVbufEn)
                  0000ae78    00000018                   : setup_rom.obj (.text:NOROM_SetupGetTrimForAmpcompTh1)
                  0000ae90    00000018                   : setup_rom.obj (.text:NOROM_SetupGetTrimForDblrLoopFilterResetVoltage)
                  0000aea8    00000018                   : setup_rom.obj (.text:NOROM_SetupGetTrimForRcOscLfIBiasTrim)
                  0000aec0    00000018                   : setup_rom.obj (.text:NOROM_SetupGetTrimForXoscLfRegulatorAndCmirrwrRatio)
                  0000aed8    00000018     drivers_cc13x0.aem3 : PowerCC26XX.oem3 (.text:Power_idleFunc)
                  0000aef0    00000018                         : UARTCC26XX.oem3 (.text:UARTCC26XX_init)
                  0000af08    00000018                         : UART.oem3 (.text:UART_Params_init)
                  0000af20    00000018                         : PowerCC26XX.oem3 (.text:configureRFCoreClocks)
                  0000af38    00000018     hello_pem3.oem3 (.text:free)
                  0000af50    00000018     main.obj (.text:mReadByte)
                  0000af68    00000018     rtsv7M3_T_le_eabi.lib : args_main.obj (.text)
                  0000af80    00000018                           : ll_mul_t2.obj (.text)
                  0000af98    00000018     rf_multiMode_cc13x0.aem3 : RFCC26XX_multiMode.oem3 (.text:swiFxnFsm)
                  0000afb0    00000018     hello_pem3.oem3 (.text:ti_sysbios_BIOS_rtsUnlock__I)
                  0000afc8    00000018     rom_sysbios.aem3 : rom_sysbios.obj (.text:ti_sysbios_knl_Swi_or__E)
                  0000afe0    00000018     hello_pem3.oem3 (.text:ti_sysbios_rom_cortexm_cc13xx_CC13xx_checkRevision__E)
                  0000aff8    00000018     hello_pem3.oem3 (.text:ti_uia_loggers_LoggerStopMode_Handle__label__S)
                  0000b010    00000018     rom_sysbios.aem3 : rom_sysbios.obj (.text:xdc_runtime_Error_init__E)
                  0000b028    00000018     main.obj (.text:xgReadByte)
                  0000b040    00000016     drivers_cc13x0.aem3 : List.oem3 (.text:List_remove)
                  0000b056    00000016     driverlib.lib : chipinfo.obj (.text:NOROM_ThisLibraryIsFor_CC13x0_HwRev20AndLater_HaltIfViolated)
                  0000b06c    00000016     rf_multiMode_cc13x0.aem3 : RFCC26XX_multiMode.oem3 (.text:Q_pop)
                  0000b082    00000016     rtsv7M3_T_le_eabi.lib : strcpy.obj (.text)
                  0000b098    00000016     hello_pem3.oem3 (.text:ti_sysbios_BIOS_exitFunc__I)
                  0000b0ae    00000016     main.obj (.text:ti_sysbios_knl_Clock_Params_init)
                  0000b0c4    00000016     EasyLink.obj (.text:ti_sysbios_knl_Semaphore_Params_init)
                  0000b0da    00000016     main.obj (.text:ti_sysbios_knl_Semaphore_Params_init)
                  0000b0f0    00000016     main.obj (.text:ti_sysbios_knl_Task_Params_init)
                  0000b106    00000016     ti.uia.loggers.aem3 : LoggerStopMode.oem3 (.text:ti_uia_loggers_LoggerStopMode_disable__E)
                  0000b11c    00000016                         : LoggerStopMode.oem3 (.text:ti_uia_loggers_LoggerStopMode_enable__E)
                  0000b132    00000002     smartrf_settings_predefined.obj (.text:enterSl_longrangeSysPatch)
                  0000b134    00000014     driverlib.lib : aon_rtc.obj (.text:NOROM_AONRTCCurrent64BitValueGet)
                  0000b148    00000014                   : aux_adc.obj (.text:NOROM_AUXADCValueToMicrovolts)
                  0000b15c    00000014     drivers_cc13x0.aem3 : PINCC26XX.oem3 (.text:PINCC26XX_getOutputValue)
                  0000b170    00000014     rf_multiMode_cc13x0.aem3 : RFCC26XX_multiMode.oem3 (.text:RF_Params_init)
                  0000b184    00000014     rtsv7M3_T_le_eabi.lib : _lock.obj (.text)
                  0000b198    00000014                           : strlen.obj (.text)
                  0000b1ac    00000014     hello_pem3.oem3 (.text:ti_sysbios_knl_Clock_doTick__I)
                  0000b1c0    00000012     drivers_cc13x0.aem3 : RingBuf.oem3 (.text:RingBuf_construct)
                  0000b1d2    00000012     dpl_cc13x0.aem3 : SemaphoreP_tirtos.oem3 (.text:SemaphoreP_pend)
                  0000b1e4    00000012     hello_pem3.oem3 (.text:xdc_runtime_Startup_exec__I)
                  0000b1f6    00000010     dpl_cc13x0.aem3 : ClockP_tirtos.oem3 (.text:ClockP_isActive)
                  0000b206    00000010                     : HwiP_tirtos.oem3 (.text:HwiP_Params_init)
                  0000b216    00000002     rom_sysbios.aem3 : rom_sysbios.obj (.text:ti_sysbios_BIOS_linkedWithIncorrectBootLibrary__E)
                  0000b218    00000010     drivers_cc13x0.aem3 : I2C.oem3 (.text:I2C_Params_init)
                  0000b228    00000010     driverlib.lib : aux_adc.obj (.text:NOROM_AUXADCFlushFifo)
                  0000b238    00000010                   : aux_adc.obj (.text:NOROM_AUXADCReadFifo)
                  0000b248    00000010                   : rfc.obj (.text:NOROM_RFCRfTrimSet)
                  0000b258    00000010                   : setup_rom.obj (.text:NOROM_SetupGetTrimForXoscHfFastStart)
                  0000b268    00000010                   : setup_rom.obj (.text:NOROM_SetupGetTrimForXoscHfIbiastherm)
                  0000b278    00000010     dpl_cc13x0.aem3 : SwiP_tirtos.oem3 (.text:SwiP_Params_init)
                  0000b288    00000010     drivers_cc13x0.aem3 : WatchdogCC26XX.oem3 (.text:WatchdogCC26XX_clear)
                  0000b298    00000010                         : Watchdog.oem3 (.text:Watchdog_Params_init)
                  0000b2a8    00000010     smartrf_settings.obj (.text:applyGenfskPatch)
                  0000b2b8    00000010     smartrf_settings_predefined.obj (.text:applyGenfskPatch)
                  0000b2c8    00000010     smartrf_settings_predefined.obj (.text:applyGenookPatch)
                  0000b2d8    00000010     smartrf_settings_predefined.obj (.text:applyLrmPatch)
                  0000b2e8    00000010     smartrf_settings_predefined.obj (.text:applySl_longrangePatch)
                  0000b2f8    00000010     drivers_cc13x0.aem3 : I2CCC26XX.oem3 (.text:i2cPostNotify)
                  0000b308    00000010     rom_sysbios.aem3 : rom_sysbios.obj (.text:ti_sysbios_family_arm_m3_Hwi_post__E)
                  0000b318    00000010     hello_pem3.oem3 (.text:ti_uia_loggers_LoggerStopMode_Object__get__S)
                  0000b328    00000010     ti.uia.loggers.aem3 : LoggerStopMode.oem3 (.text:ti_uia_loggers_LoggerStopMode_isEmpty__E)
                  0000b338    00000010     drivers_cc13x0.aem3 : UARTCC26XX.oem3 (.text:uartPostNotify)
                  0000b348    0000000e     driverlib.lib : vims.obj (.text:NOROM_VIMSModeGet)
                  0000b356    0000000e     rtsv7M3_T_le_eabi.lib : copy_decompress_none.obj (.text:decompress:none)
                  0000b364    0000000e     rom_sysbios.aem3 : rom_sysbios.obj (.text:ti_sysbios_family_arm_cc26xx_TimestampProvider_get32__E)
                  0000b372    00000002     hello_pem3.oem3 (.text:ti_sysbios_BIOS_nullFunc__I)
                  0000b374    0000000c     rf_multiMode_cc13x0.aem3 : RFCC26XX_multiMode.oem3 (.text:FsmNextState)
                  0000b380    0000000c     drivers_cc13x0.aem3 : List.oem3 (.text:List_empty)
                  0000b38c    0000000c     driverlib.lib : cpu.obj (.text:NOROM_CPUcpsid)
                  0000b398    0000000c                   : cpu.obj (.text:NOROM_CPUcpsie)
                  0000b3a4    0000000c                   : osc.obj (.text:NOROM_OSC_HPOSCRelativeFrequencyOffsetToRFCoreFormatConvert)
                  0000b3b0    0000000c     drivers_cc13x0.aem3 : PINCC26XX.oem3 (.text:PIN_registerIntCb)
                  0000b3bc    0000000c                         : PowerCC26XX.oem3 (.text:Power_getConstraintMask)
                  0000b3c8    0000000c                         : PowerCC26XX.oem3 (.text:Power_getDependencyCount)
                  0000b3d4    0000000c     rtsv7M3_T_le_eabi.lib : copy_zero_init.obj (.text:decompress:ZI)
                  0000b3e0    0000000c     main.obj (.text:ti_sysbios_knl_Semaphore_handle)
                  0000b3ec    0000000c     rom_sysbios.aem3 : rom_sysbios.obj (.text:ti_sysbios_knl_Swi_getTrigger__E)
                  0000b3f8    0000000c     hello_pem3.oem3 (.text:xdc_runtime_Startup_reset__I)
                  0000b404    0000000c     rom_sysbios.aem3 : rom_sysbios.obj (.text:xdc_runtime_Startup_rtsDone__E)
                  0000b410    0000000a     drivers_cc13x0.aem3 : ADC.oem3 (.text:ADC_Params_init)
                  0000b41a    0000000a                         : ADC.oem3 (.text:ADC_convert)
                  0000b424    0000000a                         : ADC.oem3 (.text:ADC_convertToMicroVolts)
                  0000b42e    0000000a                         : I2CCC26XX.oem3 (.text:I2CCC26XX_init)
                  0000b438    0000000a                         : I2C.oem3 (.text:I2C_transfer)
                  0000b442    0000000a                         : UART.oem3 (.text:UART_control)
                  0000b44c    0000000a                         : UART.oem3 (.text:UART_read)
                  0000b456    0000000a                         : UART.oem3 (.text:UART_write)
                  0000b460    0000000a                         : Watchdog.oem3 (.text:Watchdog_clear)
                  0000b46a    0000000a                         : Watchdog.oem3 (.text:Watchdog_setReload)
                  0000b474    00000008                         : ADCCC26XX.oem3 (.text:ADCCC26XX_init)
                  0000b47c    00000008                         : I2CCC26XX.oem3 (.text:I2CCC26XX_blockingCallback)
                  0000b484    00000008                         : WatchdogCC26XX.oem3 (.text:WatchdogCC26XX_init)
                  0000b48c    00000008                         : UARTCC26XX.oem3 (.text:readSemCallback)
                  0000b494    00000008     smartrf_settings.obj (.text:rf_patch_cpe_genfsk)
                  0000b49c    00000008     smartrf_settings_predefined.obj (.text:rf_patch_cpe_genfsk)
                  0000b4a4    00000008     smartrf_settings_predefined.obj (.text:rf_patch_cpe_genook)
                  0000b4ac    00000008     smartrf_settings_predefined.obj (.text:rf_patch_cpe_lrm)
                  0000b4b4    00000008     smartrf_settings_predefined.obj (.text:rf_patch_cpe_sl_longrange)
                  0000b4bc    00000008     drivers_cc13x0.aem3 : UARTCC26XX.oem3 (.text:writeSemCallback)
                  0000b4c4    00000006                         : ADCCC26XX.oem3 (.text:ADCCC26XX_control)
                  0000b4ca    00000006     dpl_cc13x0.aem3 : ClockP_tirtos.oem3 (.text:ClockP_Params_init)
                  0000b4d0    00000006     drivers_cc13x0.aem3 : I2CCC26XX.oem3 (.text:I2CCC26XX_control)
                  0000b4d6    00000006     driverlib.lib : cpu.obj (.text:NOROM_CPUdelay)
                  0000b4dc    00000006     drivers_cc13x0.aem3 : UARTCC26XX.oem3 (.text:UARTCC26XX_readPolling)
                  0000b4e2    00000006                         : UARTCC26XX.oem3 (.text:UARTCC26XX_writePolling)
                  0000b4e8    00000006                         : WatchdogCC26XX.oem3 (.text:WatchdogCC26XX_control)
                  0000b4ee    00000006     rf_multiMode_cc13x0.aem3 : RFCC26XX_multiMode.oem3 (.text:clkReqAccessFxn)
                  0000b4f4    00000006     rom_sysbios.aem3 : rom_sysbios.obj (.text:ti_sysbios_family_arm_m3_Hwi_setFunc__E)
                  0000b4fa    00000004     dpl_cc13x0.aem3 : PowerCC26XX_tirtos.oem3 (.text:CPUwfi)
                  0000b4fe    00000004                     : ClockP_tirtos.oem3 (.text:ClockP_destruct)
                  0000b502    00000004                     : ClockP_tirtos.oem3 (.text:ClockP_getCpuFreq)
                  0000b506    00000004                     : ClockP_tirtos.oem3 (.text:ClockP_getTimeout)
                  0000b50a    00000004                     : ClockP_tirtos.oem3 (.text:ClockP_setTimeout)
                  0000b50e    00000004                     : ClockP_tirtos.oem3 (.text:ClockP_start)
                  0000b512    00000004                     : ClockP_tirtos.oem3 (.text:ClockP_stop)
                  0000b516    00000004                     : HwiP_tirtos.oem3 (.text:HwiP_destruct)
                  0000b51a    00000004                     : HwiP_tirtos.oem3 (.text:HwiP_disable)
                  0000b51e    00000004                     : HwiP_tirtos.oem3 (.text:HwiP_disableInterrupt)
                  0000b522    00000004                     : HwiP_tirtos.oem3 (.text:HwiP_enableInterrupt)
                  0000b526    00000004                     : HwiP_tirtos.oem3 (.text:HwiP_plug)
                  0000b52a    00000004                     : HwiP_tirtos.oem3 (.text:HwiP_post)
                  0000b52e    00000004                     : HwiP_tirtos.oem3 (.text:HwiP_setFunc)
                  0000b532    00000004     drivers_cc13x0.aem3 : List.oem3 (.text:List_head)
                  0000b536    00000004                         : List.oem3 (.text:List_next)
                  0000b53a    00000004     rf_multiMode_cc13x0.aem3 : RFCC26XX_multiMode.oem3 (.text:Q_peek)
                  0000b53e    00000004     dpl_cc13x0.aem3 : SemaphoreP_tirtos.oem3 (.text:SemaphoreP_destruct)
                  0000b542    00000004                     : SemaphoreP_tirtos.oem3 (.text:SemaphoreP_post)
                  0000b546    00000004                     : SwiP_tirtos.oem3 (.text:SwiP_destruct)
                  0000b54a    00000004                     : SwiP_tirtos.oem3 (.text:SwiP_disable)
                  0000b54e    00000004                     : SwiP_tirtos.oem3 (.text:SwiP_getTrigger)
                  0000b552    00000004                     : SwiP_tirtos.oem3 (.text:SwiP_or)
                  0000b556    00000004                     : SwiP_tirtos.oem3 (.text:SwiP_post)
                  0000b55a    00000004     drivers_cc13x0.aem3 : PowerCC26XX.oem3 (.text:nopResourceHandler)
                  0000b55e    00000004     rtsv7M3_T_le_eabi.lib : error.obj (.text)
                  0000b562    00000004     rom_sysbios.aem3 : rom_sysbios.obj (.text:ti_sysbios_family_arm_cc26xx_Timer_getCount64__E)
                  0000b566    00000004                      : rom_sysbios.obj (.text:ti_sysbios_knl_Clock_isActive__E)
                  0000b56a    00000004     ti.uia.loggers.aem3 : LoggerStopMode.oem3 (.text:ti_uia_loggers_LoggerStopMode_getContents__E)
                  0000b56e    00000004     hello_pem3.oem3 (.text:ti_uia_loggers_LoggerStopMode_getFilterLevel__E)
                  0000b572    00000004     ti.uia.loggers.aem3 : LoggerStopMode.oem3 (.text:ti_uia_loggers_LoggerStopMode_getInstanceId__E)
                  0000b576    00000004                         : LoggerStopMode.oem3 (.text:ti_uia_loggers_LoggerStopMode_getMaxLength__E)
                  0000b57a    00000004                         : LoggerStopMode.oem3 (.text:ti_uia_loggers_LoggerStopMode_getPriority__E)
                  0000b57e    00000004                         : LoggerStopMode.oem3 (.text:ti_uia_loggers_LoggerStopMode_getTransferType__E)
                  0000b582    00000002     rom_sysbios.aem3 : rom_sysbios.obj (.text:ti_sysbios_knl_Clock_triggerFunc__I)
                  0000b584    00000002     hello_pem3.oem3 (.text:ti_sysbios_rom_cortexm_cc13xx_CC13xx_badRomRevision__E)
                  0000b586    00000002     hello_pem3.oem3 (.text:ti_uia_loggers_LoggerStopMode_setFilterLevel__E)
                  0000b588    00000002     ti.uia.loggers.aem3 : LoggerStopMode.oem3 (.text:ti_uia_loggers_LoggerStopMode_setPriority__E)
                  0000b58a    00000002     rom_sysbios.aem3 : rom_sysbios.obj (.text:xdc_runtime_SysCallback_defaultAbort)
                  0000b58c    00000002                      : rom_sysbios.obj (.text:xdc_runtime_SysCallback_defaultExit)
                  0000b58e    00000002     --HOLE-- [fill = 0]
                  0000b590    00000008     (.tramp.ti_sysbios_knl_Swi_destruct.1)
                  0000b598    00000008     (.tramp.ti_sysbios_knl_Semaphore_destruct.1)
                  0000b5a0    00000008     (.tramp.ti_sysbios_family_arm_m3_Hwi_plug__E.1)
                  0000b5a8    00000008     (.tramp.ti_sysbios_family_arm_m3_Hwi_enableInterrupt__E.1)
                  0000b5b0    00000008     (.tramp.ti_sysbios_family_arm_m3_Hwi_disableInterrupt__E.1)
                  0000b5b8    00000008     (.tramp.ti_sysbios_family_arm_m3_Hwi_destruct.1)
                  0000b5c0    00000008     (.tramp.ti_sysbios_BIOS_getCpuFreq__E.1)
                  0000b5c8    00000008     (.tramp.ti_sysbios_knl_Clock_destruct.1)
                  0000b5d0    00000008     (.tramp.xdc_runtime_Startup_startMods__I.1)
                  0000b5d8    00000008     (.tramp.ti_sysbios_knl_Clock_logTick__E.1)
                  0000b5e0    00000008     (.tramp.ti_sysbios_knl_Task_Params__init__S.1)
                  0000b5e8    00000008     (.tramp.xdc_runtime_Core_assignLabel__I.1)
                  0000b5f0    00000008     (.tramp.ti_sysbios_knl_Swi_post__E.1)
                  0000b5f8    00000008     (.tramp.ti_sysbios_BIOS_RtsGateProxy_leave__E.1)
                  0000b600    00000008     (.tramp.xdc_runtime_Memory_free__E.1)
                  0000b608    00000008     (.tramp.ti_sysbios_knl_Swi_construct.1)
                  0000b610    00000008     (.tramp.xdc_runtime_Core_deleteObject__I.1)
                  0000b618    00000008     (.tramp.ti_sysbios_BIOS_RtsGateProxy_enter__E.1)
                  0000b620    00000008     (.tramp.ti_sysbios_knl_Task_restore__E.1)
                  0000b628    00000008     (.tramp.ti_sysbios_knl_Clock_getTicks__E.1)
                  0000b630    00000008     (.tramp.ti_sysbios_knl_Semaphore_Params__init__S.1)
                  0000b638    00000008     (.tramp.xdc_runtime_Memory_alloc__E.1)
                  0000b640    00000008     (.tramp.xdc_runtime_Core_createObject__I.1)
                  0000b648    00000008     (.tramp.ti_sysbios_knl_Task_startup__E.1)
                  0000b650    00000008     (.tramp.ti_sysbios_knl_Swi_startup__E.1)
                  0000b658    00000008     (.tramp.ti_sysbios_hal_Hwi_startup__E.1)
                  0000b660    00000008     (.tramp.ti_sysbios_family_arm_cc26xx_Timer_startup__E.1)
                  0000b668    00000008     (.tramp.xdc_runtime_System_atexit__E.1)
                  0000b670    00000008     (.tramp.ti_sysbios_BIOS_setThreadType__E.1)
                  0000b678    00000008     (.tramp.ti_sysbios_knl_Task_disable__E.1)
                  0000b680    00000008     (.tramp.ti_sysbios_knl_Swi_disable__E.1)
                  0000b688    00000008     (.tramp.ti_sysbios_family_arm_m3_Hwi_construct.1)
                  0000b690    00000008     (.tramp.ti_sysbios_knl_Swi_Params__init__S.1)
                  0000b698    00000008     (.tramp.ti_sysbios_family_arm_m3_Hwi_Params__init__S.1)
                  0000b6a0    00000008     (.tramp.ti_sysbios_BIOS_start__E.1)
                  0000b6a8    00000008     (.tramp.xdc_runtime_System_exit__E.1)
                  0000b6b0    00000008     (.tramp.ti_sysbios_knl_Clock_Params__init__S.1)
                  0000b6b8    00000008     (.tramp.ti_sysbios_knl_Task_construct.1)
                  0000b6c0    00000008     (.tramp.ti_sysbios_heaps_HeapMem_restore__E.1)
                  0000b6c8    00000008     (.tramp.ti_sysbios_heaps_HeapMem_Object__get__S.1)
                  0000b6d0    00000008     (.tramp.xdc_runtime_Gate_leaveSystem__E.1)
                  0000b6d8    00000008     (.tramp.xdc_runtime_Gate_enterSystem__E.1)
                  0000b6e0    00000008     (.tramp.ti_sysbios_knl_Clock_construct.1)
                  0000b6e8    00000008     (.tramp.xdc_runtime_Assert_raise__I.1)
                  0000b6f0    00000008     (.tramp.ti_sysbios_knl_Clock_scheduleNextTick__E.1)
                  0000b6f8    00000008     (.tramp.ti_sysbios_knl_Clock_walkQueueDynamic__E.1)
                  0000b700    00000008     (.tramp.ti_sysbios_knl_Clock_TimerProxy_getCurrentTick__E.1)
                  0000b708    00000008     (.tramp.ti_sysbios_knl_Clock_start__E.1)
                  0000b710    00000008     (.tramp.ti_sysbios_knl_Clock_setTimeout__E.1)
                  0000b718    00000008     (.tramp.ti_sysbios_knl_Semaphore_construct.1)
                  0000b720    00000008     (.tramp.ti_sysbios_knl_Task_sleep__E.1)
                  0000b728    00000008     (.tramp.xdc_runtime_Timestamp_get64__E.1)
                  0000b730    00000008     (.tramp.ti_sysbios_family_arm_m3_Hwi_disableFxn__E.1)
                  0000b738    00000008     (.tramp.ti_sysbios_knl_Swi_restore__E.1)
                  0000b740    00000008     (.tramp.ti_sysbios_knl_Semaphore_create.1)
                  0000b748    00000008     (.tramp.ti_sysbios_knl_Semaphore_post__E.1)
                  0000b750    00000008     (.tramp.ti_sysbios_knl_Semaphore_pend__E.1)
                  0000b758    00000008     (.tramp.ti_sysbios_family_arm_m3_Hwi_restoreFxn__E.1)

.const     0    0000b760    00004897     
                  0000b760    0000073c     smartrf_settings_predefined.obj (.const:patchGenookMce)
                  0000be9c    000006b4     smartrf_settings.obj (.const:patchGenfskRfe)
                  0000c550    000006b4     smartrf_settings_predefined.obj (.const:patchGenfskRfe)
                  0000cc04    000006b4     smartrf_settings_predefined.obj (.const:patchLrmRfe)
                  0000d2b8    000006b4     smartrf_settings_predefined.obj (.const:patchSl_longrangeRfe)
                  0000d96c    000006a4     smartrf_settings_predefined.obj (.const:patchGenookRfe)
                  0000e010    00000504     smartrf_settings_predefined.obj (.const:patchHsp4mbpsRfe)
                  0000e514    00000400     smartrf_settings_predefined.obj (.const:patchSl_longrangeMce)
                  0000e914    000003f0     smartrf_settings_predefined.obj (.const:patchHsp4mbpsMce)
                  0000ed04    000002b0     smartrf_settings.obj (.const:patchImageGenfsk)
                  0000efb4    000002b0     smartrf_settings_predefined.obj (.const:patchImageGenfsk)
                  0000f264    000002b0     smartrf_settings_predefined.obj (.const:patchImageGenook)
                  0000f514    000002b0     smartrf_settings_predefined.obj (.const:patchImageLrm)
                  0000f7c4    000002b0     smartrf_settings_predefined.obj (.const:patchImageSl_longrange)
                  0000fa74    00000090     main.obj (.const:$P$T1$2)
                  0000fb04    00000084     CC1310_LAUNCHXL.obj (.const:ADC_config)
                  0000fb88    00000060     hello_pem3.oem3 (.const:ti_uia_loggers_LoggerStopMode_Module__FXNS__C)
                  0000fbe8    0000004d     CC1310_LAUNCHXL.obj (.const:adcCC26xxHWAttrs)
                  0000fc35    00000001     smartrf_settings_predefined.obj (.const)
                  0000fc36    0000004c     drivers_cc13x0.aem3 : PowerCC26XX.oem3 (.const:resourceDB)
                  0000fc82    00000002     hello_pem3.oem3 (.const:ti_uia_loggers_LoggerStopMode_Module__id__C)
                  0000fc84    00000048     hello_pem3.oem3 (.const:.string)
                  0000fccc    00000040     drivers_cc13x0.aem3 : UARTCC26XX.oem3 (.const:$O1$$)
                  0000fd0c    00000040     smartrf_settings_predefined.obj (.const:rfPowerTable)
                  0000fd4c    0000002c     CC1310_LAUNCHXL.obj (.const:BoardGpioInitTable)
                  0000fd78    0000002c     hello_pem3.oem3 (.const:xdc_runtime_Startup_sfxnTab__A)
                  0000fda4    00000028     drivers_cc13x0.aem3 : UARTCC26XX.oem3 (.const:UARTCC26XX_fxnTable)
                  0000fdcc    00000028     hello_pem3.oem3 (.const:ti_uia_loggers_LoggerStopMode_Object__PARAMS__C)
                  0000fdf4    00000024     drivers_cc13x0.aem3 : UART.oem3 (.const:UART_defaultParams)
                  0000fe18    00000020     hello_pem3.oem3 (.const:ti_uia_loggers_LoggerStopMode_Object__DESC__C)
                  0000fe38    00000020     CC1310_LAUNCHXL.obj (.const:uartCC26XXHWAttrs)
                  0000fe58    0000001c     rf_multiMode_cc13x0.aem3 : RFCC26XX_multiMode.oem3 (.const:RF_defaultParams)
                  0000fe74    0000001c     drivers_cc13x0.aem3 : WatchdogCC26XX.oem3 (.const:WatchdogCC26XX_fxnTable)
                  0000fe90    00000018     EasyLink.obj (.const:$P$T0$3)
                  0000fea8    00000018     drivers_cc13x0.aem3 : ADCCC26XX.oem3 (.const:ADCCC26XX_fxnTable)
                  0000fec0    00000018                         : I2CCC26XX.oem3 (.const:I2CCC26XX_fxnTable)
                  0000fed8    00000018     CC1310_LAUNCHXL.obj (.const:i2cCC26xxHWAttrs)
                  0000fef0    00000018     driverlib.lib : rfc.obj (.const:rfc_defaultIrqAddr)
                  0000ff08    00000016     hello_pem3.oem3 (.const:xdc_runtime_Startup_sfxnRts__A)
                  0000ff1e    00000002     hello_pem3.oem3 (.const:ti_uia_loggers_LoggerStopMode_isTimestampEnabled__C)
                  0000ff20    00000010     drivers_cc13x0.aem3 : I2C.oem3 (.const:I2C_defaultParams)
                  0000ff30    00000010     CC1310_LAUNCHXL.obj (.const:PowerCC26XX_config)
                  0000ff40    0000000c     CC1310_LAUNCHXL.obj (.const:I2C_config)
                  0000ff4c    0000000c     CC1310_LAUNCHXL.obj (.const:UART_config)
                  0000ff58    0000000c     CC1310_LAUNCHXL.obj (.const:Watchdog_config)
                  0000ff64    0000000c     drivers_cc13x0.aem3 : Watchdog.oem3 (.const:Watchdog_defaultParams)
                  0000ff70    0000000c     hello_pem3.oem3 (.const:xdc_runtime_Startup_firstFxns__A)
                  0000ff7c    00000009     CC1310_LAUNCHXL.obj (.const)
                  0000ff85    00000003     main.obj (.const:.string:$P$T0$1)
                  0000ff88    00000008     drivers_cc13x0.aem3 : ADC.oem3 (.const:ADC_defaultParams)
                  0000ff90    00000008     CC1310_LAUNCHXL.obj (.const:PINCC26XX_hwAttrs)
                  0000ff98    00000008     drivers_cc13x0.aem3 : I2CCC26XX.oem3 (.const:bitRate)
                  0000ffa0    00000008     CC1310_LAUNCHXL.obj (.const:watchdogCC26XXHWAttrs)
                  0000ffa8    00000004     EasyLink.obj (.const:$P$T1$4)
                  0000ffac    00000004     CC1310_LAUNCHXL.obj (.const:RFCC26XX_hwAttrs)
                  0000ffb0    00000004     hello_pem3.oem3 (.const:ti_sysbios_family_arm_m3_Hwi_swiDisable__C)
                  0000ffb4    00000004     hello_pem3.oem3 (.const:ti_sysbios_family_arm_m3_Hwi_swiRestoreHwi__C)
                  0000ffb8    00000004     hello_pem3.oem3 (.const:ti_sysbios_heaps_HeapMem_primaryHeapBaseAddr__C)
                  0000ffbc    00000004     hello_pem3.oem3 (.const:ti_sysbios_heaps_HeapMem_primaryHeapEndAddr__C)
                  0000ffc0    00000004     hello_pem3.oem3 (.const:ti_sysbios_knl_Clock_tickPeriod__C)
                  0000ffc4    00000004     hello_pem3.oem3 (.const:ti_sysbios_knl_Clock_triggerClock__C)
                  0000ffc8    00000004     hello_pem3.oem3 (.const:ti_sysbios_knl_Idle_funcList__A)
                  0000ffcc    00000004     hello_pem3.oem3 (.const:ti_uia_loggers_LoggerStopMode_Module__diagsEnabled__C)
                  0000ffd0    00000004     hello_pem3.oem3 (.const:ti_uia_loggers_LoggerStopMode_Module__diagsIncluded__C)
                  0000ffd4    00000004     hello_pem3.oem3 (.const:ti_uia_loggers_LoggerStopMode_Module__diagsMask__C)
                  0000ffd8    00000004     hello_pem3.oem3 (.const:ti_uia_loggers_LoggerStopMode_Object__count__C)
                  0000ffdc    00000004     hello_pem3.oem3 (.const:ti_uia_runtime_ILoggerSnapshot_Interface__BASE__C)
                  0000ffe0    00000004     hello_pem3.oem3 (.const:ti_uia_runtime_IUIATransfer_Interface__BASE__C)
                  0000ffe4    00000004     hello_pem3.oem3 (.const:xdc_runtime_IFilterLogger_Interface__BASE__C)
                  0000ffe8    00000004     hello_pem3.oem3 (.const:xdc_runtime_ILogger_Interface__BASE__C)
                  0000ffec    00000004     hello_pem3.oem3 (.const:xdc_runtime_SysMin_bufSize__C)
                  0000fff0    00000004     hello_pem3.oem3 (.const:xdc_runtime_SysMin_outputFunc__C)
                  0000fff4    00000002     hello_pem3.oem3 (.const:xdc_runtime_SysMin_flushAtExit__C)
                  0000fff6    00000001     hello_pem3.oem3 (.const:xdc_runtime_Text_charTab__A)

.cinit     0    00000040    00000490     
                  00000040    00000358     (.cinit..data.load) [load image, compression = lzss]
                  00000398    00000026     (.cinit..data:ti_sysbios_family_arm_m3_Hwi_Module__state__V.load) [load image, compression = lzss]
                  000003be    00000021     (.cinit..data:ti_sysbios_knl_Task_Module__state__V.load) [load image, compression = lzss]
                  000003df    0000001f     (.cinit..data:ti_sysbios_BIOS_Module__state__V.load) [load image, compression = lzss]
                  000003fe    0000001e     (.cinit..data:ti_sysbios_knl_Clock_Module__state__V.load) [load image, compression = lzss]
                  0000041c    00000010     (.cinit..data:ti_sysbios_knl_Swi_Module__state__V.load) [load image, compression = lzss]
                  0000042c    0000000c     (__TI_handler_table)
                  00000438    0000000b     (.cinit..data:ti_sysbios_family_arm_cc26xx_Timer_Module__state__V.load) [load image, compression = lzss]
                  00000443    0000000b     (.cinit..data:xdc_runtime_System_Module__state__V.load) [load image, compression = lzss]
                  0000044e    00000002     --HOLE-- [fill = 0]
                  00000450    00000008     (.cinit..bss.load) [load image, compression = zero_init]
                  00000458    00000008     (.cinit..data:xdc_runtime_Memory_Module__state__V.load) [load image, compression = lzss]
                  00000460    00000007     (.cinit..data:ti_sysbios_family_arm_cc26xx_TimestampProvider_Module__state__V.load) [load image, compression = lzss]
                  00000467    00000007     (.cinit..data:xdc_runtime_Startup_Module__state__V.load) [load image, compression = lzss]
                  0000046e    00000002     --HOLE-- [fill = 0]
                  00000470    00000060     (__TI_cinit_table)

.init_array 
*          0    00000000    00000000     UNINITIALIZED

.const:ti_sysbios_knl_Task_Object__PARAMS__C 
*          0    00001000    0000003c     
                  00001000    0000003c     hello_pem3.oem3 (.const:ti_sysbios_knl_Task_Object__PARAMS__C)

.const:ti_sysbios_knl_Mailbox_Object__PARAMS__C 
*          0    0000103c    00000034     
                  0000103c    00000034     hello_pem3.oem3 (.const:ti_sysbios_knl_Mailbox_Object__PARAMS__C)

.const:ti_sysbios_family_arm_m3_Hwi_Object__PARAMS__C 
*          0    00001070    00000030     
                  00001070    00000030     hello_pem3.oem3 (.const:ti_sysbios_family_arm_m3_Hwi_Object__PARAMS__C)

.const:ti_sysbios_hal_Hwi_Object__PARAMS__C 
*          0    000010a0    0000002c     
                  000010a0    0000002c     hello_pem3.oem3 (.const:ti_sysbios_hal_Hwi_Object__PARAMS__C)

.const:ti_sysbios_heaps_HeapMem_Module__FXNS__C 
*          0    000010cc    00000028     
                  000010cc    00000028     hello_pem3.oem3 (.const:ti_sysbios_heaps_HeapMem_Module__FXNS__C)

.const:ti_sysbios_knl_Swi_Object__PARAMS__C 
*          0    000010f4    00000028     
                  000010f4    00000028     hello_pem3.oem3 (.const:ti_sysbios_knl_Swi_Object__PARAMS__C)

.const:ti_sysbios_gates_GateHwi_Module__FXNS__C 
*          0    0000111c    00000024     
                  0000111c    00000024     hello_pem3.oem3 (.const:ti_sysbios_gates_GateHwi_Module__FXNS__C)

.const:ti_sysbios_gates_GateMutex_Module__FXNS__C 
*          0    00001140    00000024     
                  00001140    00000024     hello_pem3.oem3 (.const:ti_sysbios_gates_GateMutex_Module__FXNS__C)

.const:ti_sysbios_heaps_HeapMem_Object__PARAMS__C 
*          0    00001164    00000024     
                  00001164    00000024     hello_pem3.oem3 (.const:ti_sysbios_heaps_HeapMem_Object__PARAMS__C)

.const:ti_sysbios_knl_Clock_Object__PARAMS__C 
*          0    00001188    00000024     
                  00001188    00000024     hello_pem3.oem3 (.const:ti_sysbios_knl_Clock_Object__PARAMS__C)

.const:ti_sysbios_knl_Semaphore_Object__PARAMS__C 
*          0    000011ac    00000024     
                  000011ac    00000024     hello_pem3.oem3 (.const:ti_sysbios_knl_Semaphore_Object__PARAMS__C)

.const:ti_sysbios_family_arm_m3_Hwi_Object__DESC__C 
*          0    000011d0    00000020     
                  000011d0    00000020     hello_pem3.oem3 (.const:ti_sysbios_family_arm_m3_Hwi_Object__DESC__C)

.const:ti_sysbios_gates_GateHwi_Object__DESC__C 
*          0    000011f0    00000020     
                  000011f0    00000020     hello_pem3.oem3 (.const:ti_sysbios_gates_GateHwi_Object__DESC__C)

.const:ti_sysbios_gates_GateMutex_Object__DESC__C 
*          0    00001210    00000020     
                  00001210    00000020     hello_pem3.oem3 (.const:ti_sysbios_gates_GateMutex_Object__DESC__C)

.const:ti_sysbios_hal_Hwi_Object__DESC__C 
*          0    00001230    00000020     
                  00001230    00000020     hello_pem3.oem3 (.const:ti_sysbios_hal_Hwi_Object__DESC__C)

.const:ti_sysbios_heaps_HeapMem_Object__DESC__C 
*          0    00001250    00000020     
[...]
1001c88d  xdc_runtime_System_Module_GateProxy_enter__E                              
1001c891  xdc_runtime_System_Module_GateProxy_leave__E                              
1001c895  xdc_runtime_System_abortSpin__E                                           
1001c897  xdc_runtime_System_exitSpin__E                                            
1001c899  ti_sysbios_family_arm_m3_Hwi_dispatch__I                                  
1001c969  ti_sysbios_family_arm_m3_TaskSupport_buildTaskStack                       
1001c9b5  ti_sysbios_family_arm_m3_Hwi_initStacks__E                                
1001c9fd  ti_sysbios_family_arm_m3_Hwi_excHandlerAsm__I                             
1001ca1d  ti_sysbios_family_xxx_Hwi_switchAndRunFunc                                
1001ca3b  ti_sysbios_family_arm_m3_Hwi_pendSV__I                                    
1001ca53  ti_sysbios_family_arm_m3_Hwi_return                                       
1001ca55  ti_sysbios_family_arm_m3_TaskSupport_glue                                 
1001ca65  ti_sysbios_family_arm_m3_TaskSupport_swap__E                              
1001ca6d  ti_sysbios_knl_Task_swapReturn                                            
1001ca97  ti_sysbios_rom_cortexm_cc13xx_CC13xx_getRevision__E                       
20000000  ti_sysbios_family_arm_m3_Hwi_ramVectors                                   
20000100  ti_sysbios_knl_Task_Module__state__V                                      
20000144  ti_sysbios_family_arm_m3_Hwi_Module__state__V                             
20000178  ti_sysbios_knl_Clock_Module__state__V                                     
200001a4  ti_sysbios_BIOS_Module__state__V                                          
200001c8  ti_sysbios_knl_Swi_Module__state__V                                       
200001e4  ti_sysbios_family_arm_cc26xx_Timer_Module__state__V                       
200001ec  ti_sysbios_family_arm_cc26xx_TimestampProvider_Module__state__V           
200001f0  xdc_runtime_Startup_Module__state__V                                      
200001f8  xdc_runtime_System_Module__state__V                                       
20000200  xdc_runtime_Memory_Module__state__V                                       
20000680  ti_uia_loggers_LoggerStopMode_Instance_State_0_packetArray__A             
20000a80  ti_uia_loggers_LoggerStopMode_Instance_State_1_packetArray__A             
2000140c  xdc_runtime_SysMin_Module_State_0_outbuf__A                               
20001f40  uartCC26XXObjects                                                         
2000206c  __CIOBUF_                                                                 
2000218c  PIN_NumPins                                                               
20002220  PIN_HandleTable                                                           
2000229c  i2cCC26xxObjects                                                          
2000237c  adcCC26xxObjects                                                          
20002520  ti_sysbios_family_arm_m3_Hwi_dispatchTable                                
200027a4  accelTask                                                                 
200027f4  adcTask                                                                   
20002844  gpsTask                                                                   
20002894  gyroTask                                                                  
200028e4  magTask                                                                   
20002934  rxBeaconTask                                                              
20002984  rxRestartTask                                                             
200029d4  txDataTask                                                                
20002a7c  ClockP_tickPeriod                                                         
20002a80  ti_uia_loggers_LoggerStopMode_Instance_State_0_hdr__A                     
20002ad8  watchdogCC26XXObjects                                                     
20002b00  ti_uia_loggers_LoggerStopMode_Instance_State_1_hdr__A                     
20002b30  settings                                                                  
20002b58  clk0Struct                                                                
20002b7c  clk1Struct                                                                
20002ba0  uartParams                                                                
20002cdc  i2cTransaction                                                            
20002d3c  Connections                                                               
20002d70  i2cParams                                                                 
20002d98  aBias                                                                     
20002da4  gBias                                                                     
20002db0  mBias                                                                     
20002dbc  PowerCC26XX_taskKey                                                       
20002dc0  PowerCC26XX_swiKey                                                        
20002ddc  aBiasRaw                                                                  
20002de4  gBiasRaw                                                                  
20002dec  mBiasRaw                                                                  
20002df4  params                                                                    
20002dfc  aRes                                                                      
20002e00  adc0                                                                      
20002e04  adc1                                                                      
20002e08  adcValue0MicroVolt                                                        
20002e0c  adcValue1MicroVolt                                                        
20002e10  gRes                                                                      
20002e14  i2c                                                                       
20002e18  mRes                                                                      
20002e1c  uart                                                                      
20002e20  watchdogHandle                                                            
20002e26  adcValue0                                                                 
20002e28  adcValue1                                                                 
20002e2a  ax                                                                        
20002e2c  ay                                                                        
20002e2e  az                                                                        
20002e30  gx                                                                        
20002e32  gy                                                                        
20002e34  gz                                                                        
20002e36  mx                                                                        
20002e38  my                                                                        
20002e3a  mz                                                                        
20002e3c  _autoCalc                                                                 
20002e3d  _mAddress                                                                 
20002e3e  _xgAddress                                                                
20002e3f  driverlib_release_0_48919                                                 
20002e40  __primary_heap_start__                                                    
20003e40  PowerCC26XX_module                                                        
20003e40  __primary_heap_end__                                                      
20003f54  globalPacket                                                              
20003fec  pOverrides_sl_lr                                                          
20004054  ti_uia_loggers_LoggerStopMode_Object__table__V                            
200040bc  pOverrides_hsm                                                            
2000411c  pOverrides_lrm                                                            
20004178  pOverrides_ook                                                            
2000422c  pOverrides_fsk                                                            
20004284  main_func_sp                                                              
20004288  ti_sysbios_family_arm_cc26xx_Timer_Object__table__V                       
200042d0  RF_pProp_fsk                                                              
200042d4  RF_pProp_lrm                                                              
200042d8  RF_pProp_ook                                                              
200042dc  RF_pProp_hsm                                                              
200042e0  RF_pProp_sl_lr                                                            
200042e4  RF_pProp_2_4G_fsk                                                         
200042e8  RF_pCmdPropRadioDivSetup_fsk                                              
200042ec  RF_pCmdPropRadioDivSetup_lrm                                              
200042f0  RF_pCmdPropRadioDivSetup_ook                                              
200042f4  RF_pCmdRadioSetup_hsm                                                     
200042f8  RF_pCmdPropRadioDivSetup_sl_lr                                            
200042fc  RF_pCmdPropRadioSetup_2_4G_fsk                                            
20004300  RF_pCmdTxHS                                                               
20004304  RF_pCmdRxHS                                                               
20004308  RF_pCmdFs_preDef                                                          
2000430c  RF_pCmdPropTx_preDef                                                      
20004310  RF_pCmdPropRxAdv_preDef                                                   
20004314  ti_sysbios_gates_GateMutex_Object__table__V                               
2000434c  RF_cmdPropRxAdv_preDef                                                    
2000437c  goodToGo                                                                  
20004380  GPSorRX                                                                   
20004384  pwmPeriod                                                                 
20004386  pwmduty                                                                   
20004388  pwmdutyInc                                                                
2000438c  pwmtime                                                                   
20004390  pwm1                                                                      
20004394  pwm2                                                                      
20004398  bytesRead                                                                 
2000439c  numConnections                                                            
200043a0  AXN                                                                       
200043a4  AYN                                                                       
200043a8  AZN                                                                       
200043ac  ti_sysbios_knl_Swi_Module_State_0_readyQ__A                               
200043dc  ti_sysbios_knl_Swi_Object__table__V                                       
2000440c  ti_sysbios_knl_Task_Module_State_0_readyQ__A                              
2000443c  RF_cmdPropRadioDivSetup                                                   
20004464  RF_cmdPropRadioDivSetup_fsk                                               
2000448c  RF_cmdPropRadioDivSetup_lrm                                               
200044b4  RF_cmdPropRadioDivSetup_ook                                               
200044dc  RF_cmdPropRadioDivSetup_sl_lr                                             
20004504  RF_cmdRxHS                                                                
20004548  pinTable                                                                  
20004568  ti_sysbios_knl_Clock_Object__table__V                                     
20004588  xdc_runtime_Error_IgnoreBlock                                             
200045a8  RF_cmdFs                                                                  
200045c0  RF_cmdFs_preDef                                                           
200045d8  RF_cmdPropTx                                                              
200045f0  RF_cmdPropTx_preDef                                                       
20004608  RF_cmdRadioSetup_hsm                                                      
20004638  shapeovr                                                                  
20004650  ti_sysbios_family_arm_m3_Hwi_Object__table__V                             
20004668  ti_sysbios_heaps_HeapMem_Object__table__V                                 
20004680  RF_cmdTxHS                                                                
200046a4  RF_prop                                                                   
200046b4  RF_prop_fsk                                                               
200046c4  RF_prop_hsm                                                               
200046d4  RF_prop_lrm                                                               
200046e4  RF_prop_ook                                                               
200046f4  RF_prop_sl_lr                                                             
20004712  ti_sysbios_family_arm_m3_Hwi_Module_State_0_excActive__A                  
20004714  __TI_cleanup_ptr                                                          
20004718  __TI_dtors_ptr                                                            
2000471c  __TI_enable_exit_profile_output                                           
20004720  ti_sysbios_knl_Task_Module__root__V                                       
2000472c  ti_uia_runtime_QueueDescriptor_Module__state__V                           
20004738  xdc_runtime_SysMin_Module__state__V                                       
20004744  _lock                                                                     
20004748  _unlock                                                                   
2000474c  ti_uia_runtime_QueueDescriptor_gPtrToFirstDescriptor                      
20004750  ti_uia_runtime_QueueDescriptor_gUpdateCount                               
20004754  ti_sysbios_family_arm_m3_Hwi_Module__root__V                              
2000475c  ti_sysbios_gates_GateHwi_Module__root__V                                  
20004764  ti_sysbios_gates_GateMutex_Module__root__V                                
2000476c  ti_sysbios_hal_Hwi_Module__root__V                                        
20004774  ti_sysbios_heaps_HeapMem_Module__root__V                                  
2000477c  ti_sysbios_knl_Clock_Module__root__V                                      
20004784  ti_sysbios_knl_Mailbox_Module__root__V                                    
2000478c  ti_sysbios_knl_Queue_Module__root__V                                      
20004794  ti_sysbios_knl_Semaphore_Module__root__V                                  
2000479c  ti_sysbios_knl_Swi_Module__root__V                                        
200047a4  ti_uia_loggers_LoggerStopMode_Module__root__V                             
200047ac  xdc_runtime_System_Module_State_0_atexitHandlers__A                       
200047b4  ti_sysbios_family_arm_m3_Hwi_Module_State_0_excContext__A                 
200047b8  ti_sysbios_family_arm_m3_Hwi_Module_State_0_excStack__A                   
200047bc  ti_sysbios_knl_Task_Module_State_0_idleTask__A                            
200047c0  xdc_runtime_Main_Module__root__V                                          
20004c00  __stack                                                                   
20005000  __STACK_END                                                               
e000e000  ti_sysbios_family_arm_m3_Hwi_nvic                                         
ffffffff  __TI_pprof_out_hndl                                                       
ffffffff  __TI_prof_data_size                                                       
ffffffff  __TI_prof_data_start                                                      
ffffffff  __binit__                                                                 
ffffffff  __c_args__                                                                
ffffffff  binit                                                                     
UNDEFED   ClockP_getSystemTicks                                                     
UNDEFED   HwiP_restore                                                              
UNDEFED   SHT$$INIT_ARRAY$$Base                                                     
UNDEFED   SHT$$INIT_ARRAY$$Limit                                                    
UNDEFED   SwiP_restore                                                              
UNDEFED   ti_sysbios_BIOS_RtsGateProxy_Handle__label__S__mangled__                  
UNDEFED   ti_sysbios_BIOS_RtsGateProxy_Params__init__S__mangled__                   
UNDEFED   ti_sysbios_BIOS_RtsGateProxy_query__E__mangled__                          
UNDEFED   ti_sysbios_hal_Hwi_HwiProxy_Module__startupDone__S__mangled__             
UNDEFED   ti_sysbios_hal_Hwi_HwiProxy_Params__init__S__mangled__                    
UNDEFED   ti_sysbios_hal_Hwi_HwiProxy_disableInterrupt__E__mangled__                
UNDEFED   ti_sysbios_hal_Hwi_HwiProxy_enableInterrupt__E__mangled__                 
UNDEFED   ti_sysbios_hal_Hwi_HwiProxy_getStackInfo__E__mangled__                    
UNDEFED   ti_sysbios_hal_Hwi_HwiProxy_startup__E__mangled__                         
UNDEFED   ti_sysbios_hal_Hwi_HwiProxy_switchFromBootStack__E__mangled__             
UNDEFED   ti_sysbios_hal_Hwi_disableInterrupt__E                                    
UNDEFED   ti_sysbios_hal_Hwi_enableInterrupt__E                                     
UNDEFED   ti_sysbios_hal_Hwi_getStackInfo__E                                        
UNDEFED   ti_sysbios_hal_Hwi_startup__E                                             
UNDEFED   ti_sysbios_hal_Hwi_switchFromBootStack__E                                 
UNDEFED   ti_sysbios_heaps_HeapMem_Module_GateProxy_Handle__label__S__mangled__     
UNDEFED   ti_sysbios_heaps_HeapMem_Module_GateProxy_Params__init__S__mangled__      
UNDEFED   ti_sysbios_heaps_HeapMem_Module_GateProxy_query__E__mangled__             
UNDEFED   ti_sysbios_knl_Clock_TimerProxy_Module__startupDone__S__mangled__         
UNDEFED   ti_sysbios_knl_Clock_TimerProxy_startup__E__mangled__                     
UNDEFED   ti_sysbios_knl_Task_SupportProxy_Module__startupDone__S__mangled__        
UNDEFED   ti_sysbios_knl_Task_SupportProxy_getStackAlignment__E__mangled__          
UNDEFED   ti_sysbios_knl_Task_SupportProxy_start__E__mangled__                      
UNDEFED   ti_sysbios_knl_Task_SupportProxy_swap__E__mangled__                       
UNDEFED   xdc_runtime_Main_Module_GateProxy_Handle__label__S                        
UNDEFED   xdc_runtime_Main_Module_GateProxy_query__E                                
UNDEFED   xdc_runtime_Memory_HeapProxy_Handle__label__S__mangled__                  
UNDEFED   xdc_runtime_System_Module_GateProxy_Handle__label__S__mangled__           
UNDEFED   xdc_runtime_System_Module_GateProxy_query__E__mangled__                   
UNDEFED   xdc_runtime_Timestamp_SupportProxy_get64__E__mangled__                    
UNDEFED   xdc_runtime_Timestamp_SupportProxy_getFreq__E__mangled__                  
UNDEFED   xdc_runtime_Timestamp_get32__E                                            
UNDEFED   xdc_runtime_Timestamp_get64__E                                            
UNDEFED   xdc_runtime_Timestamp_getFreq__E                                          

[1099 symbols]
