******************************************************************************
                  TI ARM Linker Unix v18.1.4                   
******************************************************************************
>> Linked Fri Jan 11 10:17:07 2019

OUTPUT FILE NAME:   <Sprite.out>
ENTRY POINT SYMBOL: "ResetISR"  address: 0000a5f5


MEMORY CONFIGURATION

         name            origin    length      used     unused   attr    fill
----------------------  --------  ---------  --------  --------  ----  --------
  FLASH                 00000000   00020000  00010571  0000fa8f  R  X
  SRAM                  20000000   00005000  000047cb  00000835  RW X


SEGMENT ALLOCATION MAP

run origin  load origin   length   init length attrs members
----------  ----------- ---------- ----------- ----- -------
00000000    00000000    00000508   00000508    r--
  00000000    00000000    0000003c   0000003c    r-- .resetVecs
  00000040    00000040    000004c8   000004c8    r-- .cinit
00001000    00001000    00010021   00010021    r-x
  00001000    00001000    0000003c   0000003c    r-- .const:ti_sysbios_knl_Task_Object__PARAMS__C
  0000103c    0000103c    00000034   00000034    r-- .const:ti_sysbios_knl_Mailbox_Object__PARAMS__C
  00001070    00001070    00000030   00000030    r-- .const:ti_sysbios_family_arm_m3_Hwi_Object__PARAMS__C
  000010a0    000010a0    0000002c   0000002c    r-- .const:ti_sysbios_hal_Hwi_Object__PARAMS__C
  000010cc    000010cc    00000028   00000028    r-- .const:ti_sysbios_heaps_HeapMem_Module__FXNS__C
  000010f4    000010f4    00000028   00000028    r-- .const:ti_sysbios_knl_Swi_Object__PARAMS__C
  0000111c    0000111c    00000024   00000024    r-- .const:ti_sysbios_gates_GateHwi_Module__FXNS__C
  00001140    00001140    00000024   00000024    r-- .const:ti_sysbios_gates_GateMutex_Module__FXNS__C
  00001164    00001164    00000024   00000024    r-- .const:ti_sysbios_heaps_HeapMem_Object__PARAMS__C
  00001188    00001188    00000024   00000024    r-- .const:ti_sysbios_knl_Clock_Object__PARAMS__C
  000011ac    000011ac    00000024   00000024    r-- .const:ti_sysbios_knl_Semaphore_Object__PARAMS__C
  000011d0    000011d0    00000020   00000020    r-- .const:ti_sysbios_family_arm_m3_Hwi_Object__DESC__C
  000011f0    000011f0    00000020   00000020    r-- .const:ti_sysbios_gates_GateHwi_Object__DESC__C
  00001210    00001210    00000020   00000020    r-- .const:ti_sysbios_gates_GateMutex_Object__DESC__C
  00001230    00001230    00000020   00000020    r-- .const:ti_sysbios_hal_Hwi_Object__DESC__C
  00001250    00001250    00000020   00000020    r-- .const:ti_sysbios_heaps_HeapMem_Object__DESC__C
  00001270    00001270    00000020   00000020    r-- .const:ti_sysbios_knl_Clock_Object__DESC__C
  00001290    00001290    00000020   00000020    r-- .const:ti_sysbios_knl_Mailbox_Object__DESC__C
  000012b0    000012b0    00000020   00000020    r-- .const:ti_sysbios_knl_Queue_Object__DESC__C
  000012d0    000012d0    00000020   00000020    r-- .const:ti_sysbios_knl_Semaphore_Object__DESC__C
  000012f0    000012f0    00000020   00000020    r-- .const:ti_sysbios_knl_Swi_Object__DESC__C
  00001310    00001310    00000020   00000020    r-- .const:ti_sysbios_knl_Task_Object__DESC__C
  00001330    00001330    00000018   00000018    r-- .const:ti_sysbios_gates_GateHwi_Object__PARAMS__C
  00001348    00001348    00000018   00000018    r-- .const:ti_sysbios_gates_GateMutex_Object__PARAMS__C
  00001360    00001360    00000018   00000018    r-- .const:ti_sysbios_knl_Queue_Object__PARAMS__C
  00001378    00001378    00000008   00000008    r-- .const:ti_sysbios_knl_Idle_funcList__C
  00001384    00001384    00000004   00000004    r-- .const:ti_sysbios_family_arm_cc26xx_Timer_startupNeeded__C
  00001388    00001388    00000004   00000004    r-- .const:ti_sysbios_family_arm_m3_Hwi_E_alreadyDefined__C
  0000138c    0000138c    00000004   00000004    r-- .const:ti_sysbios_family_arm_m3_Hwi_E_hwiLimitExceeded__C
  00001390    00001390    00000004   00000004    r-- .const:ti_sysbios_family_arm_m3_Hwi_NUM_INTERRUPTS__C
  00001394    00001394    00000004   00000004    r-- .const:ti_sysbios_family_arm_m3_Hwi_Object__count__C
  00001398    00001398    00000004   00000004    r-- .const:ti_sysbios_family_arm_m3_Hwi_Object__table__C
  0000139c    0000139c    00000004   00000004    r-- .const:ti_sysbios_family_arm_m3_Hwi_ccr__C
  000013a0    000013a0    00000004   00000004    r-- .const:ti_sysbios_family_arm_m3_Hwi_excHandlerFunc__C
  000013a4    000013a4    00000004   00000004    r-- .const:ti_sysbios_family_arm_m3_Hwi_nullIsrFunc__C
  000013a8    000013a8    00000004   00000004    r-- .const:ti_sysbios_family_arm_m3_Hwi_numSparseInterrupts__C
  000013ac    000013ac    00000004   00000004    r-- .const:ti_sysbios_family_arm_m3_Hwi_priGroup__C
  000013b0    000013b0    00000004   00000004    r-- .const:ti_sysbios_family_arm_m3_TaskSupport_stackAlignment__C
  000013b4    000013b4    00000004   00000004    r-- .const:ti_sysbios_heaps_HeapMem_E_memory__C
  000013b8    000013b8    00000004   00000004    r-- .const:ti_sysbios_heaps_HeapMem_Module__gateObj__C
  000013bc    000013bc    00000004   00000004    r-- .const:ti_sysbios_heaps_HeapMem_Object__count__C
  000013c0    000013c0    00000004   00000004    r-- .const:ti_sysbios_heaps_HeapMem_Object__table__C
  000013c4    000013c4    00000004   00000004    r-- .const:ti_sysbios_heaps_HeapMem_reqAlign__C
  000013c8    000013c8    00000004   00000004    r-- .const:ti_sysbios_knl_Clock_serviceMargin__C
  000013cc    000013cc    00000004   00000004    r-- .const:ti_sysbios_knl_Mailbox_Object__count__C
  000013d0    000013d0    00000004   00000004    r-- .const:ti_sysbios_knl_Mailbox_Object__table__C
  000013d4    000013d4    00000004   00000004    r-- .const:ti_sysbios_knl_Mailbox_maxTypeAlign__C
  000013d8    000013d8    00000004   00000004    r-- .const:ti_sysbios_knl_Queue_Object__count__C
  000013dc    000013dc    00000004   00000004    r-- .const:ti_sysbios_knl_Queue_Object__table__C
  000013e0    000013e0    00000004   00000004    r-- .const:ti_sysbios_knl_Swi_Object__count__C
  000013e4    000013e4    00000004   00000004    r-- .const:ti_sysbios_knl_Swi_Object__table__C
  000013e8    000013e8    00000004   00000004    r-- .const:ti_sysbios_knl_Swi_numPriorities__C
  000013ec    000013ec    00000004   00000004    r-- .const:ti_sysbios_knl_Task_Object__count__C
  000013f0    000013f0    00000004   00000004    r-- .const:ti_sysbios_knl_Task_Object__table__C
  000013f4    000013f4    00000004   00000004    r-- .const:ti_sysbios_knl_Task_allBlockedFunc__C
  000013f8    000013f8    00000004   00000004    r-- .const:ti_sysbios_knl_Task_defaultStackHeap__C
  000013fc    000013fc    00000004   00000004    r-- .const:ti_sysbios_knl_Task_defaultStackSize__C
  00001400    00001400    00000004   00000004    r-- .const:ti_sysbios_knl_Task_numConstructedTasks__C
  00001406    00001406    00000002   00000002    r-- .const:ti_sysbios_family_arm_cc26xx_Timer_Module__id__C
  00001408    00001408    00000002   00000002    r-- .const:ti_sysbios_family_arm_cc26xx_TimestampProvider_useClockTimer__C
  0000140a    0000140a    00000002   00000002    r-- .const:ti_sysbios_family_arm_m3_Hwi_Module__id__C
  0000140c    0000140c    00000002   00000002    r-- .const:ti_sysbios_gates_GateHwi_Module__id__C
  0000140e    0000140e    00000002   00000002    r-- .const:ti_sysbios_gates_GateMutex_Module__id__C
  00001410    00001410    00000002   00000002    r-- .const:ti_sysbios_heaps_HeapMem_Module__id__C
  00001412    00001412    00000002   00000002    r-- .const:ti_sysbios_knl_Task_initStackFlag__C
  00001414    00001414    00000001   00000001    r-- .const:ti_sysbios_knl_Clock_tickMode__C
  00001418    00001418    00000008   00000008    r-- .const:xdc_runtime_Startup_firstFxns__C
  00001420    00001420    00000008   00000008    r-- .const:xdc_runtime_Startup_lastFxns__C
  00001428    00001428    00000004   00000004    r-- .const:xdc_runtime_Assert_E_assertFailed__C
  0000142c    0000142c    00000004   00000004    r-- .const:xdc_runtime_Error_E_memory__C
  00001430    00001430    00000004   00000004    r-- .const:xdc_runtime_Error_policyFxn__C
  00001434    00001434    00000004   00000004    r-- .const:xdc_runtime_IGateProvider_Interface__BASE__C
  00001438    00001438    00000004   00000004    r-- .const:xdc_runtime_IHeap_Interface__BASE__C
  0000143c    0000143c    00000004   00000004    r-- .const:xdc_runtime_IModule_Interface__BASE__C
  00001440    00001440    00000004   00000004    r-- .const:xdc_runtime_Main_Module__diagsEnabled__C
  00001444    00001444    00000004   00000004    r-- .const:xdc_runtime_Main_Module__diagsIncluded__C
  00001448    00001448    00000004   00000004    r-- .const:xdc_runtime_Main_Module__diagsMask__C
  0000144c    0000144c    00000004   00000004    r-- .const:xdc_runtime_Memory_defaultHeapInstance__C
  00001450    00001450    00000004   00000004    r-- .const:xdc_runtime_Startup_execImpl__C
  00001454    00001454    00000004   00000004    r-- .const:xdc_runtime_Startup_maxPasses__C
  00001458    00001458    00000004   00000004    r-- .const:xdc_runtime_Startup_sfxnRts__C
  0000145c    0000145c    00000004   00000004    r-- .const:xdc_runtime_Startup_sfxnTab__C
  00001460    00001460    00000004   00000004    r-- .const:xdc_runtime_Startup_startModsFxn__C
  00001464    00001464    00000004   00000004    r-- .const:xdc_runtime_SysCallback_abortFxn__C
  00001468    00001468    00000004   00000004    r-- .const:xdc_runtime_SysCallback_exitFxn__C
  0000146c    0000146c    00000004   00000004    r-- .const:xdc_runtime_System_abortFxn__C
  00001470    00001470    00000004   00000004    r-- .const:xdc_runtime_System_exitFxn__C
  00001474    00001474    00000004   00000004    r-- .const:xdc_runtime_System_maxAtexitHandlers__C
  00001478    00001478    00000004   00000004    r-- .const:xdc_runtime_Text_charTab__C
  0000147c    0000147c    00000004   00000004    r-- .const:xdc_runtime_Text_nameEmpty__C
  00001480    00001480    00000004   00000004    r-- .const:xdc_runtime_Text_nameStatic__C
  00001484    00001484    00000004   00000004    r-- .const:xdc_runtime_Text_nameUnknown__C
  00001488    00001488    00000002   00000002    r-- .const:xdc_runtime_Main_Module__id__C
  0000148a    0000148a    00000002   00000002    r-- .const:xdc_runtime_Memory_Module__id__C
  0000148c    0000148c    00000002   00000002    r-- .const:xdc_runtime_Text_charCnt__C
  0000148e    0000148e    00000002   00000002    r-- .const:xdc_runtime_Text_isLoaded__C
  00001490    00001490    00000001   00000001    r-- .const:xdc_runtime_Error_policy__C
  00001494    00001494    00000004   00000004    r-- .const:ti_sysbios_rom_ROM_AONRTCChannelEnable
  00001498    00001498    00000004   00000004    r-- .const:ti_sysbios_rom_ROM_AONRTCCompareValueSet
  0000149c    0000149c    00000004   00000004    r-- .const:ti_sysbios_rom_ROM_AONRTCCurrentCompareValueGet
  000014a0    000014a0    00000004   00000004    r-- .const:ti_sysbios_rom_ROM_AONRTCEventClear
  000014a4    000014a4    00000004   00000004    r-- .const:ti_sysbios_rom_ROM_ti_sysbios_family_arm_cc26xx_Timer_getCount64__E
  000014a8    000014a8    00000004   00000004    r-- .const:ti_sysbios_rom_ROM_ti_sysbios_family_arm_cc26xx_Timer_getCurrentTick__E
  000014ac    000014ac    00000004   00000004    r-- .const:ti_sysbios_rom_ROM_ti_sysbios_family_arm_cc26xx_Timer_getMaxTicks__E
  000014b0    000014b0    00000004   00000004    r-- .const:ti_sysbios_rom_ROM_ti_sysbios_family_arm_cc26xx_Timer_initDevice__I
  000014b4    000014b4    00000004   00000004    r-- .const:ti_sysbios_rom_ROM_ti_sysbios_family_arm_cc26xx_Timer_setNextTick__E
  000014b8    000014b8    00000004   00000004    r-- .const:ti_sysbios_rom_ROM_ti_sysbios_family_arm_cc26xx_Timer_setThreshold__I
  000014bc    000014bc    00000004   00000004    r-- .const:ti_sysbios_rom_ROM_ti_sysbios_family_arm_cc26xx_Timer_start__E
  000014c0    000014c0    00000004   00000004    r-- .const:ti_sysbios_rom_ROM_ti_sysbios_family_arm_cc26xx_TimestampProvider_get32__E
  000014c4    000014c4    00000004   00000004    r-- .const:ti_sysbios_rom_ROM_xdc_runtime_Startup_getState__I
  000014c8    000014c8    00000004   00000004    r-- .const:ti_sysbios_rom_ROM_xdc_runtime_System_SupportProxy_abort__E
  000014cc    000014cc    00000004   00000004    r-- .const:ti_sysbios_rom_ROM_xdc_runtime_System_SupportProxy_exit__E
  000014d0    000014d0    00000004   00000004    r-- .const:ti_sysbios_gates_GateMutex_Instance_State_sem__O
  000014d4    000014d4    00000004   00000004    r-- .const:ti_sysbios_knl_Clock_Module_State_clockQ__O
  000014d8    000014d8    00000004   00000004    r-- .const:ti_sysbios_knl_Mailbox_Instance_State_dataQue__O
  000014dc    000014dc    00000004   00000004    r-- .const:ti_sysbios_knl_Mailbox_Instance_State_dataSem__O
  000014e0    000014e0    00000004   00000004    r-- .const:ti_sysbios_knl_Mailbox_Instance_State_freeQue__O
  000014e4    000014e4    00000004   00000004    r-- .const:ti_sysbios_knl_Mailbox_Instance_State_freeSem__O
  000014e8    000014e8    00000004   00000004    r-- .const:ti_sysbios_knl_Semaphore_Instance_State_pendQ__O
  000014ec    000014ec    00000004   00000004    r-- .const:ti_sysbios_knl_Task_Module_State_inactiveQ__O
  000014f0    000014f0    0000b278   0000b278    r-x .text
  0000c768    0000c768    000048b9   000048b9    r-- .const
0001ffa8    0001ffa8    00000058   00000058    r--
  0001ffa8    0001ffa8    00000058   00000058    r-- .ccfg
20000100    20000100    00000104   00000000    rw-
  20000100    20000100    00000044   00000000    rw- .data:ti_sysbios_knl_Task_Module__state__V
  20000144    20000144    00000034   00000000    rw- .data:ti_sysbios_family_arm_m3_Hwi_Module__state__V
  20000178    20000178    0000002c   00000000    rw- .data:ti_sysbios_knl_Clock_Module__state__V
  200001a4    200001a4    00000024   00000000    rw- .data:ti_sysbios_BIOS_Module__state__V
  200001c8    200001c8    0000001c   00000000    rw- .data:ti_sysbios_knl_Swi_Module__state__V
  200001e4    200001e4    00000008   00000000    rw- .data:ti_sysbios_family_arm_cc26xx_Timer_Module__state__V
  200001ec    200001ec    00000004   00000000    rw- .data:ti_sysbios_family_arm_cc26xx_TimestampProvider_Module__state__V
  200001f0    200001f0    00000008   00000000    rw- .data:xdc_runtime_Startup_Module__state__V
  200001f8    200001f8    00000008   00000000    rw- .data:xdc_runtime_System_Module__state__V
  20000200    20000200    00000004   00000000    rw- .data:xdc_runtime_Memory_Module__state__V
20000280    20000280    00002864   00000000    rw-
  20000280    20000280    00002864   00000000    rw- .bss
20002ae8    20002ae8    00001000   00000000    r--
  20002ae8    20002ae8    00001000   00000000    r-- .priheap
20003ae8    20003ae8    0000099b   00000000    rw-
  20003ae8    20003ae8    0000099b   00000000    rw- .data
20004c00    20004c00    00000400   00000000    rw-
  20004c00    20004c00    00000400   00000000    rw- .stack


SECTION ALLOCATION MAP

 output                                  attributes/
section   page    origin      length       input sections
--------  ----  ----------  ----------   ----------------
.text      0    000014f0    0000b278     
                  000014f0    0000044c     rf_multiMode_cc13x0.aem3 : RFCC26XX_multiMode.oem3 (.text:fsmActiveState)
                  0000193c    000003c4     EasyLink.obj (.text:EasyLink_init)
                  00001d00    0000033c     rom_sysbios.aem3 : rom_sysbios.obj (.text:xdc_runtime_System_doPrint__I)
                  0000203c    0000030c     drivers_cc13x0.aem3 : PowerCC26XX_calibrateRCOSC.oem3 (.text:PowerCC26XX_auxISR)
                  00002348    00000228     driverlib.lib : sys_ctrl.obj (.text:NOROM_SysCtrlSetRechargeBeforePowerDown)
                  00002570    0000021c     drivers_cc13x0.aem3 : PowerCC26XX.oem3 (.text:Power_sleep)
                  0000278c    00000200     rf_multiMode_cc13x0.aem3 : RFCC26XX_multiMode.oem3 (.text:RF_open)
                  0000298c    000001e4     main.obj (.text:LSM9DS1init)
                  00002b70    000001d8     hello_pem3.oem3 (.text:xdc_runtime_System_printfExtend__I)
                  00002d48    000001b6     rtsv7M3_T_le_eabi.lib : fd_add_t2.asm.obj (.text)
                  00002efe    00000002     display.aem3 : DisplayUart.oem3 (.text:DisplayUartMin_clear)
                  00002f00    000001a4     EasyLink.obj (.text:EasyLink_setRfPwr)
                  000030a4    0000019c     rf_multiMode_cc13x0.aem3 : RFCC26XX_multiMode.oem3 (.text:fsmSetupState)
                  00003240    00000190     drivers_cc13x0.aem3 : PowerCC26XX_calibrateRCOSC.oem3 (.text:PowerCC26XX_doCalibrate)
                  000033d0    0000018c                         : PINCC26XX.oem3 (.text:PIN_init)
                  0000355c    00000188     main.obj (.text:magTaskFunc)
                  000036e4    00000188     EasyLink.obj (.text:rxDoneCallback)
                  0000386c    00000180     main.obj (.text:initGyro)
                  000039ec    00000170     EasyLink.obj (.text:EasyLink_receiveAsync)
                  00003b5c    0000016c     main.obj (.text:adcTaskFunc)
                  00003cc8    0000016c     main.obj (.text:txDataTaskFunc)
                  00003e34    00000168     main.obj (.text:semaphoreSetup)
                  00003f9c    00000164     drivers_cc13x0.aem3 : UARTCC26XX.oem3 (.text:UARTCC26XX_open)
                  00004100    00000158     rf_multiMode_cc13x0.aem3 : RFCC26XX_multiMode.oem3 (.text:RF_postCmd)
                  00004258    00000154     drivers_cc13x0.aem3 : I2CCC26XX.oem3 (.text:I2CCC26XX_open)
                  000043ac    00000154     rf_multiMode_cc13x0.aem3 : RFCC26XX_multiMode.oem3 (.text:radioOpDoneCb)
                  00004500    00000150                              : RFCC26XX_multiMode.oem3 (.text:abortCmd)
                  00004650    00000150     smartrf_settings_predefined.obj (.text:rf_patch_mce_genook)
                  000047a0    00000148     rf_multiMode_cc13x0.aem3 : RFCC26XX_multiMode.oem3 (.text:fsmChangePhyState)
                  000048e8    0000013c     EasyLink.obj (.text:EasyLink_transmit)
                  00004a24    0000013c     main.obj (.text:humidityTaskFunc)
                  00004b60    00000138     hello_pem3.oem3 (.text:ti_uia_loggers_LoggerStopMode_writeMemoryRange__E)
                  00004c98    00000136     rtsv7M3_T_le_eabi.lib : fd_div_t2.asm.obj (.text)
                  00004dce    00000002     display.aem3 : DisplayUart.oem3 (.text:DisplayUartMin_clearLines)
                  00004dd0    00000134     rtsv7M3_T_le_eabi.lib : vla_alloc.c.obj (.text:__vla_alloc)
                  00004f04    00000134     main.obj (.text:initAccel)
                  00005038    00000130     driverlib.lib : setup_rom.obj (.text:NOROM_SetupAfterColdResetWakeupFromShutDownCfg3)
                  00005168    0000012c     drivers_cc13x0.aem3 : PowerCC26XX.oem3 (.text:Power_init)
                  00005294    00000128     smartrf_settings.obj (.text:rf_patch_rfe_genfsk)
                  000053bc    00000128     smartrf_settings_predefined.obj (.text:rf_patch_rfe_genfsk)
                  000054e4    00000128     smartrf_settings_predefined.obj (.text:rf_patch_rfe_lrm)
                  0000560c    00000128     smartrf_settings_predefined.obj (.text:rf_patch_rfe_sl_longrange)
                  00005734    0000011c     rf_multiMode_cc13x0.aem3 : RFCC26XX_multiMode.oem3 (.text:RF_close)
                  00005850    00000118     drivers_cc13x0.aem3 : UARTCC26XX.oem3 (.text:UARTCC26XX_read)
                  00005968    00000118     main.obj (.text:initMag)
                  00005a80    00000114     smartrf_settings_predefined.obj (.text:rf_patch_mce_hsp_4mbps)
                  00005b94    00000110     drivers_cc13x0.aem3 : I2CCC26XX.oem3 (.text:I2CCC26XX_hwiFxn)
                  00005ca4    0000010c     hello_pem3.oem3 (.text:ti_uia_loggers_LoggerStopMode_write8__E)
                  00005db0    0000010a     drivers_cc13x0.aem3 : UARTCC26XX.oem3 (.text:UARTCC26XX_hwiIntFxn)
                  00005eba    00000002     display.aem3 : DisplayUart.oem3 (.text:DisplayUartMin_init)
                  00005ebc    00000108     rf_multiMode_cc13x0.aem3 : RFCC26XX_multiMode.oem3 (.text:fsmPowerUpState)
                  00005fc4    00000108                              : RFCC26XX_multiMode.oem3 (.text:hwiFxnCpe0Active)
                  000060cc    000000fc     drivers_cc13x0.aem3 : UARTCC26XX.oem3 (.text:UARTCC26XX_write)
                  000061c8    000000fc     rtsv7M3_T_le_eabi.lib : fd_mul_t2.asm.obj (.text)
                  000062c4    000000f4     hello_pem3.oem3 (.text:ti_uia_loggers_LoggerStopMode_write4__E)
                  000063b8    000000f0     driverlib.lib : setup_rom.obj (.text:NOROM_SetupAfterColdResetWakeupFromShutDownCfg2)
                  000064a8    000000f0     main.obj (.text:rxDoneCb)
                  00006598    000000e8     main.obj (.text:accelTaskFunc)
                  00006680    000000e8     main.obj (.text:gyroTaskFunc)
                  00006768    000000e8     hello_pem3.oem3 (.text:ti_uia_loggers_LoggerStopMode_write1__E)
                  00006850    000000e8     hello_pem3.oem3 (.text:ti_uia_loggers_LoggerStopMode_write2__E)
                  00006938    000000dc     driverlib.lib : rfc.obj (.text:NOROM_RFCOverrideUpdate)
                  00006a14    000000dc     drivers_cc13x0.aem3 : PINCC26XX.oem3 (.text:PINCC26XX_setIoCfg)
                  00006af0    000000d8     EasyLink.obj (.text:EasyLink_enableRxAddrFilter)
                  00006bc8    000000d8     smartrf_settings_predefined.obj (.text:rf_patch_rfe_genook)
                  00006ca0    000000d8     smartrf_settings_predefined.obj (.text:rf_patch_rfe_hsp_4mbps)
                  00006d78    000000d8     hello_pem3.oem3 (.text:ti_uia_loggers_LoggerStopMode_write0__E)
                  00006e50    000000d4     driverlib.lib : rfc.obj (.text:NOROM_RFCRfTrimRead)
                  00006f24    000000d0     dpl_cc13x0.aem3 : PowerCC26XX_tirtos.oem3 (.text:PowerCC26XX_standbyPolicy)
                  00006ff4    000000cc     EasyLink.obj (.text:EasyLink_setFrequency)
                  000070c0    000000c4     drivers_cc13x0.aem3 : ADCCC26XX.oem3 (.text:ADCCC26XX_convert)
                  00007184    000000c4     driverlib.lib : setup.obj (.text:TrimAfterColdResetWakeupFromShutDown)
                  00007248    000000c4     smartrf_settings_predefined.obj (.text:rf_patch_mce_sl_longrange)
                  0000730c    000000c0     drivers_cc13x0.aem3 : I2CCC26XX.oem3 (.text:I2CCC26XX_transfer)
                  000073cc    000000c0     driverlib.lib : aux_adc.obj (.text:NOROM_AUXADCEnableSync)
                  0000748c    000000bc     main.obj (.text:I2CreadBytes)
                  00007548    000000bc     drivers_cc13x0.aem3 : PowerCC26XX.oem3 (.text:Power_releaseDependency)
                  00007604    000000bc                         : UARTCC26XX.oem3 (.text:UARTCC26XX_initHw)
                  000076c0    000000b4                         : PowerCC26XX.oem3 (.text:Power_setDependency)
                  00007774    000000a8     driverlib.lib : setup.obj (.text:NOROM_SetupTrimDevice)
                  0000781c    000000a4                   : setup_rom.obj (.text:NOROM_SetupAfterColdResetWakeupFromShutDownCfg1)
                  000078c0    000000a4     rf_multiMode_cc13x0.aem3 : RFCC26XX_multiMode.oem3 (.text:RF_dispatchCmd)
                  00007964    000000a0     auto_init.aem3 : auto_init.oem3 (.text)
                  00007a04    0000009e     rom_sysbios.aem3 : rom_sysbios.obj (.text:xdc_runtime_Text_putSite__E)
                  00007aa2    00000002     rtsv7M3_T_le_eabi.lib : _lock.c.obj (.text:_nop)
                  00007aa4    0000009c     rf_multiMode_cc13x0.aem3 : RFCC26XX_multiMode.oem3 (.text:RF_issueRadioFreeCb)
                  00007b40    0000009c                              : RFCC26XX_multiMode.oem3 (.text:hwiFxnCpe0PowerFsm)
                  00007bdc    0000009c     rtsv7M3_T_le_eabi.lib : memcpy_t2.asm.obj (.text)
                  00007c78    0000009c     rf_multiMode_cc13x0.aem3 : RFCC26XX_multiMode.oem3 (.text:swiFxnHw)
                  00007d14    00000098     main.obj (.text:I2Cwrite1read2HumByte)
                  00007dac    00000098     drivers_cc13x0.aem3 : PINCC26XX.oem3 (.text:PIN_open)
                  00007e44    00000098                         : UARTCC26XX.oem3 (.text:UARTCC26XX_initIO)
                  00007edc    00000098     rom_sysbios.aem3 : rom_sysbios.obj (.text:ti_sysbios_knl_Clock_workFuncDynamic__E)
                  00007f74    00000098                      : rom_sysbios.obj (.text:xdc_runtime_Text_putMod__E)
                  0000800c    00000096     rtsv7M3_T_le_eabi.lib : ull_div_t2.asm.obj (.text)
                  000080a2    00000002     rf_multiMode_cc13x0.aem3 : RFCC26XX_multiMode.oem3 (.text:defaultCallback)
                  000080a4    00000094     EasyLink.obj (.text:EasyLink_abort)
                  00008138    00000094     driverlib.lib : aux_adc.obj (.text:NOROM_AUXADCDisable)
                  000081cc    00000094     main.obj (.text:readAccel)
                  00008260    00000094     main.obj (.text:readGyro)
                  000082f4    00000094     drivers_cc13x0.aem3 : UARTCC26XX.oem3 (.text:writeFinishedDoCallback)
                  00008388    00000090                         : I2CCC26XX.oem3 (.text:I2CCC26XX_cancel)
                  00008418    00000090     ti.uia.loggers.aem3 : LoggerStopMode.oem3 (.text:ti_uia_loggers_LoggerStopMode_initQueueDescriptor__E)
                  000084a8    0000008c     drivers_cc13x0.aem3 : I2CCC26XX.oem3 (.text:I2CCC26XX_primeTransfer)
                  00008534    0000008c     rf_multiMode_cc13x0.aem3 : RFCC26XX_multiMode.oem3 (.text:RF_pendCmd)
                  000085c0    0000008c     drivers_cc13x0.aem3 : UARTCC26XX.oem3 (.text:UARTCC26XX_close)
                  0000864c    0000008c                         : UARTCC26XX.oem3 (.text:UARTCC26XX_writeCancel)
                  000086d8    00000088                         : ADCCC26XX.oem3 (.text:ADCCC26XX_open)
                  00008760    00000088                         : PowerCC26XX.oem3 (.text:disableLFClockQualifiers)
                  000087e8    00000086     rtsv7M3_T_le_eabi.lib : fd_cmp_t2.asm.obj (.text:__aeabi_cdcmple)
                  0000886e    00000086                           : fd_cmp_t2.asm.obj (.text:__aeabi_cdrcmple)
                  000088f4    00000084     drivers_cc13x0.aem3 : PowerCC26XX.oem3 (.text:switchXOSCHFclockFunc)
                  00008978    00000080     main.obj (.text:getTempFarenheit)
                  000089f8    0000007c     main.obj (.text:constrainScales)
                  00008a74    0000007a     rtsv7M3_T_le_eabi.lib : memset_t2.asm.obj (.text)
                  00008aee    00000002     drivers_cc13x0.aem3 : PowerCC26XX.oem3 (.text:emptyClockFunc)
                  00008af0    00000078     main.obj (.text:LSM9DS1begin)
                  00008b68    00000078     rtsv7M3_T_le_eabi.lib : vla_alloc.c.obj (.text:_ZN33_INTERNAL_11_vla_alloc_c_be8bd49b21free_dead_allocationsEPv)
                  00008be0    00000078                           : vla_alloc.c.obj (.text:__vla_dealloc)
                  00008c58    00000078     drivers_cc13x0.aem3 : UARTCC26XX.oem3 (.text:writeTxFifoFlush)
                  00008cd0    00000074     main.obj (.text:I2Cwrite2read1HumByte)
                  00008d44    00000074     driverlib.lib : setup_rom.obj (.text:NOROM_SetupSetVddrLevel)
                  00008db8    00000074     main.obj (.text:configInt)
                  00008e2c    00000074     rom_sysbios.aem3 : rom_sysbios.obj (.text:ti_sysbios_family_arm_cc26xx_Timer_start__E)
                  00008ea0    00000074     ti.uia.runtime.aem3 : QueueDescriptor.oem3 (.text:ti_uia_runtime_QueueDescriptor_addToList__E)
                  00008f14    0000006e     rtsv7M3_T_le_eabi.lib : fd_tos_t2.asm.obj (.text)
                  00008f82    00000002     smartrf_settings.obj (.text:enterGenfskSysPatch)
                  00008f84    0000006d     rom_sysbios.aem3 : rom_sysbios.obj (.text:xdc_runtime_System_formatNum__I)
                  00008ff1    00000001     --HOLE-- [fill = 0]
                  00008ff2    0000006c     CC1310_LAUNCHXL.obj (.text:CC1310_LAUNCHXL_sendExtFlashByte)
                  0000905e    00000002     smartrf_settings_predefined.obj (.text:enterGenfskSysPatch)
                  00009060    0000006c     drivers_cc13x0.aem3 : PowerCC26XX_calibrateRCOSC.oem3 (.text:PowerCC26XX_initiateCalibration)
                  000090cc    00000068                         : I2CCC26XX.oem3 (.text:I2CCC26XX_close)
                  00009134    00000068     main.obj (.text:I2CreadByte)
                  0000919c    00000068     main.obj (.text:I2Cwrite1read1HumByte)
                  00009204    00000068     main.obj (.text:I2CwriteByte)
                  0000926c    00000068     driverlib.lib : setup_rom.obj (.text:NOROM_SetupGetTrimForAmpcompCtrl)
                  000092d4    00000068                   : setup_rom.obj (.text:NOROM_SetupGetTrimForAnabypassValue1)
                  0000933c    00000068                   : sys_ctrl.obj (.text:NOROM_SysCtrl_DCDC_VoltageConditionalControl)
                  000093a4    00000068     drivers_cc13x0.aem3 : UARTCC26XX.oem3 (.text:UARTCC26XX_readCancel)
                  0000940c    00000068     rtsv7M3_T_le_eabi.lib : copy_decompress_lzss.c.obj (.text:decompress:lzss:__TI_decompress_lzss)
                  00009474    00000068     rf_multiMode_cc13x0.aem3 : RFCC26XX_multiMode.oem3 (.text:flushPendCmd)
                  000094dc    00000068                              : RFCC26XX_multiMode.oem3 (.text:fsmXOSCState)
                  00009544    00000066     ti.uia.loggers.aem3 : LoggerStopMode.oem3 (.text:ti_uia_loggers_LoggerStopMode_flush__E)
                  000095aa    00000002     smartrf_settings_predefined.obj (.text:enterGenookSysPatch)
                  000095ac    00000064     driverlib.lib : osc.obj (.text:NOROM_OSCHF_AttemptToSwitchToXosc)
                  00009610    00000064     drivers_cc13x0.aem3 : PowerCC26XX.oem3 (.text:configureXOSCHF)
                  00009674    00000064     rf_multiMode_cc13x0.aem3 : RFCC26XX_multiMode.oem3 (.text:dispatchOpWhen)
                  000096d8    00000064     rom_sysbios.aem3 : rom_sysbios.obj (.text:ti_sysbios_heaps_HeapMem_initPrimary__I)
                  0000973c    00000062     rf_multiMode_cc13x0.aem3 : RFCC26XX_multiMode.oem3 (.text:syncCb)
                  0000979e    00000002     smartrf_settings_predefined.obj (.text:enterLrmSysPatch)
                  000097a0    00000060     driverlib.lib : osc.obj (.text:NOROM_OSCClockSourceSet)
                  00009800    00000060     drivers_cc13x0.aem3 : UARTCC26XX.oem3 (.text:UARTCC26XX_control)
                  00009860    00000060     smartrf_settings.obj (.text:configureGenfskPatch)
                  000098c0    00000060     smartrf_settings_predefined.obj (.text:configureGenfskPatch)
                  00009920    00000060     smartrf_settings_predefined.obj (.text:configureGenookPatch)
                  00009980    00000060     smartrf_settings_predefined.obj (.text:configureLrmPatch)
                  000099e0    00000060     smartrf_settings_predefined.obj (.text:configureSl_longrangePatch)
                  00009a40    0000005c     display.aem3 : Display.oem3 (.text:Display_doOpen)
                  00009a9c    0000005c     driverlib.lib : sys_ctrl.obj (.text:NOROM_SysCtrlAdjustRechargeAfterPowerDown)
                  00009af8    0000005c     drivers_cc13x0.aem3 : PowerCC26XX_calibrateRCOSC.oem3 (.text:PowerCC26XX_RCOSC_clockFunc)
                  00009b54    0000005c                         : PowerCC26XX.oem3 (.text:PowerCC26XX_calibrate)
                  00009bb0    0000005c     rf_multiMode_cc13x0.aem3 : RFCC26XX_multiMode.oem3 (.text:ratChanFree)
                  00009c0c    0000005c     hello_pem3.oem3 (.text:xdc_runtime_Startup_getState__I)
                  00009c68    0000005b     rom_sysbios.aem3 : rom_sysbios.obj (.text:xdc_runtime_Text_putLab__E)
                  00009cc3    00000001     --HOLE-- [fill = 0]
                  00009cc4    00000058     rtsv7M3_T_le_eabi.lib : hostwrite.c.obj (.text:HOSTwrite)
                  00009d1c    00000058     drivers_cc13x0.aem3 : I2CCC26XX.oem3 (.text:I2CCC26XX_swiFxn)
                  00009d74    00000058                         : PINCC26XX.oem3 (.text:PIN_remove)
                  00009dcc    00000058     rf_multiMode_cc13x0.aem3 : RFCC26XX_multiMode.oem3 (.text:applyRfCorePatch)
                  00009e24    00000058     main.obj (.text:main)
                  00009e7c    00000058     main.obj (.text:rxRestartFunc)
                  00009ed4    00000054     rf_multiMode_cc13x0.aem3 : RFCC26XX_multiMode.oem3 (.text:RF_getCurrentTime)
                  00009f28    00000054     main.obj (.text:calcaRes)
                  00009f7c    00000054     main.obj (.text:calcmRes)
                  00009fd0    00000054     main.obj (.text:getRelativeHumidity)
                  0000a024    00000054     rf_multiMode_cc13x0.aem3 : RFCC26XX_multiMode.oem3 (.text:hwiFxnHw)
                  0000a078    00000050     driverlib.lib : setup_rom.obj (.text:NOROM_SetupSetCacheModeAccordingToCcfgSetting)
                  0000a0c8    00000050     main.obj (.text:readMag)
                  0000a118    00000050     drivers_cc13x0.aem3 : UARTCC26XX.oem3 (.text:startTxFifoEmptyClk)
                  0000a168    0000004c     CC1310_LAUNCHXL.obj (.text:CC1310_LAUNCHXL_shutDownExtFlash)
                  0000a1b4    0000004c     drivers_cc13x0.aem3 : I2CCC26XX.oem3 (.text:I2CCC26XX_initHw)
                  0000a200    0000004c     rf_multiMode_cc13x0.aem3 : RFCC26XX_multiMode.oem3 (.text:RF_wakeupNotifyFxn)
                  0000a24c    0000004c     rtsv7M3_T_le_eabi.lib : cpy_tbl.c.obj (.text:copy_in)
                  0000a298    0000004c     main.obj (.text:pinCallback)
                  0000a2e4    0000004c     ti.uia.loggers.aem3 : LoggerStopMode.oem3 (.text:ti_uia_loggers_LoggerStopMode_Module_startup__E)
                  0000a330    0000004a     display.aem3 : DisplayUart.oem3 (.text:DisplayUartMin_open)
                  0000a37a    00000002     smartrf_settings_predefined.obj (.text:enterSl_longrangeSysPatch)
                  0000a37c    00000048     dpl_cc13x0.aem3 : ClockP_tirtos.oem3 (.text:ClockP_construct)
                  0000a3c4    00000048     drivers_cc13x0.aem3 : PINCC26XX.oem3 (.text:PIN_setOutputEnable)
                  0000a40c    00000048     main.obj (.text:calcgRes)
                  0000a454    00000048     rtsv7M3_T_le_eabi.lib : fd_toi_t2.asm.obj (.text)
                  0000a49c    00000046     display.aem3 : DisplayUart.oem3 (.text:DisplayUartMin_vprintf)
                  0000a4e2    00000002     rtsv7M3_T_le_eabi.lib : div0.asm.obj (.text)
                  0000a4e4    00000044     drivers_cc13x0.aem3 : PINCC26XX.oem3 (.text:PIN_swi)
                  0000a528    00000044     rf_multiMode_cc13x0.aem3 : RFCC26XX_multiMode.oem3 (.text:RF_releasePowerConstraint)
                  0000a56c    00000044     drivers_cc13x0.aem3 : RingBuf.oem3 (.text:RingBuf_put)
                  0000a5b0    00000044     main.obj (.text:adcSetup)
                  0000a5f4    00000044     boot.aem3 : boot.oem3 (.text)
                  0000a638    00000044     drivers_cc13x0.aem3 : PowerCC26XX.oem3 (.text:notify)
                  0000a67c    00000044     rtsv7M3_T_le_eabi.lib : fd_tou_t2.asm.obj (.text)
                  0000a6c0    00000044     ti.uia.loggers.aem3 : LoggerStopMode.oem3 (.text:ti_uia_loggers_LoggerStopMode_initBuffer__I)
                  0000a704    00000044     rom_sysbios.aem3 : rom_sysbios.obj (.text:xdc_runtime_SysMin_flush__E)
                  0000a748    00000044                      : rom_sysbios.obj (.text:xdc_runtime_Text_xprintf__I)
                  0000a78c    00000040     drivers_cc13x0.aem3 : ADCCC26XX.oem3 (.text:ADCCC26XX_convertToMicroVolts)
                  0000a7cc    00000040                         : ADC.oem3 (.text:ADC_init)
                  0000a80c    00000040                         : ADC.oem3 (.text:ADC_open)
                  0000a84c    00000040     dpl_cc13x0.aem3 : HwiP_tirtos.oem3 (.text:HwiP_construct)
                  0000a88c    00000040     drivers_cc13x0.aem3 : I2C.oem3 (.text:I2C_init)
                  0000a8cc    00000040                         : I2C.oem3 (.text:I2C_open)
                  0000a90c    00000040                         : UART.oem3 (.text:UART_init)
                  0000a94c    00000040                         : UART.oem3 (.text:UART_open)
                  0000a98c    00000040     rtsv7M3_T_le_eabi.lib : u_divt2.asm.obj (.text)
                  0000a9cc    00000040     rom_sysbios.aem3 : rom_sysbios.obj (.text:ti_sysbios_family_arm_cc26xx_Timer_setThreshold__I)
                  0000aa0c    0000003e     drivers_cc13x0.aem3 : RingBuf.oem3 (.text:RingBuf_get)
                  0000aa4a    0000003e     hello_pem3.oem3 (.text:realloc)
                  0000aa88    0000003c     drivers_cc13x0.aem3 : ADCCC26XX.oem3 (.text:ADCCC26XX_close)
                  0000aac4    0000003c     driverlib.lib : chipinfo.obj (.text:NOROM_ChipInfo_GetHwRevision)
                  0000ab00    0000003c                   : osc.obj (.text:NOROM_OSC_HPOSCRelativeFrequencyOffsetGet)
                  0000ab3c    0000003c                   : rfc.obj (.text:NOROM_RFCSynthPowerDown)
                  0000ab78    0000003c     drivers_cc13x0.aem3 : PowerCC26XX.oem3 (.text:PowerCC26XX_isStableXOSC_HF)
                  0000abb4    0000003c                         : PowerCC26XX.oem3 (.text:PowerCC26XX_switchXOSC_HF)
                  0000abf0    0000003c     rf_multiMode_cc13x0.aem3 : RFCC26XX_multiMode.oem3 (.text:RF_runCmd)
                  0000ac2c    0000003c     dpl_cc13x0.aem3 : SwiP_tirtos.oem3 (.text:SwiP_construct)
                  0000ac68    0000003c     main.obj (.text:beginHumidity)
                  0000aca4    0000003c     rom_sysbios.aem3 : rom_sysbios.obj (.text:ti_sysbios_family_arm_m3_Hwi_construct2__E)
                  0000ace0    00000038     drivers_cc13x0.aem3 : PINCC26XX.oem3 (.text:PIN_setOutputValue)
                  0000ad18    00000038     rf_multiMode_cc13x0.aem3 : RFCC26XX_multiMode.oem3 (.text:Q_end)
                  0000ad50    00000038                              : RFCC26XX_multiMode.oem3 (.text:RF_checkCmdFsError)
                  0000ad88    00000038     drivers_cc13x0.aem3 : UARTCC26XX.oem3 (.text:UARTCC26XX_swiIntFxn)
                  0000adc0    00000038     rtsv7M3_T_le_eabi.lib : trgmsg.c.obj (.text:__TI_writemsg)
                  0000adf8    00000038     main.obj (.text:createADCTask)
                  0000ae30    00000038     main.obj (.text:createAccelTask)
                  0000ae68    00000038     main.obj (.text:createGyroTask)
                  0000aea0    00000038     main.obj (.text:createHumidityTask)
                  0000aed8    00000038     main.obj (.text:createMagTask)
                  0000af10    00000038     main.obj (.text:createRFRXTasks)
                  0000af48    00000038     main.obj (.text:createRFTXTasks)
                  0000af80    00000038     main.obj (.text:pinSetup)
                  0000afb8    00000038     drivers_cc13x0.aem3 : UARTCC26XX.oem3 (.text:readData)
                  0000aff0    00000038     rtsv7M3_T_le_eabi.lib : fs_tod_t2.asm.obj (.text)
                  0000b028    00000038     rom_sysbios.aem3 : rom_sysbios.obj (.text:ti_sysbios_family_arm_cc26xx_Timer_getCurrentTick__E)
                  0000b060    00000038     drivers_cc13x0.aem3 : UARTCC26XX.oem3 (.text:writeData)
                  0000b098    00000038     rom_sysbios.aem3 : rom_sysbios.obj (.text:xdc_runtime_SysMin_putch__E)
                  0000b0d0    00000036                      : rom_sysbios.obj (.text:ti_sysbios_family_arm_cc26xx_Timer_setNextTick__E)
                  0000b106    00000002                      : rom_sysbios.obj (.text:ti_sysbios_BIOS_linkedWithIncorrectBootLibrary__E)
                  0000b108    00000034     driverlib.lib : aux_adc.obj (.text:NOROM_AUXADCDisableInputScaling)
                  0000b13c    00000034                   : osc.obj (.text:NOROM_OSCHF_SwitchToRcOscTurnOffXosc)
                  0000b170    00000034     drivers_cc13x0.aem3 : PINCC26XX.oem3 (.text:PIN_setConfig)
                  0000b1a4    00000034                         : PowerCC26XX.oem3 (.text:Power_releaseConstraint)
                  0000b1d8    00000034     rf_multiMode_cc13x0.aem3 : RFCC26XX_multiMode.oem3 (.text:Q_push)
                  0000b20c    00000034     rtsv7M3_T_le_eabi.lib : trgmsg.c.obj (.text:__TI_readmsg)
                  0000b240    00000034     rom_sysbios.aem3 : rom_sysbios.obj (.text:ti_sysbios_family_arm_cc26xx_Timer_initDevice__I)
                  0000b274    00000034     ti.uia.loggers.aem3 : LoggerStopMode.oem3 (.text:ti_uia_loggers_LoggerStopMode_reset__E)
                  0000b2a8    00000030     driverlib.lib : chipinfo.obj (.text:NOROM_ChipInfo_GetChipType)
                  0000b2d8    00000030                   : setup_rom.obj (.text:NOROM_SetupSetAonRtcSubSecInc)
                  0000b308    00000030     drivers_cc13x0.aem3 : PowerCC26XX.oem3 (.text:Power_setConstraint)
                  0000b338    00000030     driverlib.lib : adi.obj (.text:SafeHapiAuxAdiSelect)
                  0000b368    00000030     rf_multiMode_cc13x0.aem3 : RFCC26XX_multiMode.oem3 (.text:clkPowerUpFxn)
                  0000b398    00000030     main.obj (.text:initI2C)
                  0000b3c8    00000030     drivers_cc13x0.aem3 : UARTCC26XX.oem3 (.text:readData2RingBuf)
                  0000b3f8    00000030     hello_pem3.oem3 (.text:ti_sysbios_BIOS_atExitFunc__I)
                  0000b428    00000030     hello_pem3.oem3 (.text:ti_sysbios_BIOS_startFunc__I)
                  0000b458    00000030     hello_pem3.oem3 (.text:ti_uia_loggers_LoggerStopMode_Object__create__S)
                  0000b488    00000030     rom_sysbios.aem3 : rom_sysbios.obj (.text:xdc_runtime_SysMin_abort__E)
                  0000b4b8    0000002f                      : rom_sysbios.obj (.text:xdc_runtime_Text_printVisFxn__I)
                  0000b4e7    00000001     --HOLE-- [fill = 0]
                  0000b4e8    0000002e     rtsv7M3_T_le_eabi.lib : i_tofd_t2.asm.obj (.text)
                  0000b516    0000002e     hello_pem3.oem3 (.text:ti_sysbios_rts_gnu_MemAlloc_alloc)
                  0000b544    0000002c     driverlib.lib : ddi.obj (.text:NOROM_DDI32RegWrite)
                  0000b570    0000002c                   : osc.obj (.text:NOROM_OSCClockSourceGet)
                  0000b59c    0000002c                   : rfc.obj (.text:NOROM_RFCCPEPatchReset)
                  0000b5c8    0000002c                   : setup_rom.obj (.text:NOROM_SetupGetTrimForRadcExtCfg)
                  0000b5f4    0000002c     drivers_cc13x0.aem3 : PINCC26XX.oem3 (.text:PINCC26XX_setMux)
                  0000b620    0000002c     dpl_cc13x0.aem3 : SemaphoreP_tirtos.oem3 (.text:SemaphoreP_constructBinary)
                  0000b64c    0000002c                     : SemaphoreP_tirtos.oem3 (.text:SemaphoreP_createBinary)
                  0000b678    0000002c     rf_multiMode_cc13x0.aem3 : RFCC26XX_multiMode.oem3 (.text:getCmd)
                  0000b6a4    0000002c     rom_sysbios.aem3 : rom_sysbios.obj (.text:ti_sysbios_knl_Clock_getTicksUntilInterrupt__E)
                  0000b6d0    0000002a     display.aem3 : Display.oem3 (.text:Display_doPrintf)
                  0000b6fa    0000002a     rom_sysbios.aem3 : rom_sysbios.obj (.text:ti_sysbios_knl_Clock_getTimeout__E)
                  0000b724    0000002a                      : rom_sysbios.obj (.text:xdc_runtime_System_putchar__I)
                  0000b74e    00000002     hello_pem3.oem3 (.text:ti_sysbios_BIOS_nullFunc__I)
                  0000b750    00000028     display.aem3 : Display.oem3 (.text:Display_doInit)
                  0000b778    00000028     driverlib.lib : aon_batmon.obj (.text:NOROM_AONBatMonTemperatureGetDegC)
                  0000b7a0    00000028     drivers_cc13x0.aem3 : PowerCC26XX.oem3 (.text:Power_registerNotify)
                  0000b7c8    00000028     driverlib.lib : adi.obj (.text:SafeHapiVoid)
                  0000b7f0    00000028     main.obj (.text:heaterOff)
                  0000b818    00000024     driverlib.lib : rfc.obj (.text:NOROM_RFCDoorbellSendTo)
                  0000b83c    00000024     drivers_cc13x0.aem3 : PINCC26XX.oem3 (.text:PINCC26XX_getPinCount)
                  0000b860    00000024     rf_multiMode_cc13x0.aem3 : RFCC26XX_multiMode.oem3 (.text:allocCmd)
                  0000b884    00000024     main.obj (.text:mReadBytes)
                  0000b8a8    00000024     hello_pem3.oem3 (.text:ti_sysbios_BIOS_registerRTSLock__I)
                  0000b8cc    00000024     hello_pem3.oem3 (.text:ti_sysbios_BIOS_removeRTSLock__I)
                  0000b8f0    00000024     rom_sysbios.aem3 : rom_sysbios.obj (.text:ti_sysbios_family_arm_cc26xx_Timer_getMaxTicks__E)
                  0000b914    00000024     main.obj (.text:xgReadBytes)
                  0000b938    00000022     drivers_cc13x0.aem3 : List.oem3 (.text:List_put)
                  0000b95a    00000022     driverlib.lib : aux_adc.obj (.text:NOROM_AUXADCAdjustValueForGainAndOffset)
                  0000b97c    00000022     hello_pem3.oem3 (.text:xdc_runtime_SysMin_output__I)
                  0000b99e    00000002     rom_sysbios.aem3 : rom_sysbios.obj (.text:ti_sysbios_knl_Clock_triggerFunc__I)
                  0000b9a0    00000020     driverlib.lib : rfc.obj (.text:NOROM_RFCAdi3VcoLdoVoltageMode)
                  0000b9c0    00000020                   : setup_rom.obj (.text:NOROM_SetupGetTrimForXoscHfCtl)
                  0000b9e0    00000020     dpl_cc13x0.aem3 : PowerCC26XX_tirtos.oem3 (.text:PowerCC26XX_schedulerDisable)
                  0000ba00    00000020                     : PowerCC26XX_tirtos.oem3 (.text:PowerCC26XX_schedulerRestore)
                  0000ba20    00000020     drivers_cc13x0.aem3 : PowerCC26XX.oem3 (.text:Power_unregisterNotify)
                  0000ba40    00000020     main.obj (.text:displaySetup)
                  0000ba60    00000020     main.obj (.text:mWriteByte)
                  0000ba80    00000020     rtsv7M3_T_le_eabi.lib : u_tofd_t2.asm.obj (.text)
                  0000baa0    00000020     hello_pem3.oem3 (.text:ti_sysbios_BIOS_rtsLock__I)
                  0000bac0    00000020     rom_sysbios.aem3 : rom_sysbios.obj (.text:ti_sysbios_family_arm_cc26xx_Timer_dynamicStub__E)
                  0000bae0    00000020                      : rom_sysbios.obj (.text:ti_sysbios_knl_Clock_stop__E)
                  0000bb00    00000020     hello_pem3.oem3 (.text:ti_uia_loggers_LoggerStopMode_Object__delete__S)
                  0000bb20    00000020     rom_sysbios.aem3 : rom_sysbios.obj (.text:xdc_runtime_Registry_findById__E)
                  0000bb40    00000020                      : rom_sysbios.obj (.text:xdc_runtime_SysMin_Module_startup__E)
                  0000bb60    00000020     main.obj (.text:xgWriteByte)
                  0000bb80    0000001e     drivers_cc13x0.aem3 : PINCC26XX.oem3 (.text:PIN_close)
                  0000bb9e    0000001e                         : PowerCC26XX.oem3 (.text:Power_getTransitionLatency)
                  0000bbbc    0000001c     driverlib.lib : aux_adc.obj (.text:NOROM_AUXADCGetAdjustmentGain)
                  0000bbd8    0000001c                   : chipinfo.obj (.text:NOROM_ChipInfo_GetChipFamily)
                  0000bbf4    0000001c                   : setup_rom.obj (.text:NOROM_SetupGetTrimForAmpcompTh2)
                  0000bc10    0000001c                   : setup_rom.obj (.text:NOROM_SetupGetTrimForRcOscLfRtuneCtuneTrim)
                  0000bc2c    0000001c     drivers_cc13x0.aem3 : PINCC26XX.oem3 (.text:PINCC26XX_setIoCfgMux)
                  0000bc48    0000001c                         : PINCC26XX.oem3 (.text:PIN_hwi)
                  0000bc64    0000001c     rf_multiMode_cc13x0.aem3 : RFCC26XX_multiMode.oem3 (.text:RF_setPowerConstraint)
                  0000bc80    0000001c                              : RFCC26XX_multiMode.oem3 (.text:clkInactivityFxn)
                  0000bc9c    0000001c     smartrf_settings.obj (.text:enterGenfskCpePatch)
                  0000bcb8    0000001c     smartrf_settings_predefined.obj (.text:enterGenfskCpePatch)
                  0000bcd4    0000001c     smartrf_settings_predefined.obj (.text:enterGenookCpePatch)
                  0000bcf0    0000001c     smartrf_settings_predefined.obj (.text:enterLrmCpePatch)
                  0000bd0c    0000001c     smartrf_settings_predefined.obj (.text:enterSl_longrangeCpePatch)
                  0000bd28    0000001c     rf_multiMode_cc13x0.aem3 : RFCC26XX_multiMode.oem3 (.text:hwiFxnCpe0ChangePhy)
                  0000bd44    0000001c     rom_sysbios.aem3 : rom_sysbios.obj (.text:ti_sysbios_knl_Swi_construct2__E)
                  0000bd60    0000001c     ti.uia.loggers.aem3 : LoggerStopMode.oem3 (.text:ti_uia_loggers_LoggerStopMode_Instance_init__E)
                  0000bd7c    0000001c     rom_sysbios.aem3 : rom_sysbios.obj (.text:xdc_runtime_SysMin_exit__E)
                  0000bd98    0000001a     hello_pem3.oem3 (.text:free)
                  0000bdb2    00000002     hello_pem3.oem3 (.text:ti_sysbios_rom_cortexm_cc13xx_CC13xx_badRomRevision__E)
                  0000bdb4    00000018     CC1310_LAUNCHXL.obj (.text:CC1310_LAUNCHXL_initGeneral)
                  0000bdcc    00000018     driverlib.lib : aon_rtc.obj (.text:NOROM_AONRTCCurrentCompareValueGet)
                  0000bde4    00000018                   : aux_adc.obj (.text:NOROM_AUXADCGetAdjustmentOffset)
                  0000bdfc    00000018                   : chipinfo.obj (.text:NOROM_ChipInfo_GetPackageType)
                  0000be14    00000018                   : osc.obj (.text:NOROM_OSCHF_TurnOnXosc)
                  0000be2c    00000018                   : rfc.obj (.text:NOROM_RFCCpeIntGetAndClear)
                  0000be44    00000018                   : setup_rom.obj (.text:NOROM_SetupGetTrimForAdcShModeEn)
                  0000be5c    00000018                   : setup_rom.obj (.text:NOROM_SetupGetTrimForAdcShVbufEn)
                  0000be74    00000018                   : setup_rom.obj (.text:NOROM_SetupGetTrimForAmpcompTh1)
                  0000be8c    00000018                   : setup_rom.obj (.text:NOROM_SetupGetTrimForDblrLoopFilterResetVoltage)
                  0000bea4    00000018                   : setup_rom.obj (.text:NOROM_SetupGetTrimForRcOscLfIBiasTrim)
                  0000bebc    00000018                   : setup_rom.obj (.text:NOROM_SetupGetTrimForXoscLfRegulatorAndCmirrwrRatio)
                  0000bed4    00000018     drivers_cc13x0.aem3 : PowerCC26XX.oem3 (.text:Power_idleFunc)
                  0000beec    00000018                         : UARTCC26XX.oem3 (.text:UARTCC26XX_init)
                  0000bf04    00000018                         : UART.oem3 (.text:UART_Params_init)
                  0000bf1c    00000018     rtsv7M3_T_le_eabi.lib : args_main.c.obj (.text:_args_main)
                  0000bf34    00000018     drivers_cc13x0.aem3 : PowerCC26XX.oem3 (.text:configureRFCoreClocks)
                  0000bf4c    00000018     main.obj (.text:mReadByte)
                  0000bf64    00000018     rtsv7M3_T_le_eabi.lib : ll_mul_t2.asm.obj (.text)
                  0000bf7c    00000018     rf_multiMode_cc13x0.aem3 : RFCC26XX_multiMode.oem3 (.text:swiFxnFsm)
                  0000bf94    00000018     hello_pem3.oem3 (.text:ti_sysbios_BIOS_rtsUnlock__I)
                  0000bfac    00000018     rom_sysbios.aem3 : rom_sysbios.obj (.text:ti_sysbios_knl_Swi_or__E)
                  0000bfc4    00000018     hello_pem3.oem3 (.text:ti_sysbios_rom_cortexm_cc13xx_CC13xx_checkRevision__E)
                  0000bfdc    00000018     hello_pem3.oem3 (.text:ti_uia_loggers_LoggerStopMode_Handle__label__S)
                  0000bff4    00000018     rom_sysbios.aem3 : rom_sysbios.obj (.text:xdc_runtime_Error_init__E)
                  0000c00c    00000018     main.obj (.text:xgReadByte)
                  0000c024    00000016     display.aem3 : DisplayUart.oem3 (.text:DisplayUartMin_close)
                  0000c03a    00000016     drivers_cc13x0.aem3 : List.oem3 (.text:List_remove)
                  0000c050    00000016     driverlib.lib : chipinfo.obj (.text:NOROM_ThisLibraryIsFor_CC13x0_HwRev20AndLater_HaltIfViolated)
                  0000c066    00000016     rf_multiMode_cc13x0.aem3 : RFCC26XX_multiMode.oem3 (.text:Q_pop)
                  0000c07c    00000016     main.obj (.text:checkID)
                  0000c092    00000016     hello_pem3.oem3 (.text:ti_sysbios_BIOS_exitFunc__I)
                  0000c0a8    00000016     EasyLink.obj (.text:ti_sysbios_knl_Semaphore_Params_init)
                  0000c0be    00000016     main.obj (.text:ti_sysbios_knl_Semaphore_Params_init)
                  0000c0d4    00000016     main.obj (.text:ti_sysbios_knl_Task_Params_init)
                  0000c0ea    00000016     ti.uia.loggers.aem3 : LoggerStopMode.oem3 (.text:ti_uia_loggers_LoggerStopMode_disable__E)
                  0000c100    00000016                         : LoggerStopMode.oem3 (.text:ti_uia_loggers_LoggerStopMode_enable__E)
                  0000c116    00000002     hello_pem3.oem3 (.text:ti_uia_loggers_LoggerStopMode_setFilterLevel__E)
                  0000c118    00000014     driverlib.lib : aon_rtc.obj (.text:NOROM_AONRTCCurrent64BitValueGet)
                  0000c12c    00000014                   : aux_adc.obj (.text:NOROM_AUXADCValueToMicrovolts)
                  0000c140    00000014     drivers_cc13x0.aem3 : PINCC26XX.oem3 (.text:PINCC26XX_getOutputValue)
                  0000c154    00000014     rf_multiMode_cc13x0.aem3 : RFCC26XX_multiMode.oem3 (.text:RF_Params_init)
                  0000c168    00000014     main.obj (.text:SysCtrlSystemReset)
                  0000c17c    00000014     rtsv7M3_T_le_eabi.lib : strlen.c.obj (.text:strlen)
                  0000c190    00000014     hello_pem3.oem3 (.text:ti_sysbios_knl_Clock_doTick__I)
                  0000c1a4    00000012     drivers_cc13x0.aem3 : RingBuf.oem3 (.text:RingBuf_construct)
                  0000c1b6    00000012     dpl_cc13x0.aem3 : SemaphoreP_tirtos.oem3 (.text:SemaphoreP_pend)
                  0000c1c8    00000012     hello_pem3.oem3 (.text:xdc_runtime_Startup_exec__I)
                  0000c1da    00000010     dpl_cc13x0.aem3 : ClockP_tirtos.oem3 (.text:ClockP_isActive)
                  0000c1ea    00000010                     : HwiP_tirtos.oem3 (.text:HwiP_Params_init)
                  0000c1fa    00000002     ti.uia.loggers.aem3 : LoggerStopMode.oem3 (.text:ti_uia_loggers_LoggerStopMode_setPriority__E)
                  0000c1fc    00000010     drivers_cc13x0.aem3 : I2C.oem3 (.text:I2C_Params_init)
                  0000c20c    00000010     driverlib.lib : aux_adc.obj (.text:NOROM_AUXADCFlushFifo)
                  0000c21c    00000010                   : aux_adc.obj (.text:NOROM_AUXADCReadFifo)
                  0000c22c    00000010                   : rfc.obj (.text:NOROM_RFCRfTrimSet)
                  0000c23c    00000010                   : setup_rom.obj (.text:NOROM_SetupGetTrimForXoscHfFastStart)
                  0000c24c    00000010                   : setup_rom.obj (.text:NOROM_SetupGetTrimForXoscHfIbiastherm)
                  0000c25c    00000010     dpl_cc13x0.aem3 : SwiP_tirtos.oem3 (.text:SwiP_Params_init)
                  0000c26c    00000010     smartrf_settings.obj (.text:applyGenfskPatch)
                  0000c27c    00000010     smartrf_settings_predefined.obj (.text:applyGenfskPatch)
                  0000c28c    00000010     smartrf_settings_predefined.obj (.text:applyGenookPatch)
                  0000c29c    00000010     smartrf_settings_predefined.obj (.text:applyLrmPatch)
                  0000c2ac    00000010     smartrf_settings_predefined.obj (.text:applySl_longrangePatch)
                  0000c2bc    00000010     drivers_cc13x0.aem3 : I2CCC26XX.oem3 (.text:i2cPostNotify)
                  0000c2cc    00000010     rom_sysbios.aem3 : rom_sysbios.obj (.text:ti_sysbios_family_arm_m3_Hwi_post__E)
                  0000c2dc    00000010     hello_pem3.oem3 (.text:ti_uia_loggers_LoggerStopMode_Object__get__S)
                  0000c2ec    00000010     ti.uia.loggers.aem3 : LoggerStopMode.oem3 (.text:ti_uia_loggers_LoggerStopMode_isEmpty__E)
                  0000c2fc    00000010     drivers_cc13x0.aem3 : UARTCC26XX.oem3 (.text:uartPostNotify)
                  0000c30c    00000010     rom_sysbios.aem3 : rom_sysbios.obj (.text:xdc_runtime_SysMin_ready__E)
                  0000c31c    00000010                      : rom_sysbios.obj (.text:xdc_runtime_System_vsnprintf__E)
                  0000c32c    0000000e     driverlib.lib : vims.obj (.text:NOROM_VIMSModeGet)
                  0000c33a    0000000e     rtsv7M3_T_le_eabi.lib : copy_decompress_none.c.obj (.text:decompress:none:__TI_decompress_none)
                  0000c348    0000000e     rom_sysbios.aem3 : rom_sysbios.obj (.text:ti_sysbios_family_arm_cc26xx_TimestampProvider_get32__E)
                  0000c356    00000002                      : rom_sysbios.obj (.text:xdc_runtime_SysCallback_defaultAbort)
                  0000c358    0000000c     rf_multiMode_cc13x0.aem3 : RFCC26XX_multiMode.oem3 (.text:FsmNextState)
                  0000c364    0000000c     drivers_cc13x0.aem3 : List.oem3 (.text:List_empty)
                  0000c370    0000000c     driverlib.lib : cpu.obj (.text:NOROM_CPUcpsid)
                  0000c37c    0000000c                   : cpu.obj (.text:NOROM_CPUcpsie)
                  0000c388    0000000c                   : osc.obj (.text:NOROM_OSC_HPOSCRelativeFrequencyOffsetToRFCoreFormatConvert)
                  0000c394    0000000c     drivers_cc13x0.aem3 : PINCC26XX.oem3 (.text:PIN_registerIntCb)
                  0000c3a0    0000000c                         : PowerCC26XX.oem3 (.text:Power_getConstraintMask)
                  0000c3ac    0000000c                         : PowerCC26XX.oem3 (.text:Power_getDependencyCount)
                  0000c3b8    0000000c     dpl_cc13x0.aem3 : SemaphoreP_tirtos.oem3 (.text:SemaphoreP_delete)
                  0000c3c4    0000000c     rtsv7M3_T_le_eabi.lib : _lock.c.obj (.text:_register_lock)
                  0000c3d0    0000000c                           : _lock.c.obj (.text:_register_unlock)
                  0000c3dc    0000000c                           : copy_zero_init.c.obj (.text:decompress:ZI:__TI_zero_init)
                  0000c3e8    0000000c     main.obj (.text:ti_sysbios_knl_Semaphore_handle)
                  0000c3f4    0000000c     rom_sysbios.aem3 : rom_sysbios.obj (.text:ti_sysbios_knl_Swi_getTrigger__E)
                  0000c400    0000000c     hello_pem3.oem3 (.text:xdc_runtime_Startup_reset__I)
                  0000c40c    0000000c     rom_sysbios.aem3 : rom_sysbios.obj (.text:xdc_runtime_Startup_rtsDone__E)
                  0000c418    0000000a     drivers_cc13x0.aem3 : ADC.oem3 (.text:ADC_Params_init)
                  0000c422    0000000a                         : ADC.oem3 (.text:ADC_close)
                  0000c42c    0000000a                         : ADC.oem3 (.text:ADC_convert)
                  0000c436    0000000a                         : ADC.oem3 (.text:ADC_convertToMicroVolts)
                  0000c440    0000000a                         : I2CCC26XX.oem3 (.text:I2CCC26XX_init)
                  0000c44a    0000000a                         : I2C.oem3 (.text:I2C_close)
                  0000c454    0000000a                         : I2C.oem3 (.text:I2C_transfer)
                  0000c45e    0000000a                         : UART.oem3 (.text:UART_close)
                  0000c468    0000000a                         : UART.oem3 (.text:UART_control)
                  0000c472    0000000a                         : UART.oem3 (.text:UART_write)
                  0000c47c    00000008                         : ADCCC26XX.oem3 (.text:ADCCC26XX_init)
                  0000c484    00000008                         : I2CCC26XX.oem3 (.text:I2CCC26XX_blockingCallback)
                  0000c48c    00000008                         : UARTCC26XX.oem3 (.text:readSemCallback)
                  0000c494    00000008     smartrf_settings.obj (.text:rf_patch_cpe_genfsk)
                  0000c49c    00000008     smartrf_settings_predefined.obj (.text:rf_patch_cpe_genfsk)
                  0000c4a4    00000008     smartrf_settings_predefined.obj (.text:rf_patch_cpe_genook)
                  0000c4ac    00000008     smartrf_settings_predefined.obj (.text:rf_patch_cpe_lrm)
                  0000c4b4    00000008     smartrf_settings_predefined.obj (.text:rf_patch_cpe_sl_longrange)
                  0000c4bc    00000008     drivers_cc13x0.aem3 : UARTCC26XX.oem3 (.text:writeSemCallback)
                  0000c4c4    00000008     hello_pem3.oem3 (.text:xdc_runtime_Text_visitRope__I)
                  0000c4cc    00000006     drivers_cc13x0.aem3 : ADCCC26XX.oem3 (.text:ADCCC26XX_control)
                  0000c4d2    00000006     dpl_cc13x0.aem3 : ClockP_tirtos.oem3 (.text:ClockP_Params_init)
                  0000c4d8    00000006     display.aem3 : DisplayUart.oem3 (.text:DisplayUartMin_control)
                  0000c4de    00000006                  : DisplayUart.oem3 (.text:DisplayUartMin_getType)
                  0000c4e4    00000006     drivers_cc13x0.aem3 : I2CCC26XX.oem3 (.text:I2CCC26XX_control)
                  0000c4ea    00000006     driverlib.lib : cpu.obj (.text:NOROM_CPUdelay)
                  0000c4f0    00000006     drivers_cc13x0.aem3 : UARTCC26XX.oem3 (.text:UARTCC26XX_readPolling)
                  0000c4f6    00000006                         : UARTCC26XX.oem3 (.text:UARTCC26XX_writePolling)
                  0000c4fc    00000006     rf_multiMode_cc13x0.aem3 : RFCC26XX_multiMode.oem3 (.text:clkReqAccessFxn)
                  0000c502    00000006     rom_sysbios.aem3 : rom_sysbios.obj (.text:ti_sysbios_family_arm_m3_Hwi_setFunc__E)
                  0000c508    00000004     dpl_cc13x0.aem3 : PowerCC26XX_tirtos.oem3 (.text:CPUwfi)
                  0000c50c    00000004                     : ClockP_tirtos.oem3 (.text:ClockP_destruct)
                  0000c510    00000004                     : ClockP_tirtos.oem3 (.text:ClockP_getCpuFreq)
                  0000c514    00000004                     : ClockP_tirtos.oem3 (.text:ClockP_getTimeout)
                  0000c518    00000004                     : ClockP_tirtos.oem3 (.text:ClockP_setTimeout)
                  0000c51c    00000004                     : ClockP_tirtos.oem3 (.text:ClockP_start)
                  0000c520    00000004                     : ClockP_tirtos.oem3 (.text:ClockP_stop)
                  0000c524    00000004                     : HwiP_tirtos.oem3 (.text:HwiP_destruct)
                  0000c528    00000004                     : HwiP_tirtos.oem3 (.text:HwiP_disable)
                  0000c52c    00000004                     : HwiP_tirtos.oem3 (.text:HwiP_disableInterrupt)
                  0000c530    00000004                     : HwiP_tirtos.oem3 (.text:HwiP_enableInterrupt)
                  0000c534    00000004                     : HwiP_tirtos.oem3 (.text:HwiP_post)
                  0000c538    00000004                     : HwiP_tirtos.oem3 (.text:HwiP_setFunc)
                  0000c53c    00000004     drivers_cc13x0.aem3 : List.oem3 (.text:List_head)
                  0000c540    00000004                         : List.oem3 (.text:List_next)
                  0000c544    00000004     rf_multiMode_cc13x0.aem3 : RFCC26XX_multiMode.oem3 (.text:Q_peek)
                  0000c548    00000004     dpl_cc13x0.aem3 : SemaphoreP_tirtos.oem3 (.text:SemaphoreP_destruct)
                  0000c54c    00000004                     : SemaphoreP_tirtos.oem3 (.text:SemaphoreP_post)
                  0000c550    00000004                     : SwiP_tirtos.oem3 (.text:SwiP_destruct)
                  0000c554    00000004                     : SwiP_tirtos.oem3 (.text:SwiP_disable)
                  0000c558    00000004                     : SwiP_tirtos.oem3 (.text:SwiP_getTrigger)
                  0000c55c    00000004                     : SwiP_tirtos.oem3 (.text:SwiP_or)
                  0000c560    00000004                     : SwiP_tirtos.oem3 (.text:SwiP_post)
                  0000c564    00000004                     : SystemP_tirtos.oem3 (.text:SystemP_vsnprintf)
                  0000c568    00000004     rtsv7M3_T_le_eabi.lib : error.c.obj (.text:__abort_execution)
                  0000c56c    00000004                           : exit.c.obj (.text:abort:abort)
                  0000c570    00000004     drivers_cc13x0.aem3 : PowerCC26XX.oem3 (.text:nopResourceHandler)
                  0000c574    00000004     rom_sysbios.aem3 : rom_sysbios.obj (.text:ti_sysbios_family_arm_cc26xx_Timer_getCount64__E)
                  0000c578    00000004                      : rom_sysbios.obj (.text:ti_sysbios_knl_Clock_isActive__E)
                  0000c57c    00000004     ti.uia.loggers.aem3 : LoggerStopMode.oem3 (.text:ti_uia_loggers_LoggerStopMode_getContents__E)
                  0000c580    00000004     hello_pem3.oem3 (.text:ti_uia_loggers_LoggerStopMode_getFilterLevel__E)
                  0000c584    00000004     ti.uia.loggers.aem3 : LoggerStopMode.oem3 (.text:ti_uia_loggers_LoggerStopMode_getInstanceId__E)
                  0000c588    00000004                         : LoggerStopMode.oem3 (.text:ti_uia_loggers_LoggerStopMode_getMaxLength__E)
                  0000c58c    00000004                         : LoggerStopMode.oem3 (.text:ti_uia_loggers_LoggerStopMode_getPriority__E)
                  0000c590    00000004                         : LoggerStopMode.oem3 (.text:ti_uia_loggers_LoggerStopMode_getTransferType__E)
                  0000c594    00000002     rom_sysbios.aem3 : rom_sysbios.obj (.text:xdc_runtime_SysCallback_defaultExit)
                  0000c596    00000002     --HOLE-- [fill = 0]
                  0000c598    00000008     (.tramp.ti_sysbios_knl_Swi_destruct.1)
                  0000c5a0    00000008     (.tramp.ti_sysbios_knl_Semaphore_destruct.1)
                  0000c5a8    00000008     (.tramp.ti_sysbios_family_arm_m3_Hwi_enableInterrupt__E.1)
                  0000c5b0    00000008     (.tramp.ti_sysbios_family_arm_m3_Hwi_disableInterrupt__E.1)
                  0000c5b8    00000008     (.tramp.ti_sysbios_family_arm_m3_Hwi_destruct.1)
                  0000c5c0    00000008     (.tramp.ti_sysbios_BIOS_getCpuFreq__E.1)
                  0000c5c8    00000008     (.tramp.ti_sysbios_knl_Clock_destruct.1)
                  0000c5d0    00000008     (.tramp.ti_sysbios_knl_Semaphore_delete.1)
                  0000c5d8    00000008     (.tramp.xdc_runtime_Startup_startMods__I.1)
                  0000c5e0    00000008     (.tramp.ti_sysbios_knl_Clock_logTick__E.1)
                  0000c5e8    00000008     (.tramp.ti_sysbios_knl_Task_Params__init__S.1)
                  0000c5f0    00000008     (.tramp.xdc_runtime_Core_assignLabel__I.1)
                  0000c5f8    00000008     (.tramp.ti_sysbios_knl_Swi_post__E.1)
                  0000c600    00000008     (.tramp.ti_sysbios_BIOS_RtsGateProxy_leave__E.1)
                  0000c608    00000008     (.tramp.xdc_runtime_Memory_free__E.1)
                  0000c610    00000008     (.tramp.ti_sysbios_knl_Swi_construct.1)
                  0000c618    00000008     (.tramp.xdc_runtime_Core_deleteObject__I.1)
                  0000c620    00000008     (.tramp.ti_sysbios_BIOS_RtsGateProxy_enter__E.1)
                  0000c628    00000008     (.tramp.ti_sysbios_knl_Task_restore__E.1)
                  0000c630    00000008     (.tramp.ti_sysbios_knl_Clock_getTicks__E.1)
                  0000c638    00000008     (.tramp.ti_sysbios_knl_Semaphore_Params__init__S.1)
                  0000c640    00000008     (.tramp.xdc_runtime_Memory_alloc__E.1)
                  0000c648    00000008     (.tramp.xdc_runtime_Core_createObject__I.1)
                  0000c650    00000008     (.tramp.ti_sysbios_knl_Task_startup__E.1)
                  0000c658    00000008     (.tramp.ti_sysbios_knl_Swi_startup__E.1)
                  0000c660    00000008     (.tramp.ti_sysbios_hal_Hwi_startup__E.1)
                  0000c668    00000008     (.tramp.ti_sysbios_family_arm_cc26xx_Timer_startup__E.1)
                  0000c670    00000008     (.tramp.xdc_runtime_System_atexit__E.1)
                  0000c678    00000008     (.tramp.ti_sysbios_BIOS_setThreadType__E.1)
                  0000c680    00000008     (.tramp.ti_sysbios_knl_Task_disable__E.1)
                  0000c688    00000008     (.tramp.ti_sysbios_knl_Swi_disable__E.1)
                  0000c690    00000008     (.tramp.ti_sysbios_knl_Task_construct.1)
                  0000c698    00000008     (.tramp.ti_sysbios_family_arm_m3_Hwi_construct.1)
                  0000c6a0    00000008     (.tramp.ti_sysbios_knl_Swi_Params__init__S.1)
                  0000c6a8    00000008     (.tramp.ti_sysbios_family_arm_m3_Hwi_Params__init__S.1)
                  0000c6b0    00000008     (.tramp.xdc_runtime_System_exit__E.1)
                  0000c6b8    00000008     (.tramp.ti_sysbios_knl_Clock_construct.1)
                  0000c6c0    00000008     (.tramp.ti_sysbios_knl_Clock_Params__init__S.1)
                  0000c6c8    00000008     (.tramp.ti_sysbios_BIOS_start__E.1)
                  0000c6d0    00000008     (.tramp.ti_sysbios_heaps_HeapMem_restore__E.1)
                  0000c6d8    00000008     (.tramp.ti_sysbios_heaps_HeapMem_Object__get__S.1)
                  0000c6e0    00000008     (.tramp.xdc_runtime_Gate_leaveSystem__E.1)
                  0000c6e8    00000008     (.tramp.xdc_runtime_Gate_enterSystem__E.1)
                  0000c6f0    00000008     (.tramp.xdc_runtime_Assert_raise__I.1)
                  0000c6f8    00000008     (.tramp.ti_sysbios_knl_Clock_scheduleNextTick__E.1)
                  0000c700    00000008     (.tramp.ti_sysbios_knl_Clock_walkQueueDynamic__E.1)
                  0000c708    00000008     (.tramp.ti_sysbios_knl_Clock_TimerProxy_getCurrentTick__E.1)
                  0000c710    00000008     (.tramp.ti_sysbios_knl_Clock_start__E.1)
                  0000c718    00000008     (.tramp.ti_sysbios_knl_Clock_setTimeout__E.1)
                  0000c720    00000008     (.tramp.xdc_runtime_Timestamp_get64__E.1)
                  0000c728    00000008     (.tramp.ti_sysbios_family_arm_m3_Hwi_disableFxn__E.1)
                  0000c730    00000008     (.tramp.ti_sysbios_knl_Semaphore_construct.1)
                  0000c738    00000008     (.tramp.ti_sysbios_knl_Task_sleep__E.1)
                  0000c740    00000008     (.tramp.ti_sysbios_knl_Swi_restore__E.1)
                  0000c748    00000008     (.tramp.ti_sysbios_knl_Semaphore_create.1)
                  0000c750    00000008     (.tramp.ti_sysbios_knl_Semaphore_post__E.1)
                  0000c758    00000008     (.tramp.ti_sysbios_knl_Semaphore_pend__E.1)
                  0000c760    00000008     (.tramp.ti_sysbios_family_arm_m3_Hwi_restoreFxn__E.1)

.const     0    0000c768    000048b9     
                  0000c768    0000073c     smartrf_settings_predefined.obj (.const:patchGenookMce)
                  0000cea4    000006b4     smartrf_settings.obj (.const:patchGenfskRfe)
                  0000d558    000006b4     smartrf_settings_predefined.obj (.const:patchGenfskRfe)
                  0000dc0c    000006b4     smartrf_settings_predefined.obj (.const:patchLrmRfe)
                  0000e2c0    000006b4     smartrf_settings_predefined.obj (.const:patchSl_longrangeRfe)
                  0000e974    000006a4     smartrf_settings_predefined.obj (.const:patchGenookRfe)
                  0000f018    00000504     smartrf_settings_predefined.obj (.const:patchHsp4mbpsRfe)
                  0000f51c    00000400     smartrf_settings_predefined.obj (.const:patchSl_longrangeMce)
                  0000f91c    000003f0     smartrf_settings_predefined.obj (.const:patchHsp4mbpsMce)
                  0000fd0c    000002b0     smartrf_settings.obj (.const:patchImageGenfsk)
                  0000ffbc    000002b0     smartrf_settings_predefined.obj (.const:patchImageGenfsk)
                  0001026c    000002b0     smartrf_settings_predefined.obj (.const:patchImageGenook)
                  0001051c    000002b0     smartrf_settings_predefined.obj (.const:patchImageLrm)
                  000107cc    000002b0     smartrf_settings_predefined.obj (.const:patchImageSl_longrange)
                  00010a7c    00000090     main.obj (.const:$P$T4$3)
                  00010b0c    00000084     CC1310_LAUNCHXL.obj (.const:ADC_config)
                  00010b90    00000060     hello_pem3.oem3 (.const:ti_uia_loggers_LoggerStopMode_Module__FXNS__C)
                  00010bf0    0000004d     CC1310_LAUNCHXL.obj (.const:adcCC26xxHWAttrs)
                  00010c3d    00000001     display.aem3 : Display.oem3 (.const:Display_defaultParams)
                  00010c3e    0000004c     drivers_cc13x0.aem3 : PowerCC26XX.oem3 (.const:resourceDB)
                  00010c8a    00000002     hello_pem3.oem3 (.const:ti_uia_loggers_LoggerStopMode_Module__id__C)
                  00010c8c    00000048     hello_pem3.oem3 (.const:.string)
                  00010cd4    00000040     drivers_cc13x0.aem3 : UARTCC26XX.oem3 (.const:$O1$$)
                  00010d14    00000040     smartrf_settings_predefined.obj (.const:rfPowerTable)
                  00010d54    0000002c     CC1310_LAUNCHXL.obj (.const:BoardGpioInitTable)
                  00010d80    0000002c     hello_pem3.oem3 (.const:xdc_runtime_Startup_sfxnTab__A)
                  00010dac    00000028     drivers_cc13x0.aem3 : UARTCC26XX.oem3 (.const:UARTCC26XX_fxnTable)
                  00010dd4    00000028     hello_pem3.oem3 (.const:ti_uia_loggers_LoggerStopMode_Object__PARAMS__C)
                  00010dfc    00000024     drivers_cc13x0.aem3 : UART.oem3 (.const:UART_defaultParams)
                  00010e20    00000020     display.aem3 : DisplayUart.oem3 (.const:DisplayUartMin_fxnTable)
                  00010e40    00000020     hello_pem3.oem3 (.const:ti_uia_loggers_LoggerStopMode_Object__DESC__C)
                  00010e60    00000020     CC1310_LAUNCHXL.obj (.const:uartCC26XXHWAttrs)
                  00010e80    0000001c     rf_multiMode_cc13x0.aem3 : RFCC26XX_multiMode.oem3 (.const:RF_defaultParams)
                  00010e9c    00000018     EasyLink.obj (.const:$P$T0$3)
                  00010eb4    00000018     drivers_cc13x0.aem3 : ADCCC26XX.oem3 (.const:ADCCC26XX_fxnTable)
                  00010ecc    00000018                         : I2CCC26XX.oem3 (.const:I2CCC26XX_fxnTable)
                  00010ee4    00000018     CC1310_LAUNCHXL.obj (.const:i2cCC26xxHWAttrs)
                  00010efc    00000018     driverlib.lib : rfc.obj (.const:rfc_defaultIrqAddr)
                  00010f14    00000016     hello_pem3.oem3 (.const:xdc_runtime_Startup_sfxnRts__A)
                  00010f2a    00000002     hello_pem3.oem3 (.const:ti_uia_loggers_LoggerStopMode_isTimestampEnabled__C)
                  00010f2c    00000014     CC1310_LAUNCHXL.obj (.const:$P$T0$1)
                  00010f40    00000014     CC1310_LAUNCHXL.obj (.const:displayUartHWAttrs)
                  00010f54    00000010     drivers_cc13x0.aem3 : I2C.oem3 (.const:I2C_defaultParams)
                  00010f64    00000010     CC1310_LAUNCHXL.obj (.const:PowerCC26XX_config)
                  00010f74    0000000c     CC1310_LAUNCHXL.obj (.const:Display_config)
                  00010f80    0000000c     CC1310_LAUNCHXL.obj (.const:I2C_config)
                  00010f8c    0000000c     CC1310_LAUNCHXL.obj (.const:UART_config)
                  00010f98    0000000c     hello_pem3.oem3 (.const:xdc_runtime_Startup_firstFxns__A)
                  00010fa4    00000009     CC1310_LAUNCHXL.obj (.const)
                  00010fad    00000001     smartrf_settings_predefined.obj (.const)
                  00010fae    00000002     hello_pem3.oem3 (.const:xdc_runtime_SysMin_flushAtExit__C)
                  00010fb0    00000008     drivers_cc13x0.aem3 : ADC.oem3 (.const:ADC_defaultParams)
                  00010fb8    00000008     CC1310_LAUNCHXL.obj (.const:PINCC26XX_hwAttrs)
                  00010fc0    00000008     drivers_cc13x0.aem3 : I2CCC26XX.oem3 (.const:bitRate)
                  00010fc8    00000004     EasyLink.obj (.const:$P$T1$4)
                  00010fcc    00000004     CC1310_LAUNCHXL.obj (.const:RFCC26XX_hwAttrs)
                  00010fd0    00000004     hello_pem3.oem3 (.const:ti_sysbios_family_arm_m3_Hwi_swiDisable__C)
                  00010fd4    00000004     hello_pem3.oem3 (.const:ti_sysbios_family_arm_m3_Hwi_swiRestoreHwi__C)
                  00010fd8    00000004     hello_pem3.oem3 (.const:ti_sysbios_heaps_HeapMem_primaryHeapBaseAddr__C)
                  00010fdc    00000004     hello_pem3.oem3 (.const:ti_sysbios_heaps_HeapMem_primaryHeapEndAddr__C)
                  00010fe0    00000004     hello_pem3.oem3 (.const:ti_sysbios_knl_Clock_tickPeriod__C)
                  00010fe4    00000004     hello_pem3.oem3 (.const:ti_sysbios_knl_Clock_triggerClock__C)
                  00010fe8    00000004     hello_pem3.oem3 (.const:ti_sysbios_knl_Idle_funcList__A)
                  00010fec    00000004     hello_pem3.oem3 (.const:ti_uia_loggers_LoggerStopMode_Module__diagsEnabled__C)
                  00010ff0    00000004     hello_pem3.oem3 (.const:ti_uia_loggers_LoggerStopMode_Module__diagsIncluded__C)
                  00010ff4    00000004     hello_pem3.oem3 (.const:ti_uia_loggers_LoggerStopMode_Module__diagsMask__C)
                  00010ff8    00000004     hello_pem3.oem3 (.const:ti_uia_loggers_LoggerStopMode_Object__count__C)
                  00010ffc    00000004     hello_pem3.oem3 (.const:ti_uia_runtime_ILoggerSnapshot_Interface__BASE__C)
                  00011000    00000004     hello_pem3.oem3 (.const:ti_uia_runtime_IUIATransfer_Interface__BASE__C)
                  00011004    00000004     hello_pem3.oem3 (.const:xdc_runtime_IFilterLogger_Interface__BASE__C)
                  00011008    00000004     hello_pem3.oem3 (.const:xdc_runtime_ILogger_Interface__BASE__C)
                  0001100c    00000004     hello_pem3.oem3 (.const:xdc_runtime_SysMin_bufSize__C)
                  00011010    00000004     hello_pem3.oem3 (.const:xdc_runtime_SysMin_outputFunc__C)
                  00011014    00000004     hello_pem3.oem3 (.const:xdc_runtime_System_extendFxn__C)
                  00011018    00000004     hello_pem3.oem3 (.const:xdc_runtime_Text_visitRopeFxn__C)
                  0001101c    00000002     hello_pem3.oem3 (.const:xdc_runtime_Text_registryModsLastId__C)
                  0001101e    00000002     hello_pem3.oem3 (.const:xdc_runtime_Text_unnamedModsLastId__C)
                  00011020    00000001     hello_pem3.oem3 (.const:xdc_runtime_Text_charTab__A)

.cinit     0    00000040    000004c8     
                  00000040    00000388     (.cinit..data.load) [load image, compression = lzss]
                  000003c8    00000029     (.cinit..data:ti_sysbios_family_arm_m3_Hwi_Module__state__V.load) [load image, compression = lzss]
                  000003f1    00000021     (.cinit..data:ti_sysbios_knl_Task_Module__state__V.load) [load image, compression = lzss]
[...]
1001c2dd  ti_sysbios_knl_Semaphore_destruct                                         
1001c2e1  ti_sysbios_knl_Swi_delete                                                 
1001c2e5  ti_sysbios_knl_Swi_destruct                                               
1001c2e9  ti_sysbios_knl_Swi_postInit__I                                            
1001c2ed  ti_sysbios_knl_Task_SupportProxy_Module__startupDone__S                   
1001c2f1  ti_sysbios_knl_Task_SupportProxy_getStackAlignment__E                     
1001c2f5  ti_sysbios_knl_Task_SupportProxy_start__E                                 
1001c2f9  ti_sysbios_knl_Task_SupportProxy_swap__E                                  
1001c2fd  ti_sysbios_knl_Task_delete                                                
1001c301  ti_sysbios_knl_Task_destruct                                              
1001c305  ti_sysbios_knl_Task_startup__E                                            
1001c309  xdc_runtime_Startup_startMods__I                                          
1001c401  xdc_runtime_Core_createObject__I                                          
1001c483  xdc_runtime_Error_policySpin__E                                           
1001c485  xdc_runtime_Memory_alloc__E                                               
1001c4f5  xdc_runtime_Core_deleteObject__I                                          
1001c555  xdc_runtime_Startup_exec__E                                               
1001c5a5  xdc_runtime_Assert_raise__I                                               
1001c5ed  xdc_runtime_Core_assignParams__I                                          
1001c635  xdc_runtime_Core_constructObject__I                                       
1001c67d  xdc_runtime_System_atexit__E                                              
1001c6b5  xdc_runtime_System_processAtExit__E                                       
1001c6e9  xdc_runtime_Core_assignLabel__I                                           
1001c719  xdc_runtime_Text_cordText__E                                              
1001c745  xdc_runtime_System_abort__E                                               
1001c765  xdc_runtime_Error_raiseX__E                                               
1001c781  xdc_runtime_Memory_valloc__E                                              
1001c79d  xdc_runtime_Core_destructObject__I                                        
1001c7b5  xdc_runtime_Error_check__E                                                
1001c7cd  xdc_runtime_System_exit__E                                                
1001c7e5  xdc_runtime_Text_ropeText__E                                              
1001c7fd  xdc_runtime_Memory_free__E                                                
1001c80d  xdc_runtime_SysCallback_abort__E                                          
1001c81d  xdc_runtime_SysCallback_exit__E                                           
1001c82d  xdc_runtime_Timestamp_SupportProxy_get32__E                               
1001c82d  xdc_runtime_Timestamp_get32__E                                            
1001c82d  xdc_runtime_Timestamp_get32__E                                            
1001c849  xdc_runtime_Memory_calloc__E                                              
1001c855  xdc_runtime_Memory_getMaxDefaultTypeAlign__E                              
1001c875  xdc_runtime_Gate_leaveSystem__E                                           
1001c87b  xdc_runtime_System_Module_startup__E                                      
1001c881  xdc_runtime_Gate_enterSystem__E                                           
1001c885  xdc_runtime_Memory_HeapProxy_alloc__E                                     
1001c889  xdc_runtime_Memory_HeapProxy_free__E                                      
1001c88d  xdc_runtime_System_Module_GateProxy_enter__E                              
1001c891  xdc_runtime_System_Module_GateProxy_leave__E                              
1001c895  xdc_runtime_System_abortSpin__E                                           
1001c897  xdc_runtime_System_exitSpin__E                                            
1001c899  ti_sysbios_family_arm_m3_Hwi_dispatch__I                                  
1001c969  ti_sysbios_family_arm_m3_TaskSupport_buildTaskStack                       
1001c9b5  ti_sysbios_family_arm_m3_Hwi_initStacks__E                                
1001c9fd  ti_sysbios_family_arm_m3_Hwi_excHandlerAsm__I                             
1001ca1d  ti_sysbios_family_xxx_Hwi_switchAndRunFunc                                
1001ca3b  ti_sysbios_family_arm_m3_Hwi_pendSV__I                                    
1001ca53  ti_sysbios_family_arm_m3_Hwi_return                                       
1001ca55  ti_sysbios_family_arm_m3_TaskSupport_glue                                 
1001ca65  ti_sysbios_family_arm_m3_TaskSupport_swap__E                              
1001ca65  ti_sysbios_knl_Task_SupportProxy_swap__E__mangled__                       
1001ca6d  ti_sysbios_knl_Task_swapReturn                                            
1001ca97  ti_sysbios_rom_cortexm_cc13xx_CC13xx_getRevision__E                       
20000000  ti_sysbios_family_arm_m3_Hwi_ramVectors                                   
20000100  ti_sysbios_knl_Task_Module__state__V                                      
20000144  ti_sysbios_family_arm_m3_Hwi_Module__state__V                             
20000178  ti_sysbios_knl_Clock_Module__state__V                                     
200001a4  ti_sysbios_BIOS_Module__state__V                                          
200001c8  ti_sysbios_knl_Swi_Module__state__V                                       
200001e4  ti_sysbios_family_arm_cc26xx_Timer_Module__state__V                       
200001ec  ti_sysbios_family_arm_cc26xx_TimestampProvider_Module__state__V           
200001f0  xdc_runtime_Startup_Module__state__V                                      
200001f8  xdc_runtime_System_Module__state__V                                       
20000200  xdc_runtime_Memory_Module__state__V                                       
20000280  ti_uia_loggers_LoggerStopMode_Instance_State_0_packetArray__A             
20000680  ti_uia_loggers_LoggerStopMode_Instance_State_1_packetArray__A             
2000100c  xdc_runtime_SysMin_Module_State_0_outbuf__A                               
20001bd8  uartCC26XXObjects                                                         
20001d04  __CIOBUF_                                                                 
20001e24  PIN_NumPins                                                               
20001eb8  PIN_HandleTable                                                           
20001f34  i2cCC26xxObjects                                                          
20002014  adcCC26xxObjects                                                          
200021b8  ti_sysbios_family_arm_m3_Hwi_dispatchTable                                
200024bc  accelTask                                                                 
2000250c  adcTask                                                                   
2000255c  gyroTask                                                                  
200025ac  humidityTask                                                              
200025fc  magTask                                                                   
2000264c  rxRestartTask                                                             
2000269c  txDataTask                                                                
2000277c  ClockP_tickPeriod                                                         
20002780  ti_uia_loggers_LoggerStopMode_Instance_State_0_hdr__A                     
200027b0  settings                                                                  
20002800  ti_uia_loggers_LoggerStopMode_Instance_State_1_hdr__A                     
2000299c  i2cTransaction                                                            
20002a1c  i2cParams                                                                 
20002a38  aBias                                                                     
20002a44  displayUartObject                                                         
20002a50  gBias                                                                     
20002a5c  mBias                                                                     
20002a68  PowerCC26XX_taskKey                                                       
20002a6c  PowerCC26XX_swiKey                                                        
20002a80  aBiasRaw                                                                  
20002a88  gBiasRaw                                                                  
20002a90  mBiasRaw                                                                  
20002a98  params                                                                    
20002aa0  parmbuf                                                                   
20002aa8  aRes                                                                      
20002aac  adc0                                                                      
20002ab0  adc1                                                                      
20002ab4  adcValue0MicroVolt                                                        
20002ab8  adcValue1MicroVolt                                                        
20002abc  gRes                                                                      
20002ac0  i2c                                                                       
20002ac4  mRes                                                                      
20002aca  adcValue0                                                                 
20002acc  adcValue1                                                                 
20002ace  ax                                                                        
20002ad0  ay                                                                        
20002ad2  az                                                                        
20002ad4  gx                                                                        
20002ad6  gy                                                                        
20002ad8  gz                                                                        
20002ada  mx                                                                        
20002adc  my                                                                        
20002ade  mz                                                                        
20002ae0  _autoCalc                                                                 
20002ae1  _mAddress                                                                 
20002ae2  _xgAddress                                                                
20002ae3  driverlib_release_0_48919                                                 
20002ae8  __primary_heap_start__                                                    
20003ae8  PowerCC26XX_module                                                        
20003ae8  __primary_heap_end__                                                      
20003bfc  globalPacket                                                              
20003c94  pOverrides_sl_lr                                                          
20003cfc  ti_uia_loggers_LoggerStopMode_Object__table__V                            
20003d64  pOverrides_hsm                                                            
20003dc4  pOverrides_lrm                                                            
20003e20  pOverrides_ook                                                            
20003ed4  pOverrides_fsk                                                            
20003f2c  main_func_sp                                                              
20003f30  ti_sysbios_family_arm_cc26xx_Timer_Object__table__V                       
20003f78  RF_pProp_fsk                                                              
20003f7c  RF_pProp_lrm                                                              
20003f80  RF_pProp_ook                                                              
20003f84  RF_pProp_hsm                                                              
20003f88  RF_pProp_sl_lr                                                            
20003f8c  RF_pProp_2_4G_fsk                                                         
20003f90  RF_pCmdPropRadioDivSetup_fsk                                              
20003f94  RF_pCmdPropRadioDivSetup_lrm                                              
20003f98  RF_pCmdPropRadioDivSetup_ook                                              
20003f9c  RF_pCmdRadioSetup_hsm                                                     
20003fa0  RF_pCmdPropRadioDivSetup_sl_lr                                            
20003fa4  RF_pCmdPropRadioSetup_2_4G_fsk                                            
20003fa8  RF_pCmdTxHS                                                               
20003fac  RF_pCmdRxHS                                                               
20003fb0  RF_pCmdFs_preDef                                                          
20003fb4  RF_pCmdPropTx_preDef                                                      
20003fb8  RF_pCmdPropRxAdv_preDef                                                   
20003fbc  ti_sysbios_gates_GateMutex_Object__table__V                               
20003ff4  RF_cmdPropRxAdv_preDef                                                    
20004024  ti_sysbios_knl_Swi_Module_State_0_readyQ__A                               
20004054  ti_sysbios_knl_Swi_Object__table__V                                       
20004084  ti_sysbios_knl_Task_Module_State_0_readyQ__A                              
200040b4  goodToGo                                                                  
200040b8  halt                                                                      
200040bc  pwmPeriod                                                                 
200040be  pwmduty                                                                   
200040c0  pwmdutyInc                                                                
200040c4  pwmtime                                                                   
200040c8  pwm1                                                                      
200040cc  bytesRead                                                                 
200040d0  numConnections                                                            
200040d4  AXN                                                                       
200040d8  AYN                                                                       
200040dc  AZN                                                                       
200040e0  RF_cmdPropRadioDivSetup                                                   
20004108  RF_cmdPropRadioDivSetup_fsk                                               
20004130  RF_cmdPropRadioDivSetup_lrm                                               
20004158  RF_cmdPropRadioDivSetup_ook                                               
20004180  RF_cmdPropRadioDivSetup_sl_lr                                             
200041a8  RF_cmdRxHS                                                                
200041ec  pinTable                                                                  
2000420c  ti_sysbios_knl_Clock_Object__table__V                                     
2000422c  xdc_runtime_Error_IgnoreBlock                                             
2000424c  message                                                                   
2000426a  ti_sysbios_family_arm_m3_Hwi_Module_State_0_excActive__A                  
2000426c  RF_cmdFs                                                                  
20004284  RF_cmdFs_preDef                                                           
2000429c  RF_cmdPropTx                                                              
200042b4  RF_cmdPropTx_preDef                                                       
200042cc  RF_cmdRadioSetup_hsm                                                      
200042fc  shapeovr                                                                  
20004314  ti_sysbios_family_arm_m3_Hwi_Object__table__V                             
2000432c  ti_sysbios_heaps_HeapMem_Object__table__V                                 
20004344  RF_cmdTxHS                                                                
20004368  RF_prop                                                                   
20004378  RF_prop_fsk                                                               
20004388  RF_prop_hsm                                                               
20004398  RF_prop_lrm                                                               
200043a8  RF_prop_ook                                                               
200043b8  RF_prop_sl_lr                                                             
200043d6  xdc_runtime_Main_Module__root__V                                          
200043d8  ti_sysbios_knl_Task_Module__root__V                                       
200043e4  ti_uia_runtime_QueueDescriptor_Module__state__V                           
200043f0  xdc_runtime_SysMin_Module__state__V                                       
200043fc  _lock                                                                     
20004400  _unlock                                                                   
20004404  ti_uia_runtime_QueueDescriptor_gPtrToFirstDescriptor                      
20004408  ti_uia_runtime_QueueDescriptor_gUpdateCount                               
2000440c  ti_sysbios_family_arm_m3_Hwi_Module__root__V                              
20004414  ti_sysbios_gates_GateHwi_Module__root__V                                  
2000441c  ti_sysbios_gates_GateMutex_Module__root__V                                
20004424  ti_sysbios_hal_Hwi_Module__root__V                                        
2000442c  ti_sysbios_heaps_HeapMem_Module__root__V                                  
20004434  ti_sysbios_knl_Clock_Module__root__V                                      
2000443c  ti_sysbios_knl_Mailbox_Module__root__V                                    
20004444  ti_sysbios_knl_Queue_Module__root__V                                      
2000444c  ti_sysbios_knl_Semaphore_Module__root__V                                  
20004454  ti_sysbios_knl_Swi_Module__root__V                                        
2000445c  ti_uia_loggers_LoggerStopMode_Module__root__V                             
20004464  xdc_runtime_Registry_Module__state__V                                     
2000446c  xdc_runtime_System_Module_State_0_atexitHandlers__A                       
20004474  ti_sysbios_family_arm_m3_Hwi_Module_State_0_excContext__A                 
20004478  ti_sysbios_family_arm_m3_Hwi_Module_State_0_excStack__A                   
2000447c  ti_sysbios_knl_Task_Module_State_0_idleTask__A                            
20004c00  __stack                                                                   
20005000  __STACK_END                                                               
e000e000  ti_sysbios_family_arm_m3_Hwi_nvic                                         
ffffffff  __TI_pprof_out_hndl                                                       
ffffffff  __TI_prof_data_size                                                       
ffffffff  __TI_prof_data_start                                                      
ffffffff  __binit__                                                                 
ffffffff  __c_args__                                                                
ffffffff  binit                                                                     
UNDEFED   SHT$$INIT_ARRAY$$Base                                                     
UNDEFED   SHT$$INIT_ARRAY$$Limit                                                    

[1121 symbols]
