******************************************************************************
                  TI ARM Linker Unix v16.9.3                   
******************************************************************************
>> Linked Sun Sep 24 17:17:52 2017

OUTPUT FILE NAME:   <Sprite.out>
ENTRY POINT SYMBOL: "ResetISR"  address: 000096e9


MEMORY CONFIGURATION

         name            origin    length      used     unused   attr    fill
----------------------  --------  ---------  --------  --------  ----  --------
  FLASH                 00000000   00020000  0001110b  0000eef5  R  X
  SRAM                  20000000   00005000  00004f93  0000006d  RW X


SEGMENT ALLOCATION MAP

run origin  load origin   length   init length attrs members
----------  ----------- ---------- ----------- ----- -------
00000000    00000000    000110b8   000110b8    r-x
  00000000    00000000    0000003c   0000003c    r-- .resetVecs
  0000003c    0000003c    0000c08c   0000c08c    r-x .text
  0000c0c8    0000c0c8    00004c03   00004c03    r-- .const
  00010cd0    00010cd0    000003e8   000003e8    r-- .cinit
0001ffa8    0001ffa8    00000058   00000058    r--
  0001ffa8    0001ffa8    00000058   00000058    r-- .ccfg
20000100    20000100    00003044   00000000    rw-
  20000100    20000100    00003044   00000000    rw- .bss
20003148    20003148    00001000   00000000    r--
  20003148    20003148    00001000   00000000    r-- .priheap
20004148    20004148    00000a87   00000000    rw-
  20004148    20004148    00000a87   00000000    rw- .data
20004c00    20004c00    00000400   00000000    rw-
  20004c00    20004c00    00000400   00000000    rw- .stack


SECTION ALLOCATION MAP

 output                                  attributes/
section   page    origin      length       input sections
--------  ----  ----------  ----------   ----------------
.text      0    0000003c    0000c08c     
                  0000003c    0000044c     rf_multiMode_cc13x0.aem3 : RFCC26XX_multiMode.oem3 (.text:fsmActiveState)
                  00000488    000003c4     EasyLink.obj (.text:EasyLink_init)
                  0000084c    00000324     rtsv7M3_T_le_eabi.lib : trgdrv.obj (.text)
                  00000b70    0000030c     drivers_cc13x0.aem3 : PowerCC26XX_calibrateRCOSC.oem3 (.text:PowerCC26XX_auxISR)
                  00000e7c    00000248     rtsv7M3_T_le_eabi.lib : vla_alloc.obj (.text)
                  000010c4    00000228     driverlib.lib : sys_ctrl.obj (.text:NOROM_SysCtrlSetRechargeBeforePowerDown)
                  000012ec    0000021c     drivers_cc13x0.aem3 : PowerCC26XX.oem3 (.text:Power_sleep)
                  00001508    00000200     rf_multiMode_cc13x0.aem3 : RFCC26XX_multiMode.oem3 (.text:RF_open)
                  00001708    000001f4     rtsv7M3_T_le_eabi.lib : ull_div_t2.obj (.text)
                  000018fc    000001e4     main.obj (.text:LSM9DS1init)
                  00001ae0    000001a4     EasyLink.obj (.text:EasyLink_setRfPwr)
                  00001c84    0000019c     rf_multiMode_cc13x0.aem3 : RFCC26XX_multiMode.oem3 (.text:fsmSetupState)
                  00001e20    00000190     drivers_cc13x0.aem3 : PowerCC26XX_calibrateRCOSC.oem3 (.text:PowerCC26XX_doCalibrate)
                  00001fb0    0000018c                         : PINCC26XX.oem3 (.text:PIN_init)
                  0000213c    00000188     EasyLink.obj (.text:rxDoneCallback)
                  000022c4    00000180     main.obj (.text:initGyro)
                  00002444    00000170     EasyLink.obj (.text:EasyLink_receiveAsync)
                  000025b4    00000164     drivers_cc13x0.aem3 : UARTCC26XX.oem3 (.text:UARTCC26XX_open)
                  00002718    00000158     rf_multiMode_cc13x0.aem3 : RFCC26XX_multiMode.oem3 (.text:RF_postCmd)
                  00002870    00000158     main.obj (.text:calibrate)
                  000029c8    00000154     drivers_cc13x0.aem3 : I2CCC26XX.oem3 (.text:I2CCC26XX_open)
                  00002b1c    00000154     rf_multiMode_cc13x0.aem3 : RFCC26XX_multiMode.oem3 (.text:radioOpDoneCb)
                  00002c70    00000150                              : RFCC26XX_multiMode.oem3 (.text:abortCmd)
                  00002dc0    00000150     smartrf_settings_predefined.obj (.text:rf_patch_mce_genook)
                  00002f10    00000148     rf_multiMode_cc13x0.aem3 : RFCC26XX_multiMode.oem3 (.text:fsmChangePhyState)
                  00003058    0000013c     EasyLink.obj (.text:EasyLink_transmit)
                  00003194    00000138     hello_pem3.oem3 (.text:ti_uia_loggers_LoggerStopMode_writeMemoryRange__E)
                  000032cc    00000134     main.obj (.text:initAccel)
                  00003400    00000130     driverlib.lib : setup_rom.obj (.text:NOROM_SetupAfterColdResetWakeupFromShutDownCfg3)
                  00003530    0000012c     drivers_cc13x0.aem3 : PowerCC26XX.oem3 (.text:Power_init)
                  0000365c    0000012c     sysbios.aem3 : BIOS.obj (.text:ti_sysbios_knl_Semaphore_pend__E)
                  00003788    00000128     smartrf_settings.obj (.text:rf_patch_rfe_genfsk)
                  000038b0    00000128     smartrf_settings_predefined.obj (.text:rf_patch_rfe_genfsk)
                  000039d8    00000128     smartrf_settings_predefined.obj (.text:rf_patch_rfe_lrm)
                  00003b00    00000128     smartrf_settings_predefined.obj (.text:rf_patch_rfe_sl_longrange)
                  00003c28    00000120     main.obj (.text:rxDoneCb)
                  00003d48    0000011c     rf_multiMode_cc13x0.aem3 : RFCC26XX_multiMode.oem3 (.text:RF_close)
                  00003e64    0000011c     main.obj (.text:semaphoreSetup)
                  00003f80    00000118     drivers_cc13x0.aem3 : UARTCC26XX.oem3 (.text:UARTCC26XX_read)
                  00004098    00000118     main.obj (.text:initMag)
                  000041b0    00000118     sysbios.aem3 : BIOS.obj (.text:ti_sysbios_family_arm_m3_Hwi_dispatchC__I)
                  000042c8    00000114     smartrf_settings_predefined.obj (.text:rf_patch_mce_hsp_4mbps)
                  000043dc    00000110     drivers_cc13x0.aem3 : I2CCC26XX.oem3 (.text:I2CCC26XX_hwiFxn)
                  000044ec    00000110     sysbios.aem3 : BIOS.obj (.text:ti_sysbios_knl_Swi_run__I)
                  000045fc    0000010c     hello_pem3.oem3 (.text:ti_uia_loggers_LoggerStopMode_write8__E)
                  00004708    0000010a     drivers_cc13x0.aem3 : UARTCC26XX.oem3 (.text:UARTCC26XX_hwiIntFxn)
                  00004812    00000002                         : WatchdogCC26XX.oem3 (.text:WatchdogCC26XX_close)
                  00004814    00000108     rf_multiMode_cc13x0.aem3 : RFCC26XX_multiMode.oem3 (.text:fsmPowerUpState)
                  0000491c    00000108                              : RFCC26XX_multiMode.oem3 (.text:hwiFxnCpe0Active)
                  00004a24    000000fc     drivers_cc13x0.aem3 : UARTCC26XX.oem3 (.text:UARTCC26XX_write)
                  00004b20    000000f8     main.obj (.text:gpsFunc)
                  00004c18    000000f8     sysbios.aem3 : BIOS.obj (.text:xdc_runtime_Startup_startMods__I)
                  00004d10    000000f4     hello_pem3.oem3 (.text:ti_uia_loggers_LoggerStopMode_write4__E)
                  00004e04    000000f0     driverlib.lib : setup_rom.obj (.text:NOROM_SetupAfterColdResetWakeupFromShutDownCfg2)
                  00004ef4    000000e8     hello_pem3.oem3 (.text:ti_uia_loggers_LoggerStopMode_write1__E)
                  00004fdc    000000e8     hello_pem3.oem3 (.text:ti_uia_loggers_LoggerStopMode_write2__E)
                  000050c4    000000e0     main.obj (.text:txDataTaskFunc)
                  000051a4    000000dc     driverlib.lib : rfc.obj (.text:NOROM_RFCOverrideUpdate)
                  00005280    000000dc     drivers_cc13x0.aem3 : PINCC26XX.oem3 (.text:PINCC26XX_setIoCfg)
                  0000535c    000000d8     EasyLink.obj (.text:EasyLink_enableRxAddrFilter)
                  00005434    000000d8     smartrf_settings_predefined.obj (.text:rf_patch_rfe_genook)
                  0000550c    000000d8     smartrf_settings_predefined.obj (.text:rf_patch_rfe_hsp_4mbps)
                  000055e4    000000d8     sysbios.aem3 : BIOS.obj (.text:ti_sysbios_knl_Clock_walkQueueDynamic__E)
                  000056bc    000000d8     hello_pem3.oem3 (.text:ti_uia_loggers_LoggerStopMode_write0__E)
                  00005794    000000d4     driverlib.lib : rfc.obj (.text:NOROM_RFCRfTrimRead)
                  00005868    000000d0     dpl_cc13x0.aem3 : PowerCC26XX_tirtos.oem3 (.text:PowerCC26XX_standbyPolicy)
                  00005938    000000cc     sysbios.aem3 : m3_Hwi_asm.obj (.text:ti_sysbios_family_arm_m3_Hwi_dispatch__I)
                  00005a04    000000c4     driverlib.lib : setup.obj (.text:TrimAfterColdResetWakeupFromShutDown)
                  00005ac8    000000c4     smartrf_settings_predefined.obj (.text:rf_patch_mce_sl_longrange)
                  00005b8c    000000c4     main.obj (.text:rxBeaconFunc)
                  00005c50    000000c4     sysbios.aem3 : BIOS.obj (.text:ti_sysbios_knl_Task_Instance_init__E)
                  00005d14    000000c0     drivers_cc13x0.aem3 : I2CCC26XX.oem3 (.text:I2CCC26XX_transfer)
                  00005dd4    000000c0     sysbios.aem3 : BIOS.obj (.text:ti_sysbios_knl_Task_schedule__I)
                  00005e94    000000bc     main.obj (.text:I2CreadBytes)
                  00005f50    000000bc     drivers_cc13x0.aem3 : PowerCC26XX.oem3 (.text:Power_releaseDependency)
                  0000600c    000000bc                         : UARTCC26XX.oem3 (.text:UARTCC26XX_initHw)
                  000060c8    000000bc     sysbios.aem3 : BIOS.obj (.text:ti_sysbios_knl_Semaphore_post__E)
                  00006184    000000b8                  : BIOS.obj (.text:ti_sysbios_knl_Task_startCore__E)
                  0000623c    000000b4     drivers_cc13x0.aem3 : PowerCC26XX.oem3 (.text:Power_setDependency)
                  000062f0    000000b4     main.obj (.text:getMagInitial)
                  000063a4    000000a8     driverlib.lib : setup.obj (.text:NOROM_SetupTrimDevice)
                  0000644c    000000a8     sysbios.aem3 : BIOS.obj (.text:ti_sysbios_knl_Swi_post__E)
                  000064f4    000000a4     driverlib.lib : setup_rom.obj (.text:NOROM_SetupAfterColdResetWakeupFromShutDownCfg1)
                  00006598    000000a4     rf_multiMode_cc13x0.aem3 : RFCC26XX_multiMode.oem3 (.text:RF_dispatchCmd)
                  0000663c    000000a0     auto_init.aem3 : auto_init.oem3 (.text)
                  000066dc    0000009c     rf_multiMode_cc13x0.aem3 : RFCC26XX_multiMode.oem3 (.text:RF_issueRadioFreeCb)
                  00006778    0000009c     drivers_cc13x0.aem3 : WatchdogCC26XX.oem3 (.text:WatchdogCC26XX_open)
                  00006814    0000009c     rf_multiMode_cc13x0.aem3 : RFCC26XX_multiMode.oem3 (.text:hwiFxnCpe0PowerFsm)
                  000068b0    0000009c     rtsv7M3_T_le_eabi.lib : memcpy_t2.obj (.text)
                  0000694c    0000009c     rf_multiMode_cc13x0.aem3 : RFCC26XX_multiMode.oem3 (.text:swiFxnHw)
                  000069e8    00000098     drivers_cc13x0.aem3 : PINCC26XX.oem3 (.text:PIN_open)
                  00006a80    00000098                         : UARTCC26XX.oem3 (.text:UARTCC26XX_initIO)
                  00006b18    00000098     sysbios.aem3 : BIOS.obj (.text:ti_sysbios_knl_Clock_workFuncDynamic__E)
                  00006bb0    00000098                  : BIOS.obj (.text:ti_sysbios_knl_Task_blockI__E)
                  00006c48    00000094     EasyLink.obj (.text:EasyLink_abort)
                  00006cdc    00000094     main.obj (.text:readAccel)
                  00006d70    00000094     main.obj (.text:readGyro)
                  00006e04    00000094     sysbios.aem3 : BIOS.obj (.text:ti_sysbios_knl_Task_Instance_finalize__E)
                  00006e98    00000094                  : BIOS.obj (.text:ti_sysbios_knl_Task_exit__E)
                  00006f2c    00000094     drivers_cc13x0.aem3 : UARTCC26XX.oem3 (.text:writeFinishedDoCallback)
                  00006fc0    00000092     rtsv7M3_T_le_eabi.lib : fs_div_t2.obj (.text)
                  00007052    00000002     rf_multiMode_cc13x0.aem3 : RFCC26XX_multiMode.oem3 (.text:defaultCallback)
                  00007054    00000090     drivers_cc13x0.aem3 : I2CCC26XX.oem3 (.text:I2CCC26XX_cancel)
                  000070e4    00000090     ti.uia.loggers.aem3 : LoggerStopMode.oem3 (.text:ti_uia_loggers_LoggerStopMode_initQueueDescriptor__E)
                  00007174    0000008c     drivers_cc13x0.aem3 : I2CCC26XX.oem3 (.text:I2CCC26XX_primeTransfer)
                  00007200    0000008c     rf_multiMode_cc13x0.aem3 : RFCC26XX_multiMode.oem3 (.text:RF_pendCmd)
                  0000728c    0000008c     drivers_cc13x0.aem3 : UARTCC26XX.oem3 (.text:UARTCC26XX_close)
                  00007318    0000008c                         : UARTCC26XX.oem3 (.text:UARTCC26XX_writeCancel)
                  000073a4    0000008c     sysbios.aem3 : BIOS.obj (.text:ti_sysbios_family_arm_m3_Hwi_Instance_init__E)
                  00007430    0000008c                  : BIOS.obj (.text:ti_sysbios_knl_Task_unblockI__E)
                  000074bc    00000088     drivers_cc13x0.aem3 : PowerCC26XX.oem3 (.text:disableLFClockQualifiers)
                  00007544    00000084     main.obj (.text:createIMUTasks)
                  000075c8    00000084     drivers_cc13x0.aem3 : PowerCC26XX.oem3 (.text:switchXOSCHFclockFunc)
                  0000764c    00000080     sysbios.aem3 : BIOS.obj (.text:ti_sysbios_family_arm_m3_Hwi_initNVIC__E)
                  000076cc    00000080                  : BIOS.obj (.text:ti_sysbios_knl_Task_postInit__I)
                  0000774c    0000007c     main.obj (.text:constrainScales)
                  000077c8    0000007a     rtsv7M3_T_le_eabi.lib : fs_mul_t2.obj (.text)
                  00007842    0000007a                           : memset_t2.obj (.text)
                  000078bc    00000078     main.obj (.text:LSM9DS1begin)
                  00007934    00000078     drivers_cc13x0.aem3 : UARTCC26XX.oem3 (.text:writeTxFifoFlush)
                  000079ac    00000074     driverlib.lib : setup_rom.obj (.text:NOROM_SetupSetVddrLevel)
                  00007a20    00000074     main.obj (.text:configInt)
                  00007a94    00000074     sysbios.aem3 : BIOS.obj (.text:ti_sysbios_family_arm_cc26xx_Timer_start__E)
                  00007b08    00000074                  : BIOS.obj (.text:ti_sysbios_heaps_HeapMem_allocUnprotected__E)
                  00007b7c    00000074     ti.uia.runtime.aem3 : QueueDescriptor.oem3 (.text:ti_uia_runtime_QueueDescriptor_addToList__E)
                  00007bf0    0000006e     sysbios.aem3 : BIOS.obj (.text:xdc_runtime_Core_createObject__I)
                  00007c5e    00000002     drivers_cc13x0.aem3 : PowerCC26XX.oem3 (.text:emptyClockFunc)
                  00007c60    0000006c                         : PowerCC26XX_calibrateRCOSC.oem3 (.text:PowerCC26XX_initiateCalibration)
                  00007ccc    0000006c     sysbios.aem3 : BIOS.obj (.text:xdc_runtime_Memory_alloc__E)
                  00007d38    00000068     drivers_cc13x0.aem3 : I2CCC26XX.oem3 (.text:I2CCC26XX_close)
                  00007da0    00000068     main.obj (.text:I2CreadByte)
                  00007e08    00000068     main.obj (.text:I2CwriteByte)
                  00007e70    00000068     driverlib.lib : setup_rom.obj (.text:NOROM_SetupGetTrimForAmpcompCtrl)
                  00007ed8    00000068                   : setup_rom.obj (.text:NOROM_SetupGetTrimForAnabypassValue1)
                  00007f40    00000068                   : sys_ctrl.obj (.text:NOROM_SysCtrl_DCDC_VoltageConditionalControl)
                  00007fa8    00000068     drivers_cc13x0.aem3 : UARTCC26XX.oem3 (.text:UARTCC26XX_readCancel)
                  00008010    00000068     rtsv7M3_T_le_eabi.lib : copy_decompress_lzss.obj (.text:decompress:lzss)
                  00008078    00000068     rf_multiMode_cc13x0.aem3 : RFCC26XX_multiMode.oem3 (.text:flushPendCmd)
                  000080e0    00000068                              : RFCC26XX_multiMode.oem3 (.text:fsmXOSCState)
                  00008148    00000068     rtsv7M3_T_le_eabi.lib : trgmsg.obj (.text)
                  000081b0    00000068     sysbios.aem3 : BIOS.obj (.text:ti_sysbios_knl_Clock_startI__E)
                  00008218    00000068                  : BIOS.obj (.text:ti_sysbios_knl_Swi_restoreHwi__E)
                  00008280    00000066     ti.uia.loggers.aem3 : LoggerStopMode.oem3 (.text:ti_uia_loggers_LoggerStopMode_flush__E)
                  000082e6    00000066     sysbios.aem3 : BIOS.obj (.text:xdc_runtime_Core_deleteObject__I)
                  0000834c    00000064     driverlib.lib : osc.obj (.text:NOROM_OSCHF_AttemptToSwitchToXosc)
                  000083b0    00000064     drivers_cc13x0.aem3 : PowerCC26XX.oem3 (.text:configureXOSCHF)
                  00008414    00000064     rf_multiMode_cc13x0.aem3 : RFCC26XX_multiMode.oem3 (.text:dispatchOpWhen)
                  00008478    00000064     sysbios.aem3 : BIOS.obj (.text:ti_sysbios_heaps_HeapMem_initPrimary__I)
                  000084dc    00000062     rf_multiMode_cc13x0.aem3 : RFCC26XX_multiMode.oem3 (.text:syncCb)
                  0000853e    00000002     smartrf_settings.obj (.text:enterGenfskSysPatch)
                  00008540    00000060     driverlib.lib : osc.obj (.text:NOROM_OSCClockSourceSet)
                  000085a0    00000060     drivers_cc13x0.aem3 : UARTCC26XX.oem3 (.text:UARTCC26XX_control)
                  00008600    00000060     smartrf_settings.obj (.text:configureGenfskPatch)
                  00008660    00000060     smartrf_settings_predefined.obj (.text:configureGenfskPatch)
                  000086c0    00000060     smartrf_settings_predefined.obj (.text:configureGenookPatch)
                  00008720    00000060     smartrf_settings_predefined.obj (.text:configureLrmPatch)
                  00008780    00000060     smartrf_settings_predefined.obj (.text:configureSl_longrangePatch)
                  000087e0    00000060     sysbios.aem3 : BIOS.obj (.text:ti_sysbios_knl_Clock_logTick__E)
                  00008840    0000005c     driverlib.lib : sys_ctrl.obj (.text:NOROM_SysCtrlAdjustRechargeAfterPowerDown)
                  0000889c    0000005c     drivers_cc13x0.aem3 : PowerCC26XX_calibrateRCOSC.oem3 (.text:PowerCC26XX_RCOSC_clockFunc)
                  000088f8    0000005c                         : PowerCC26XX.oem3 (.text:PowerCC26XX_calibrate)
                  00008954    0000005c     main.obj (.text:createRFRXTasks)
                  000089b0    0000005c     rf_multiMode_cc13x0.aem3 : RFCC26XX_multiMode.oem3 (.text:ratChanFree)
                  00008a0c    0000005c     sysbios.aem3 : BIOS.obj (.text:ti_sysbios_knl_Task_Module_startup__E)
                  00008a68    00000058     drivers_cc13x0.aem3 : I2CCC26XX.oem3 (.text:I2CCC26XX_swiFxn)
                  00008ac0    00000058                         : PINCC26XX.oem3 (.text:PIN_remove)
                  00008b18    00000058     rf_multiMode_cc13x0.aem3 : RFCC26XX_multiMode.oem3 (.text:applyRfCorePatch)
                  00008b70    00000058     sysbios.aem3 : BIOS.obj (.text:ti_sysbios_family_arm_m3_Hwi_postInit__I)
                  00008bc8    00000058                  : BIOS.obj (.text:ti_sysbios_heaps_HeapMem_alloc__E)
                  00008c20    00000058                  : BIOS.obj (.text:ti_sysbios_heaps_HeapMem_freeUnprotected__E)
                  00008c78    00000054     rf_multiMode_cc13x0.aem3 : RFCC26XX_multiMode.oem3 (.text:RF_getCurrentTime)
                  00008ccc    00000054     main.obj (.text:calcaRes)
                  00008d20    00000054     main.obj (.text:calcmRes)
                  00008d74    00000054     rf_multiMode_cc13x0.aem3 : RFCC26XX_multiMode.oem3 (.text:hwiFxnHw)
                  00008dc8    00000054     rtsv7M3_T_le_eabi.lib : exit.obj (.text)
                  00008e1c    00000054     sysbios.aem3 : BIOS.obj (.text:ti_sysbios_knl_Swi_schedule__I)
                  00008e70    00000050     driverlib.lib : setup_rom.obj (.text:NOROM_SetupSetCacheModeAccordingToCcfgSetting)
                  00008ec0    00000050     main.obj (.text:main)
                  00008f10    00000050     main.obj (.text:readMag)
                  00008f60    00000050     drivers_cc13x0.aem3 : UARTCC26XX.oem3 (.text:startTxFifoEmptyClk)
                  00008fb0    00000050     hello_pem3.oem3 (.text:ti_sysbios_family_arm_m3_Hwi_construct)
                  00009000    00000050     sysbios.aem3 : BIOS.obj (.text:ti_sysbios_knl_Swi_Instance_init__E)
                  00009050    00000050                  : BIOS.obj (.text:ti_sysbios_knl_Swi_runLoop__I)
                  000090a0    00000050                  : BIOS.obj (.text:xdc_runtime_Startup_exec__E)
                  000090f0    0000004c     drivers_cc13x0.aem3 : I2CCC26XX.oem3 (.text:I2CCC26XX_initHw)
                  0000913c    0000004c     rf_multiMode_cc13x0.aem3 : RFCC26XX_multiMode.oem3 (.text:RF_wakeupNotifyFxn)
                  00009188    0000004c     rtsv7M3_T_le_eabi.lib : cpy_tbl.obj (.text)
                  000091d4    0000004c     sysbios.aem3 : m3_TaskSupport_asm.obj (.text:ti_sysbios_family_arm_m3_TaskSupport_buildTaskStack)
                  00009220    0000004c     hello_pem3.oem3 (.text:ti_sysbios_knl_Swi_construct)
                  0000926c    0000004c     hello_pem3.oem3 (.text:ti_sysbios_knl_Task_construct)
                  000092b8    0000004c     ti.uia.loggers.aem3 : LoggerStopMode.oem3 (.text:ti_uia_loggers_LoggerStopMode_Module_startup__E)
                  00009304    00000048     dpl_cc13x0.aem3 : ClockP_tirtos.oem3 (.text:ClockP_construct)
                  0000934c    00000048     drivers_cc13x0.aem3 : PINCC26XX.oem3 (.text:PIN_setOutputEnable)
                  00009394    00000048     main.obj (.text:calcgRes)
                  000093dc    00000048     main.obj (.text:clockSetup)
                  00009424    00000048     main.obj (.text:pinCallback)
                  0000946c    00000048     sysbios.aem3 : BIOS.obj (.text:ti_sysbios_family_arm_m3_Hwi_Module_startup__E)
                  000094b4    00000048                  : m3_Hwi_asm_switch.obj (.text:ti_sysbios_family_arm_m3_Hwi_initStacks__E)
                  000094fc    00000048                  : BIOS.obj (.text:ti_sysbios_heaps_HeapMem_getStats__E)
                  00009544    00000048                  : BIOS.obj (.text:xdc_runtime_Assert_raise__I)
                  0000958c    00000048                  : BIOS.obj (.text:xdc_runtime_Core_assignParams__I)
                  000095d4    00000048                  : BIOS.obj (.text:xdc_runtime_Core_constructObject__I)
                  0000961c    00000044     drivers_cc13x0.aem3 : PINCC26XX.oem3 (.text:PIN_swi)
                  00009660    00000044     rf_multiMode_cc13x0.aem3 : RFCC26XX_multiMode.oem3 (.text:RF_releasePowerConstraint)
                  000096a4    00000044     drivers_cc13x0.aem3 : RingBuf.oem3 (.text:RingBuf_put)
                  000096e8    00000044     boot.aem3 : boot.oem3 (.text)
                  0000972c    00000044     main.obj (.text:initializationTaskFunc)
                  00009770    00000044     drivers_cc13x0.aem3 : PowerCC26XX.oem3 (.text:notify)
                  000097b4    00000044     sysbios.aem3 : BIOS.obj (.text:ti_sysbios_family_arm_m3_Hwi_disableInterrupt__E)
                  000097f8    00000044                  : BIOS.obj (.text:ti_sysbios_family_arm_m3_Hwi_enableInterrupt__E)
                  0000983c    00000044                  : BIOS.obj (.text:ti_sysbios_knl_Task_allBlockedFunction__I)
                  00009880    00000044     ti.uia.loggers.aem3 : LoggerStopMode.oem3 (.text:ti_uia_loggers_LoggerStopMode_initBuffer__I)
                  000098c4    00000044     sysbios.aem3 : BIOS.obj (.text:xdc_runtime_SysMin_flush__E)
                  00009908    00000040     dpl_cc13x0.aem3 : HwiP_tirtos.oem3 (.text:HwiP_construct)
                  00009948    00000040     drivers_cc13x0.aem3 : I2C.oem3 (.text:I2C_init)
                  00009988    00000040                         : I2C.oem3 (.text:I2C_open)
                  000099c8    00000040                         : UART.oem3 (.text:UART_init)
                  00009a08    00000040                         : UART.oem3 (.text:UART_open)
                  00009a48    00000040                         : Watchdog.oem3 (.text:Watchdog_init)
                  00009a88    00000040                         : Watchdog.oem3 (.text:Watchdog_open)
                  00009ac8    00000040     main.obj (.text:accelTaskFunc)
                  00009b08    00000040     main.obj (.text:gyroTaskFunc)
                  00009b48    00000040     main.obj (.text:magTaskFunc)
                  00009b88    00000040     sysbios.aem3 : BIOS.obj (.text:ti_sysbios_family_arm_cc26xx_Timer_setThreshold__I)
                  00009bc8    00000040                  : BIOS.obj (.text:ti_sysbios_family_arm_m3_Hwi_getStackInfo__E)
                  00009c08    0000003e     drivers_cc13x0.aem3 : RingBuf.oem3 (.text:RingBuf_get)
                  00009c46    0000003e     hello_pem3.oem3 (.text:realloc)
                  00009c84    0000003c     driverlib.lib : chipinfo.obj (.text:NOROM_ChipInfo_GetHwRevision)
                  00009cc0    0000003c                   : osc.obj (.text:NOROM_OSC_HPOSCRelativeFrequencyOffsetGet)
                  00009cfc    0000003c                   : rfc.obj (.text:NOROM_RFCSynthPowerDown)
                  00009d38    0000003c     drivers_cc13x0.aem3 : PowerCC26XX.oem3 (.text:PowerCC26XX_isStableXOSC_HF)
                  00009d74    0000003c                         : PowerCC26XX.oem3 (.text:PowerCC26XX_switchXOSC_HF)
                  00009db0    0000003c     rf_multiMode_cc13x0.aem3 : RFCC26XX_multiMode.oem3 (.text:RF_runCmd)
                  00009dec    0000003c     dpl_cc13x0.aem3 : SwiP_tirtos.oem3 (.text:SwiP_construct)
                  00009e28    0000003c     main.obj (.text:calibrationTaskFunc)
                  00009e64    0000003c     sysbios.aem3 : BIOS.obj (.text:ti_sysbios_family_arm_m3_Hwi_construct2__E)
                  00009ea0    00000038     drivers_cc13x0.aem3 : PINCC26XX.oem3 (.text:PIN_setOutputValue)
                  00009ed8    00000038     rf_multiMode_cc13x0.aem3 : RFCC26XX_multiMode.oem3 (.text:Q_end)
                  00009f10    00000038                              : RFCC26XX_multiMode.oem3 (.text:RF_checkCmdFsError)
                  00009f48    00000038     drivers_cc13x0.aem3 : UARTCC26XX.oem3 (.text:UARTCC26XX_swiIntFxn)
                  00009f80    00000038     main.obj (.text:createCalibrationTask)
                  00009fb8    00000038     main.obj (.text:createGPSTask)
                  00009ff0    00000038     main.obj (.text:createInitializationTask)
                  0000a028    00000038     main.obj (.text:createRFTXTasks)
                  0000a060    00000038     main.obj (.text:pinSetup)
                  0000a098    00000038     drivers_cc13x0.aem3 : UARTCC26XX.oem3 (.text:readData)
                  0000a0d0    00000038     rtsv7M3_T_le_eabi.lib : fs_toi_t2.obj (.text)
                  0000a108    00000038                           : i_tofs_t2.obj (.text)
                  0000a140    00000038     sysbios.aem3 : BIOS.obj (.text:ti_sysbios_family_arm_cc26xx_Timer_getCurrentTick__E)
                  0000a178    00000038                  : BIOS.obj (.text:ti_sysbios_family_arm_m3_Hwi_Instance_finalize__E)
                  0000a1b0    00000038                  : BIOS.obj (.text:ti_sysbios_heaps_HeapMem_Instance_init__E)
                  0000a1e8    00000038                  : BIOS.obj (.text:ti_sysbios_knl_Clock_Instance_init__E)
                  0000a220    00000038     drivers_cc13x0.aem3 : UARTCC26XX.oem3 (.text:writeData)
                  0000a258    00000038     sysbios.aem3 : BIOS.obj (.text:xdc_runtime_SysMin_putch__E)
                  0000a290    00000038                  : BIOS.obj (.text:xdc_runtime_System_atexit__E)
                  0000a2c8    00000034     driverlib.lib : osc.obj (.text:NOROM_OSCHF_SwitchToRcOscTurnOffXosc)
                  0000a2fc    00000034     drivers_cc13x0.aem3 : PINCC26XX.oem3 (.text:PIN_setConfig)
                  0000a330    00000034                         : PowerCC26XX.oem3 (.text:Power_releaseConstraint)
                  0000a364    00000034     rf_multiMode_cc13x0.aem3 : RFCC26XX_multiMode.oem3 (.text:Q_push)
                  0000a398    00000034     sysbios.aem3 : BIOS.obj (.text:ti_sysbios_family_arm_cc26xx_Timer_initDevice__I)
                  0000a3cc    00000034     hello_pem3.oem3 (.text:ti_sysbios_knl_Semaphore_create)
                  0000a400    00000034     sysbios.aem3 : BIOS.obj (.text:ti_sysbios_knl_Swi_restore__E)
                  0000a434    00000034     ti.uia.loggers.aem3 : LoggerStopMode.oem3 (.text:ti_uia_loggers_LoggerStopMode_reset__E)
                  0000a468    00000034     main.obj (.text:wdtSetup)
                  0000a49c    00000034     sysbios.aem3 : BIOS.obj (.text:xdc_runtime_Core_assignLabel__I)
                  0000a4d0    00000032                  : BIOS.obj (.text:ti_sysbios_family_arm_cc26xx_Timer_setNextTick__E)
                  0000a502    00000002     smartrf_settings_predefined.obj (.text:enterGenfskSysPatch)
                  0000a504    00000030     driverlib.lib : chipinfo.obj (.text:NOROM_ChipInfo_GetChipType)
                  0000a534    00000030                   : setup_rom.obj (.text:NOROM_SetupSetAonRtcSubSecInc)
                  0000a564    00000030     drivers_cc13x0.aem3 : PowerCC26XX.oem3 (.text:Power_setConstraint)
                  0000a594    00000030                         : WatchdogCC26XX.oem3 (.text:WatchdogCC26XX_setReload)
                  0000a5c4    00000030     rf_multiMode_cc13x0.aem3 : RFCC26XX_multiMode.oem3 (.text:clkPowerUpFxn)
                  0000a5f4    00000030     main.obj (.text:initI2C)
                  0000a624    00000030     drivers_cc13x0.aem3 : UARTCC26XX.oem3 (.text:readData2RingBuf)
                  0000a654    00000030     hello_pem3.oem3 (.text:ti_sysbios_BIOS_atExitFunc__I)
                  0000a684    00000030     hello_pem3.oem3 (.text:ti_sysbios_BIOS_startFunc__I)
                  0000a6b4    00000030     hello_pem3.oem3 (.text:ti_sysbios_gates_GateHwi_Object__create__S)
                  0000a6e4    00000030     hello_pem3.oem3 (.text:ti_sysbios_gates_GateMutex_Object__create__S)
                  0000a714    00000030     sysbios.aem3 : BIOS.obj (.text:ti_sysbios_gates_GateMutex_enter__E)
                  0000a744    00000030     hello_pem3.oem3 (.text:ti_sysbios_heaps_HeapMem_Object__create__S)
                  0000a774    00000030     sysbios.aem3 : BIOS.obj (.text:ti_sysbios_heaps_HeapMem_free__E)
                  0000a7a4    00000030     hello_pem3.oem3 (.text:ti_sysbios_knl_Clock_construct)
                  0000a7d4    00000030     hello_pem3.oem3 (.text:ti_sysbios_knl_Semaphore_construct)
                  0000a804    00000030     sysbios.aem3 : BIOS.obj (.text:ti_sysbios_knl_Task_processVitalTaskFlag__I)
                  0000a834    00000030     hello_pem3.oem3 (.text:ti_uia_loggers_LoggerStopMode_Object__create__S)
                  0000a864    00000030     sysbios.aem3 : BIOS.obj (.text:xdc_runtime_SysMin_abort__E)
                  0000a894    00000030                  : BIOS.obj (.text:xdc_runtime_System_processAtExit__E)
                  0000a8c4    0000002e                  : BIOS.obj (.text:ti_sysbios_family_arm_m3_TaskSupport_start__E)
                  0000a8f2    0000002e                  : BIOS.obj (.text:ti_sysbios_hal_Hwi_initStack)
                  0000a920    0000002e     hello_pem3.oem3 (.text:ti_sysbios_rts_gnu_MemAlloc_alloc)
                  0000a94e    00000002     smartrf_settings_predefined.obj (.text:enterGenookSysPatch)
                  0000a950    0000002c     driverlib.lib : ddi.obj (.text:NOROM_DDI32RegWrite)
                  0000a97c    0000002c                   : osc.obj (.text:NOROM_OSCClockSourceGet)
                  0000a9a8    0000002c                   : rfc.obj (.text:NOROM_RFCCPEPatchReset)
                  0000a9d4    0000002c                   : setup_rom.obj (.text:NOROM_SetupGetTrimForRadcExtCfg)
                  0000aa00    0000002c     drivers_cc13x0.aem3 : PINCC26XX.oem3 (.text:PINCC26XX_setMux)
                  0000aa2c    0000002c     dpl_cc13x0.aem3 : SemaphoreP_tirtos.oem3 (.text:SemaphoreP_constructBinary)
                  0000aa58    0000002c     main.obj (.text:calcAccel)
                  0000aa84    0000002c     rf_multiMode_cc13x0.aem3 : RFCC26XX_multiMode.oem3 (.text:getCmd)
                  0000aab0    0000002c     sysbios.aem3 : BIOS.obj (.text:ti_sysbios_knl_Clock_getTicksUntilInterrupt__E)
                  0000aadc    0000002c     hello_pem3.oem3 (.text:ti_sysbios_knl_Queue_construct)
                  0000ab08    0000002c     sysbios.aem3 : BIOS.obj (.text:ti_sysbios_knl_Semaphore_pendTimeout__I)
                  0000ab34    0000002c                  : BIOS.obj (.text:xdc_runtime_Text_cordText__E)
                  0000ab60    0000002a                  : BIOS.obj (.text:ti_sysbios_knl_Clock_getTimeout__E)
                  0000ab8a    00000002     smartrf_settings_predefined.obj (.text:enterLrmSysPatch)
                  0000ab8c    00000028     driverlib.lib : aon_batmon.obj (.text:NOROM_AONBatMonTemperatureGetDegC)
                  0000abb4    00000028     drivers_cc13x0.aem3 : PowerCC26XX.oem3 (.text:Power_registerNotify)
                  0000abdc    00000028     driverlib.lib : adi.obj (.text:SafeHapiVoid)
                  0000ac04    00000028     drivers_cc13x0.aem3 : WatchdogCC26XX.oem3 (.text:WatchdogCC26XX_convertMsToTicks)
                  0000ac2c    00000028     main.obj (.text:clk0Fxn)
                  0000ac54    00000028     sysbios.aem3 : BIOS.obj (.text:ti_sysbios_knl_Clock_addI__E)
                  0000ac7c    00000028                  : BIOS.obj (.text:ti_sysbios_knl_Task_restore__E)
                  0000aca4    00000024     driverlib.lib : rfc.obj (.text:NOROM_RFCDoorbellSendTo)
                  0000acc8    00000024     drivers_cc13x0.aem3 : PINCC26XX.oem3 (.text:PINCC26XX_getPinCount)
                  0000acec    00000024     rf_multiMode_cc13x0.aem3 : RFCC26XX_multiMode.oem3 (.text:allocCmd)
                  0000ad10    00000024     main.obj (.text:mReadBytes)
                  0000ad34    00000024     main.obj (.text:rxRestartFunc)
                  0000ad58    00000024     hello_pem3.oem3 (.text:ti_sysbios_BIOS_registerRTSLock__I)
                  0000ad7c    00000024     hello_pem3.oem3 (.text:ti_sysbios_BIOS_removeRTSLock__I)
                  0000ada0    00000024     sysbios.aem3 : BIOS.obj (.text:ti_sysbios_family_arm_cc26xx_Timer_Module_startup__E)
                  0000adc4    00000024                  : BIOS.obj (.text:ti_sysbios_family_arm_cc26xx_Timer_getMaxTicks__E)
                  0000ade8    00000024                  : BIOS.obj (.text:ti_sysbios_family_arm_cc26xx_Timer_startup__E)
                  0000ae0c    00000024     hello_pem3.oem3 (.text:ti_sysbios_gates_GateMutex_Object__delete__S)
                  0000ae30    00000024     sysbios.aem3 : BIOS.obj (.text:ti_sysbios_knl_Semaphore_Instance_init__E)
                  0000ae54    00000024                  : BIOS.obj (.text:ti_sysbios_knl_Swi_Module_startup__E)
                  0000ae78    00000024     main.obj (.text:xgReadBytes)
                  0000ae9c    00000022     drivers_cc13x0.aem3 : List.oem3 (.text:List_put)
                  0000aebe    00000022     sysbios.aem3 : BIOS.obj (.text:ti_sysbios_family_arm_cc26xx_Timer_postInit__I)
                  0000aee0    00000022     hello_pem3.oem3 (.text:xdc_runtime_SysMin_output__I)
                  0000af02    00000002     smartrf_settings_predefined.obj (.text:enterSl_longrangeSysPatch)
                  0000af04    00000020     driverlib.lib : rfc.obj (.text:NOROM_RFCAdi3VcoLdoVoltageMode)
                  0000af24    00000020                   : setup_rom.obj (.text:NOROM_SetupGetTrimForXoscHfCtl)
                  0000af44    00000020     dpl_cc13x0.aem3 : PowerCC26XX_tirtos.oem3 (.text:PowerCC26XX_schedulerDisable)
                  0000af64    00000020                     : PowerCC26XX_tirtos.oem3 (.text:PowerCC26XX_schedulerRestore)
                  0000af84    00000020     drivers_cc13x0.aem3 : PowerCC26XX.oem3 (.text:Power_unregisterNotify)
                  0000afa4    00000020     main.obj (.text:Serial_RxDataCallback)
                  0000afc4    00000020     main.obj (.text:calcGyro)
                  0000afe4    00000020     main.obj (.text:mWriteByte)
                  0000b004    00000020     hello_pem3.oem3 (.text:ti_sysbios_BIOS_rtsLock__I)
                  0000b024    00000020     sysbios.aem3 : BIOS.obj (.text:ti_sysbios_family_arm_cc26xx_Timer_dynamicStub__E)
                  0000b044    00000020                  : BIOS.obj (.text:ti_sysbios_family_arm_cc26xx_TimestampProvider_Module_startup__E)
                  0000b064    00000020                  : m3_Hwi_asm.obj (.text:ti_sysbios_family_arm_m3_Hwi_excHandlerAsm__I)
                  0000b084    00000020                  : BIOS.obj (.text:ti_sysbios_family_arm_m3_Hwi_excHandler__I)
                  0000b0a4    00000020     hello_pem3.oem3 (.text:ti_sysbios_gates_GateHwi_Object__delete__S)
                  0000b0c4    00000020     hello_pem3.oem3 (.text:ti_sysbios_heaps_HeapMem_Object__delete__S)
                  0000b0e4    00000020     sysbios.aem3 : BIOS.obj (.text:ti_sysbios_knl_Clock_Module_startup__E)
                  0000b104    00000020     hello_pem3.oem3 (.text:ti_sysbios_knl_Clock_destruct)
                  0000b124    00000020     sysbios.aem3 : BIOS.obj (.text:ti_sysbios_knl_Clock_getTicks__E)
                  0000b144    00000020                  : BIOS.obj (.text:ti_sysbios_knl_Clock_stop__E)
                  0000b164    00000020                  : BIOS.obj (.text:ti_sysbios_knl_Idle_run__E)
                  0000b184    00000020     hello_pem3.oem3 (.text:ti_sysbios_knl_Semaphore_destruct)
                  0000b1a4    00000020     sysbios.aem3 : BIOS.obj (.text:ti_sysbios_knl_Task_restoreHwi__E)
                  0000b1c4    00000020     hello_pem3.oem3 (.text:ti_uia_loggers_LoggerStopMode_Object__delete__S)
                  0000b1e4    00000020     sysbios.aem3 : BIOS.obj (.text:xdc_runtime_SysMin_Module_startup__E)
                  0000b204    00000020     main.obj (.text:xgWriteByte)
                  0000b224    0000001e     drivers_cc13x0.aem3 : PINCC26XX.oem3 (.text:PIN_close)
                  0000b242    0000001e                         : PowerCC26XX.oem3 (.text:Power_getTransitionLatency)
                  0000b260    0000001e     sysbios.aem3 : m3_Hwi_asm_switch.obj (.text:ti_sysbios_family_xxx_Hwi_switchAndRunFunc)
                  0000b27e    00000002                  : BIOS.obj (.text:ti_sysbios_BIOS_linkedWithIncorrectBootLibrary__E)
                  0000b280    0000001c     driverlib.lib : chipinfo.obj (.text:NOROM_ChipInfo_GetChipFamily)
                  0000b29c    0000001c                   : setup_rom.obj (.text:NOROM_SetupGetTrimForAmpcompTh2)
                  0000b2b8    0000001c                   : setup_rom.obj (.text:NOROM_SetupGetTrimForRcOscLfRtuneCtuneTrim)
                  0000b2d4    0000001c     drivers_cc13x0.aem3 : PINCC26XX.oem3 (.text:PINCC26XX_setIoCfgMux)
                  0000b2f0    0000001c                         : PINCC26XX.oem3 (.text:PIN_hwi)
                  0000b30c    0000001c     rf_multiMode_cc13x0.aem3 : RFCC26XX_multiMode.oem3 (.text:RF_setPowerConstraint)
                  0000b328    0000001c                              : RFCC26XX_multiMode.oem3 (.text:clkInactivityFxn)
                  0000b344    0000001c     smartrf_settings.obj (.text:enterGenfskCpePatch)
                  0000b360    0000001c     smartrf_settings_predefined.obj (.text:enterGenfskCpePatch)
                  0000b37c    0000001c     smartrf_settings_predefined.obj (.text:enterGenookCpePatch)
                  0000b398    0000001c     smartrf_settings_predefined.obj (.text:enterLrmCpePatch)
                  0000b3b4    0000001c     smartrf_settings_predefined.obj (.text:enterSl_longrangeCpePatch)
                  0000b3d0    0000001c     rf_multiMode_cc13x0.aem3 : RFCC26XX_multiMode.oem3 (.text:hwiFxnCpe0ChangePhy)
                  0000b3ec    0000001c     hello_pem3.oem3 (.text:ti_sysbios_family_arm_m3_Hwi_destruct)
                  0000b408    0000001c     sysbios.aem3 : BIOS.obj (.text:ti_sysbios_family_arm_m3_Hwi_setPriority__E)
                  0000b424    0000001c                  : BIOS.obj (.text:ti_sysbios_gates_GateMutex_Instance_init__E)
                  0000b440    0000001c                  : BIOS.obj (.text:ti_sysbios_knl_Clock_scheduleNextTick__E)
                  0000b45c    0000001c     hello_pem3.oem3 (.text:ti_sysbios_knl_Queue_destruct)
                  0000b478    0000001c     sysbios.aem3 : BIOS.obj (.text:ti_sysbios_knl_Queue_put__E)
                  0000b494    0000001c                  : BIOS.obj (.text:ti_sysbios_knl_Swi_construct2__E)
                  0000b4b0    0000001c     hello_pem3.oem3 (.text:ti_sysbios_knl_Swi_destruct)
                  0000b4cc    0000001c     sysbios.aem3 : BIOS.obj (.text:ti_sysbios_knl_Task_enter__I)
                  0000b4e8    0000001c     ti.uia.loggers.aem3 : LoggerStopMode.oem3 (.text:ti_uia_loggers_LoggerStopMode_Instance_init__E)
                  0000b504    0000001c     sysbios.aem3 : BIOS.obj (.text:xdc_runtime_Error_check__E)
                  0000b520    0000001c                  : BIOS.obj (.text:xdc_runtime_Error_raiseX__E)
                  0000b53c    0000001c                  : BIOS.obj (.text:xdc_runtime_Memory_valloc__E)
                  0000b558    0000001c                  : BIOS.obj (.text:xdc_runtime_SysMin_exit__E)
                  0000b574    0000001c                  : BIOS.obj (.text:xdc_runtime_System_abort__E)
                  0000b590    0000001a                  : m3_Hwi_asm.obj (.text:ti_sysbios_family_arm_m3_Hwi_pendSV__I)
                  0000b5aa    00000002     hello_pem3.oem3 (.text:ti_sysbios_BIOS_nullFunc__I)
                  0000b5ac    00000018     CC1310_LAUNCHXL.obj (.text:CC1310_LAUNCHXL_initGeneral)
                  0000b5c4    00000018     driverlib.lib : aon_rtc.obj (.text:NOROM_AONRTCCurrentCompareValueGet)
                  0000b5dc    00000018                   : chipinfo.obj (.text:NOROM_ChipInfo_GetPackageType)
                  0000b5f4    00000018                   : osc.obj (.text:NOROM_OSCHF_TurnOnXosc)
                  0000b60c    00000018                   : rfc.obj (.text:NOROM_RFCCpeIntGetAndClear)
                  0000b624    00000018                   : setup_rom.obj (.text:NOROM_SetupGetTrimForAdcShModeEn)
                  0000b63c    00000018                   : setup_rom.obj (.text:NOROM_SetupGetTrimForAdcShVbufEn)
                  0000b654    00000018                   : setup_rom.obj (.text:NOROM_SetupGetTrimForAmpcompTh1)
                  0000b66c    00000018                   : setup_rom.obj (.text:NOROM_SetupGetTrimForDblrLoopFilterResetVoltage)
                  0000b684    00000018                   : setup_rom.obj (.text:NOROM_SetupGetTrimForRcOscLfIBiasTrim)
                  0000b69c    00000018                   : setup_rom.obj (.text:NOROM_SetupGetTrimForXoscLfRegulatorAndCmirrwrRatio)
                  0000b6b4    00000018     drivers_cc13x0.aem3 : PowerCC26XX.oem3 (.text:Power_idleFunc)
                  0000b6cc    00000018                         : UARTCC26XX.oem3 (.text:UARTCC26XX_init)
                  0000b6e4    00000018                         : UART.oem3 (.text:UART_Params_init)
                  0000b6fc    00000018                         : PowerCC26XX.oem3 (.text:configureRFCoreClocks)
                  0000b714    00000018     hello_pem3.oem3 (.text:free)
                  0000b72c    00000018     main.obj (.text:mReadByte)
                  0000b744    00000018     rtsv7M3_T_le_eabi.lib : args_main.obj (.text)
                  0000b75c    00000018                           : ll_mul_t2.obj (.text)
                  0000b774    00000018     rf_multiMode_cc13x0.aem3 : RFCC26XX_multiMode.oem3 (.text:swiFxnFsm)
                  0000b78c    00000018     hello_pem3.oem3 (.text:ti_sysbios_BIOS_rtsUnlock__I)
                  0000b7a4    00000018     hello_pem3.oem3 (.text:ti_sysbios_family_arm_cc26xx_Timer_Module__startupDone__F)
                  0000b7bc    00000018     sysbios.aem3 : BIOS.obj (.text:ti_sysbios_family_arm_cc26xx_TimestampProvider_get64__E)
                  0000b7d4    00000018     hello_pem3.oem3 (.text:ti_sysbios_family_arm_m3_Hwi_Module__startupDone__F)
                  0000b7ec    00000018     sysbios.aem3 : BIOS.obj (.text:ti_sysbios_family_arm_m3_Hwi_plug__E)
                  0000b804    00000018     hello_pem3.oem3 (.text:ti_sysbios_gates_GateHwi_Handle__label__S)
                  0000b81c    00000018     hello_pem3.oem3 (.text:ti_sysbios_gates_GateMutex_Handle__label__S)
                  0000b834    00000018     sysbios.aem3 : BIOS.obj (.text:ti_sysbios_gates_GateMutex_leave__E)
                  0000b84c    00000018     hello_pem3.oem3 (.text:ti_sysbios_heaps_HeapMem_Handle__label__S)
                  0000b864    00000018     sysbios.aem3 : BIOS.obj (.text:ti_sysbios_knl_Swi_or__E)
                  0000b87c    00000018                  : BIOS.obj (.text:ti_sysbios_knl_Task_unblock__E)
                  0000b894    00000018     hello_pem3.oem3 (.text:ti_uia_loggers_LoggerStopMode_Handle__label__S)
                  0000b8ac    00000018     sysbios.aem3 : BIOS.obj (.text:xdc_runtime_Error_init__E)
                  0000b8c4    00000018                  : BIOS.obj (.text:xdc_runtime_System_exit__E)
                  0000b8dc    00000018                  : BIOS.obj (.text:xdc_runtime_Text_ropeText__E)
                  0000b8f4    00000018     main.obj (.text:xgReadByte)
                  0000b90c    00000016     drivers_cc13x0.aem3 : List.oem3 (.text:List_remove)
                  0000b922    00000016     driverlib.lib : chipinfo.obj (.text:NOROM_ThisLibraryIsFor_CC13x0_HwRev20AndLater_HaltIfViolated)
                  0000b938    00000016     rf_multiMode_cc13x0.aem3 : RFCC26XX_multiMode.oem3 (.text:Q_pop)
                  0000b94e    00000016     rtsv7M3_T_le_eabi.lib : strcpy.obj (.text)
                  0000b964    00000016     hello_pem3.oem3 (.text:ti_sysbios_BIOS_exitFunc__I)
                  0000b97a    00000016     sysbios.aem3 : BIOS.obj (.text:ti_sysbios_knl_Clock_Instance_finalize__E)
                  0000b990    00000016     main.obj (.text:ti_sysbios_knl_Clock_Params_init)
                  0000b9a6    00000016     sysbios.aem3 : BIOS.obj (.text:ti_sysbios_knl_Clock_start__E)
                  0000b9bc    00000016     EasyLink.obj (.text:ti_sysbios_knl_Semaphore_Params_init)
                  0000b9d2    00000016     main.obj (.text:ti_sysbios_knl_Task_Params_init)
                  0000b9e8    00000016     ti.uia.loggers.aem3 : LoggerStopMode.oem3 (.text:ti_uia_loggers_LoggerStopMode_disable__E)
                  0000b9fe    00000016                         : LoggerStopMode.oem3 (.text:ti_uia_loggers_LoggerStopMode_enable__E)
                  0000ba14    00000014     driverlib.lib : aon_rtc.obj (.text:NOROM_AONRTCCurrent64BitValueGet)
                  0000ba28    00000014     drivers_cc13x0.aem3 : PINCC26XX.oem3 (.text:PINCC26XX_getOutputValue)
                  0000ba3c    00000014     rf_multiMode_cc13x0.aem3 : RFCC26XX_multiMode.oem3 (.text:RF_Params_init)
                  0000ba50    00000014     rtsv7M3_T_le_eabi.lib : _lock.obj (.text)
                  0000ba64    00000014                           : strlen.obj (.text)
                  0000ba78    00000014     hello_pem3.oem3 (.text:ti_sysbios_family_arm_m3_Hwi_Object__get__S)
                  0000ba8c    00000014     sysbios.aem3 : BIOS.obj (.text:ti_sysbios_family_arm_m3_Hwi_switchFromBootStack__E)
                  0000baa0    00000014     hello_pem3.oem3 (.text:ti_sysbios_heaps_HeapMem_Object__get__S)
                  0000bab4    00000014     hello_pem3.oem3 (.text:ti_sysbios_knl_Clock_doTick__I)
                  0000bac8    00000014     hello_pem3.oem3 (.text:ti_sysbios_knl_Swi_Object__get__S)
                  0000badc    00000012     drivers_cc13x0.aem3 : RingBuf.oem3 (.text:RingBuf_construct)
                  0000baee    00000012     dpl_cc13x0.aem3 : SemaphoreP_tirtos.oem3 (.text:SemaphoreP_pend)
                  0000bb00    00000012     sysbios.aem3 : BIOS.obj (.text:ti_sysbios_hal_Hwi_Module_startup__E)
                  0000bb12    00000012     hello_pem3.oem3 (.text:xdc_runtime_Startup_exec__I)
                  0000bb24    00000010     dpl_cc13x0.aem3 : ClockP_tirtos.oem3 (.text:ClockP_isActive)
                  0000bb34    00000010                     : HwiP_tirtos.oem3 (.text:HwiP_Params_init)
                  0000bb44    00000010     drivers_cc13x0.aem3 : I2C.oem3 (.text:I2C_Params_init)
                  0000bb54    00000010     driverlib.lib : rfc.obj (.text:NOROM_RFCRfTrimSet)
                  0000bb64    00000010                   : setup_rom.obj (.text:NOROM_SetupGetTrimForXoscHfFastStart)
                  0000bb74    00000010                   : setup_rom.obj (.text:NOROM_SetupGetTrimForXoscHfIbiastherm)
                  0000bb84    00000010     dpl_cc13x0.aem3 : SwiP_tirtos.oem3 (.text:SwiP_Params_init)
                  0000bb94    00000010     drivers_cc13x0.aem3 : WatchdogCC26XX.oem3 (.text:WatchdogCC26XX_clear)
                  0000bba4    00000010                         : Watchdog.oem3 (.text:Watchdog_Params_init)
                  0000bbb4    00000010     smartrf_settings.obj (.text:applyGenfskPatch)
                  0000bbc4    00000010     smartrf_settings_predefined.obj (.text:applyGenfskPatch)
                  0000bbd4    00000010     smartrf_settings_predefined.obj (.text:applyGenookPatch)
                  0000bbe4    00000010     smartrf_settings_predefined.obj (.text:applyLrmPatch)
                  0000bbf4    00000010     smartrf_settings_predefined.obj (.text:applySl_longrangePatch)
                  0000bc04    00000010     drivers_cc13x0.aem3 : I2CCC26XX.oem3 (.text:i2cPostNotify)
                  0000bc14    00000010     sysbios.aem3 : BIOS.obj (.text:ti_sysbios_BIOS_exit__E)
                  0000bc24    00000010                  : BIOS.obj (.text:ti_sysbios_BIOS_getCpuFreq__E)
                  0000bc34    00000010                  : BIOS.obj (.text:ti_sysbios_BIOS_setThreadType__E)
                  0000bc44    00000010                  : BIOS.obj (.text:ti_sysbios_BIOS_start__E)
                  0000bc54    00000010                  : BIOS.obj (.text:ti_sysbios_family_arm_m3_Hwi_post__E)
                  0000bc64    00000010                  : m3_TaskSupport_asm.obj (.text:ti_sysbios_family_arm_m3_TaskSupport_glue)
                  0000bc74    00000010                  : m3_TaskSupport_asm.obj (.text:ti_sysbios_family_arm_m3_TaskSupport_swap__E)
                  0000bc84    00000010                  : BIOS.obj (.text:ti_sysbios_gates_GateMutex_Instance_finalize__E)
                  0000bc94    00000010                  : BIOS.obj (.text:ti_sysbios_knl_Semaphore_Instance_finalize__E)
                  0000bca4    00000010                  : BIOS.obj (.text:ti_sysbios_knl_Swi_disable__E)
                  0000bcb4    00000010                  : BIOS.obj (.text:ti_sysbios_knl_Swi_enabled__E)
                  0000bcc4    00000010     hello_pem3.oem3 (.text:ti_sysbios_knl_Task_Object__get__S)
                  0000bcd4    00000010     sysbios.aem3 : BIOS.obj (.text:ti_sysbios_knl_Task_disable__E)
                  0000bce4    00000010     hello_pem3.oem3 (.text:ti_uia_loggers_LoggerStopMode_Object__get__S)
                  0000bcf4    00000010     ti.uia.loggers.aem3 : LoggerStopMode.oem3 (.text:ti_uia_loggers_LoggerStopMode_isEmpty__E)
                  0000bd04    00000010     drivers_cc13x0.aem3 : UARTCC26XX.oem3 (.text:uartPostNotify)
                  0000bd14    00000010     sysbios.aem3 : BIOS.obj (.text:xdc_runtime_Gate_leaveSystem__E)
                  0000bd24    00000010                  : BIOS.obj (.text:xdc_runtime_Memory_free__E)
                  0000bd34    0000000e     driverlib.lib : vims.obj (.text:NOROM_VIMSModeGet)
                  0000bd42    0000000e     rtsv7M3_T_le_eabi.lib : copy_decompress_none.obj (.text:decompress:none)
                  0000bd50    0000000e     sysbios.aem3 : BIOS.obj (.text:ti_sysbios_heaps_HeapMem_restore__E)
                  0000bd5e    0000000e                  : BIOS.obj (.text:ti_sysbios_knl_Queue_empty__E)
                  0000bd6c    0000000e                  : BIOS.obj (.text:ti_sysbios_knl_Queue_remove__E)
                  0000bd7a    00000002                  : BIOS.obj (.text:ti_sysbios_gates_GateHwi_Instance_init__E)
                  0000bd7c    0000000c     rf_multiMode_cc13x0.aem3 : RFCC26XX_multiMode.oem3 (.text:FsmNextState)
                  0000bd88    0000000c     drivers_cc13x0.aem3 : List.oem3 (.text:List_empty)
                  0000bd94    0000000c     driverlib.lib : cpu.obj (.text:NOROM_CPUcpsid)
                  0000bda0    0000000c                   : cpu.obj (.text:NOROM_CPUcpsie)
                  0000bdac    0000000c                   : osc.obj (.text:NOROM_OSC_HPOSCRelativeFrequencyOffsetToRFCoreFormatConvert)
                  0000bdb8    0000000c     drivers_cc13x0.aem3 : PINCC26XX.oem3 (.text:PIN_registerIntCb)
                  0000bdc4    0000000c                         : PowerCC26XX.oem3 (.text:Power_getConstraintMask)
                  0000bdd0    0000000c                         : PowerCC26XX.oem3 (.text:Power_getDependencyCount)
                  0000bddc    0000000c     rtsv7M3_T_le_eabi.lib : copy_zero_init.obj (.text:decompress:ZI)
                  0000bde8    0000000c     hello_pem3.oem3 (.text:ti_sysbios_family_arm_m3_Hwi_Params__init__S)
                  0000bdf4    0000000c     sysbios.aem3 : BIOS.obj (.text:ti_sysbios_family_arm_m3_Hwi_disableFxn__E)
                  0000be00    0000000c                  : BIOS.obj (.text:ti_sysbios_family_arm_m3_TaskSupport_getStackAlignment__E)
                  0000be0c    0000000c                  : BIOS.obj (.text:ti_sysbios_gates_GateHwi_enter__E)
                  0000be18    0000000c     hello_pem3.oem3 (.text:ti_sysbios_knl_Clock_Params__init__S)
                  0000be24    0000000c     sysbios.aem3 : BIOS.obj (.text:ti_sysbios_knl_Clock_getTimerHandle__E)
                  0000be30    0000000c     hello_pem3.oem3 (.text:ti_sysbios_knl_Queue_Object__get__S)
                  0000be3c    0000000c     sysbios.aem3 : BIOS.obj (.text:ti_sysbios_knl_Queue_dequeue__E)
                  0000be48    0000000c                  : BIOS.obj (.text:ti_sysbios_knl_Queue_enqueue__E)
                  0000be54    0000000c     hello_pem3.oem3 (.text:ti_sysbios_knl_Semaphore_Params__init__S)
                  0000be60    0000000c     main.obj (.text:ti_sysbios_knl_Semaphore_handle)
                  0000be6c    0000000c     hello_pem3.oem3 (.text:ti_sysbios_knl_Swi_Params__init__S)
                  0000be78    0000000c     sysbios.aem3 : BIOS.obj (.text:ti_sysbios_knl_Swi_getTrigger__E)
                  0000be84    0000000c     hello_pem3.oem3 (.text:ti_sysbios_knl_Task_Params__init__S)
                  0000be90    0000000c     sysbios.aem3 : BIOS.obj (.text:ti_sysbios_knl_Task_self__E)
                  0000be9c    0000000c                  : BIOS.obj (.text:xdc_runtime_Gate_enterSystem__E)
                  0000bea8    0000000c                  : BIOS.obj (.text:xdc_runtime_Memory_calloc__E)
                  0000beb4    0000000c                  : BIOS.obj (.text:xdc_runtime_Memory_getMaxDefaultTypeAlign__E)
                  0000bec0    0000000c                  : BIOS.obj (.text:xdc_runtime_Startup_rtsDone__E)
                  0000becc    0000000a     drivers_cc13x0.aem3 : I2CCC26XX.oem3 (.text:I2CCC26XX_init)
                  0000bed6    0000000a                         : I2C.oem3 (.text:I2C_transfer)
                  0000bee0    0000000a                         : UART.oem3 (.text:UART_control)
                  0000beea    0000000a                         : UART.oem3 (.text:UART_read)
                  0000bef4    0000000a                         : UART.oem3 (.text:UART_write)
                  0000befe    0000000a                         : Watchdog.oem3 (.text:Watchdog_clear)
                  0000bf08    0000000a                         : Watchdog.oem3 (.text:Watchdog_setReload)
                  0000bf12    0000000a     hello_pem3.oem3 (.text:xdc_runtime_IHeap_alloc)
                  0000bf1c    0000000a     hello_pem3.oem3 (.text:xdc_runtime_IHeap_free)
                  0000bf26    00000008     drivers_cc13x0.aem3 : I2CCC26XX.oem3 (.text:I2CCC26XX_blockingCallback)
                  0000bf2e    00000008                         : WatchdogCC26XX.oem3 (.text:WatchdogCC26XX_init)
                  0000bf36    00000008                         : UARTCC26XX.oem3 (.text:readSemCallback)
                  0000bf3e    00000008     smartrf_settings.obj (.text:rf_patch_cpe_genfsk)
                  0000bf46    00000008     smartrf_settings_predefined.obj (.text:rf_patch_cpe_genfsk)
                  0000bf4e    00000008     smartrf_settings_predefined.obj (.text:rf_patch_cpe_genook)
                  0000bf56    00000008     smartrf_settings_predefined.obj (.text:rf_patch_cpe_lrm)
                  0000bf5e    00000008     smartrf_settings_predefined.obj (.text:rf_patch_cpe_sl_longrange)
                  0000bf66    00000008     sysbios.aem3 : BIOS.obj (.text:ti_sysbios_family_arm_m3_Hwi_doSwiRestore__I)
                  0000bf6e    00000008                  : BIOS.obj (.text:ti_sysbios_family_arm_m3_Hwi_startup__E)
                  0000bf76    00000008                  : BIOS.obj (.text:ti_sysbios_knl_Idle_loop__E)
                  0000bf7e    00000008     drivers_cc13x0.aem3 : UARTCC26XX.oem3 (.text:writeSemCallback)
                  0000bf86    00000006     dpl_cc13x0.aem3 : ClockP_tirtos.oem3 (.text:ClockP_Params_init)
                  0000bf8c    00000006     drivers_cc13x0.aem3 : I2CCC26XX.oem3 (.text:I2CCC26XX_control)
                  0000bf92    00000006     driverlib.lib : cpu.obj (.text:NOROM_CPUdelay)
                  0000bf98    00000006     drivers_cc13x0.aem3 : UARTCC26XX.oem3 (.text:UARTCC26XX_readPolling)
                  0000bf9e    00000006                         : UARTCC26XX.oem3 (.text:UARTCC26XX_writePolling)
                  0000bfa4    00000006                         : WatchdogCC26XX.oem3 (.text:WatchdogCC26XX_control)
                  0000bfaa    00000006     rf_multiMode_cc13x0.aem3 : RFCC26XX_multiMode.oem3 (.text:clkReqAccessFxn)
                  0000bfb0    00000006     sysbios.aem3 : BIOS.obj (.text:ti_sysbios_family_arm_m3_Hwi_doTaskRestore__I)
                  0000bfb6    00000006                  : BIOS.obj (.text:ti_sysbios_family_arm_m3_Hwi_restoreFxn__E)
                  0000bfbc    00000006                  : BIOS.obj (.text:ti_sysbios_family_arm_m3_Hwi_setFunc__E)
                  0000bfc2    00000006                  : BIOS.obj (.text:ti_sysbios_gates_GateHwi_leave__E)
                  0000bfc8    00000006                  : BIOS.obj (.text:ti_sysbios_heaps_HeapMem_isBlocking__E)
                  0000bfce    00000006                  : BIOS.obj (.text:ti_sysbios_knl_Queue_Instance_init__E)
                  0000bfd4    00000006                  : BIOS.obj (.text:ti_sysbios_knl_Queue_elemClear__E)
                  0000bfda    00000006                  : BIOS.obj (.text:ti_sysbios_knl_Swi_startup__E)
                  0000bfe0    00000006                  : BIOS.obj (.text:xdc_runtime_System_Module_startup__E)
                  0000bfe6    00000004     dpl_cc13x0.aem3 : PowerCC26XX_tirtos.oem3 (.text:CPUwfi)
                  0000bfea    00000004                     : ClockP_tirtos.oem3 (.text:ClockP_destruct)
                  0000bfee    00000004                     : ClockP_tirtos.oem3 (.text:ClockP_getCpuFreq)
                  0000bff2    00000004                     : ClockP_tirtos.oem3 (.text:ClockP_getTimeout)
                  0000bff6    00000004                     : ClockP_tirtos.oem3 (.text:ClockP_setTimeout)
                  0000bffa    00000004                     : ClockP_tirtos.oem3 (.text:ClockP_start)
                  0000bffe    00000004                     : ClockP_tirtos.oem3 (.text:ClockP_stop)
                  0000c002    00000004                     : HwiP_tirtos.oem3 (.text:HwiP_destruct)
                  0000c006    00000004                     : HwiP_tirtos.oem3 (.text:HwiP_disable)
                  0000c00a    00000004                     : HwiP_tirtos.oem3 (.text:HwiP_disableInterrupt)
                  0000c00e    00000004                     : HwiP_tirtos.oem3 (.text:HwiP_enableInterrupt)
                  0000c012    00000004                     : HwiP_tirtos.oem3 (.text:HwiP_plug)
                  0000c016    00000004                     : HwiP_tirtos.oem3 (.text:HwiP_post)
                  0000c01a    00000004                     : HwiP_tirtos.oem3 (.text:HwiP_setFunc)
                  0000c01e    00000004     drivers_cc13x0.aem3 : List.oem3 (.text:List_head)
                  0000c022    00000004                         : List.oem3 (.text:List_next)
                  0000c026    00000004     rf_multiMode_cc13x0.aem3 : RFCC26XX_multiMode.oem3 (.text:Q_peek)
                  0000c02a    00000004     dpl_cc13x0.aem3 : SemaphoreP_tirtos.oem3 (.text:SemaphoreP_destruct)
                  0000c02e    00000004                     : SemaphoreP_tirtos.oem3 (.text:SemaphoreP_post)
                  0000c032    00000004                     : SwiP_tirtos.oem3 (.text:SwiP_destruct)
                  0000c036    00000004                     : SwiP_tirtos.oem3 (.text:SwiP_disable)
                  0000c03a    00000004                     : SwiP_tirtos.oem3 (.text:SwiP_getTrigger)
                  0000c03e    00000004                     : SwiP_tirtos.oem3 (.text:SwiP_or)
                  0000c042    00000004                     : SwiP_tirtos.oem3 (.text:SwiP_post)
                  0000c046    00000004     drivers_cc13x0.aem3 : PowerCC26XX.oem3 (.text:nopResourceHandler)
                  0000c04a    00000004     rtsv7M3_T_le_eabi.lib : error.obj (.text)
                  0000c04e    00000004     hello_pem3.oem3 (.text:ti_sysbios_BIOS_RtsGateProxy_enter__E)
                  0000c052    00000004     hello_pem3.oem3 (.text:ti_sysbios_BIOS_RtsGateProxy_leave__E)
                  0000c056    00000004     sysbios.aem3 : BIOS.obj (.text:ti_sysbios_family_arm_cc26xx_Timer_getCount64__E)
                  0000c05a    00000004                  : BIOS.obj (.text:ti_sysbios_family_arm_cc26xx_Timer_setPeriod__E)
                  0000c05e    00000004     hello_pem3.oem3 (.text:ti_sysbios_family_arm_m3_TaskSupport_Module__startupDone__S)
                  0000c062    00000004     sysbios.aem3 : BIOS.obj (.text:ti_sysbios_gates_GateHwi_query__E)
                  0000c066    00000004                  : BIOS.obj (.text:ti_sysbios_gates_GateMutex_query__E)
                  0000c06a    00000004     hello_pem3.oem3 (.text:ti_sysbios_heaps_HeapMem_Module_GateProxy_enter__E)
                  0000c06e    00000004     hello_pem3.oem3 (.text:ti_sysbios_heaps_HeapMem_Module_GateProxy_leave__E)
                  0000c072    00000004     hello_pem3.oem3 (.text:ti_sysbios_knl_Clock_TimerProxy_getCurrentTick__E)
                  0000c076    00000004     hello_pem3.oem3 (.text:ti_sysbios_knl_Clock_TimerProxy_getMaxTicks__E)
                  0000c07a    00000004     hello_pem3.oem3 (.text:ti_sysbios_knl_Clock_TimerProxy_setNextTick__E)
                  0000c07e    00000004     sysbios.aem3 : BIOS.obj (.text:ti_sysbios_knl_Clock_isActive__E)
                  0000c082    00000004                  : BIOS.obj (.text:ti_sysbios_knl_Clock_removeI__E)
                  0000c086    00000004                  : BIOS.obj (.text:ti_sysbios_knl_Clock_setTimeout__E)
                  0000c08a    00000004                  : BIOS.obj (.text:ti_sysbios_knl_Queue_head__E)
                  0000c08e    00000004                  : BIOS.obj (.text:ti_sysbios_knl_Queue_next__E)
                  0000c092    00000004                  : BIOS.obj (.text:ti_sysbios_knl_Swi_postInit__I)
                  0000c096    00000004                  : BIOS.obj (.text:ti_sysbios_knl_Task_startup__E)
                  0000c09a    00000004     ti.uia.loggers.aem3 : LoggerStopMode.oem3 (.text:ti_uia_loggers_LoggerStopMode_getContents__E)
                  0000c09e    00000004     hello_pem3.oem3 (.text:ti_uia_loggers_LoggerStopMode_getFilterLevel__E)
                  0000c0a2    00000004     ti.uia.loggers.aem3 : LoggerStopMode.oem3 (.text:ti_uia_loggers_LoggerStopMode_getInstanceId__E)
                  0000c0a6    00000004                         : LoggerStopMode.oem3 (.text:ti_uia_loggers_LoggerStopMode_getMaxLength__E)
                  0000c0aa    00000004                         : LoggerStopMode.oem3 (.text:ti_uia_loggers_LoggerStopMode_getPriority__E)
                  0000c0ae    00000004                         : LoggerStopMode.oem3 (.text:ti_uia_loggers_LoggerStopMode_getTransferType__E)
                  0000c0b2    00000004     hello_pem3.oem3 (.text:xdc_runtime_System_Module_GateProxy_enter__E)
                  0000c0b6    00000004     hello_pem3.oem3 (.text:xdc_runtime_System_Module_GateProxy_leave__E)
                  0000c0ba    00000002     sysbios.aem3 : BIOS.obj (.text:ti_sysbios_knl_Clock_triggerFunc__I)
                  0000c0bc    00000002                  : BIOS.obj (.text:ti_sysbios_knl_Swi_Instance_finalize__E)
                  0000c0be    00000002     hello_pem3.oem3 (.text:ti_uia_loggers_LoggerStopMode_setFilterLevel__E)
                  0000c0c0    00000002     ti.uia.loggers.aem3 : LoggerStopMode.oem3 (.text:ti_uia_loggers_LoggerStopMode_setPriority__E)
                  0000c0c2    00000002     sysbios.aem3 : BIOS.obj (.text:xdc_runtime_Error_policySpin__E)
                  0000c0c4    00000002                  : BIOS.obj (.text:xdc_runtime_System_abortSpin__E)
                  0000c0c6    00000002                  : BIOS.obj (.text:xdc_runtime_System_exitSpin__E)

.const     0    0000c0c8    00004c03     
                  0000c0c8    0000073c     smartrf_settings_predefined.obj (.const:patchGenookMce)
                  0000c804    000006b4     smartrf_settings.obj (.const:patchGenfskRfe)
                  0000ceb8    000006b4     smartrf_settings_predefined.obj (.const:patchGenfskRfe)
                  0000d56c    000006b4     smartrf_settings_predefined.obj (.const:patchLrmRfe)
                  0000dc20    000006b4     smartrf_settings_predefined.obj (.const:patchSl_longrangeRfe)
                  0000e2d4    000006a4     smartrf_settings_predefined.obj (.const:patchGenookRfe)
                  0000e978    00000504     smartrf_settings_predefined.obj (.const:patchHsp4mbpsRfe)
                  0000ee7c    00000400     smartrf_settings_predefined.obj (.const:patchSl_longrangeMce)
                  0000f27c    000003f0     smartrf_settings_predefined.obj (.const:patchHsp4mbpsMce)
                  0000f66c    000002b0     smartrf_settings.obj (.const:patchImageGenfsk)
                  0000f91c    000002b0     smartrf_settings_predefined.obj (.const:patchImageGenfsk)
                  0000fbcc    000002b0     smartrf_settings_predefined.obj (.const:patchImageGenook)
                  0000fe7c    000002b0     smartrf_settings_predefined.obj (.const:patchImageLrm)
                  0001012c    000002b0     smartrf_settings_predefined.obj (.const:patchImageSl_longrange)
                  000103dc    00000090     main.obj (.const:$P$T3$2)
                  0001046c    00000060     hello_pem3.oem3 (.const:ti_uia_loggers_LoggerStopMode_Module__FXNS__C)
                  000104cc    0000004c     drivers_cc13x0.aem3 : PowerCC26XX.oem3 (.const:resourceDB)
                  00010518    00000048     hello_pem3.oem3 (.const:.string)
                  00010560    00000040     drivers_cc13x0.aem3 : UARTCC26XX.oem3 (.const:$O1$$)
                  000105a0    00000040     smartrf_settings_predefined.obj (.const:rfPowerTable)
                  000105e0    0000003c     hello_pem3.oem3 (.const:ti_sysbios_knl_Task_Object__PARAMS__C)
                  0001061c    00000030     hello_pem3.oem3 (.const:ti_sysbios_family_arm_m3_Hwi_Object__PARAMS__C)
                  0001064c    0000002c     CC1310_LAUNCHXL.obj (.const:BoardGpioInitTable)
                  00010678    00000028     drivers_cc13x0.aem3 : UARTCC26XX.oem3 (.const:UARTCC26XX_fxnTable)
                  000106a0    00000028     hello_pem3.oem3 (.const:ti_sysbios_heaps_HeapMem_Module__FXNS__C)
                  000106c8    00000028     hello_pem3.oem3 (.const:ti_sysbios_knl_Swi_Object__PARAMS__C)
                  000106f0    00000028     hello_pem3.oem3 (.const:ti_uia_loggers_LoggerStopMode_Object__PARAMS__C)
                  00010718    00000028     hello_pem3.oem3 (.const:xdc_runtime_Startup_sfxnTab__A)
                  00010740    00000024     drivers_cc13x0.aem3 : UART.oem3 (.const:UART_defaultParams)
                  00010764    00000024     hello_pem3.oem3 (.const:ti_sysbios_gates_GateHwi_Module__FXNS__C)
                  00010788    00000024     hello_pem3.oem3 (.const:ti_sysbios_gates_GateMutex_Module__FXNS__C)
                  000107ac    00000024     hello_pem3.oem3 (.const:ti_sysbios_heaps_HeapMem_Object__PARAMS__C)
                  000107d0    00000024     hello_pem3.oem3 (.const:ti_sysbios_knl_Clock_Object__PARAMS__C)
                  000107f4    00000024     hello_pem3.oem3 (.const:ti_sysbios_knl_Semaphore_Object__PARAMS__C)
                  00010818    00000020     hello_pem3.oem3 (.const:ti_sysbios_family_arm_m3_Hwi_Object__DESC__C)
                  00010838    00000020     hello_pem3.oem3 (.const:ti_sysbios_gates_GateHwi_Object__DESC__C)
                  00010858    00000020     hello_pem3.oem3 (.const:ti_sysbios_gates_GateMutex_Object__DESC__C)
                  00010878    00000020     hello_pem3.oem3 (.const:ti_sysbios_heaps_HeapMem_Object__DESC__C)
                  00010898    00000020     hello_pem3.oem3 (.const:ti_sysbios_knl_Clock_Object__DESC__C)
                  000108b8    00000020     hello_pem3.oem3 (.const:ti_sysbios_knl_Queue_Object__DESC__C)
                  000108d8    00000020     hello_pem3.oem3 (.const:ti_sysbios_knl_Semaphore_Object__DESC__C)
                  000108f8    00000020     hello_pem3.oem3 (.const:ti_sysbios_knl_Swi_Object__DESC__C)
                  00010918    00000020     hello_pem3.oem3 (.const:ti_sysbios_knl_Task_Object__DESC__C)
                  00010938    00000020     hello_pem3.oem3 (.const:ti_uia_loggers_LoggerStopMode_Object__DESC__C)
                  00010958    00000020     CC1310_LAUNCHXL.obj (.const:uartCC26XXHWAttrs)
                  00010978    0000001c     rf_multiMode_cc13x0.aem3 : RFCC26XX_multiMode.oem3 (.const:RF_defaultParams)
                  00010994    0000001c     drivers_cc13x0.aem3 : WatchdogCC26XX.oem3 (.const:WatchdogCC26XX_fxnTable)
                  000109b0    00000018     EasyLink.obj (.const:$P$T0$3)
                  000109c8    00000018     drivers_cc13x0.aem3 : I2CCC26XX.oem3 (.const:I2CCC26XX_fxnTable)
                  000109e0    00000018     CC1310_LAUNCHXL.obj (.const:i2cCC26xxHWAttrs)
                  000109f8    00000018     driverlib.lib : rfc.obj (.const:rfc_defaultIrqAddr)
                  00010a10    00000018     hello_pem3.oem3 (.const:ti_sysbios_gates_GateHwi_Object__PARAMS__C)
                  00010a28    00000018     hello_pem3.oem3 (.const:ti_sysbios_gates_GateMutex_Object__PARAMS__C)
                  00010a40    00000018     hello_pem3.oem3 (.const:ti_sysbios_knl_Queue_Object__PARAMS__C)
                  00010a58    00000014     hello_pem3.oem3 (.const:xdc_runtime_Startup_sfxnRts__A)
                  00010a6c    00000010     drivers_cc13x0.aem3 : I2C.oem3 (.const:I2C_defaultParams)
                  00010a7c    00000010     CC1310_LAUNCHXL.obj (.const:PowerCC26XX_config)
                  00010a8c    0000000c     CC1310_LAUNCHXL.obj (.const:I2C_config)
                  00010a98    0000000c     CC1310_LAUNCHXL.obj (.const:UART_config)
                  00010aa4    0000000c     CC1310_LAUNCHXL.obj (.const:Watchdog_config)
                  00010ab0    0000000c     drivers_cc13x0.aem3 : Watchdog.oem3 (.const:Watchdog_defaultParams)
                  00010abc    0000000c     hello_pem3.oem3 (.const:xdc_runtime_Startup_firstFxns__A)
                  00010ac8    00000009     CC1310_LAUNCHXL.obj (.const)
                  00010ad1    00000003     main.obj (.const:.string:$P$T2$1)
                  00010ad4    00000008     CC1310_LAUNCHXL.obj (.const:PINCC26XX_hwAttrs)
                  00010adc    00000008     drivers_cc13x0.aem3 : I2CCC26XX.oem3 (.const:bitRate)
                  00010ae4    00000008     hello_pem3.oem3 (.const:ti_sysbios_knl_Idle_funcList__C)
                  00010aec    00000008     CC1310_LAUNCHXL.obj (.const:watchdogCC26XXHWAttrs)
                  00010af4    00000008     hello_pem3.oem3 (.const:xdc_runtime_Startup_firstFxns__C)
                  00010afc    00000008     hello_pem3.oem3 (.const:xdc_runtime_Startup_lastFxns__C)
                  00010b04    00000004     EasyLink.obj (.const:$P$T1$4)
                  00010b08    00000004     CC1310_LAUNCHXL.obj (.const:RFCC26XX_hwAttrs)
                  00010b0c    00000004     hello_pem3.oem3 (.const:ti_sysbios_family_arm_cc26xx_Timer_startupNeeded__C)
                  00010b10    00000004     hello_pem3.oem3 (.const:ti_sysbios_family_arm_m3_Hwi_E_alreadyDefined__C)
                  00010b14    00000004     hello_pem3.oem3 (.const:ti_sysbios_family_arm_m3_Hwi_LD_end__C)
                  00010b18    00000004     hello_pem3.oem3 (.const:ti_sysbios_family_arm_m3_Hwi_LM_begin__C)
                  00010b1c    00000004     hello_pem3.oem3 (.const:ti_sysbios_family_arm_m3_Hwi_Module__diagsEnabled__C)
                  00010b20    00000004     hello_pem3.oem3 (.const:ti_sysbios_family_arm_m3_Hwi_Module__diagsIncluded__C)
                  00010b24    00000004     hello_pem3.oem3 (.const:ti_sysbios_family_arm_m3_Hwi_Module__diagsMask__C)
                  00010b28    00000004     hello_pem3.oem3 (.const:ti_sysbios_family_arm_m3_Hwi_Module__loggerFxn1__C)
                  00010b2c    00000004     hello_pem3.oem3 (.const:ti_sysbios_family_arm_m3_Hwi_Module__loggerFxn8__C)
                  00010b30    00000004     hello_pem3.oem3 (.const:ti_sysbios_family_arm_m3_Hwi_Module__loggerObj__C)
                  00010b34    00000004     hello_pem3.oem3 (.const:ti_sysbios_family_arm_m3_Hwi_NUM_INTERRUPTS__C)
                  00010b38    00000004     hello_pem3.oem3 (.const:ti_sysbios_family_arm_m3_Hwi_Object__count__C)
                  00010b3c    00000004     hello_pem3.oem3 (.const:ti_sysbios_family_arm_m3_Hwi_ccr__C)
                  00010b40    00000004     hello_pem3.oem3 (.const:ti_sysbios_family_arm_m3_Hwi_excHandlerFunc__C)
                  00010b44    00000004     hello_pem3.oem3 (.const:ti_sysbios_family_arm_m3_Hwi_nullIsrFunc__C)
                  00010b48    00000004     hello_pem3.oem3 (.const:ti_sysbios_family_arm_m3_Hwi_priGroup__C)
                  00010b4c    00000004     hello_pem3.oem3 (.const:ti_sysbios_family_arm_m3_Hwi_swiDisable__C)
                  00010b50    00000004     hello_pem3.oem3 (.const:ti_sysbios_family_arm_m3_Hwi_swiRestoreHwi__C)
                  00010b54    00000004     hello_pem3.oem3 (.const:ti_sysbios_family_arm_m3_TaskSupport_stackAlignment__C)
                  00010b58    00000004     hello_pem3.oem3 (.const:ti_sysbios_gates_GateMutex_Instance_State_sem__O)
                  00010b5c    00000004     hello_pem3.oem3 (.const:ti_sysbios_heaps_HeapMem_E_memory__C)
                  00010b60    00000004     hello_pem3.oem3 (.const:ti_sysbios_heaps_HeapMem_Module__gateObj__C)
                  00010b64    00000004     hello_pem3.oem3 (.const:ti_sysbios_heaps_HeapMem_Object__count__C)
                  00010b68    00000004     hello_pem3.oem3 (.const:ti_sysbios_heaps_HeapMem_primaryHeapBaseAddr__C)
                  00010b6c    00000004     hello_pem3.oem3 (.const:ti_sysbios_heaps_HeapMem_primaryHeapEndAddr__C)
                  00010b70    00000004     hello_pem3.oem3 (.const:ti_sysbios_heaps_HeapMem_reqAlign__C)
                  00010b74    00000004     hello_pem3.oem3 (.const:ti_sysbios_knl_Clock_LM_begin__C)
                  00010b78    00000004     hello_pem3.oem3 (.const:ti_sysbios_knl_Clock_LM_tick__C)
                  00010b7c    00000004     hello_pem3.oem3 (.const:ti_sysbios_knl_Clock_Module_State_clockQ__O)
                  00010b80    00000004     hello_pem3.oem3 (.const:ti_sysbios_knl_Clock_Module__diagsEnabled__C)
                  00010b84    00000004     hello_pem3.oem3 (.const:ti_sysbios_knl_Clock_Module__diagsIncluded__C)
                  00010b88    00000004     hello_pem3.oem3 (.const:ti_sysbios_knl_Clock_Module__diagsMask__C)
                  00010b8c    00000004     hello_pem3.oem3 (.const:ti_sysbios_knl_Clock_Module__loggerFxn1__C)
                  00010b90    00000004     hello_pem3.oem3 (.const:ti_sysbios_knl_Clock_Module__loggerFxn2__C)
                  00010b94    00000004     hello_pem3.oem3 (.const:ti_sysbios_knl_Clock_Module__loggerObj__C)
                  00010b98    00000004     hello_pem3.oem3 (.const:ti_sysbios_knl_Clock_tickPeriod__C)
                  00010b9c    00000004     hello_pem3.oem3 (.const:ti_sysbios_knl_Clock_triggerClock__C)
                  00010ba0    00000004     hello_pem3.oem3 (.const:ti_sysbios_knl_Idle_funcList__A)
                  00010ba4    00000004     hello_pem3.oem3 (.const:ti_sysbios_knl_Semaphore_Instance_State_pendQ__O)
                  00010ba8    00000004     hello_pem3.oem3 (.const:ti_sysbios_knl_Semaphore_LM_pend__C)
                  00010bac    00000004     hello_pem3.oem3 (.const:ti_sysbios_knl_Semaphore_LM_post__C)
                  00010bb0    00000004     hello_pem3.oem3 (.const:ti_sysbios_knl_Semaphore_Module__diagsEnabled__C)
                  00010bb4    00000004     hello_pem3.oem3 (.const:ti_sysbios_knl_Semaphore_Module__diagsIncluded__C)
                  00010bb8    00000004     hello_pem3.oem3 (.const:ti_sysbios_knl_Semaphore_Module__diagsMask__C)
                  00010bbc    00000004     hello_pem3.oem3 (.const:ti_sysbios_knl_Semaphore_Module__loggerFxn2__C)
                  00010bc0    00000004     hello_pem3.oem3 (.const:ti_sysbios_knl_Semaphore_Module__loggerFxn4__C)
                  00010bc4    00000004     hello_pem3.oem3 (.const:ti_sysbios_knl_Semaphore_Module__loggerObj__C)
                  00010bc8    00000004     hello_pem3.oem3 (.const:ti_sysbios_knl_Swi_LD_end__C)
                  00010bcc    00000004     hello_pem3.oem3 (.const:ti_sysbios_knl_Swi_LM_begin__C)
                  00010bd0    00000004     hello_pem3.oem3 (.const:ti_sysbios_knl_Swi_LM_post__C)
                  00010bd4    00000004     hello_pem3.oem3 (.const:ti_sysbios_knl_Swi_Module__diagsEnabled__C)
                  00010bd8    00000004     hello_pem3.oem3 (.const:ti_sysbios_knl_Swi_Module__diagsIncluded__C)
                  00010bdc    00000004     hello_pem3.oem3 (.const:ti_sysbios_knl_Swi_Module__diagsMask__C)
[...]
00010b94  ti_sysbios_knl_Clock_Module__loggerObj__C                       
00010b98  ti_sysbios_knl_Clock_tickPeriod__C                              
00010b9c  ti_sysbios_knl_Clock_triggerClock__C                            
00010ba0  ti_sysbios_knl_Idle_funcList__A                                 
00010ba4  ti_sysbios_knl_Semaphore_Instance_State_pendQ__O                
00010ba8  ti_sysbios_knl_Semaphore_LM_pend__C                             
00010bac  ti_sysbios_knl_Semaphore_LM_post__C                             
00010bb0  ti_sysbios_knl_Semaphore_Module__diagsEnabled__C                
00010bb4  ti_sysbios_knl_Semaphore_Module__diagsIncluded__C               
00010bb8  ti_sysbios_knl_Semaphore_Module__diagsMask__C                   
00010bbc  ti_sysbios_knl_Semaphore_Module__loggerFxn2__C                  
00010bc0  ti_sysbios_knl_Semaphore_Module__loggerFxn4__C                  
00010bc4  ti_sysbios_knl_Semaphore_Module__loggerObj__C                   
00010bc8  ti_sysbios_knl_Swi_LD_end__C                                    
00010bcc  ti_sysbios_knl_Swi_LM_begin__C                                  
00010bd0  ti_sysbios_knl_Swi_LM_post__C                                   
00010bd4  ti_sysbios_knl_Swi_Module__diagsEnabled__C                      
00010bd8  ti_sysbios_knl_Swi_Module__diagsIncluded__C                     
00010bdc  ti_sysbios_knl_Swi_Module__diagsMask__C                         
00010be0  ti_sysbios_knl_Swi_Module__loggerFxn1__C                        
00010be4  ti_sysbios_knl_Swi_Module__loggerFxn4__C                        
00010be8  ti_sysbios_knl_Swi_Module__loggerObj__C                         
00010bec  ti_sysbios_knl_Swi_Object__count__C                             
00010bf0  ti_sysbios_knl_Task_LD_block__C                                 
00010bf4  ti_sysbios_knl_Task_LD_exit__C                                  
00010bf8  ti_sysbios_knl_Task_LD_ready__C                                 
00010bfc  ti_sysbios_knl_Task_LM_switch__C                                
00010c00  ti_sysbios_knl_Task_Module_State_inactiveQ__O                   
00010c04  ti_sysbios_knl_Task_Module__diagsEnabled__C                     
00010c08  ti_sysbios_knl_Task_Module__diagsIncluded__C                    
00010c0c  ti_sysbios_knl_Task_Module__diagsMask__C                        
00010c10  ti_sysbios_knl_Task_Module__loggerFxn2__C                       
00010c14  ti_sysbios_knl_Task_Module__loggerFxn4__C                       
00010c18  ti_sysbios_knl_Task_Module__loggerObj__C                        
00010c1c  ti_sysbios_knl_Task_Object__count__C                            
00010c20  ti_sysbios_knl_Task_allBlockedFunc__C                           
00010c24  ti_sysbios_knl_Task_defaultStackHeap__C                         
00010c28  ti_sysbios_knl_Task_defaultStackSize__C                         
00010c2c  ti_sysbios_knl_Task_numConstructedTasks__C                      
00010c30  ti_uia_loggers_LoggerStopMode_Module__diagsEnabled__C           
00010c34  ti_uia_loggers_LoggerStopMode_Module__diagsIncluded__C          
00010c38  ti_uia_loggers_LoggerStopMode_Module__diagsMask__C              
00010c3c  ti_uia_loggers_LoggerStopMode_Object__count__C                  
00010c40  ti_uia_runtime_ILoggerSnapshot_Interface__BASE__C               
00010c44  ti_uia_runtime_IUIATransfer_Interface__BASE__C                  
00010c48  xdc_runtime_Assert_E_assertFailed__C                            
00010c4c  xdc_runtime_Error_E_memory__C                                   
00010c50  xdc_runtime_Error_policyFxn__C                                  
00010c54  xdc_runtime_IFilterLogger_Interface__BASE__C                    
00010c58  xdc_runtime_IGateProvider_Interface__BASE__C                    
00010c5c  xdc_runtime_IHeap_Interface__BASE__C                            
00010c60  xdc_runtime_ILogger_Interface__BASE__C                          
00010c64  xdc_runtime_IModule_Interface__BASE__C                          
00010c68  xdc_runtime_Memory_defaultHeapInstance__C                       
00010c6c  xdc_runtime_Startup_execImpl__C                                 
00010c70  xdc_runtime_Startup_maxPasses__C                                
00010c74  xdc_runtime_Startup_sfxnRts__C                                  
00010c78  xdc_runtime_Startup_sfxnTab__C                                  
00010c7c  xdc_runtime_SysMin_bufSize__C                                   
00010c80  xdc_runtime_SysMin_outputFunc__C                                
00010c84  xdc_runtime_System_Module__gateObj__C                           
00010c88  xdc_runtime_System_abortFxn__C                                  
00010c8c  xdc_runtime_System_exitFxn__C                                   
00010c90  xdc_runtime_System_maxAtexitHandlers__C                         
00010c94  xdc_runtime_Text_charTab__C                                     
00010c98  xdc_runtime_Text_nameEmpty__C                                   
00010c9c  xdc_runtime_Text_nameStatic__C                                  
00010ca0  xdc_runtime_Text_nameUnknown__C                                 
00010ca4  ti_sysbios_family_arm_cc26xx_TimestampProvider_useClockTimer__C 
00010ca6  ti_sysbios_family_arm_m3_Hwi_Module__id__C                      
00010ca8  ti_sysbios_family_arm_m3_Hwi_Module__loggerDefined__C           
00010caa  ti_sysbios_heaps_HeapMem_Module__id__C                          
00010cac  ti_sysbios_knl_Clock_Module__id__C                              
00010cae  ti_sysbios_knl_Clock_Module__loggerDefined__C                   
00010cb0  ti_sysbios_knl_Semaphore_Module__id__C                          
00010cb2  ti_sysbios_knl_Semaphore_Module__loggerDefined__C               
00010cb4  ti_sysbios_knl_Swi_Module__id__C                                
00010cb6  ti_sysbios_knl_Swi_Module__loggerDefined__C                     
00010cb8  ti_sysbios_knl_Task_Module__id__C                               
00010cba  ti_sysbios_knl_Task_Module__loggerDefined__C                    
00010cbc  ti_uia_loggers_LoggerStopMode_Module__id__C                     
00010cbe  ti_uia_loggers_LoggerStopMode_isTimestampEnabled__C             
00010cc0  xdc_runtime_Memory_Module__id__C                                
00010cc2  xdc_runtime_SysMin_flushAtExit__C                               
00010cc4  xdc_runtime_Text_charCnt__C                                     
00010cc6  xdc_runtime_Text_isLoaded__C                                    
00010cc8  rfPowerTableSize                                                
00010cc9  xdc_runtime_Error_policy__C                                     
00010cca  xdc_runtime_Text_charTab__A                                     
00010cd0  __TI_static_base__                                              
00011090  __TI_Handler_Table_Base                                         
0001109c  __TI_Handler_Table_Limit                                        
000110a8  __TI_CINIT_Base                                                 
000110b8  __TI_CINIT_Limit                                                
0001ffa8  __ccfg                                                          
20000000  ti_sysbios_family_arm_m3_Hwi_ramVectors                         
20000900  ti_uia_loggers_LoggerStopMode_Instance_State_0_packetArray__A   
20000d00  ti_uia_loggers_LoggerStopMode_Instance_State_1_packetArray__A   
200013d0  ti_sysbios_knl_Task_Instance_State_0_stack__A                   
200015d0  xdc_runtime_SysMin_Module_State_0_outbuf__A                     
200022c8  uartCC26XXObjects                                               
200023f4  __CIOBUF_                                                       
20002514  PIN_NumPins                                                     
200025a8  PIN_HandleTable                                                 
20002624  i2cCC26xxObjects                                                
20002704  ClockP_tickPeriod                                               
200027d0  ti_sysbios_family_arm_m3_Hwi_dispatchTable                      
20002a54  accelTask                                                       
20002aa4  calibrationTask                                                 
20002af4  gpsTask                                                         
20002b44  gyroTask                                                        
20002b94  initializationTask                                              
20002be4  magTask                                                         
20002c34  rxBeaconTask                                                    
20002c84  rxRestartTask                                                   
20002cd4  txDataTask                                                      
20002d80  ti_uia_loggers_LoggerStopMode_Instance_State_0_hdr__A           
20002dd8  watchdogCC26XXObjects                                           
20002e00  ti_uia_loggers_LoggerStopMode_Instance_State_1_hdr__A           
20002e30  settings                                                        
20002e58  clk0Struct                                                      
20002e7c  uartParams                                                      
20002ff0  i2cTransaction                                                  
20003050  Connections                                                     
20003084  i2cParams                                                       
200030ac  aBias                                                           
200030b8  gBias                                                           
200030c4  mBias                                                           
200030d0  PowerCC26XX_taskKey                                             
200030d4  PowerCC26XX_swiKey                                              
200030f0  aBiasRaw                                                        
200030f8  gBiasRaw                                                        
20003100  mBiasRaw                                                        
20003108  MXN                                                             
2000310c  MYN                                                             
20003110  MZN                                                             
20003114  aRes                                                            
20003118  gRes                                                            
2000311c  i2c                                                             
20003120  mRes                                                            
20003124  uart                                                            
20003128  watchdogHandle                                                  
2000312e  ax                                                              
20003130  ay                                                              
20003132  az                                                              
20003134  gx                                                              
20003136  gy                                                              
20003138  gz                                                              
2000313a  mx                                                              
2000313c  my                                                              
2000313e  mz                                                              
20003140  _autoCalc                                                       
20003141  _mAddress                                                       
20003142  _xgAddress                                                      
20003143  driverlib_release_0_48919                                       
20003148  __primary_heap_start__                                          
20004148  PowerCC26XX_module                                              
20004148  __primary_heap_end__                                            
2000425c  globalPacket                                                    
200042f4  pOverrides_sl_lr                                                
2000435c  ti_uia_loggers_LoggerStopMode_Object__table__V                  
200043c4  pOverrides_hsm                                                  
20004424  pOverrides_lrm                                                  
20004480  pOverrides_ook                                                  
20004534  pOverrides_fsk                                                  
2000458c  ti_sysbios_knl_Task_Object__table__V                            
200045d8  ti_sysbios_family_arm_cc26xx_Timer_Object__table__V             
20004620  RF_pProp_fsk                                                    
20004624  RF_pProp_lrm                                                    
20004628  RF_pProp_ook                                                    
2000462c  RF_pProp_hsm                                                    
20004630  RF_pProp_sl_lr                                                  
20004634  RF_pProp_2_4G_fsk                                               
20004638  RF_pCmdPropRadioDivSetup_fsk                                    
2000463c  RF_pCmdPropRadioDivSetup_lrm                                    
20004640  RF_pCmdPropRadioDivSetup_ook                                    
20004644  RF_pCmdRadioSetup_hsm                                           
20004648  RF_pCmdPropRadioDivSetup_sl_lr                                  
2000464c  RF_pCmdPropRadioSetup_2_4G_fsk                                  
20004650  RF_pCmdTxHS                                                     
20004654  RF_pCmdRxHS                                                     
20004658  RF_pCmdFs_preDef                                                
2000465c  RF_pCmdPropTx_preDef                                            
20004660  RF_pCmdPropRxAdv_preDef                                         
20004664  ti_sysbios_knl_Task_Module__state__V                            
200046a8  ti_sysbios_gates_GateMutex_Object__table__V                     
200046e0  ti_sysbios_family_arm_m3_Hwi_Module__state__V                   
20004714  RF_cmdPropRxAdv_preDef                                          
20004744  ti_sysbios_knl_Swi_Module_State_0_readyQ__A                     
20004774  ti_sysbios_knl_Swi_Object__table__V                             
200047a4  ti_sysbios_knl_Task_Module_State_0_readyQ__A                    
200047d4  ti_sysbios_knl_Clock_Module__state__V                           
20004800  RF_cmdPropRadioDivSetup                                         
20004828  RF_cmdPropRadioDivSetup_fsk                                     
20004850  RF_cmdPropRadioDivSetup_lrm                                     
20004878  RF_cmdPropRadioDivSetup_ook                                     
200048a0  RF_cmdPropRadioDivSetup_sl_lr                                   
200048c8  RF_cmdRxHS                                                      
200048ec  ti_sysbios_BIOS_Module__state__V                                
20004910  ti_sysbios_knl_Clock_Object__table__V                           
20004930  xdc_runtime_Error_IgnoreBlock                                   
20004950  ti_sysbios_knl_Swi_Module__state__V                             
2000496c  RF_cmdFs                                                        
20004984  RF_cmdFs_preDef                                                 
2000499c  RF_cmdPropTx                                                    
200049b4  RF_cmdPropTx_preDef                                             
200049cc  RF_cmdRadioSetup_hsm                                            
200049fc  goodToGo                                                        
20004a00  AXN                                                             
20004a04  AYN                                                             
20004a08  AZN                                                             
20004a0c  bytesRead                                                       
20004a10  numConnections                                                  
20004a14  pinTable                                                        
20004a2c  shapeovr                                                        
20004a44  ti_sysbios_family_arm_m3_Hwi_Object__table__V                   
20004a5c  ti_sysbios_heaps_HeapMem_Object__table__V                       
20004a74  RF_cmdTxHS                                                      
20004a98  RF_prop                                                         
20004aa8  RF_prop_fsk                                                     
20004ab8  RF_prop_hsm                                                     
20004ac8  RF_prop_lrm                                                     
20004ad8  RF_prop_ook                                                     
20004ae8  RF_prop_sl_lr                                                   
20004b06  ti_sysbios_family_arm_m3_Hwi_Module_State_0_excActive__A        
20004b08  __TI_cleanup_ptr                                                
20004b0c  __TI_dtors_ptr                                                  
20004b10  __TI_enable_exit_profile_output                                 
20004b14  ti_sysbios_knl_Task_Module__root__V                             
20004b20  ti_uia_runtime_QueueDescriptor_Module__state__V                 
20004b2c  xdc_runtime_SysMin_Module__state__V                             
20004b38  _lock                                                           
20004b3c  _unlock                                                         
20004b40  ti_uia_runtime_QueueDescriptor_gPtrToFirstDescriptor            
20004b44  ti_uia_runtime_QueueDescriptor_gUpdateCount                     
20004b48  ti_sysbios_family_arm_cc26xx_Timer_Module__state__V             
20004b50  ti_sysbios_family_arm_m3_Hwi_Module__root__V                    
20004b58  ti_sysbios_gates_GateHwi_Module__root__V                        
20004b60  ti_sysbios_gates_GateMutex_Module__root__V                      
20004b68  ti_sysbios_heaps_HeapMem_Module__root__V                        
20004b70  ti_sysbios_knl_Clock_Module__root__V                            
20004b78  ti_sysbios_knl_Queue_Module__root__V                            
20004b80  ti_sysbios_knl_Semaphore_Module__root__V                        
20004b88  ti_sysbios_knl_Swi_Module__root__V                              
20004b90  ti_uia_loggers_LoggerStopMode_Module__root__V                   
20004b98  xdc_runtime_Startup_Module__state__V                            
20004ba0  xdc_runtime_System_Module_State_0_atexitHandlers__A             
20004ba8  xdc_runtime_System_Module__state__V                             
20004bb0  main_func_sp                                                    
20004bb4  ti_sysbios_family_arm_cc26xx_TimestampProvider_Module__state__V 
20004bb8  ti_sysbios_family_arm_m3_Hwi_Module_State_0_excContext__A       
20004bbc  ti_sysbios_family_arm_m3_Hwi_Module_State_0_excStack__A         
20004bc0  ti_sysbios_gates_GateHwi_Object__table__V                       
20004bc4  ti_sysbios_knl_Task_Module_State_0_idleTask__A                  
20004bc8  xdc_runtime_Memory_Module__state__V                             
20004c00  __stack                                                         
20005000  __STACK_END                                                     
e000e000  ti_sysbios_family_arm_m3_Hwi_nvic                               
ffffffff  __TI_pprof_out_hndl                                             
ffffffff  __TI_prof_data_size                                             
ffffffff  __TI_prof_data_start                                            
ffffffff  __binit__                                                       
ffffffff  __c_args__                                                      
ffffffff  binit                                                           
UNDEFED   SHT$$INIT_ARRAY$$Base                                           
UNDEFED   SHT$$INIT_ARRAY$$Limit                                          

[951 symbols]
