******************************************************************************
                  TI ARM Linker Unix v18.1.4                   
******************************************************************************
>> Linked Sat Jan 19 14:33:31 2019

OUTPUT FILE NAME:   <Sprite.out>
ENTRY POINT SYMBOL: "ResetISR"  address: 00009be1


MEMORY CONFIGURATION

         name            origin    length      used     unused   attr    fill
----------------------  --------  ---------  --------  --------  ----  --------
  FLASH                 00000000   00020000  0000f8f6  0001070a  R  X
  SRAM                  20000000   00005000  00004bc1  0000043f  RW X


SEGMENT ALLOCATION MAP

run origin  load origin   length   init length attrs members
----------  ----------- ---------- ----------- ----- -------
00000000    00000000    00000500   00000500    r--
  00000000    00000000    0000003c   0000003c    r-- .resetVecs
  00000040    00000040    000004c0   000004c0    r-- .cinit
00001000    00001000    0000f3ae   0000f3ae    r-x
  00001000    00001000    0000003c   0000003c    r-- .const:ti_sysbios_knl_Task_Object__PARAMS__C
  0000103c    0000103c    00000034   00000034    r-- .const:ti_sysbios_knl_Mailbox_Object__PARAMS__C
  00001070    00001070    00000030   00000030    r-- .const:ti_sysbios_family_arm_m3_Hwi_Object__PARAMS__C
  000010a0    000010a0    0000002c   0000002c    r-- .const:ti_sysbios_hal_Hwi_Object__PARAMS__C
  000010cc    000010cc    00000028   00000028    r-- .const:ti_sysbios_heaps_HeapMem_Module__FXNS__C
  000010f4    000010f4    00000028   00000028    r-- .const:ti_sysbios_knl_Swi_Object__PARAMS__C
  0000111c    0000111c    00000024   00000024    r-- .const:ti_sysbios_gates_GateHwi_Module__FXNS__C
  00001140    00001140    00000024   00000024    r-- .const:ti_sysbios_gates_GateMutex_Module__FXNS__C
  00001164    00001164    00000024   00000024    r-- .const:ti_sysbios_heaps_HeapMem_Object__PARAMS__C
  00001188    00001188    00000024   00000024    r-- .const:ti_sysbios_knl_Clock_Object__PARAMS__C
  000011ac    000011ac    00000024   00000024    r-- .const:ti_sysbios_knl_Semaphore_Object__PARAMS__C
  000011d0    000011d0    00000020   00000020    r-- .const:ti_sysbios_family_arm_m3_Hwi_Object__DESC__C
  000011f0    000011f0    00000020   00000020    r-- .const:ti_sysbios_gates_GateHwi_Object__DESC__C
  00001210    00001210    00000020   00000020    r-- .const:ti_sysbios_gates_GateMutex_Object__DESC__C
  00001230    00001230    00000020   00000020    r-- .const:ti_sysbios_hal_Hwi_Object__DESC__C
  00001250    00001250    00000020   00000020    r-- .const:ti_sysbios_heaps_HeapMem_Object__DESC__C
  00001270    00001270    00000020   00000020    r-- .const:ti_sysbios_knl_Clock_Object__DESC__C
  00001290    00001290    00000020   00000020    r-- .const:ti_sysbios_knl_Mailbox_Object__DESC__C
  000012b0    000012b0    00000020   00000020    r-- .const:ti_sysbios_knl_Queue_Object__DESC__C
  000012d0    000012d0    00000020   00000020    r-- .const:ti_sysbios_knl_Semaphore_Object__DESC__C
  000012f0    000012f0    00000020   00000020    r-- .const:ti_sysbios_knl_Swi_Object__DESC__C
  00001310    00001310    00000020   00000020    r-- .const:ti_sysbios_knl_Task_Object__DESC__C
  00001330    00001330    00000018   00000018    r-- .const:ti_sysbios_gates_GateHwi_Object__PARAMS__C
  00001348    00001348    00000018   00000018    r-- .const:ti_sysbios_gates_GateMutex_Object__PARAMS__C
  00001360    00001360    00000018   00000018    r-- .const:ti_sysbios_knl_Queue_Object__PARAMS__C
  00001378    00001378    00000008   00000008    r-- .const:ti_sysbios_knl_Idle_funcList__C
  00001384    00001384    00000004   00000004    r-- .const:ti_sysbios_family_arm_cc26xx_Timer_startupNeeded__C
  00001388    00001388    00000004   00000004    r-- .const:ti_sysbios_family_arm_m3_Hwi_E_alreadyDefined__C
  0000138c    0000138c    00000004   00000004    r-- .const:ti_sysbios_family_arm_m3_Hwi_E_hwiLimitExceeded__C
  00001390    00001390    00000004   00000004    r-- .const:ti_sysbios_family_arm_m3_Hwi_NUM_INTERRUPTS__C
  00001394    00001394    00000004   00000004    r-- .const:ti_sysbios_family_arm_m3_Hwi_Object__count__C
  00001398    00001398    00000004   00000004    r-- .const:ti_sysbios_family_arm_m3_Hwi_Object__table__C
  0000139c    0000139c    00000004   00000004    r-- .const:ti_sysbios_family_arm_m3_Hwi_ccr__C
  000013a0    000013a0    00000004   00000004    r-- .const:ti_sysbios_family_arm_m3_Hwi_excHandlerFunc__C
  000013a4    000013a4    00000004   00000004    r-- .const:ti_sysbios_family_arm_m3_Hwi_nullIsrFunc__C
  000013a8    000013a8    00000004   00000004    r-- .const:ti_sysbios_family_arm_m3_Hwi_numSparseInterrupts__C
  000013ac    000013ac    00000004   00000004    r-- .const:ti_sysbios_family_arm_m3_Hwi_priGroup__C
  000013b0    000013b0    00000004   00000004    r-- .const:ti_sysbios_family_arm_m3_TaskSupport_stackAlignment__C
  000013b4    000013b4    00000004   00000004    r-- .const:ti_sysbios_heaps_HeapMem_E_memory__C
  000013b8    000013b8    00000004   00000004    r-- .const:ti_sysbios_heaps_HeapMem_Module__gateObj__C
  000013bc    000013bc    00000004   00000004    r-- .const:ti_sysbios_heaps_HeapMem_Object__count__C
  000013c0    000013c0    00000004   00000004    r-- .const:ti_sysbios_heaps_HeapMem_Object__table__C
  000013c4    000013c4    00000004   00000004    r-- .const:ti_sysbios_heaps_HeapMem_reqAlign__C
  000013c8    000013c8    00000004   00000004    r-- .const:ti_sysbios_knl_Clock_serviceMargin__C
  000013cc    000013cc    00000004   00000004    r-- .const:ti_sysbios_knl_Mailbox_Object__count__C
  000013d0    000013d0    00000004   00000004    r-- .const:ti_sysbios_knl_Mailbox_Object__table__C
  000013d4    000013d4    00000004   00000004    r-- .const:ti_sysbios_knl_Mailbox_maxTypeAlign__C
  000013d8    000013d8    00000004   00000004    r-- .const:ti_sysbios_knl_Queue_Object__count__C
  000013dc    000013dc    00000004   00000004    r-- .const:ti_sysbios_knl_Queue_Object__table__C
  000013e0    000013e0    00000004   00000004    r-- .const:ti_sysbios_knl_Swi_Object__count__C
  000013e4    000013e4    00000004   00000004    r-- .const:ti_sysbios_knl_Swi_Object__table__C
  000013e8    000013e8    00000004   00000004    r-- .const:ti_sysbios_knl_Swi_numPriorities__C
  000013ec    000013ec    00000004   00000004    r-- .const:ti_sysbios_knl_Task_Object__count__C
  000013f0    000013f0    00000004   00000004    r-- .const:ti_sysbios_knl_Task_Object__table__C
  000013f4    000013f4    00000004   00000004    r-- .const:ti_sysbios_knl_Task_allBlockedFunc__C
  000013f8    000013f8    00000004   00000004    r-- .const:ti_sysbios_knl_Task_defaultStackHeap__C
  000013fc    000013fc    00000004   00000004    r-- .const:ti_sysbios_knl_Task_defaultStackSize__C
  00001400    00001400    00000004   00000004    r-- .const:ti_sysbios_knl_Task_numConstructedTasks__C
  00001406    00001406    00000002   00000002    r-- .const:ti_sysbios_family_arm_cc26xx_Timer_Module__id__C
  00001408    00001408    00000002   00000002    r-- .const:ti_sysbios_family_arm_cc26xx_TimestampProvider_useClockTimer__C
  0000140a    0000140a    00000002   00000002    r-- .const:ti_sysbios_family_arm_m3_Hwi_Module__id__C
  0000140c    0000140c    00000002   00000002    r-- .const:ti_sysbios_gates_GateHwi_Module__id__C
  0000140e    0000140e    00000002   00000002    r-- .const:ti_sysbios_gates_GateMutex_Module__id__C
  00001410    00001410    00000002   00000002    r-- .const:ti_sysbios_heaps_HeapMem_Module__id__C
  00001412    00001412    00000002   00000002    r-- .const:ti_sysbios_knl_Task_initStackFlag__C
  00001414    00001414    00000001   00000001    r-- .const:ti_sysbios_knl_Clock_tickMode__C
  00001418    00001418    00000008   00000008    r-- .const:xdc_runtime_Startup_firstFxns__C
  00001420    00001420    00000008   00000008    r-- .const:xdc_runtime_Startup_lastFxns__C
  00001428    00001428    00000004   00000004    r-- .const:xdc_runtime_Assert_E_assertFailed__C
  0000142c    0000142c    00000004   00000004    r-- .const:xdc_runtime_Error_E_memory__C
  00001430    00001430    00000004   00000004    r-- .const:xdc_runtime_Error_policyFxn__C
  00001434    00001434    00000004   00000004    r-- .const:xdc_runtime_IGateProvider_Interface__BASE__C
  00001438    00001438    00000004   00000004    r-- .const:xdc_runtime_IHeap_Interface__BASE__C
  0000143c    0000143c    00000004   00000004    r-- .const:xdc_runtime_IModule_Interface__BASE__C
  00001440    00001440    00000004   00000004    r-- .const:xdc_runtime_Main_Module__diagsEnabled__C
  00001444    00001444    00000004   00000004    r-- .const:xdc_runtime_Main_Module__diagsIncluded__C
  00001448    00001448    00000004   00000004    r-- .const:xdc_runtime_Main_Module__diagsMask__C
  0000144c    0000144c    00000004   00000004    r-- .const:xdc_runtime_Memory_defaultHeapInstance__C
  00001450    00001450    00000004   00000004    r-- .const:xdc_runtime_Startup_execImpl__C
  00001454    00001454    00000004   00000004    r-- .const:xdc_runtime_Startup_maxPasses__C
  00001458    00001458    00000004   00000004    r-- .const:xdc_runtime_Startup_sfxnRts__C
  0000145c    0000145c    00000004   00000004    r-- .const:xdc_runtime_Startup_sfxnTab__C
  00001460    00001460    00000004   00000004    r-- .const:xdc_runtime_Startup_startModsFxn__C
  00001464    00001464    00000004   00000004    r-- .const:xdc_runtime_SysCallback_abortFxn__C
  00001468    00001468    00000004   00000004    r-- .const:xdc_runtime_SysCallback_exitFxn__C
  0000146c    0000146c    00000004   00000004    r-- .const:xdc_runtime_System_abortFxn__C
  00001470    00001470    00000004   00000004    r-- .const:xdc_runtime_System_exitFxn__C
  00001474    00001474    00000004   00000004    r-- .const:xdc_runtime_System_maxAtexitHandlers__C
  00001478    00001478    00000004   00000004    r-- .const:xdc_runtime_Text_charTab__C
  0000147c    0000147c    00000004   00000004    r-- .const:xdc_runtime_Text_nameEmpty__C
  00001480    00001480    00000004   00000004    r-- .const:xdc_runtime_Text_nameStatic__C
  00001484    00001484    00000004   00000004    r-- .const:xdc_runtime_Text_nameUnknown__C
  00001488    00001488    00000002   00000002    r-- .const:xdc_runtime_Main_Module__id__C
  0000148a    0000148a    00000002   00000002    r-- .const:xdc_runtime_Memory_Module__id__C
  0000148c    0000148c    00000002   00000002    r-- .const:xdc_runtime_Text_charCnt__C
  0000148e    0000148e    00000002   00000002    r-- .const:xdc_runtime_Text_isLoaded__C
  00001490    00001490    00000001   00000001    r-- .const:xdc_runtime_Error_policy__C
  00001494    00001494    00000004   00000004    r-- .const:ti_sysbios_rom_ROM_AONRTCChannelEnable
  00001498    00001498    00000004   00000004    r-- .const:ti_sysbios_rom_ROM_AONRTCCompareValueSet
  0000149c    0000149c    00000004   00000004    r-- .const:ti_sysbios_rom_ROM_AONRTCCurrentCompareValueGet
  000014a0    000014a0    00000004   00000004    r-- .const:ti_sysbios_rom_ROM_AONRTCEventClear
  000014a4    000014a4    00000004   00000004    r-- .const:ti_sysbios_rom_ROM_ti_sysbios_family_arm_cc26xx_Timer_getCount64__E
  000014a8    000014a8    00000004   00000004    r-- .const:ti_sysbios_rom_ROM_ti_sysbios_family_arm_cc26xx_Timer_getCurrentTick__E
  000014ac    000014ac    00000004   00000004    r-- .const:ti_sysbios_rom_ROM_ti_sysbios_family_arm_cc26xx_Timer_getMaxTicks__E
  000014b0    000014b0    00000004   00000004    r-- .const:ti_sysbios_rom_ROM_ti_sysbios_family_arm_cc26xx_Timer_initDevice__I
  000014b4    000014b4    00000004   00000004    r-- .const:ti_sysbios_rom_ROM_ti_sysbios_family_arm_cc26xx_Timer_setNextTick__E
  000014b8    000014b8    00000004   00000004    r-- .const:ti_sysbios_rom_ROM_ti_sysbios_family_arm_cc26xx_Timer_setThreshold__I
  000014bc    000014bc    00000004   00000004    r-- .const:ti_sysbios_rom_ROM_ti_sysbios_family_arm_cc26xx_Timer_start__E
  000014c0    000014c0    00000004   00000004    r-- .const:ti_sysbios_rom_ROM_ti_sysbios_family_arm_cc26xx_TimestampProvider_get32__E
  000014c4    000014c4    00000004   00000004    r-- .const:ti_sysbios_rom_ROM_xdc_runtime_Startup_getState__I
  000014c8    000014c8    00000004   00000004    r-- .const:ti_sysbios_rom_ROM_xdc_runtime_System_SupportProxy_abort__E
  000014cc    000014cc    00000004   00000004    r-- .const:ti_sysbios_rom_ROM_xdc_runtime_System_SupportProxy_exit__E
  000014d0    000014d0    00000004   00000004    r-- .const:ti_sysbios_gates_GateMutex_Instance_State_sem__O
  000014d4    000014d4    00000004   00000004    r-- .const:ti_sysbios_knl_Clock_Module_State_clockQ__O
  000014d8    000014d8    00000004   00000004    r-- .const:ti_sysbios_knl_Mailbox_Instance_State_dataQue__O
  000014dc    000014dc    00000004   00000004    r-- .const:ti_sysbios_knl_Mailbox_Instance_State_dataSem__O
  000014e0    000014e0    00000004   00000004    r-- .const:ti_sysbios_knl_Mailbox_Instance_State_freeQue__O
  000014e4    000014e4    00000004   00000004    r-- .const:ti_sysbios_knl_Mailbox_Instance_State_freeSem__O
  000014e8    000014e8    00000004   00000004    r-- .const:ti_sysbios_knl_Semaphore_Instance_State_pendQ__O
  000014ec    000014ec    00000004   00000004    r-- .const:ti_sysbios_knl_Task_Module_State_inactiveQ__O
  000014f0    000014f0    0000a644   0000a644    r-x .text
  0000bb34    0000bb34    0000487a   0000487a    r-- .const
0001ffa8    0001ffa8    00000058   00000058    r--
  0001ffa8    0001ffa8    00000058   00000058    r-- .ccfg
20000100    20000100    00000104   00000000    rw-
  20000100    20000100    00000044   00000000    rw- .data:ti_sysbios_knl_Task_Module__state__V
  20000144    20000144    00000034   00000000    rw- .data:ti_sysbios_family_arm_m3_Hwi_Module__state__V
  20000178    20000178    0000002c   00000000    rw- .data:ti_sysbios_knl_Clock_Module__state__V
  200001a4    200001a4    00000024   00000000    rw- .data:ti_sysbios_BIOS_Module__state__V
  200001c8    200001c8    0000001c   00000000    rw- .data:ti_sysbios_knl_Swi_Module__state__V
  200001e4    200001e4    00000008   00000000    rw- .data:ti_sysbios_family_arm_cc26xx_Timer_Module__state__V
  200001ec    200001ec    00000004   00000000    rw- .data:ti_sysbios_family_arm_cc26xx_TimestampProvider_Module__state__V
  200001f0    200001f0    00000008   00000000    rw- .data:xdc_runtime_Startup_Module__state__V
  200001f8    200001f8    00000008   00000000    rw- .data:xdc_runtime_System_Module__state__V
  20000200    20000200    00000004   00000000    rw- .data:xdc_runtime_Memory_Module__state__V
20000280    20000280    00002c5e   00000000    rw-
  20000280    20000280    00002c5e   00000000    rw- .bss
20002ee0    20002ee0    00001000   00000000    r--
  20002ee0    20002ee0    00001000   00000000    r-- .priheap
20003ee0    20003ee0    00000997   00000000    rw-
  20003ee0    20003ee0    00000997   00000000    rw- .data
20004c00    20004c00    00000400   00000000    rw-
  20004c00    20004c00    00000400   00000000    rw- .stack


SECTION ALLOCATION MAP

 output                                  attributes/
section   page    origin      length       input sections
--------  ----  ----------  ----------   ----------------
.text      0    000014f0    0000a644     
                  000014f0    0000044c     rf_multiMode_cc13x0.aem3 : RFCC26XX_multiMode.oem3 (.text:fsmActiveState)
                  0000193c    000003c4     EasyLink.obj (.text:EasyLink_init)
                  00001d00    0000030c     drivers_cc13x0.aem3 : PowerCC26XX_calibrateRCOSC.oem3 (.text:PowerCC26XX_auxISR)
                  0000200c    00000228     driverlib.lib : sys_ctrl.obj (.text:NOROM_SysCtrlSetRechargeBeforePowerDown)
                  00002234    0000021c     drivers_cc13x0.aem3 : PowerCC26XX.oem3 (.text:Power_sleep)
                  00002450    00000200     rf_multiMode_cc13x0.aem3 : RFCC26XX_multiMode.oem3 (.text:RF_open)
                  00002650    000001e4     main.obj (.text:LSM9DS1init)
                  00002834    000001b6     rtsv7M3_T_le_eabi.lib : fd_add_t2.asm.obj (.text)
                  000029ea    00000002                           : _lock.c.obj (.text:_nop)
                  000029ec    000001a4     EasyLink.obj (.text:EasyLink_setRfPwr)
                  00002b90    0000019c     rf_multiMode_cc13x0.aem3 : RFCC26XX_multiMode.oem3 (.text:fsmSetupState)
                  00002d2c    00000190     drivers_cc13x0.aem3 : PowerCC26XX_calibrateRCOSC.oem3 (.text:PowerCC26XX_doCalibrate)
                  00002ebc    0000018c                         : PINCC26XX.oem3 (.text:PIN_init)
                  00003048    00000188     EasyLink.obj (.text:rxDoneCallback)
                  000031d0    00000180     main.obj (.text:initGyro)
                  00003350    00000170     EasyLink.obj (.text:EasyLink_receiveAsync)
                  000034c0    0000016c     main.obj (.text:gpsFunc)
                  0000362c    0000016c     main.obj (.text:txDataTaskFunc)
                  00003798    00000168     main.obj (.text:semaphoreSetup)
                  00003900    00000164     drivers_cc13x0.aem3 : UARTCC26XX.oem3 (.text:UARTCC26XX_open)
                  00003a64    00000158     rf_multiMode_cc13x0.aem3 : RFCC26XX_multiMode.oem3 (.text:RF_postCmd)
                  00003bbc    00000154     drivers_cc13x0.aem3 : I2CCC26XX.oem3 (.text:I2CCC26XX_open)
                  00003d10    00000154     rf_multiMode_cc13x0.aem3 : RFCC26XX_multiMode.oem3 (.text:radioOpDoneCb)
                  00003e64    00000150                              : RFCC26XX_multiMode.oem3 (.text:abortCmd)
                  00003fb4    00000150     smartrf_settings_predefined.obj (.text:rf_patch_mce_genook)
                  00004104    00000148     rf_multiMode_cc13x0.aem3 : RFCC26XX_multiMode.oem3 (.text:fsmChangePhyState)
                  0000424c    0000013c     EasyLink.obj (.text:EasyLink_transmit)
                  00004388    00000138     hello_pem3.oem3 (.text:ti_uia_loggers_LoggerStopMode_writeMemoryRange__E)
                  000044c0    00000136     rtsv7M3_T_le_eabi.lib : fd_div_t2.asm.obj (.text)
                  000045f6    00000002     rf_multiMode_cc13x0.aem3 : RFCC26XX_multiMode.oem3 (.text:defaultCallback)
                  000045f8    00000134     rtsv7M3_T_le_eabi.lib : vla_alloc.c.obj (.text:__vla_alloc)
                  0000472c    00000134     main.obj (.text:initAccel)
                  00004860    00000130     driverlib.lib : setup_rom.obj (.text:NOROM_SetupAfterColdResetWakeupFromShutDownCfg3)
                  00004990    00000130     main.obj (.text:adcTaskFunc)
                  00004ac0    0000012c     drivers_cc13x0.aem3 : PowerCC26XX.oem3 (.text:Power_init)
                  00004bec    00000128     smartrf_settings.obj (.text:rf_patch_rfe_genfsk)
                  00004d14    00000128     smartrf_settings_predefined.obj (.text:rf_patch_rfe_genfsk)
                  00004e3c    00000128     smartrf_settings_predefined.obj (.text:rf_patch_rfe_lrm)
                  00004f64    00000128     smartrf_settings_predefined.obj (.text:rf_patch_rfe_sl_longrange)
                  0000508c    0000011c     rf_multiMode_cc13x0.aem3 : RFCC26XX_multiMode.oem3 (.text:RF_close)
                  000051a8    00000118     drivers_cc13x0.aem3 : UARTCC26XX.oem3 (.text:UARTCC26XX_read)
                  000052c0    00000118     main.obj (.text:initMag)
                  000053d8    00000114     smartrf_settings_predefined.obj (.text:rf_patch_mce_hsp_4mbps)
                  000054ec    00000110     drivers_cc13x0.aem3 : I2CCC26XX.oem3 (.text:I2CCC26XX_hwiFxn)
                  000055fc    0000010c     hello_pem3.oem3 (.text:ti_uia_loggers_LoggerStopMode_write8__E)
                  00005708    0000010a     drivers_cc13x0.aem3 : UARTCC26XX.oem3 (.text:UARTCC26XX_hwiIntFxn)
                  00005812    00000002                         : PowerCC26XX.oem3 (.text:emptyClockFunc)
                  00005814    00000108     rf_multiMode_cc13x0.aem3 : RFCC26XX_multiMode.oem3 (.text:fsmPowerUpState)
                  0000591c    00000108                              : RFCC26XX_multiMode.oem3 (.text:hwiFxnCpe0Active)
                  00005a24    000000fc     drivers_cc13x0.aem3 : UARTCC26XX.oem3 (.text:UARTCC26XX_write)
                  00005b20    000000fc     rtsv7M3_T_le_eabi.lib : fd_mul_t2.asm.obj (.text)
                  00005c1c    000000f4     hello_pem3.oem3 (.text:ti_uia_loggers_LoggerStopMode_write4__E)
                  00005d10    000000f0     driverlib.lib : setup_rom.obj (.text:NOROM_SetupAfterColdResetWakeupFromShutDownCfg2)
                  00005e00    000000f0     main.obj (.text:rxDoneCb)
                  00005ef0    000000ec     main.obj (.text:humidityTaskFunc)
                  00005fdc    000000e8     hello_pem3.oem3 (.text:ti_uia_loggers_LoggerStopMode_write1__E)
                  000060c4    000000e8     hello_pem3.oem3 (.text:ti_uia_loggers_LoggerStopMode_write2__E)
                  000061ac    000000dc     driverlib.lib : rfc.obj (.text:NOROM_RFCOverrideUpdate)
                  00006288    000000dc     drivers_cc13x0.aem3 : PINCC26XX.oem3 (.text:PINCC26XX_setIoCfg)
                  00006364    000000dc     main.obj (.text:magTaskFunc)
                  00006440    000000d8     EasyLink.obj (.text:EasyLink_enableRxAddrFilter)
                  00006518    000000d8     smartrf_settings_predefined.obj (.text:rf_patch_rfe_genook)
                  000065f0    000000d8     smartrf_settings_predefined.obj (.text:rf_patch_rfe_hsp_4mbps)
                  000066c8    000000d8     hello_pem3.oem3 (.text:ti_uia_loggers_LoggerStopMode_write0__E)
                  000067a0    000000d4     driverlib.lib : rfc.obj (.text:NOROM_RFCRfTrimRead)
                  00006874    000000d0     dpl_cc13x0.aem3 : PowerCC26XX_tirtos.oem3 (.text:PowerCC26XX_standbyPolicy)
                  00006944    000000cc     EasyLink.obj (.text:EasyLink_setFrequency)
                  00006a10    000000c4     drivers_cc13x0.aem3 : ADCCC26XX.oem3 (.text:ADCCC26XX_convert)
                  00006ad4    000000c4     driverlib.lib : setup.obj (.text:TrimAfterColdResetWakeupFromShutDown)
                  00006b98    000000c4     smartrf_settings_predefined.obj (.text:rf_patch_mce_sl_longrange)
                  00006c5c    000000c0     drivers_cc13x0.aem3 : I2CCC26XX.oem3 (.text:I2CCC26XX_transfer)
                  00006d1c    000000c0     driverlib.lib : aux_adc.obj (.text:NOROM_AUXADCEnableSync)
                  00006ddc    000000bc     main.obj (.text:I2CreadBytes)
                  00006e98    000000bc     drivers_cc13x0.aem3 : PowerCC26XX.oem3 (.text:Power_releaseDependency)
                  00006f54    000000bc                         : UARTCC26XX.oem3 (.text:UARTCC26XX_initHw)
                  00007010    000000b4                         : PowerCC26XX.oem3 (.text:Power_setDependency)
                  000070c4    000000a8     driverlib.lib : setup.obj (.text:NOROM_SetupTrimDevice)
                  0000716c    000000a4                   : setup_rom.obj (.text:NOROM_SetupAfterColdResetWakeupFromShutDownCfg1)
                  00007210    000000a4     rf_multiMode_cc13x0.aem3 : RFCC26XX_multiMode.oem3 (.text:RF_dispatchCmd)
                  000072b4    000000a0     auto_init.aem3 : auto_init.oem3 (.text)
                  00007354    0000009c     rf_multiMode_cc13x0.aem3 : RFCC26XX_multiMode.oem3 (.text:RF_issueRadioFreeCb)
                  000073f0    0000009c                              : RFCC26XX_multiMode.oem3 (.text:hwiFxnCpe0PowerFsm)
                  0000748c    0000009c     rtsv7M3_T_le_eabi.lib : memcpy_t2.asm.obj (.text)
                  00007528    0000009c     rf_multiMode_cc13x0.aem3 : RFCC26XX_multiMode.oem3 (.text:swiFxnHw)
                  000075c4    00000098     main.obj (.text:I2Cwrite1read2HumByte)
                  0000765c    00000098     drivers_cc13x0.aem3 : PINCC26XX.oem3 (.text:PIN_open)
                  000076f4    00000098                         : UARTCC26XX.oem3 (.text:UARTCC26XX_initIO)
                  0000778c    00000098     rom_sysbios.aem3 : rom_sysbios.obj (.text:ti_sysbios_knl_Clock_workFuncDynamic__E)
                  00007824    00000096     rtsv7M3_T_le_eabi.lib : ull_div_t2.asm.obj (.text)
                  000078ba    00000002     smartrf_settings.obj (.text:enterGenfskSysPatch)
                  000078bc    00000094     EasyLink.obj (.text:EasyLink_abort)
                  00007950    00000094     driverlib.lib : aux_adc.obj (.text:NOROM_AUXADCDisable)
                  000079e4    00000094     main.obj (.text:readAccel)
                  00007a78    00000094     main.obj (.text:readGyro)
                  00007b0c    00000094     drivers_cc13x0.aem3 : UARTCC26XX.oem3 (.text:writeFinishedDoCallback)
                  00007ba0    00000090                         : I2CCC26XX.oem3 (.text:I2CCC26XX_cancel)
                  00007c30    00000090     ti.uia.loggers.aem3 : LoggerStopMode.oem3 (.text:ti_uia_loggers_LoggerStopMode_initQueueDescriptor__E)
                  00007cc0    0000008c     drivers_cc13x0.aem3 : I2CCC26XX.oem3 (.text:I2CCC26XX_primeTransfer)
                  00007d4c    0000008c     rf_multiMode_cc13x0.aem3 : RFCC26XX_multiMode.oem3 (.text:RF_pendCmd)
                  00007dd8    0000008c     drivers_cc13x0.aem3 : UARTCC26XX.oem3 (.text:UARTCC26XX_close)
                  00007e64    0000008c                         : UARTCC26XX.oem3 (.text:UARTCC26XX_writeCancel)
                  00007ef0    00000088                         : ADCCC26XX.oem3 (.text:ADCCC26XX_open)
                  00007f78    00000088                         : PowerCC26XX.oem3 (.text:disableLFClockQualifiers)
                  00008000    00000084                         : PowerCC26XX.oem3 (.text:switchXOSCHFclockFunc)
                  00008084    00000080     main.obj (.text:getTempFarenheit)
                  00008104    0000007c     main.obj (.text:constrainScales)
                  00008180    0000007a     rtsv7M3_T_le_eabi.lib : memset_t2.asm.obj (.text)
                  000081fa    00000002     smartrf_settings_predefined.obj (.text:enterGenfskSysPatch)
                  000081fc    00000078     main.obj (.text:LSM9DS1begin)
                  00008274    00000078     rtsv7M3_T_le_eabi.lib : vla_alloc.c.obj (.text:_ZN33_INTERNAL_11_vla_alloc_c_be8bd49b21free_dead_allocationsEPv)
                  000082ec    00000078                           : vla_alloc.c.obj (.text:__vla_dealloc)
                  00008364    00000078     drivers_cc13x0.aem3 : UARTCC26XX.oem3 (.text:writeTxFifoFlush)
                  000083dc    00000074     main.obj (.text:I2Cwrite2read1HumByte)
                  00008450    00000074     driverlib.lib : setup_rom.obj (.text:NOROM_SetupSetVddrLevel)
                  000084c4    00000074     main.obj (.text:configInt)
                  00008538    00000074     rom_sysbios.aem3 : rom_sysbios.obj (.text:ti_sysbios_family_arm_cc26xx_Timer_start__E)
                  000085ac    00000074     ti.uia.runtime.aem3 : QueueDescriptor.oem3 (.text:ti_uia_runtime_QueueDescriptor_addToList__E)
                  00008620    0000006e     rtsv7M3_T_le_eabi.lib : fd_tos_t2.asm.obj (.text)
                  0000868e    0000006c     CC1310_LAUNCHXL.obj (.text:CC1310_LAUNCHXL_sendExtFlashByte)
                  000086fa    00000002     smartrf_settings_predefined.obj (.text:enterGenookSysPatch)
                  000086fc    0000006c     drivers_cc13x0.aem3 : PowerCC26XX_calibrateRCOSC.oem3 (.text:PowerCC26XX_initiateCalibration)
                  00008768    00000068                         : I2CCC26XX.oem3 (.text:I2CCC26XX_close)
                  000087d0    00000068     main.obj (.text:I2CreadByte)
                  00008838    00000068     main.obj (.text:I2Cwrite1read1HumByte)
                  000088a0    00000068     main.obj (.text:I2CwriteByte)
                  00008908    00000068     driverlib.lib : setup_rom.obj (.text:NOROM_SetupGetTrimForAmpcompCtrl)
                  00008970    00000068                   : setup_rom.obj (.text:NOROM_SetupGetTrimForAnabypassValue1)
                  000089d8    00000068                   : sys_ctrl.obj (.text:NOROM_SysCtrl_DCDC_VoltageConditionalControl)
                  00008a40    00000068     drivers_cc13x0.aem3 : UARTCC26XX.oem3 (.text:UARTCC26XX_readCancel)
                  00008aa8    00000068     rtsv7M3_T_le_eabi.lib : copy_decompress_lzss.c.obj (.text:decompress:lzss:__TI_decompress_lzss)
                  00008b10    00000068     rf_multiMode_cc13x0.aem3 : RFCC26XX_multiMode.oem3 (.text:flushPendCmd)
                  00008b78    00000068                              : RFCC26XX_multiMode.oem3 (.text:fsmXOSCState)
                  00008be0    00000066     ti.uia.loggers.aem3 : LoggerStopMode.oem3 (.text:ti_uia_loggers_LoggerStopMode_flush__E)
                  00008c46    00000002     smartrf_settings_predefined.obj (.text:enterLrmSysPatch)
                  00008c48    00000064     driverlib.lib : osc.obj (.text:NOROM_OSCHF_AttemptToSwitchToXosc)
                  00008cac    00000064     main.obj (.text:accelTaskFunc)
                  00008d10    00000064     main.obj (.text:adcSetup)
                  00008d74    00000064     drivers_cc13x0.aem3 : PowerCC26XX.oem3 (.text:configureXOSCHF)
                  00008dd8    00000064     rf_multiMode_cc13x0.aem3 : RFCC26XX_multiMode.oem3 (.text:dispatchOpWhen)
                  00008e3c    00000064     main.obj (.text:gyroTaskFunc)
                  00008ea0    00000064     rom_sysbios.aem3 : rom_sysbios.obj (.text:ti_sysbios_heaps_HeapMem_initPrimary__I)
                  00008f04    00000062     rf_multiMode_cc13x0.aem3 : RFCC26XX_multiMode.oem3 (.text:syncCb)
                  00008f66    00000002     smartrf_settings_predefined.obj (.text:enterSl_longrangeSysPatch)
                  00008f68    00000060     driverlib.lib : osc.obj (.text:NOROM_OSCClockSourceSet)
                  00008fc8    00000060     drivers_cc13x0.aem3 : UARTCC26XX.oem3 (.text:UARTCC26XX_control)
                  00009028    00000060     smartrf_settings.obj (.text:configureGenfskPatch)
                  00009088    00000060     smartrf_settings_predefined.obj (.text:configureGenfskPatch)
                  000090e8    00000060     smartrf_settings_predefined.obj (.text:configureGenookPatch)
                  00009148    00000060     smartrf_settings_predefined.obj (.text:configureLrmPatch)
                  000091a8    00000060     smartrf_settings_predefined.obj (.text:configureSl_longrangePatch)
                  00009208    0000005c     driverlib.lib : sys_ctrl.obj (.text:NOROM_SysCtrlAdjustRechargeAfterPowerDown)
                  00009264    0000005c     drivers_cc13x0.aem3 : PowerCC26XX_calibrateRCOSC.oem3 (.text:PowerCC26XX_RCOSC_clockFunc)
                  000092c0    0000005c                         : PowerCC26XX.oem3 (.text:PowerCC26XX_calibrate)
                  0000931c    0000005c     rf_multiMode_cc13x0.aem3 : RFCC26XX_multiMode.oem3 (.text:ratChanFree)
                  00009378    0000005c     hello_pem3.oem3 (.text:xdc_runtime_Startup_getState__I)
                  000093d4    00000058     rtsv7M3_T_le_eabi.lib : hostwrite.c.obj (.text:HOSTwrite)
                  0000942c    00000058     drivers_cc13x0.aem3 : I2CCC26XX.oem3 (.text:I2CCC26XX_swiFxn)
                  00009484    00000058                         : PINCC26XX.oem3 (.text:PIN_remove)
                  000094dc    00000058     rf_multiMode_cc13x0.aem3 : RFCC26XX_multiMode.oem3 (.text:applyRfCorePatch)
                  00009534    00000058     main.obj (.text:rxRestartFunc)
                  0000958c    00000054     rf_multiMode_cc13x0.aem3 : RFCC26XX_multiMode.oem3 (.text:RF_getCurrentTime)
                  000095e0    00000054     main.obj (.text:calcaRes)
                  00009634    00000054     main.obj (.text:calcmRes)
                  00009688    00000054     main.obj (.text:getRelativeHumidity)
                  000096dc    00000054     rf_multiMode_cc13x0.aem3 : RFCC26XX_multiMode.oem3 (.text:hwiFxnHw)
                  00009730    00000054     main.obj (.text:main)
                  00009784    00000050     driverlib.lib : setup_rom.obj (.text:NOROM_SetupSetCacheModeAccordingToCcfgSetting)
                  000097d4    00000050     main.obj (.text:readMag)
                  00009824    00000050     drivers_cc13x0.aem3 : UARTCC26XX.oem3 (.text:startTxFifoEmptyClk)
                  00009874    0000004c     CC1310_LAUNCHXL.obj (.text:CC1310_LAUNCHXL_shutDownExtFlash)
                  000098c0    0000004c     drivers_cc13x0.aem3 : I2CCC26XX.oem3 (.text:I2CCC26XX_initHw)
                  0000990c    0000004c     rf_multiMode_cc13x0.aem3 : RFCC26XX_multiMode.oem3 (.text:RF_wakeupNotifyFxn)
                  00009958    0000004c     rtsv7M3_T_le_eabi.lib : cpy_tbl.c.obj (.text:copy_in)
                  000099a4    0000004c     main.obj (.text:pinCallback)
                  000099f0    0000004c     ti.uia.loggers.aem3 : LoggerStopMode.oem3 (.text:ti_uia_loggers_LoggerStopMode_Module_startup__E)
                  00009a3c    00000048     dpl_cc13x0.aem3 : ClockP_tirtos.oem3 (.text:ClockP_construct)
                  00009a84    00000048     drivers_cc13x0.aem3 : PINCC26XX.oem3 (.text:PIN_setOutputEnable)
                  00009acc    00000048     main.obj (.text:calcgRes)
                  00009b14    00000044     drivers_cc13x0.aem3 : PINCC26XX.oem3 (.text:PIN_swi)
                  00009b58    00000044     rf_multiMode_cc13x0.aem3 : RFCC26XX_multiMode.oem3 (.text:RF_releasePowerConstraint)
                  00009b9c    00000044     drivers_cc13x0.aem3 : RingBuf.oem3 (.text:RingBuf_put)
                  00009be0    00000044     boot.aem3 : boot.oem3 (.text)
                  00009c24    00000044     drivers_cc13x0.aem3 : PowerCC26XX.oem3 (.text:notify)
                  00009c68    00000044     ti.uia.loggers.aem3 : LoggerStopMode.oem3 (.text:ti_uia_loggers_LoggerStopMode_initBuffer__I)
                  00009cac    00000044     rom_sysbios.aem3 : rom_sysbios.obj (.text:xdc_runtime_SysMin_flush__E)
                  00009cf0    00000040     drivers_cc13x0.aem3 : ADCCC26XX.oem3 (.text:ADCCC26XX_convertToMicroVolts)
                  00009d30    00000040                         : ADC.oem3 (.text:ADC_init)
                  00009d70    00000040                         : ADC.oem3 (.text:ADC_open)
                  00009db0    00000040     dpl_cc13x0.aem3 : HwiP_tirtos.oem3 (.text:HwiP_construct)
                  00009df0    00000040     drivers_cc13x0.aem3 : I2C.oem3 (.text:I2C_init)
                  00009e30    00000040                         : I2C.oem3 (.text:I2C_open)
                  00009e70    00000040                         : UART.oem3 (.text:UART_init)
                  00009eb0    00000040                         : UART.oem3 (.text:UART_open)
                  00009ef0    00000040     rom_sysbios.aem3 : rom_sysbios.obj (.text:ti_sysbios_family_arm_cc26xx_Timer_setThreshold__I)
                  00009f30    0000003e     drivers_cc13x0.aem3 : RingBuf.oem3 (.text:RingBuf_get)
                  00009f6e    0000003e     hello_pem3.oem3 (.text:realloc)
                  00009fac    0000003c     drivers_cc13x0.aem3 : ADCCC26XX.oem3 (.text:ADCCC26XX_close)
                  00009fe8    0000003c     driverlib.lib : chipinfo.obj (.text:NOROM_ChipInfo_GetHwRevision)
                  0000a024    0000003c                   : osc.obj (.text:NOROM_OSC_HPOSCRelativeFrequencyOffsetGet)
                  0000a060    0000003c                   : rfc.obj (.text:NOROM_RFCSynthPowerDown)
                  0000a09c    0000003c     drivers_cc13x0.aem3 : PowerCC26XX.oem3 (.text:PowerCC26XX_isStableXOSC_HF)
                  0000a0d8    0000003c                         : PowerCC26XX.oem3 (.text:PowerCC26XX_switchXOSC_HF)
                  0000a114    0000003c     rf_multiMode_cc13x0.aem3 : RFCC26XX_multiMode.oem3 (.text:RF_runCmd)
                  0000a150    0000003c     dpl_cc13x0.aem3 : SwiP_tirtos.oem3 (.text:SwiP_construct)
                  0000a18c    0000003c     main.obj (.text:beginHumidity)
                  0000a1c8    0000003c     rom_sysbios.aem3 : rom_sysbios.obj (.text:ti_sysbios_family_arm_m3_Hwi_construct2__E)
                  0000a204    00000038     drivers_cc13x0.aem3 : PINCC26XX.oem3 (.text:PIN_setOutputValue)
                  0000a23c    00000038     rf_multiMode_cc13x0.aem3 : RFCC26XX_multiMode.oem3 (.text:Q_end)
                  0000a274    00000038                              : RFCC26XX_multiMode.oem3 (.text:RF_checkCmdFsError)
                  0000a2ac    00000038     drivers_cc13x0.aem3 : UARTCC26XX.oem3 (.text:UARTCC26XX_swiIntFxn)
                  0000a2e4    00000038     rtsv7M3_T_le_eabi.lib : trgmsg.c.obj (.text:__TI_writemsg)
                  0000a31c    00000038     main.obj (.text:createADCTask)
                  0000a354    00000038     main.obj (.text:createAccelTask)
                  0000a38c    00000038     main.obj (.text:createGPSTask)
                  0000a3c4    00000038     main.obj (.text:createGyroTask)
                  0000a3fc    00000038     main.obj (.text:createHumidityTask)
                  0000a434    00000038     main.obj (.text:createMagTask)
                  0000a46c    00000038     main.obj (.text:createRFRXTasks)
                  0000a4a4    00000038     main.obj (.text:createRFTXTasks)
                  0000a4dc    00000038     main.obj (.text:pinSetup)
                  0000a514    00000038     drivers_cc13x0.aem3 : UARTCC26XX.oem3 (.text:readData)
                  0000a54c    00000038     rtsv7M3_T_le_eabi.lib : fs_tod_t2.asm.obj (.text)
                  0000a584    00000038     rom_sysbios.aem3 : rom_sysbios.obj (.text:ti_sysbios_family_arm_cc26xx_Timer_getCurrentTick__E)
                  0000a5bc    00000038     drivers_cc13x0.aem3 : UARTCC26XX.oem3 (.text:writeData)
                  0000a5f4    00000038     rom_sysbios.aem3 : rom_sysbios.obj (.text:xdc_runtime_SysMin_putch__E)
                  0000a62c    00000036                      : rom_sysbios.obj (.text:ti_sysbios_family_arm_cc26xx_Timer_setNextTick__E)
                  0000a662    00000002     rtsv7M3_T_le_eabi.lib : div0.asm.obj (.text)
                  0000a664    00000034     driverlib.lib : aux_adc.obj (.text:NOROM_AUXADCDisableInputScaling)
                  0000a698    00000034                   : osc.obj (.text:NOROM_OSCHF_SwitchToRcOscTurnOffXosc)
                  0000a6cc    00000034     drivers_cc13x0.aem3 : PINCC26XX.oem3 (.text:PIN_setConfig)
                  0000a700    00000034                         : PowerCC26XX.oem3 (.text:Power_releaseConstraint)
                  0000a734    00000034     rf_multiMode_cc13x0.aem3 : RFCC26XX_multiMode.oem3 (.text:Q_push)
                  0000a768    00000034     rtsv7M3_T_le_eabi.lib : trgmsg.c.obj (.text:__TI_readmsg)
                  0000a79c    00000034     rom_sysbios.aem3 : rom_sysbios.obj (.text:ti_sysbios_family_arm_cc26xx_Timer_initDevice__I)
                  0000a7d0    00000034     ti.uia.loggers.aem3 : LoggerStopMode.oem3 (.text:ti_uia_loggers_LoggerStopMode_reset__E)
                  0000a804    00000030     driverlib.lib : chipinfo.obj (.text:NOROM_ChipInfo_GetChipType)
                  0000a834    00000030                   : setup_rom.obj (.text:NOROM_SetupSetAonRtcSubSecInc)
                  0000a864    00000030     drivers_cc13x0.aem3 : PowerCC26XX.oem3 (.text:Power_setConstraint)
                  0000a894    00000030     driverlib.lib : adi.obj (.text:SafeHapiAuxAdiSelect)
                  0000a8c4    00000030     rf_multiMode_cc13x0.aem3 : RFCC26XX_multiMode.oem3 (.text:clkPowerUpFxn)
                  0000a8f4    00000030     main.obj (.text:initI2C)
                  0000a924    00000030     drivers_cc13x0.aem3 : UARTCC26XX.oem3 (.text:readData2RingBuf)
                  0000a954    00000030     hello_pem3.oem3 (.text:ti_sysbios_BIOS_atExitFunc__I)
                  0000a984    00000030     hello_pem3.oem3 (.text:ti_sysbios_BIOS_startFunc__I)
                  0000a9b4    00000030     hello_pem3.oem3 (.text:ti_uia_loggers_LoggerStopMode_Object__create__S)
                  0000a9e4    00000030     rom_sysbios.aem3 : rom_sysbios.obj (.text:xdc_runtime_SysMin_abort__E)
                  0000aa14    0000002e     hello_pem3.oem3 (.text:ti_sysbios_rts_gnu_MemAlloc_alloc)
                  0000aa42    00000002     rom_sysbios.aem3 : rom_sysbios.obj (.text:ti_sysbios_BIOS_linkedWithIncorrectBootLibrary__E)
                  0000aa44    0000002c     driverlib.lib : ddi.obj (.text:NOROM_DDI32RegWrite)
                  0000aa70    0000002c                   : osc.obj (.text:NOROM_OSCClockSourceGet)
                  0000aa9c    0000002c                   : rfc.obj (.text:NOROM_RFCCPEPatchReset)
                  0000aac8    0000002c                   : setup_rom.obj (.text:NOROM_SetupGetTrimForRadcExtCfg)
                  0000aaf4    0000002c     drivers_cc13x0.aem3 : PINCC26XX.oem3 (.text:PINCC26XX_setMux)
                  0000ab20    0000002c     dpl_cc13x0.aem3 : SemaphoreP_tirtos.oem3 (.text:SemaphoreP_constructBinary)
                  0000ab4c    0000002c     rf_multiMode_cc13x0.aem3 : RFCC26XX_multiMode.oem3 (.text:getCmd)
                  0000ab78    0000002c     rom_sysbios.aem3 : rom_sysbios.obj (.text:ti_sysbios_knl_Clock_getTicksUntilInterrupt__E)
                  0000aba4    0000002a                      : rom_sysbios.obj (.text:ti_sysbios_knl_Clock_getTimeout__E)
                  0000abce    00000002     hello_pem3.oem3 (.text:ti_sysbios_BIOS_nullFunc__I)
                  0000abd0    00000028     driverlib.lib : aon_batmon.obj (.text:NOROM_AONBatMonTemperatureGetDegC)
                  0000abf8    00000028     drivers_cc13x0.aem3 : PowerCC26XX.oem3 (.text:Power_registerNotify)
                  0000ac20    00000028     driverlib.lib : adi.obj (.text:SafeHapiVoid)
                  0000ac48    00000028     main.obj (.text:heaterOff)
                  0000ac70    00000024     driverlib.lib : rfc.obj (.text:NOROM_RFCDoorbellSendTo)
                  0000ac94    00000024     drivers_cc13x0.aem3 : PINCC26XX.oem3 (.text:PINCC26XX_getPinCount)
                  0000acb8    00000024     rf_multiMode_cc13x0.aem3 : RFCC26XX_multiMode.oem3 (.text:allocCmd)
                  0000acdc    00000024     main.obj (.text:mReadBytes)
                  0000ad00    00000024     hello_pem3.oem3 (.text:ti_sysbios_BIOS_registerRTSLock__I)
                  0000ad24    00000024     hello_pem3.oem3 (.text:ti_sysbios_BIOS_removeRTSLock__I)
                  0000ad48    00000024     rom_sysbios.aem3 : rom_sysbios.obj (.text:ti_sysbios_family_arm_cc26xx_Timer_getMaxTicks__E)
                  0000ad6c    00000024     main.obj (.text:xgReadBytes)
                  0000ad90    00000022     drivers_cc13x0.aem3 : List.oem3 (.text:List_put)
                  0000adb2    00000022     driverlib.lib : aux_adc.obj (.text:NOROM_AUXADCAdjustValueForGainAndOffset)
                  0000add4    00000022     hello_pem3.oem3 (.text:xdc_runtime_SysMin_output__I)
                  0000adf6    00000002     rom_sysbios.aem3 : rom_sysbios.obj (.text:ti_sysbios_knl_Clock_triggerFunc__I)
                  0000adf8    00000020     driverlib.lib : rfc.obj (.text:NOROM_RFCAdi3VcoLdoVoltageMode)
                  0000ae18    00000020                   : setup_rom.obj (.text:NOROM_SetupGetTrimForXoscHfCtl)
                  0000ae38    00000020     dpl_cc13x0.aem3 : PowerCC26XX_tirtos.oem3 (.text:PowerCC26XX_schedulerDisable)
                  0000ae58    00000020                     : PowerCC26XX_tirtos.oem3 (.text:PowerCC26XX_schedulerRestore)
                  0000ae78    00000020     drivers_cc13x0.aem3 : PowerCC26XX.oem3 (.text:Power_unregisterNotify)
                  0000ae98    00000020     main.obj (.text:Serial_RxDataCallback)
                  0000aeb8    00000020     main.obj (.text:mWriteByte)
                  0000aed8    00000020     rtsv7M3_T_le_eabi.lib : u_tofd_t2.asm.obj (.text)
                  0000aef8    00000020     hello_pem3.oem3 (.text:ti_sysbios_BIOS_rtsLock__I)
                  0000af18    00000020     rom_sysbios.aem3 : rom_sysbios.obj (.text:ti_sysbios_family_arm_cc26xx_Timer_dynamicStub__E)
                  0000af38    00000020                      : rom_sysbios.obj (.text:ti_sysbios_knl_Clock_stop__E)
                  0000af58    00000020     hello_pem3.oem3 (.text:ti_uia_loggers_LoggerStopMode_Object__delete__S)
                  0000af78    00000020     rom_sysbios.aem3 : rom_sysbios.obj (.text:xdc_runtime_SysMin_Module_startup__E)
                  0000af98    00000020     main.obj (.text:xgWriteByte)
                  0000afb8    0000001e     drivers_cc13x0.aem3 : PINCC26XX.oem3 (.text:PIN_close)
                  0000afd6    0000001e                         : PowerCC26XX.oem3 (.text:Power_getTransitionLatency)
                  0000aff4    0000001c     driverlib.lib : aux_adc.obj (.text:NOROM_AUXADCGetAdjustmentGain)
                  0000b010    0000001c                   : chipinfo.obj (.text:NOROM_ChipInfo_GetChipFamily)
                  0000b02c    0000001c                   : setup_rom.obj (.text:NOROM_SetupGetTrimForAmpcompTh2)
                  0000b048    0000001c                   : setup_rom.obj (.text:NOROM_SetupGetTrimForRcOscLfRtuneCtuneTrim)
                  0000b064    0000001c     drivers_cc13x0.aem3 : PINCC26XX.oem3 (.text:PINCC26XX_setIoCfgMux)
                  0000b080    0000001c                         : PINCC26XX.oem3 (.text:PIN_hwi)
                  0000b09c    0000001c     rf_multiMode_cc13x0.aem3 : RFCC26XX_multiMode.oem3 (.text:RF_setPowerConstraint)
                  0000b0b8    0000001c                              : RFCC26XX_multiMode.oem3 (.text:clkInactivityFxn)
                  0000b0d4    0000001c     smartrf_settings.obj (.text:enterGenfskCpePatch)
                  0000b0f0    0000001c     smartrf_settings_predefined.obj (.text:enterGenfskCpePatch)
                  0000b10c    0000001c     smartrf_settings_predefined.obj (.text:enterGenookCpePatch)
                  0000b128    0000001c     smartrf_settings_predefined.obj (.text:enterLrmCpePatch)
                  0000b144    0000001c     smartrf_settings_predefined.obj (.text:enterSl_longrangeCpePatch)
                  0000b160    0000001c     rf_multiMode_cc13x0.aem3 : RFCC26XX_multiMode.oem3 (.text:hwiFxnCpe0ChangePhy)
                  0000b17c    0000001c     rom_sysbios.aem3 : rom_sysbios.obj (.text:ti_sysbios_knl_Swi_construct2__E)
                  0000b198    0000001c     ti.uia.loggers.aem3 : LoggerStopMode.oem3 (.text:ti_uia_loggers_LoggerStopMode_Instance_init__E)
                  0000b1b4    0000001c     rom_sysbios.aem3 : rom_sysbios.obj (.text:xdc_runtime_SysMin_exit__E)
                  0000b1d0    0000001a     hello_pem3.oem3 (.text:free)
                  0000b1ea    00000002     hello_pem3.oem3 (.text:ti_sysbios_rom_cortexm_cc13xx_CC13xx_badRomRevision__E)
                  0000b1ec    00000018     CC1310_LAUNCHXL.obj (.text:CC1310_LAUNCHXL_initGeneral)
                  0000b204    00000018     driverlib.lib : aon_rtc.obj (.text:NOROM_AONRTCCurrentCompareValueGet)
                  0000b21c    00000018                   : aux_adc.obj (.text:NOROM_AUXADCGetAdjustmentOffset)
                  0000b234    00000018                   : chipinfo.obj (.text:NOROM_ChipInfo_GetPackageType)
                  0000b24c    00000018                   : osc.obj (.text:NOROM_OSCHF_TurnOnXosc)
                  0000b264    00000018                   : rfc.obj (.text:NOROM_RFCCpeIntGetAndClear)
                  0000b27c    00000018                   : setup_rom.obj (.text:NOROM_SetupGetTrimForAdcShModeEn)
                  0000b294    00000018                   : setup_rom.obj (.text:NOROM_SetupGetTrimForAdcShVbufEn)
                  0000b2ac    00000018                   : setup_rom.obj (.text:NOROM_SetupGetTrimForAmpcompTh1)
                  0000b2c4    00000018                   : setup_rom.obj (.text:NOROM_SetupGetTrimForDblrLoopFilterResetVoltage)
                  0000b2dc    00000018                   : setup_rom.obj (.text:NOROM_SetupGetTrimForRcOscLfIBiasTrim)
                  0000b2f4    00000018                   : setup_rom.obj (.text:NOROM_SetupGetTrimForXoscLfRegulatorAndCmirrwrRatio)
                  0000b30c    00000018     drivers_cc13x0.aem3 : PowerCC26XX.oem3 (.text:Power_idleFunc)
                  0000b324    00000018                         : UARTCC26XX.oem3 (.text:UARTCC26XX_init)
                  0000b33c    00000018                         : UART.oem3 (.text:UART_Params_init)
                  0000b354    00000018     rtsv7M3_T_le_eabi.lib : args_main.c.obj (.text:_args_main)
                  0000b36c    00000018     drivers_cc13x0.aem3 : PowerCC26XX.oem3 (.text:configureRFCoreClocks)
                  0000b384    00000018     main.obj (.text:mReadByte)
                  0000b39c    00000018     rtsv7M3_T_le_eabi.lib : ll_mul_t2.asm.obj (.text)
                  0000b3b4    00000018     rf_multiMode_cc13x0.aem3 : RFCC26XX_multiMode.oem3 (.text:swiFxnFsm)
                  0000b3cc    00000018     hello_pem3.oem3 (.text:ti_sysbios_BIOS_rtsUnlock__I)
                  0000b3e4    00000018     rom_sysbios.aem3 : rom_sysbios.obj (.text:ti_sysbios_knl_Swi_or__E)
                  0000b3fc    00000018     hello_pem3.oem3 (.text:ti_sysbios_rom_cortexm_cc13xx_CC13xx_checkRevision__E)
                  0000b414    00000018     hello_pem3.oem3 (.text:ti_uia_loggers_LoggerStopMode_Handle__label__S)
                  0000b42c    00000018     rom_sysbios.aem3 : rom_sysbios.obj (.text:xdc_runtime_Error_init__E)
                  0000b444    00000018     main.obj (.text:xgReadByte)
                  0000b45c    00000016     drivers_cc13x0.aem3 : List.oem3 (.text:List_remove)
                  0000b472    00000016     driverlib.lib : chipinfo.obj (.text:NOROM_ThisLibraryIsFor_CC13x0_HwRev20AndLater_HaltIfViolated)
                  0000b488    00000016     rf_multiMode_cc13x0.aem3 : RFCC26XX_multiMode.oem3 (.text:Q_pop)
                  0000b49e    00000016     main.obj (.text:checkID)
                  0000b4b4    00000016     hello_pem3.oem3 (.text:ti_sysbios_BIOS_exitFunc__I)
                  0000b4ca    00000016     EasyLink.obj (.text:ti_sysbios_knl_Semaphore_Params_init)
                  0000b4e0    00000016     main.obj (.text:ti_sysbios_knl_Semaphore_Params_init)
                  0000b4f6    00000016     main.obj (.text:ti_sysbios_knl_Task_Params_init)
                  0000b50c    00000016     ti.uia.loggers.aem3 : LoggerStopMode.oem3 (.text:ti_uia_loggers_LoggerStopMode_disable__E)
                  0000b522    00000016                         : LoggerStopMode.oem3 (.text:ti_uia_loggers_LoggerStopMode_enable__E)
                  0000b538    00000014     driverlib.lib : aon_rtc.obj (.text:NOROM_AONRTCCurrent64BitValueGet)
                  0000b54c    00000014                   : aux_adc.obj (.text:NOROM_AUXADCValueToMicrovolts)
                  0000b560    00000014     drivers_cc13x0.aem3 : PINCC26XX.oem3 (.text:PINCC26XX_getOutputValue)
                  0000b574    00000014     rf_multiMode_cc13x0.aem3 : RFCC26XX_multiMode.oem3 (.text:RF_Params_init)
                  0000b588    00000014     main.obj (.text:SysCtrlSystemReset)
                  0000b59c    00000014     hello_pem3.oem3 (.text:ti_sysbios_knl_Clock_doTick__I)
                  0000b5b0    00000012     drivers_cc13x0.aem3 : RingBuf.oem3 (.text:RingBuf_construct)
                  0000b5c2    00000012     dpl_cc13x0.aem3 : SemaphoreP_tirtos.oem3 (.text:SemaphoreP_pend)
                  0000b5d4    00000012     hello_pem3.oem3 (.text:xdc_runtime_Startup_exec__I)
                  0000b5e6    00000010     dpl_cc13x0.aem3 : ClockP_tirtos.oem3 (.text:ClockP_isActive)
                  0000b5f6    00000010                     : HwiP_tirtos.oem3 (.text:HwiP_Params_init)
                  0000b606    00000002     hello_pem3.oem3 (.text:ti_uia_loggers_LoggerStopMode_setFilterLevel__E)
                  0000b608    00000010     drivers_cc13x0.aem3 : I2C.oem3 (.text:I2C_Params_init)
                  0000b618    00000010     driverlib.lib : aux_adc.obj (.text:NOROM_AUXADCFlushFifo)
                  0000b628    00000010                   : aux_adc.obj (.text:NOROM_AUXADCReadFifo)
                  0000b638    00000010                   : rfc.obj (.text:NOROM_RFCRfTrimSet)
                  0000b648    00000010                   : setup_rom.obj (.text:NOROM_SetupGetTrimForXoscHfFastStart)
                  0000b658    00000010                   : setup_rom.obj (.text:NOROM_SetupGetTrimForXoscHfIbiastherm)
                  0000b668    00000010     dpl_cc13x0.aem3 : SwiP_tirtos.oem3 (.text:SwiP_Params_init)
                  0000b678    00000010     smartrf_settings.obj (.text:applyGenfskPatch)
                  0000b688    00000010     smartrf_settings_predefined.obj (.text:applyGenfskPatch)
                  0000b698    00000010     smartrf_settings_predefined.obj (.text:applyGenookPatch)
                  0000b6a8    00000010     smartrf_settings_predefined.obj (.text:applyLrmPatch)
                  0000b6b8    00000010     smartrf_settings_predefined.obj (.text:applySl_longrangePatch)
                  0000b6c8    00000010     drivers_cc13x0.aem3 : I2CCC26XX.oem3 (.text:i2cPostNotify)
                  0000b6d8    00000010     rom_sysbios.aem3 : rom_sysbios.obj (.text:ti_sysbios_family_arm_m3_Hwi_post__E)
                  0000b6e8    00000010     hello_pem3.oem3 (.text:ti_uia_loggers_LoggerStopMode_Object__get__S)
                  0000b6f8    00000010     ti.uia.loggers.aem3 : LoggerStopMode.oem3 (.text:ti_uia_loggers_LoggerStopMode_isEmpty__E)
                  0000b708    00000010     drivers_cc13x0.aem3 : UARTCC26XX.oem3 (.text:uartPostNotify)
                  0000b718    0000000e     driverlib.lib : vims.obj (.text:NOROM_VIMSModeGet)
                  0000b726    0000000e     rtsv7M3_T_le_eabi.lib : copy_decompress_none.c.obj (.text:decompress:none:__TI_decompress_none)
                  0000b734    0000000e     rom_sysbios.aem3 : rom_sysbios.obj (.text:ti_sysbios_family_arm_cc26xx_TimestampProvider_get32__E)
                  0000b742    00000002     ti.uia.loggers.aem3 : LoggerStopMode.oem3 (.text:ti_uia_loggers_LoggerStopMode_setPriority__E)
                  0000b744    0000000c     rf_multiMode_cc13x0.aem3 : RFCC26XX_multiMode.oem3 (.text:FsmNextState)
                  0000b750    0000000c     drivers_cc13x0.aem3 : List.oem3 (.text:List_empty)
                  0000b75c    0000000c     driverlib.lib : cpu.obj (.text:NOROM_CPUcpsid)
                  0000b768    0000000c                   : cpu.obj (.text:NOROM_CPUcpsie)
                  0000b774    0000000c                   : osc.obj (.text:NOROM_OSC_HPOSCRelativeFrequencyOffsetToRFCoreFormatConvert)
                  0000b780    0000000c     drivers_cc13x0.aem3 : PINCC26XX.oem3 (.text:PIN_registerIntCb)
                  0000b78c    0000000c                         : PowerCC26XX.oem3 (.text:Power_getConstraintMask)
                  0000b798    0000000c                         : PowerCC26XX.oem3 (.text:Power_getDependencyCount)
                  0000b7a4    0000000c     rtsv7M3_T_le_eabi.lib : _lock.c.obj (.text:_register_lock)
                  0000b7b0    0000000c                           : _lock.c.obj (.text:_register_unlock)
                  0000b7bc    0000000c                           : copy_zero_init.c.obj (.text:decompress:ZI:__TI_zero_init)
                  0000b7c8    0000000c     main.obj (.text:ti_sysbios_knl_Semaphore_handle)
                  0000b7d4    0000000c     rom_sysbios.aem3 : rom_sysbios.obj (.text:ti_sysbios_knl_Swi_getTrigger__E)
                  0000b7e0    0000000c     hello_pem3.oem3 (.text:xdc_runtime_Startup_reset__I)
                  0000b7ec    0000000c     rom_sysbios.aem3 : rom_sysbios.obj (.text:xdc_runtime_Startup_rtsDone__E)
                  0000b7f8    0000000a     drivers_cc13x0.aem3 : ADC.oem3 (.text:ADC_Params_init)
                  0000b802    0000000a                         : ADC.oem3 (.text:ADC_close)
                  0000b80c    0000000a                         : ADC.oem3 (.text:ADC_convert)
                  0000b816    0000000a                         : ADC.oem3 (.text:ADC_convertToMicroVolts)
                  0000b820    0000000a                         : I2CCC26XX.oem3 (.text:I2CCC26XX_init)
                  0000b82a    0000000a                         : I2C.oem3 (.text:I2C_close)
                  0000b834    0000000a                         : I2C.oem3 (.text:I2C_transfer)
                  0000b83e    0000000a                         : UART.oem3 (.text:UART_close)
                  0000b848    0000000a                         : UART.oem3 (.text:UART_control)
                  0000b852    0000000a                         : UART.oem3 (.text:UART_read)
                  0000b85c    0000000a                         : UART.oem3 (.text:UART_write)
                  0000b866    00000008                         : ADCCC26XX.oem3 (.text:ADCCC26XX_init)
                  0000b86e    00000008                         : I2CCC26XX.oem3 (.text:I2CCC26XX_blockingCallback)
                  0000b876    00000008                         : UARTCC26XX.oem3 (.text:readSemCallback)
                  0000b87e    00000008     smartrf_settings.obj (.text:rf_patch_cpe_genfsk)
                  0000b886    00000008     smartrf_settings_predefined.obj (.text:rf_patch_cpe_genfsk)
                  0000b88e    00000008     smartrf_settings_predefined.obj (.text:rf_patch_cpe_genook)
                  0000b896    00000008     smartrf_settings_predefined.obj (.text:rf_patch_cpe_lrm)
                  0000b89e    00000008     smartrf_settings_predefined.obj (.text:rf_patch_cpe_sl_longrange)
                  0000b8a6    00000008     drivers_cc13x0.aem3 : UARTCC26XX.oem3 (.text:writeSemCallback)
                  0000b8ae    00000006                         : ADCCC26XX.oem3 (.text:ADCCC26XX_control)
                  0000b8b4    00000006     dpl_cc13x0.aem3 : ClockP_tirtos.oem3 (.text:ClockP_Params_init)
                  0000b8ba    00000006     drivers_cc13x0.aem3 : I2CCC26XX.oem3 (.text:I2CCC26XX_control)
                  0000b8c0    00000006     driverlib.lib : cpu.obj (.text:NOROM_CPUdelay)
                  0000b8c6    00000006     drivers_cc13x0.aem3 : UARTCC26XX.oem3 (.text:UARTCC26XX_readPolling)
                  0000b8cc    00000006                         : UARTCC26XX.oem3 (.text:UARTCC26XX_writePolling)
                  0000b8d2    00000006     rf_multiMode_cc13x0.aem3 : RFCC26XX_multiMode.oem3 (.text:clkReqAccessFxn)
                  0000b8d8    00000006     rom_sysbios.aem3 : rom_sysbios.obj (.text:ti_sysbios_family_arm_m3_Hwi_setFunc__E)
                  0000b8de    00000004     dpl_cc13x0.aem3 : PowerCC26XX_tirtos.oem3 (.text:CPUwfi)
                  0000b8e2    00000004                     : ClockP_tirtos.oem3 (.text:ClockP_destruct)
                  0000b8e6    00000004                     : ClockP_tirtos.oem3 (.text:ClockP_getCpuFreq)
                  0000b8ea    00000004                     : ClockP_tirtos.oem3 (.text:ClockP_getTimeout)
                  0000b8ee    00000004                     : ClockP_tirtos.oem3 (.text:ClockP_setTimeout)
                  0000b8f2    00000004                     : ClockP_tirtos.oem3 (.text:ClockP_start)
                  0000b8f6    00000004                     : ClockP_tirtos.oem3 (.text:ClockP_stop)
                  0000b8fa    00000004                     : HwiP_tirtos.oem3 (.text:HwiP_destruct)
                  0000b8fe    00000004                     : HwiP_tirtos.oem3 (.text:HwiP_disable)
                  0000b902    00000004                     : HwiP_tirtos.oem3 (.text:HwiP_disableInterrupt)
                  0000b906    00000004                     : HwiP_tirtos.oem3 (.text:HwiP_enableInterrupt)
                  0000b90a    00000004                     : HwiP_tirtos.oem3 (.text:HwiP_post)
                  0000b90e    00000004                     : HwiP_tirtos.oem3 (.text:HwiP_setFunc)
                  0000b912    00000004     drivers_cc13x0.aem3 : List.oem3 (.text:List_head)
                  0000b916    00000004                         : List.oem3 (.text:List_next)
                  0000b91a    00000004     rf_multiMode_cc13x0.aem3 : RFCC26XX_multiMode.oem3 (.text:Q_peek)
                  0000b91e    00000004     dpl_cc13x0.aem3 : SemaphoreP_tirtos.oem3 (.text:SemaphoreP_destruct)
                  0000b922    00000004                     : SemaphoreP_tirtos.oem3 (.text:SemaphoreP_post)
                  0000b926    00000004                     : SwiP_tirtos.oem3 (.text:SwiP_destruct)
                  0000b92a    00000004                     : SwiP_tirtos.oem3 (.text:SwiP_disable)
                  0000b92e    00000004                     : SwiP_tirtos.oem3 (.text:SwiP_getTrigger)
                  0000b932    00000004                     : SwiP_tirtos.oem3 (.text:SwiP_or)
                  0000b936    00000004                     : SwiP_tirtos.oem3 (.text:SwiP_post)
                  0000b93a    00000004     rtsv7M3_T_le_eabi.lib : error.c.obj (.text:__abort_execution)
                  0000b93e    00000004                           : exit.c.obj (.text:abort:abort)
                  0000b942    00000004     drivers_cc13x0.aem3 : PowerCC26XX.oem3 (.text:nopResourceHandler)
                  0000b946    00000004     rom_sysbios.aem3 : rom_sysbios.obj (.text:ti_sysbios_family_arm_cc26xx_Timer_getCount64__E)
                  0000b94a    00000004                      : rom_sysbios.obj (.text:ti_sysbios_knl_Clock_isActive__E)
                  0000b94e    00000004     ti.uia.loggers.aem3 : LoggerStopMode.oem3 (.text:ti_uia_loggers_LoggerStopMode_getContents__E)
                  0000b952    00000004     hello_pem3.oem3 (.text:ti_uia_loggers_LoggerStopMode_getFilterLevel__E)
                  0000b956    00000004     ti.uia.loggers.aem3 : LoggerStopMode.oem3 (.text:ti_uia_loggers_LoggerStopMode_getInstanceId__E)
                  0000b95a    00000004                         : LoggerStopMode.oem3 (.text:ti_uia_loggers_LoggerStopMode_getMaxLength__E)
                  0000b95e    00000004                         : LoggerStopMode.oem3 (.text:ti_uia_loggers_LoggerStopMode_getPriority__E)
                  0000b962    00000004                         : LoggerStopMode.oem3 (.text:ti_uia_loggers_LoggerStopMode_getTransferType__E)
                  0000b966    00000002     rom_sysbios.aem3 : rom_sysbios.obj (.text:xdc_runtime_SysCallback_defaultAbort)
                  0000b968    00000002                      : rom_sysbios.obj (.text:xdc_runtime_SysCallback_defaultExit)
                  0000b96a    00000002     --HOLE-- [fill = 0]
                  0000b96c    00000008     (.tramp.ti_sysbios_knl_Swi_destruct.1)
                  0000b974    00000008     (.tramp.ti_sysbios_knl_Semaphore_destruct.1)
                  0000b97c    00000008     (.tramp.ti_sysbios_family_arm_m3_Hwi_enableInterrupt__E.1)
                  0000b984    00000008     (.tramp.ti_sysbios_family_arm_m3_Hwi_disableInterrupt__E.1)
                  0000b98c    00000008     (.tramp.ti_sysbios_family_arm_m3_Hwi_destruct.1)
                  0000b994    00000008     (.tramp.ti_sysbios_BIOS_getCpuFreq__E.1)
                  0000b99c    00000008     (.tramp.ti_sysbios_knl_Clock_destruct.1)
                  0000b9a4    00000008     (.tramp.xdc_runtime_Startup_startMods__I.1)
                  0000b9ac    00000008     (.tramp.ti_sysbios_knl_Clock_logTick__E.1)
                  0000b9b4    00000008     (.tramp.ti_sysbios_knl_Task_Params__init__S.1)
                  0000b9bc    00000008     (.tramp.xdc_runtime_Core_assignLabel__I.1)
                  0000b9c4    00000008     (.tramp.ti_sysbios_knl_Swi_post__E.1)
                  0000b9cc    00000008     (.tramp.ti_sysbios_BIOS_RtsGateProxy_leave__E.1)
                  0000b9d4    00000008     (.tramp.xdc_runtime_Memory_free__E.1)
                  0000b9dc    00000008     (.tramp.ti_sysbios_knl_Swi_construct.1)
                  0000b9e4    00000008     (.tramp.xdc_runtime_Core_deleteObject__I.1)
                  0000b9ec    00000008     (.tramp.ti_sysbios_BIOS_RtsGateProxy_enter__E.1)
                  0000b9f4    00000008     (.tramp.ti_sysbios_knl_Task_restore__E.1)
                  0000b9fc    00000008     (.tramp.ti_sysbios_knl_Clock_getTicks__E.1)
                  0000ba04    00000008     (.tramp.ti_sysbios_knl_Semaphore_Params__init__S.1)
                  0000ba0c    00000008     (.tramp.xdc_runtime_Memory_alloc__E.1)
                  0000ba14    00000008     (.tramp.xdc_runtime_Core_createObject__I.1)
                  0000ba1c    00000008     (.tramp.ti_sysbios_knl_Task_startup__E.1)
                  0000ba24    00000008     (.tramp.ti_sysbios_knl_Swi_startup__E.1)
                  0000ba2c    00000008     (.tramp.ti_sysbios_hal_Hwi_startup__E.1)
                  0000ba34    00000008     (.tramp.ti_sysbios_family_arm_cc26xx_Timer_startup__E.1)
                  0000ba3c    00000008     (.tramp.xdc_runtime_System_atexit__E.1)
                  0000ba44    00000008     (.tramp.ti_sysbios_BIOS_setThreadType__E.1)
                  0000ba4c    00000008     (.tramp.ti_sysbios_knl_Task_disable__E.1)
                  0000ba54    00000008     (.tramp.ti_sysbios_knl_Swi_disable__E.1)
                  0000ba5c    00000008     (.tramp.ti_sysbios_knl_Task_construct.1)
                  0000ba64    00000008     (.tramp.ti_sysbios_family_arm_m3_Hwi_construct.1)
                  0000ba6c    00000008     (.tramp.ti_sysbios_knl_Swi_Params__init__S.1)
                  0000ba74    00000008     (.tramp.ti_sysbios_family_arm_m3_Hwi_Params__init__S.1)
                  0000ba7c    00000008     (.tramp.xdc_runtime_System_exit__E.1)
                  0000ba84    00000008     (.tramp.ti_sysbios_knl_Clock_construct.1)
                  0000ba8c    00000008     (.tramp.ti_sysbios_knl_Clock_Params__init__S.1)
                  0000ba94    00000008     (.tramp.ti_sysbios_BIOS_start__E.1)
                  0000ba9c    00000008     (.tramp.ti_sysbios_heaps_HeapMem_restore__E.1)
                  0000baa4    00000008     (.tramp.ti_sysbios_heaps_HeapMem_Object__get__S.1)
                  0000baac    00000008     (.tramp.xdc_runtime_Gate_leaveSystem__E.1)
                  0000bab4    00000008     (.tramp.xdc_runtime_Gate_enterSystem__E.1)
                  0000babc    00000008     (.tramp.xdc_runtime_Assert_raise__I.1)
                  0000bac4    00000008     (.tramp.ti_sysbios_knl_Clock_scheduleNextTick__E.1)
                  0000bacc    00000008     (.tramp.ti_sysbios_knl_Clock_walkQueueDynamic__E.1)
                  0000bad4    00000008     (.tramp.ti_sysbios_knl_Clock_TimerProxy_getCurrentTick__E.1)
                  0000badc    00000008     (.tramp.ti_sysbios_knl_Clock_start__E.1)
                  0000bae4    00000008     (.tramp.ti_sysbios_knl_Clock_setTimeout__E.1)
                  0000baec    00000008     (.tramp.xdc_runtime_Timestamp_get64__E.1)
                  0000baf4    00000008     (.tramp.ti_sysbios_family_arm_m3_Hwi_disableFxn__E.1)
                  0000bafc    00000008     (.tramp.ti_sysbios_knl_Semaphore_construct.1)
                  0000bb04    00000008     (.tramp.ti_sysbios_knl_Task_sleep__E.1)
                  0000bb0c    00000008     (.tramp.ti_sysbios_knl_Swi_restore__E.1)
                  0000bb14    00000008     (.tramp.ti_sysbios_knl_Semaphore_create.1)
                  0000bb1c    00000008     (.tramp.ti_sysbios_knl_Semaphore_post__E.1)
                  0000bb24    00000008     (.tramp.ti_sysbios_knl_Semaphore_pend__E.1)
                  0000bb2c    00000008     (.tramp.ti_sysbios_family_arm_m3_Hwi_restoreFxn__E.1)

.const     0    0000bb34    0000487a     
                  0000bb34    0000073c     smartrf_settings_predefined.obj (.const:patchGenookMce)
                  0000c270    000006b4     smartrf_settings.obj (.const:patchGenfskRfe)
                  0000c924    000006b4     smartrf_settings_predefined.obj (.const:patchGenfskRfe)
                  0000cfd8    000006b4     smartrf_settings_predefined.obj (.const:patchLrmRfe)
                  0000d68c    000006b4     smartrf_settings_predefined.obj (.const:patchSl_longrangeRfe)
                  0000dd40    000006a4     smartrf_settings_predefined.obj (.const:patchGenookRfe)
                  0000e3e4    00000504     smartrf_settings_predefined.obj (.const:patchHsp4mbpsRfe)
                  0000e8e8    00000400     smartrf_settings_predefined.obj (.const:patchSl_longrangeMce)
                  0000ece8    000003f0     smartrf_settings_predefined.obj (.const:patchHsp4mbpsMce)
                  0000f0d8    000002b0     smartrf_settings.obj (.const:patchImageGenfsk)
                  0000f388    000002b0     smartrf_settings_predefined.obj (.const:patchImageGenfsk)
                  0000f638    000002b0     smartrf_settings_predefined.obj (.const:patchImageGenook)
                  0000f8e8    000002b0     smartrf_settings_predefined.obj (.const:patchImageLrm)
                  0000fb98    000002b0     smartrf_settings_predefined.obj (.const:patchImageSl_longrange)
                  0000fe48    00000090     main.obj (.const:$P$T4$3)
                  0000fed8    00000084     CC1310_LAUNCHXL.obj (.const:ADC_config)
                  0000ff5c    00000060     hello_pem3.oem3 (.const:ti_uia_loggers_LoggerStopMode_Module__FXNS__C)
                  0000ffbc    0000004d     CC1310_LAUNCHXL.obj (.const:adcCC26xxHWAttrs)
                  00010009    00000001     smartrf_settings_predefined.obj (.const)
                  0001000a    0000004c     drivers_cc13x0.aem3 : PowerCC26XX.oem3 (.const:resourceDB)
                  00010056    00000002     hello_pem3.oem3 (.const:ti_uia_loggers_LoggerStopMode_Module__id__C)
                  00010058    00000048     hello_pem3.oem3 (.const:.string)
                  000100a0    00000040     drivers_cc13x0.aem3 : UARTCC26XX.oem3 (.const:$O1$$)
                  000100e0    00000040     smartrf_settings_predefined.obj (.const:rfPowerTable)
                  00010120    0000002c     CC1310_LAUNCHXL.obj (.const:BoardGpioInitTable)
                  0001014c    0000002c     hello_pem3.oem3 (.const:xdc_runtime_Startup_sfxnTab__A)
                  00010178    00000028     drivers_cc13x0.aem3 : UARTCC26XX.oem3 (.const:UARTCC26XX_fxnTable)
                  000101a0    00000028     hello_pem3.oem3 (.const:ti_uia_loggers_LoggerStopMode_Object__PARAMS__C)
                  000101c8    00000024     drivers_cc13x0.aem3 : UART.oem3 (.const:UART_defaultParams)
                  000101ec    00000020     hello_pem3.oem3 (.const:ti_uia_loggers_LoggerStopMode_Object__DESC__C)
                  0001020c    00000020     CC1310_LAUNCHXL.obj (.const:uartCC26XXHWAttrs)
                  0001022c    0000001c     rf_multiMode_cc13x0.aem3 : RFCC26XX_multiMode.oem3 (.const:RF_defaultParams)
                  00010248    00000018     EasyLink.obj (.const:$P$T0$3)
                  00010260    00000018     drivers_cc13x0.aem3 : ADCCC26XX.oem3 (.const:ADCCC26XX_fxnTable)
                  00010278    00000018                         : I2CCC26XX.oem3 (.const:I2CCC26XX_fxnTable)
                  00010290    00000018     CC1310_LAUNCHXL.obj (.const:i2cCC26xxHWAttrs)
                  000102a8    00000018     driverlib.lib : rfc.obj (.const:rfc_defaultIrqAddr)
                  000102c0    00000016     hello_pem3.oem3 (.const:xdc_runtime_Startup_sfxnRts__A)
                  000102d6    00000002     hello_pem3.oem3 (.const:ti_uia_loggers_LoggerStopMode_isTimestampEnabled__C)
                  000102d8    00000014     CC1310_LAUNCHXL.obj (.const:$P$T0$1)
                  000102ec    00000010     drivers_cc13x0.aem3 : I2C.oem3 (.const:I2C_defaultParams)
                  000102fc    00000010     CC1310_LAUNCHXL.obj (.const:PowerCC26XX_config)
                  0001030c    0000000c     CC1310_LAUNCHXL.obj (.const:I2C_config)
                  00010318    0000000c     CC1310_LAUNCHXL.obj (.const:UART_config)
                  00010324    0000000c     hello_pem3.oem3 (.const:xdc_runtime_Startup_firstFxns__A)
                  00010330    0000000b     main.obj (.const:.string:$P$T1$2)
                  0001033b    00000009     CC1310_LAUNCHXL.obj (.const)
                  00010344    00000008     drivers_cc13x0.aem3 : ADC.oem3 (.const:ADC_defaultParams)
                  0001034c    00000008     CC1310_LAUNCHXL.obj (.const:PINCC26XX_hwAttrs)
                  00010354    00000008     drivers_cc13x0.aem3 : I2CCC26XX.oem3 (.const:bitRate)
                  0001035c    00000004     EasyLink.obj (.const:$P$T1$4)
                  00010360    00000004     CC1310_LAUNCHXL.obj (.const:RFCC26XX_hwAttrs)
                  00010364    00000004     hello_pem3.oem3 (.const:ti_sysbios_family_arm_m3_Hwi_swiDisable__C)
                  00010368    00000004     hello_pem3.oem3 (.const:ti_sysbios_family_arm_m3_Hwi_swiRestoreHwi__C)
                  0001036c    00000004     hello_pem3.oem3 (.const:ti_sysbios_heaps_HeapMem_primaryHeapBaseAddr__C)
                  00010370    00000004     hello_pem3.oem3 (.const:ti_sysbios_heaps_HeapMem_primaryHeapEndAddr__C)
                  00010374    00000004     hello_pem3.oem3 (.const:ti_sysbios_knl_Clock_tickPeriod__C)
                  00010378    00000004     hello_pem3.oem3 (.const:ti_sysbios_knl_Clock_triggerClock__C)
                  0001037c    00000004     hello_pem3.oem3 (.const:ti_sysbios_knl_Idle_funcList__A)
                  00010380    00000004     hello_pem3.oem3 (.const:ti_uia_loggers_LoggerStopMode_Module__diagsEnabled__C)
                  00010384    00000004     hello_pem3.oem3 (.const:ti_uia_loggers_LoggerStopMode_Module__diagsIncluded__C)
                  00010388    00000004     hello_pem3.oem3 (.const:ti_uia_loggers_LoggerStopMode_Module__diagsMask__C)
                  0001038c    00000004     hello_pem3.oem3 (.const:ti_uia_loggers_LoggerStopMode_Object__count__C)
                  00010390    00000004     hello_pem3.oem3 (.const:ti_uia_runtime_ILoggerSnapshot_Interface__BASE__C)
                  00010394    00000004     hello_pem3.oem3 (.const:ti_uia_runtime_IUIATransfer_Interface__BASE__C)
                  00010398    00000004     hello_pem3.oem3 (.const:xdc_runtime_IFilterLogger_Interface__BASE__C)
                  0001039c    00000004     hello_pem3.oem3 (.const:xdc_runtime_ILogger_Interface__BASE__C)
                  000103a0    00000004     hello_pem3.oem3 (.const:xdc_runtime_SysMin_bufSize__C)
                  000103a4    00000004     hello_pem3.oem3 (.const:xdc_runtime_SysMin_outputFunc__C)
                  000103a8    00000003     main.obj (.const:.string:$P$T0$1)
                  000103ab    00000001     hello_pem3.oem3 (.const:xdc_runtime_Text_charTab__A)
                  000103ac    00000002     hello_pem3.oem3 (.const:xdc_runtime_SysMin_flushAtExit__C)

.cinit     0    00000040    000004c0     
                  00000040    00000383     (.cinit..data.load) [load image, compression = lzss]
                  000003c3    00000029     (.cinit..data:ti_sysbios_family_arm_m3_Hwi_Module__state__V.load) [load image, compression = lzss]
                  000003ec    00000021     (.cinit..data:ti_sysbios_knl_Task_Module__state__V.load) [load image, compression = lzss]
                  0000040d    0000001f     (.cinit..data:ti_sysbios_BIOS_Module__state__V.load) [load image, compression = lzss]
                  0000042c    0000001e     (.cinit..data:ti_sysbios_knl_Clock_Module__state__V.load) [load image, compression = lzss]
                  0000044a    00000010     (.cinit..data:ti_sysbios_knl_Swi_Module__state__V.load) [load image, compression = lzss]
                  0000045a    00000002     --HOLE-- [fill = 0]
                  0000045c    0000000c     (__TI_handler_table)
                  00000468    0000000b     (.cinit..data:ti_sysbios_family_arm_cc26xx_Timer_Module__state__V.load) [load image, compression = lzss]
                  00000473    0000000b     (.cinit..data:xdc_runtime_System_Module__state__V.load) [load image, compression = lzss]
                  0000047e    00000002     --HOLE-- [fill = 0]
                  00000480    00000008     (.cinit..bss.load) [load image, compression = zero_init]
                  00000488    00000008     (.cinit..data:xdc_runtime_Memory_Module__state__V.load) [load image, compression = lzss]
                  00000490    00000007     (.cinit..data:ti_sysbios_family_arm_cc26xx_TimestampProvider_Module__state__V.load) [load image, compression = lzss]
                  00000497    00000007     (.cinit..data:xdc_runtime_Startup_Module__state__V.load) [load image, compression = lzss]
                  0000049e    00000002     --HOLE-- [fill = 0]
                  000004a0    00000060     (__TI_cinit_table)

.init_array 
*          0    00000000    00000000     UNINITIALIZED

.const:ti_sysbios_knl_Task_Object__PARAMS__C 
*          0    00001000    0000003c     
                  00001000    0000003c     hello_pem3.oem3 (.const:ti_sysbios_knl_Task_Object__PARAMS__C)

.const:ti_sysbios_knl_Mailbox_Object__PARAMS__C 
*          0    0000103c    00000034     
                  0000103c    00000034     hello_pem3.oem3 (.const:ti_sysbios_knl_Mailbox_Object__PARAMS__C)

.const:ti_sysbios_family_arm_m3_Hwi_Object__PARAMS__C 
*          0    00001070    00000030     
                  00001070    00000030     hello_pem3.oem3 (.const:ti_sysbios_family_arm_m3_Hwi_Object__PARAMS__C)

.const:ti_sysbios_hal_Hwi_Object__PARAMS__C 
*          0    000010a0    0000002c     
                  000010a0    0000002c     hello_pem3.oem3 (.const:ti_sysbios_hal_Hwi_Object__PARAMS__C)

.const:ti_sysbios_heaps_HeapMem_Module__FXNS__C 
*          0    000010cc    00000028     
                  000010cc    00000028     hello_pem3.oem3 (.const:ti_sysbios_heaps_HeapMem_Module__FXNS__C)

.const:ti_sysbios_knl_Swi_Object__PARAMS__C 
*          0    000010f4    00000028     
                  000010f4    00000028     hello_pem3.oem3 (.const:ti_sysbios_knl_Swi_Object__PARAMS__C)

.const:ti_sysbios_gates_GateHwi_Module__FXNS__C 
*          0    0000111c    00000024     
                  0000111c    00000024     hello_pem3.oem3 (.const:ti_sysbios_gates_GateHwi_Module__FXNS__C)

.const:ti_sysbios_gates_GateMutex_Module__FXNS__C 
*          0    00001140    00000024     
                  00001140    00000024     hello_pem3.oem3 (.const:ti_sysbios_gates_GateMutex_Module__FXNS__C)

.const:ti_sysbios_heaps_HeapMem_Object__PARAMS__C 
*          0    00001164    00000024     
                  00001164    00000024     hello_pem3.oem3 (.const:ti_sysbios_heaps_HeapMem_Object__PARAMS__C)

.const:ti_sysbios_knl_Clock_Object__PARAMS__C 
*          0    00001188    00000024     
                  00001188    00000024     hello_pem3.oem3 (.const:ti_sysbios_knl_Clock_Object__PARAMS__C)

.const:ti_sysbios_knl_Semaphore_Object__PARAMS__C 
*          0    000011ac    00000024     
                  000011ac    00000024     hello_pem3.oem3 (.const:ti_sysbios_knl_Semaphore_Object__PARAMS__C)

.const:ti_sysbios_family_arm_m3_Hwi_Object__DESC__C 
*          0    000011d0    00000020     
                  000011d0    00000020     hello_pem3.oem3 (.const:ti_sysbios_family_arm_m3_Hwi_Object__DESC__C)

.const:ti_sysbios_gates_GateHwi_Object__DESC__C 
*          0    000011f0    00000020     
                  000011f0    00000020     hello_pem3.oem3 (.const:ti_sysbios_gates_GateHwi_Object__DESC__C)

.const:ti_sysbios_gates_GateMutex_Object__DESC__C 
*          0    00001210    00000020     
[...]
1001c2ed  ti_sysbios_knl_Task_SupportProxy_Module__startupDone__S                   
1001c2f1  ti_sysbios_knl_Task_SupportProxy_getStackAlignment__E                     
1001c2f5  ti_sysbios_knl_Task_SupportProxy_start__E                                 
1001c2f9  ti_sysbios_knl_Task_SupportProxy_swap__E                                  
1001c2fd  ti_sysbios_knl_Task_delete                                                
1001c301  ti_sysbios_knl_Task_destruct                                              
1001c305  ti_sysbios_knl_Task_startup__E                                            
1001c309  xdc_runtime_Startup_startMods__I                                          
1001c401  xdc_runtime_Core_createObject__I                                          
1001c483  xdc_runtime_Error_policySpin__E                                           
1001c485  xdc_runtime_Memory_alloc__E                                               
1001c4f5  xdc_runtime_Core_deleteObject__I                                          
1001c555  xdc_runtime_Startup_exec__E                                               
1001c5a5  xdc_runtime_Assert_raise__I                                               
1001c5ed  xdc_runtime_Core_assignParams__I                                          
1001c635  xdc_runtime_Core_constructObject__I                                       
1001c67d  xdc_runtime_System_atexit__E                                              
1001c6b5  xdc_runtime_System_processAtExit__E                                       
1001c6e9  xdc_runtime_Core_assignLabel__I                                           
1001c719  xdc_runtime_Text_cordText__E                                              
1001c745  xdc_runtime_System_abort__E                                               
1001c765  xdc_runtime_Error_raiseX__E                                               
1001c781  xdc_runtime_Memory_valloc__E                                              
1001c79d  xdc_runtime_Core_destructObject__I                                        
1001c7b5  xdc_runtime_Error_check__E                                                
1001c7cd  xdc_runtime_System_exit__E                                                
1001c7e5  xdc_runtime_Text_ropeText__E                                              
1001c7fd  xdc_runtime_Memory_free__E                                                
1001c80d  xdc_runtime_SysCallback_abort__E                                          
1001c81d  xdc_runtime_SysCallback_exit__E                                           
1001c82d  xdc_runtime_Timestamp_SupportProxy_get32__E                               
1001c82d  xdc_runtime_Timestamp_get32__E                                            
1001c82d  xdc_runtime_Timestamp_get32__E                                            
1001c849  xdc_runtime_Memory_calloc__E                                              
1001c855  xdc_runtime_Memory_getMaxDefaultTypeAlign__E                              
1001c875  xdc_runtime_Gate_leaveSystem__E                                           
1001c87b  xdc_runtime_System_Module_startup__E                                      
1001c881  xdc_runtime_Gate_enterSystem__E                                           
1001c885  xdc_runtime_Memory_HeapProxy_alloc__E                                     
1001c889  xdc_runtime_Memory_HeapProxy_free__E                                      
1001c88d  xdc_runtime_System_Module_GateProxy_enter__E                              
1001c891  xdc_runtime_System_Module_GateProxy_leave__E                              
1001c895  xdc_runtime_System_abortSpin__E                                           
1001c897  xdc_runtime_System_exitSpin__E                                            
1001c899  ti_sysbios_family_arm_m3_Hwi_dispatch__I                                  
1001c969  ti_sysbios_family_arm_m3_TaskSupport_buildTaskStack                       
1001c9b5  ti_sysbios_family_arm_m3_Hwi_initStacks__E                                
1001c9fd  ti_sysbios_family_arm_m3_Hwi_excHandlerAsm__I                             
1001ca1d  ti_sysbios_family_xxx_Hwi_switchAndRunFunc                                
1001ca3b  ti_sysbios_family_arm_m3_Hwi_pendSV__I                                    
1001ca53  ti_sysbios_family_arm_m3_Hwi_return                                       
1001ca55  ti_sysbios_family_arm_m3_TaskSupport_glue                                 
1001ca65  ti_sysbios_family_arm_m3_TaskSupport_swap__E                              
1001ca65  ti_sysbios_knl_Task_SupportProxy_swap__E__mangled__                       
1001ca6d  ti_sysbios_knl_Task_swapReturn                                            
1001ca97  ti_sysbios_rom_cortexm_cc13xx_CC13xx_getRevision__E                       
20000000  ti_sysbios_family_arm_m3_Hwi_ramVectors                                   
20000100  ti_sysbios_knl_Task_Module__state__V                                      
20000144  ti_sysbios_family_arm_m3_Hwi_Module__state__V                             
20000178  ti_sysbios_knl_Clock_Module__state__V                                     
200001a4  ti_sysbios_BIOS_Module__state__V                                          
200001c8  ti_sysbios_knl_Swi_Module__state__V                                       
200001e4  ti_sysbios_family_arm_cc26xx_Timer_Module__state__V                       
200001ec  ti_sysbios_family_arm_cc26xx_TimestampProvider_Module__state__V           
200001f0  xdc_runtime_Startup_Module__state__V                                      
200001f8  xdc_runtime_System_Module__state__V                                       
20000200  xdc_runtime_Memory_Module__state__V                                       
20000680  ti_uia_loggers_LoggerStopMode_Instance_State_0_packetArray__A             
20000a80  ti_uia_loggers_LoggerStopMode_Instance_State_1_packetArray__A             
2000140c  xdc_runtime_SysMin_Module_State_0_outbuf__A                               
20001fd8  uartCC26XXObjects                                                         
20002104  __CIOBUF_                                                                 
20002224  PIN_NumPins                                                               
200022b8  PIN_HandleTable                                                           
20002334  i2cCC26xxObjects                                                          
20002414  adcCC26xxObjects                                                          
200025b8  ti_sysbios_family_arm_m3_Hwi_dispatchTable                                
2000283c  accelTask                                                                 
2000288c  adcTask                                                                   
200028dc  gpsTask                                                                   
2000292c  gyroTask                                                                  
2000297c  humidityTask                                                              
200029cc  magTask                                                                   
20002a1c  rxRestartTask                                                             
20002a6c  txDataTask                                                                
20002b50  settings                                                                  
20002b78  PowerCC26XX_taskKey                                                       
20002b7c  PowerCC26XX_swiKey                                                        
20002b80  ti_uia_loggers_LoggerStopMode_Instance_State_0_hdr__A                     
20002bb0  uartParams                                                                
20002c00  ti_uia_loggers_LoggerStopMode_Instance_State_1_hdr__A                     
20002d9c  i2cTransaction                                                            
20002e0c  i2cParams                                                                 
20002e34  aBias                                                                     
20002e40  gBias                                                                     
20002e4c  mBias                                                                     
20002e68  aBiasRaw                                                                  
20002e70  gBiasRaw                                                                  
20002e78  mBiasRaw                                                                  
20002e80  params                                                                    
20002e88  parmbuf                                                                   
20002e90  ClockP_tickPeriod                                                         
20002e94  aRes                                                                      
20002e98  adc0                                                                      
20002e9c  adc1                                                                      
20002ea0  adc3                                                                      
20002ea4  adcValue0MicroVolt                                                        
20002ea8  adcValue1MicroVolt                                                        
20002eac  adcValue3MicroVolt                                                        
20002eb0  gRes                                                                      
20002eb4  i2c                                                                       
20002eb8  mRes                                                                      
20002ebc  uart                                                                      
20002ec2  adcValue0                                                                 
20002ec4  adcValue1                                                                 
20002ec6  adcValue3                                                                 
20002ec8  ax                                                                        
20002eca  ay                                                                        
20002ecc  az                                                                        
20002ece  gx                                                                        
20002ed0  gy                                                                        
20002ed2  gz                                                                        
20002ed4  mx                                                                        
20002ed6  my                                                                        
20002ed8  mz                                                                        
20002eda  _autoCalc                                                                 
20002edb  _mAddress                                                                 
20002edc  _xgAddress                                                                
20002edd  driverlib_release_0_48919                                                 
20002ee0  __primary_heap_start__                                                    
20003ee0  PowerCC26XX_module                                                        
20003ee0  __primary_heap_end__                                                      
20003ff4  globalPacket                                                              
2000408c  pOverrides_sl_lr                                                          
200040f4  ti_uia_loggers_LoggerStopMode_Object__table__V                            
2000415c  pOverrides_hsm                                                            
200041bc  pOverrides_lrm                                                            
20004218  pOverrides_ook                                                            
200042cc  pOverrides_fsk                                                            
20004324  main_func_sp                                                              
20004328  ti_sysbios_family_arm_cc26xx_Timer_Object__table__V                       
20004370  RF_pProp_fsk                                                              
20004374  RF_pProp_lrm                                                              
20004378  RF_pProp_ook                                                              
2000437c  RF_pProp_hsm                                                              
20004380  RF_pProp_sl_lr                                                            
20004384  RF_pProp_2_4G_fsk                                                         
20004388  RF_pCmdPropRadioDivSetup_fsk                                              
2000438c  RF_pCmdPropRadioDivSetup_lrm                                              
20004390  RF_pCmdPropRadioDivSetup_ook                                              
20004394  RF_pCmdRadioSetup_hsm                                                     
20004398  RF_pCmdPropRadioDivSetup_sl_lr                                            
2000439c  RF_pCmdPropRadioSetup_2_4G_fsk                                            
200043a0  RF_pCmdTxHS                                                               
200043a4  RF_pCmdRxHS                                                               
200043a8  RF_pCmdFs_preDef                                                          
200043ac  RF_pCmdPropTx_preDef                                                      
200043b0  RF_pCmdPropRxAdv_preDef                                                   
200043b4  ti_sysbios_gates_GateMutex_Object__table__V                               
200043ec  RF_cmdPropRxAdv_preDef                                                    
2000441c  ti_sysbios_knl_Swi_Module_State_0_readyQ__A                               
2000444c  ti_sysbios_knl_Swi_Object__table__V                                       
2000447c  ti_sysbios_knl_Task_Module_State_0_readyQ__A                              
200044ac  goodToGo                                                                  
200044b0  halt                                                                      
200044b4  pwmPeriod                                                                 
200044b6  pwmduty                                                                   
200044b8  pwmdutyInc                                                                
200044bc  pwmtime                                                                   
200044c0  pwm1                                                                      
200044c4  bytesRead                                                                 
200044c8  numConnections                                                            
200044cc  AXN                                                                       
200044d0  AYN                                                                       
200044d4  AZN                                                                       
200044d8  RF_cmdPropRadioDivSetup                                                   
20004500  RF_cmdPropRadioDivSetup_fsk                                               
20004528  RF_cmdPropRadioDivSetup_lrm                                               
20004550  RF_cmdPropRadioDivSetup_ook                                               
20004578  RF_cmdPropRadioDivSetup_sl_lr                                             
200045a0  RF_cmdRxHS                                                                
200045c4  pinTable                                                                  
20004608  ti_sysbios_knl_Clock_Object__table__V                                     
20004628  xdc_runtime_Error_IgnoreBlock                                             
20004648  message                                                                   
20004666  ti_sysbios_family_arm_m3_Hwi_Module_State_0_excActive__A                  
20004668  RF_cmdFs                                                                  
20004680  RF_cmdFs_preDef                                                           
20004698  RF_cmdPropTx                                                              
200046b0  RF_cmdPropTx_preDef                                                       
200046c8  RF_cmdRadioSetup_hsm                                                      
200046f8  shapeovr                                                                  
20004710  ti_sysbios_family_arm_m3_Hwi_Object__table__V                             
20004728  ti_sysbios_heaps_HeapMem_Object__table__V                                 
20004740  RF_cmdTxHS                                                                
20004764  RF_prop                                                                   
20004774  RF_prop_fsk                                                               
20004784  RF_prop_hsm                                                               
20004794  RF_prop_lrm                                                               
200047a4  RF_prop_ook                                                               
200047b4  RF_prop_sl_lr                                                             
200047d2  xdc_runtime_Main_Module__root__V                                          
200047d4  ti_sysbios_knl_Task_Module__root__V                                       
200047e0  ti_uia_runtime_QueueDescriptor_Module__state__V                           
200047ec  xdc_runtime_SysMin_Module__state__V                                       
200047f8  _lock                                                                     
200047fc  _unlock                                                                   
20004800  ti_uia_runtime_QueueDescriptor_gPtrToFirstDescriptor                      
20004804  ti_uia_runtime_QueueDescriptor_gUpdateCount                               
20004808  ti_sysbios_family_arm_m3_Hwi_Module__root__V                              
20004810  ti_sysbios_gates_GateHwi_Module__root__V                                  
20004818  ti_sysbios_gates_GateMutex_Module__root__V                                
20004820  ti_sysbios_hal_Hwi_Module__root__V                                        
20004828  ti_sysbios_heaps_HeapMem_Module__root__V                                  
20004830  ti_sysbios_knl_Clock_Module__root__V                                      
20004838  ti_sysbios_knl_Mailbox_Module__root__V                                    
20004840  ti_sysbios_knl_Queue_Module__root__V                                      
20004848  ti_sysbios_knl_Semaphore_Module__root__V                                  
20004850  ti_sysbios_knl_Swi_Module__root__V                                        
20004858  ti_uia_loggers_LoggerStopMode_Module__root__V                             
20004860  xdc_runtime_System_Module_State_0_atexitHandlers__A                       
20004868  ti_sysbios_family_arm_m3_Hwi_Module_State_0_excContext__A                 
2000486c  ti_sysbios_family_arm_m3_Hwi_Module_State_0_excStack__A                   
20004870  ti_sysbios_knl_Task_Module_State_0_idleTask__A                            
20004c00  __stack                                                                   
20005000  __STACK_END                                                               
e000e000  ti_sysbios_family_arm_m3_Hwi_nvic                                         
ffffffff  __TI_pprof_out_hndl                                                       
ffffffff  __TI_prof_data_size                                                       
ffffffff  __TI_prof_data_start                                                      
ffffffff  __binit__                                                                 
ffffffff  __c_args__                                                                
ffffffff  binit                                                                     
UNDEFED   SHT$$INIT_ARRAY$$Base                                                     
UNDEFED   SHT$$INIT_ARRAY$$Limit                                                    

[1083 symbols]
