******************************************************************************
                  TI ARM Linker Unix v16.9.3                   
******************************************************************************
>> Linked Mon Sep 25 13:52:48 2017

OUTPUT FILE NAME:   <Sprite.out>
ENTRY POINT SYMBOL: "ResetISR"  address: 0000a59d


MEMORY CONFIGURATION

         name            origin    length      used     unused   attr    fill
----------------------  --------  ---------  --------  --------  ----  --------
  FLASH                 00000000   00020000  00012696  0000d96a  R  X
  SRAM                  20000000   00005000  00004ed6  0000012a  RW X


SEGMENT ALLOCATION MAP

run origin  load origin   length   init length attrs members
----------  ----------- ---------- ----------- ----- -------
00000000    00000000    00012640   00012640    r-x
  00000000    00000000    0000003c   0000003c    r-- .resetVecs
  0000003c    0000003c    0000d4d8   0000d4d8    r-x .text
  0000d514    0000d514    00004d42   00004d42    r-- .const
  00012258    00012258    000003e8   000003e8    r-- .cinit
0001ffa8    0001ffa8    00000058   00000058    r--
  0001ffa8    0001ffa8    00000058   00000058    r-- .ccfg
20000100    20000100    00002f5e   00000000    rw-
  20000100    20000100    00002f5e   00000000    rw- .bss
20003060    20003060    00001000   00000000    r--
  20003060    20003060    00001000   00000000    r-- .priheap
20004060    20004060    00000ab0   00000000    rw-
  20004060    20004060    00000ab0   00000000    rw- .data
20004c00    20004c00    00000400   00000000    rw-
  20004c00    20004c00    00000400   00000000    rw- .stack


SECTION ALLOCATION MAP

 output                                  attributes/
section   page    origin      length       input sections
--------  ----  ----------  ----------   ----------------
.text      0    0000003c    0000d4d8     
                  0000003c    0000044c     rf_multiMode_cc13x0.aem3 : RFCC26XX_multiMode.oem3 (.text:fsmActiveState)
                  00000488    000003c4     EasyLink.obj (.text:EasyLink_init)
                  0000084c    0000033c     sysbios.aem3 : BIOS.obj (.text:xdc_runtime_System_doPrint__I)
                  00000b88    00000324     rtsv7M3_T_le_eabi.lib : trgdrv.obj (.text)
                  00000eac    0000030c     drivers_cc13x0.aem3 : PowerCC26XX_calibrateRCOSC.oem3 (.text:PowerCC26XX_auxISR)
                  000011b8    00000248     rtsv7M3_T_le_eabi.lib : vla_alloc.obj (.text)
                  00001400    00000228     driverlib.lib : sys_ctrl.obj (.text:NOROM_SysCtrlSetRechargeBeforePowerDown)
                  00001628    0000021c     drivers_cc13x0.aem3 : PowerCC26XX.oem3 (.text:Power_sleep)
                  00001844    00000200     rf_multiMode_cc13x0.aem3 : RFCC26XX_multiMode.oem3 (.text:RF_open)
                  00001a44    000001f4     rtsv7M3_T_le_eabi.lib : ull_div_t2.obj (.text)
                  00001c38    000001e4     main.obj (.text:LSM9DS1init)
                  00001e1c    000001dc     hello_pem3.oem3 (.text:xdc_runtime_System_printfExtend__I)
                  00001ff8    000001b6     rtsv7M3_T_le_eabi.lib : fd_add_t2.obj (.text)
                  000021ae    00000002     display.aem3 : DisplayUart.oem3 (.text:DisplayUartMin_clear)
                  000021b0    000001a4     EasyLink.obj (.text:EasyLink_setRfPwr)
                  00002354    0000019c     rf_multiMode_cc13x0.aem3 : RFCC26XX_multiMode.oem3 (.text:fsmSetupState)
                  000024f0    00000190     drivers_cc13x0.aem3 : PowerCC26XX_calibrateRCOSC.oem3 (.text:PowerCC26XX_doCalibrate)
                  00002680    0000018c                         : PINCC26XX.oem3 (.text:PIN_init)
                  0000280c    00000188     EasyLink.obj (.text:rxDoneCallback)
                  00002994    00000180     main.obj (.text:initGyro)
                  00002b14    00000170     EasyLink.obj (.text:EasyLink_receiveAsync)
                  00002c84    00000164     drivers_cc13x0.aem3 : UARTCC26XX.oem3 (.text:UARTCC26XX_open)
                  00002de8    00000158     rf_multiMode_cc13x0.aem3 : RFCC26XX_multiMode.oem3 (.text:RF_postCmd)
                  00002f40    00000158     main.obj (.text:calibrate)
                  00003098    00000154     drivers_cc13x0.aem3 : I2CCC26XX.oem3 (.text:I2CCC26XX_open)
                  000031ec    00000154     rf_multiMode_cc13x0.aem3 : RFCC26XX_multiMode.oem3 (.text:radioOpDoneCb)
                  00003340    00000150                              : RFCC26XX_multiMode.oem3 (.text:abortCmd)
                  00003490    00000150     smartrf_settings_predefined.obj (.text:rf_patch_mce_genook)
                  000035e0    00000148     rf_multiMode_cc13x0.aem3 : RFCC26XX_multiMode.oem3 (.text:fsmChangePhyState)
                  00003728    0000013c     EasyLink.obj (.text:EasyLink_transmit)
                  00003864    00000138     hello_pem3.oem3 (.text:ti_uia_loggers_LoggerStopMode_writeMemoryRange__E)
                  0000399c    00000134     main.obj (.text:initAccel)
                  00003ad0    00000130     driverlib.lib : setup_rom.obj (.text:NOROM_SetupAfterColdResetWakeupFromShutDownCfg3)
                  00003c00    0000012c     drivers_cc13x0.aem3 : PowerCC26XX.oem3 (.text:Power_init)
                  00003d2c    0000012c     sysbios.aem3 : BIOS.obj (.text:ti_sysbios_knl_Semaphore_pend__E)
                  00003e58    00000128     smartrf_settings.obj (.text:rf_patch_rfe_genfsk)
                  00003f80    00000128     smartrf_settings_predefined.obj (.text:rf_patch_rfe_genfsk)
                  000040a8    00000128     smartrf_settings_predefined.obj (.text:rf_patch_rfe_lrm)
                  000041d0    00000128     smartrf_settings_predefined.obj (.text:rf_patch_rfe_sl_longrange)
                  000042f8    00000120     main.obj (.text:rxDoneCb)
                  00004418    0000011c     rf_multiMode_cc13x0.aem3 : RFCC26XX_multiMode.oem3 (.text:RF_close)
                  00004534    0000011c     main.obj (.text:semaphoreSetup)
                  00004650    00000118     drivers_cc13x0.aem3 : UARTCC26XX.oem3 (.text:UARTCC26XX_read)
                  00004768    00000118     main.obj (.text:initMag)
                  00004880    00000118     sysbios.aem3 : BIOS.obj (.text:ti_sysbios_family_arm_m3_Hwi_dispatchC__I)
                  00004998    00000114     smartrf_settings_predefined.obj (.text:rf_patch_mce_hsp_4mbps)
                  00004aac    00000110     drivers_cc13x0.aem3 : I2CCC26XX.oem3 (.text:I2CCC26XX_hwiFxn)
                  00004bbc    00000110     sysbios.aem3 : BIOS.obj (.text:ti_sysbios_knl_Swi_run__I)
                  00004ccc    0000010c     hello_pem3.oem3 (.text:ti_uia_loggers_LoggerStopMode_write8__E)
                  00004dd8    0000010a     drivers_cc13x0.aem3 : UARTCC26XX.oem3 (.text:UARTCC26XX_hwiIntFxn)
                  00004ee2    00000002     display.aem3 : DisplayUart.oem3 (.text:DisplayUartMin_clearLines)
                  00004ee4    00000108     rf_multiMode_cc13x0.aem3 : RFCC26XX_multiMode.oem3 (.text:fsmPowerUpState)
                  00004fec    00000108                              : RFCC26XX_multiMode.oem3 (.text:hwiFxnCpe0Active)
                  000050f4    000000fc     drivers_cc13x0.aem3 : UARTCC26XX.oem3 (.text:UARTCC26XX_write)
                  000051f0    000000fc     rtsv7M3_T_le_eabi.lib : fd_mul_t2.obj (.text)
                  000052ec    000000f8     sysbios.aem3 : BIOS.obj (.text:xdc_runtime_Startup_startMods__I)
                  000053e4    000000f4     hello_pem3.oem3 (.text:ti_uia_loggers_LoggerStopMode_write4__E)
                  000054d8    000000f0     driverlib.lib : setup_rom.obj (.text:NOROM_SetupAfterColdResetWakeupFromShutDownCfg2)
                  000055c8    000000e8     hello_pem3.oem3 (.text:ti_uia_loggers_LoggerStopMode_write1__E)
                  000056b0    000000e8     hello_pem3.oem3 (.text:ti_uia_loggers_LoggerStopMode_write2__E)
                  00005798    000000e0     main.obj (.text:txDataTaskFunc)
                  00005878    000000dc     driverlib.lib : rfc.obj (.text:NOROM_RFCOverrideUpdate)
                  00005954    000000dc     drivers_cc13x0.aem3 : PINCC26XX.oem3 (.text:PINCC26XX_setIoCfg)
                  00005a30    000000d8     EasyLink.obj (.text:EasyLink_enableRxAddrFilter)
                  00005b08    000000d8     smartrf_settings_predefined.obj (.text:rf_patch_rfe_genook)
                  00005be0    000000d8     smartrf_settings_predefined.obj (.text:rf_patch_rfe_hsp_4mbps)
                  00005cb8    000000d8     sysbios.aem3 : BIOS.obj (.text:ti_sysbios_knl_Clock_walkQueueDynamic__E)
                  00005d90    000000d8     hello_pem3.oem3 (.text:ti_uia_loggers_LoggerStopMode_write0__E)
                  00005e68    000000d4     driverlib.lib : rfc.obj (.text:NOROM_RFCRfTrimRead)
                  00005f3c    000000d0     dpl_cc13x0.aem3 : PowerCC26XX_tirtos.oem3 (.text:PowerCC26XX_standbyPolicy)
                  0000600c    000000cc     sysbios.aem3 : m3_Hwi_asm.obj (.text:ti_sysbios_family_arm_m3_Hwi_dispatch__I)
                  000060d8    000000c4     drivers_cc13x0.aem3 : ADCCC26XX.oem3 (.text:ADCCC26XX_convert)
                  0000619c    000000c4     driverlib.lib : setup.obj (.text:TrimAfterColdResetWakeupFromShutDown)
                  00006260    000000c4     smartrf_settings_predefined.obj (.text:rf_patch_mce_sl_longrange)
                  00006324    000000c4     main.obj (.text:rxBeaconFunc)
                  000063e8    000000c4     sysbios.aem3 : BIOS.obj (.text:ti_sysbios_knl_Task_Instance_init__E)
                  000064ac    000000c0     drivers_cc13x0.aem3 : I2CCC26XX.oem3 (.text:I2CCC26XX_transfer)
                  0000656c    000000c0     driverlib.lib : aux_adc.obj (.text:NOROM_AUXADCEnableSync)
                  0000662c    000000c0     sysbios.aem3 : BIOS.obj (.text:ti_sysbios_knl_Task_schedule__I)
                  000066ec    000000bc     main.obj (.text:I2CreadBytes)
                  000067a8    000000bc     drivers_cc13x0.aem3 : PowerCC26XX.oem3 (.text:Power_releaseDependency)
                  00006864    000000bc                         : UARTCC26XX.oem3 (.text:UARTCC26XX_initHw)
                  00006920    000000bc     sysbios.aem3 : BIOS.obj (.text:ti_sysbios_knl_Semaphore_post__E)
                  000069dc    000000b8     main.obj (.text:adc1TaskFunc)
                  00006a94    000000b8     sysbios.aem3 : BIOS.obj (.text:ti_sysbios_knl_Task_startCore__E)
                  00006b4c    000000b4     drivers_cc13x0.aem3 : PowerCC26XX.oem3 (.text:Power_setDependency)
                  00006c00    000000b4     main.obj (.text:getMagInitial)
                  00006cb4    000000b0     sysbios.aem3 : BIOS.obj (.text:ti_sysbios_knl_Task_yield__E)
                  00006d64    000000a8     driverlib.lib : setup.obj (.text:NOROM_SetupTrimDevice)
                  00006e0c    000000a8     sysbios.aem3 : BIOS.obj (.text:ti_sysbios_knl_Swi_post__E)
                  00006eb4    000000a4     driverlib.lib : setup_rom.obj (.text:NOROM_SetupAfterColdResetWakeupFromShutDownCfg1)
                  00006f58    000000a4     rf_multiMode_cc13x0.aem3 : RFCC26XX_multiMode.oem3 (.text:RF_dispatchCmd)
                  00006ffc    000000a0     auto_init.aem3 : auto_init.oem3 (.text)
                  0000709c    0000009e     sysbios.aem3 : BIOS.obj (.text:xdc_runtime_Text_putSite__E)
                  0000713a    00000002     display.aem3 : DisplayUart.oem3 (.text:DisplayUartMin_init)
                  0000713c    0000009c     rf_multiMode_cc13x0.aem3 : RFCC26XX_multiMode.oem3 (.text:RF_issueRadioFreeCb)
                  000071d8    0000009c     drivers_cc13x0.aem3 : WatchdogCC26XX.oem3 (.text:WatchdogCC26XX_open)
                  00007274    0000009c     rf_multiMode_cc13x0.aem3 : RFCC26XX_multiMode.oem3 (.text:hwiFxnCpe0PowerFsm)
                  00007310    0000009c     rtsv7M3_T_le_eabi.lib : memcpy_t2.obj (.text)
                  000073ac    0000009c     rf_multiMode_cc13x0.aem3 : RFCC26XX_multiMode.oem3 (.text:swiFxnHw)
                  00007448    00000098     drivers_cc13x0.aem3 : PINCC26XX.oem3 (.text:PIN_open)
                  000074e0    00000098                         : UARTCC26XX.oem3 (.text:UARTCC26XX_initIO)
                  00007578    00000098     sysbios.aem3 : BIOS.obj (.text:ti_sysbios_knl_Clock_workFuncDynamic__E)
                  00007610    00000098                  : BIOS.obj (.text:ti_sysbios_knl_Task_blockI__E)
                  000076a8    00000098                  : BIOS.obj (.text:xdc_runtime_Text_putMod__E)
                  00007740    00000094     EasyLink.obj (.text:EasyLink_abort)
                  000077d4    00000094     driverlib.lib : aux_adc.obj (.text:NOROM_AUXADCDisable)
                  00007868    00000094     main.obj (.text:readAccel)
                  000078fc    00000094     main.obj (.text:readGyro)
                  00007990    00000094     sysbios.aem3 : BIOS.obj (.text:ti_sysbios_knl_Task_Instance_finalize__E)
                  00007a24    00000094                  : BIOS.obj (.text:ti_sysbios_knl_Task_exit__E)
                  00007ab8    00000094     drivers_cc13x0.aem3 : UARTCC26XX.oem3 (.text:writeFinishedDoCallback)
                  00007b4c    00000092     rtsv7M3_T_le_eabi.lib : fs_div_t2.obj (.text)
                  00007bde    00000002     drivers_cc13x0.aem3 : WatchdogCC26XX.oem3 (.text:WatchdogCC26XX_close)
                  00007be0    00000090                         : I2CCC26XX.oem3 (.text:I2CCC26XX_cancel)
                  00007c70    00000090     ti.uia.loggers.aem3 : LoggerStopMode.oem3 (.text:ti_uia_loggers_LoggerStopMode_initQueueDescriptor__E)
                  00007d00    0000008c     drivers_cc13x0.aem3 : I2CCC26XX.oem3 (.text:I2CCC26XX_primeTransfer)
                  00007d8c    0000008c     rf_multiMode_cc13x0.aem3 : RFCC26XX_multiMode.oem3 (.text:RF_pendCmd)
                  00007e18    0000008c     drivers_cc13x0.aem3 : UARTCC26XX.oem3 (.text:UARTCC26XX_close)
                  00007ea4    0000008c                         : UARTCC26XX.oem3 (.text:UARTCC26XX_writeCancel)
                  00007f30    0000008c     sysbios.aem3 : BIOS.obj (.text:ti_sysbios_family_arm_m3_Hwi_Instance_init__E)
                  00007fbc    0000008c                  : BIOS.obj (.text:ti_sysbios_knl_Task_unblockI__E)
                  00008048    00000088     drivers_cc13x0.aem3 : ADCCC26XX.oem3 (.text:ADCCC26XX_open)
                  000080d0    00000088                         : PowerCC26XX.oem3 (.text:disableLFClockQualifiers)
                  00008158    00000086     rtsv7M3_T_le_eabi.lib : fd_cmp_t2.obj (.text:__aeabi_cdcmple)
                  000081de    00000086                           : fd_cmp_t2.obj (.text:__aeabi_cdrcmple)
                  00008264    00000084     drivers_cc13x0.aem3 : PowerCC26XX.oem3 (.text:switchXOSCHFclockFunc)
                  000082e8    00000080     sysbios.aem3 : BIOS.obj (.text:ti_sysbios_family_arm_m3_Hwi_initNVIC__E)
                  00008368    00000080                  : BIOS.obj (.text:ti_sysbios_knl_Task_postInit__I)
                  000083e8    0000007c     main.obj (.text:constrainScales)
                  00008464    0000007a     rtsv7M3_T_le_eabi.lib : fs_mul_t2.obj (.text)
                  000084de    0000007a                           : memset_t2.obj (.text)
                  00008558    00000078     main.obj (.text:LSM9DS1begin)
                  000085d0    00000078     drivers_cc13x0.aem3 : UARTCC26XX.oem3 (.text:writeTxFifoFlush)
                  00008648    00000074     driverlib.lib : setup_rom.obj (.text:NOROM_SetupSetVddrLevel)
                  000086bc    00000074     main.obj (.text:configInt)
                  00008730    00000074     sysbios.aem3 : BIOS.obj (.text:ti_sysbios_family_arm_cc26xx_Timer_start__E)
                  000087a4    00000074                  : BIOS.obj (.text:ti_sysbios_heaps_HeapMem_allocUnprotected__E)
                  00008818    00000074     ti.uia.runtime.aem3 : QueueDescriptor.oem3 (.text:ti_uia_runtime_QueueDescriptor_addToList__E)
                  0000888c    0000006e     sysbios.aem3 : BIOS.obj (.text:xdc_runtime_Core_createObject__I)
                  000088fa    00000002     rf_multiMode_cc13x0.aem3 : RFCC26XX_multiMode.oem3 (.text:defaultCallback)
                  000088fc    0000006d     sysbios.aem3 : BIOS.obj (.text:xdc_runtime_System_formatNum__I)
                  00008969    00000001     --HOLE-- [fill = 0]
                  0000896a    00000002     drivers_cc13x0.aem3 : PowerCC26XX.oem3 (.text:emptyClockFunc)
                  0000896c    0000006c                         : PowerCC26XX_calibrateRCOSC.oem3 (.text:PowerCC26XX_initiateCalibration)
                  000089d8    0000006c     sysbios.aem3 : BIOS.obj (.text:xdc_runtime_Memory_alloc__E)
                  00008a44    00000068     drivers_cc13x0.aem3 : I2CCC26XX.oem3 (.text:I2CCC26XX_close)
                  00008aac    00000068     main.obj (.text:I2CreadByte)
                  00008b14    00000068     main.obj (.text:I2CwriteByte)
                  00008b7c    00000068     driverlib.lib : setup_rom.obj (.text:NOROM_SetupGetTrimForAmpcompCtrl)
                  00008be4    00000068                   : setup_rom.obj (.text:NOROM_SetupGetTrimForAnabypassValue1)
                  00008c4c    00000068                   : sys_ctrl.obj (.text:NOROM_SysCtrl_DCDC_VoltageConditionalControl)
                  00008cb4    00000068     drivers_cc13x0.aem3 : UARTCC26XX.oem3 (.text:UARTCC26XX_readCancel)
                  00008d1c    00000068     rtsv7M3_T_le_eabi.lib : copy_decompress_lzss.obj (.text:decompress:lzss)
                  00008d84    00000068     rf_multiMode_cc13x0.aem3 : RFCC26XX_multiMode.oem3 (.text:flushPendCmd)
                  00008dec    00000068                              : RFCC26XX_multiMode.oem3 (.text:fsmXOSCState)
                  00008e54    00000068     rtsv7M3_T_le_eabi.lib : trgmsg.obj (.text)
                  00008ebc    00000068     sysbios.aem3 : BIOS.obj (.text:ti_sysbios_knl_Clock_startI__E)
                  00008f24    00000068                  : BIOS.obj (.text:ti_sysbios_knl_Swi_restoreHwi__E)
                  00008f8c    00000066     ti.uia.loggers.aem3 : LoggerStopMode.oem3 (.text:ti_uia_loggers_LoggerStopMode_flush__E)
                  00008ff2    00000066     sysbios.aem3 : BIOS.obj (.text:xdc_runtime_Core_deleteObject__I)
                  00009058    00000064     driverlib.lib : osc.obj (.text:NOROM_OSCHF_AttemptToSwitchToXosc)
                  000090bc    00000064     drivers_cc13x0.aem3 : PowerCC26XX.oem3 (.text:configureXOSCHF)
                  00009120    00000064     rf_multiMode_cc13x0.aem3 : RFCC26XX_multiMode.oem3 (.text:dispatchOpWhen)
                  00009184    00000064     main.obj (.text:main)
                  000091e8    00000064     sysbios.aem3 : BIOS.obj (.text:ti_sysbios_heaps_HeapMem_initPrimary__I)
                  0000924c    00000062     rf_multiMode_cc13x0.aem3 : RFCC26XX_multiMode.oem3 (.text:syncCb)
                  000092ae    00000002     smartrf_settings.obj (.text:enterGenfskSysPatch)
                  000092b0    00000060     driverlib.lib : osc.obj (.text:NOROM_OSCClockSourceSet)
                  00009310    00000060     drivers_cc13x0.aem3 : UARTCC26XX.oem3 (.text:UARTCC26XX_control)
                  00009370    00000060     smartrf_settings.obj (.text:configureGenfskPatch)
                  000093d0    00000060     smartrf_settings_predefined.obj (.text:configureGenfskPatch)
                  00009430    00000060     smartrf_settings_predefined.obj (.text:configureGenookPatch)
                  00009490    00000060     smartrf_settings_predefined.obj (.text:configureLrmPatch)
                  000094f0    00000060     smartrf_settings_predefined.obj (.text:configureSl_longrangePatch)
                  00009550    00000060     sysbios.aem3 : BIOS.obj (.text:ti_sysbios_knl_Clock_logTick__E)
                  000095b0    0000005c     display.aem3 : Display.oem3 (.text:Display_doOpen)
                  0000960c    0000005c     driverlib.lib : sys_ctrl.obj (.text:NOROM_SysCtrlAdjustRechargeAfterPowerDown)
                  00009668    0000005c     drivers_cc13x0.aem3 : PowerCC26XX_calibrateRCOSC.oem3 (.text:PowerCC26XX_RCOSC_clockFunc)
                  000096c4    0000005c                         : PowerCC26XX.oem3 (.text:PowerCC26XX_calibrate)
                  00009720    0000005c     main.obj (.text:createRFRXTasks)
                  0000977c    0000005c     rf_multiMode_cc13x0.aem3 : RFCC26XX_multiMode.oem3 (.text:ratChanFree)
                  000097d8    0000005c     sysbios.aem3 : BIOS.obj (.text:ti_sysbios_knl_Task_Module_startup__E)
                  00009834    0000005b                  : BIOS.obj (.text:xdc_runtime_Text_putLab__E)
                  0000988f    00000001     --HOLE-- [fill = 0]
                  00009890    00000058     drivers_cc13x0.aem3 : I2CCC26XX.oem3 (.text:I2CCC26XX_swiFxn)
                  000098e8    00000058                         : PINCC26XX.oem3 (.text:PIN_remove)
                  00009940    00000058     rf_multiMode_cc13x0.aem3 : RFCC26XX_multiMode.oem3 (.text:applyRfCorePatch)
                  00009998    00000058     sysbios.aem3 : BIOS.obj (.text:ti_sysbios_family_arm_m3_Hwi_postInit__I)
                  000099f0    00000058                  : BIOS.obj (.text:ti_sysbios_heaps_HeapMem_alloc__E)
                  00009a48    00000058                  : BIOS.obj (.text:ti_sysbios_heaps_HeapMem_freeUnprotected__E)
                  00009aa0    00000054     rf_multiMode_cc13x0.aem3 : RFCC26XX_multiMode.oem3 (.text:RF_getCurrentTime)
                  00009af4    00000054     main.obj (.text:calcaRes)
                  00009b48    00000054     main.obj (.text:calcmRes)
                  00009b9c    00000054     rf_multiMode_cc13x0.aem3 : RFCC26XX_multiMode.oem3 (.text:hwiFxnHw)
                  00009bf0    00000054     rtsv7M3_T_le_eabi.lib : exit.obj (.text)
                  00009c44    00000054     sysbios.aem3 : BIOS.obj (.text:ti_sysbios_knl_Swi_schedule__I)
                  00009c98    00000050     driverlib.lib : setup_rom.obj (.text:NOROM_SetupSetCacheModeAccordingToCcfgSetting)
                  00009ce8    00000050     main.obj (.text:readMag)
                  00009d38    00000050     drivers_cc13x0.aem3 : UARTCC26XX.oem3 (.text:startTxFifoEmptyClk)
                  00009d88    00000050     hello_pem3.oem3 (.text:ti_sysbios_family_arm_m3_Hwi_construct)
                  00009dd8    00000050     sysbios.aem3 : BIOS.obj (.text:ti_sysbios_knl_Swi_Instance_init__E)
                  00009e28    00000050                  : BIOS.obj (.text:ti_sysbios_knl_Swi_runLoop__I)
                  00009e78    00000050                  : BIOS.obj (.text:xdc_runtime_Startup_exec__E)
                  00009ec8    0000004c     drivers_cc13x0.aem3 : I2CCC26XX.oem3 (.text:I2CCC26XX_initHw)
                  00009f14    0000004c     rf_multiMode_cc13x0.aem3 : RFCC26XX_multiMode.oem3 (.text:RF_wakeupNotifyFxn)
                  00009f60    0000004c     rtsv7M3_T_le_eabi.lib : cpy_tbl.obj (.text)
                  00009fac    0000004c     sysbios.aem3 : m3_TaskSupport_asm.obj (.text:ti_sysbios_family_arm_m3_TaskSupport_buildTaskStack)
                  00009ff8    0000004c     hello_pem3.oem3 (.text:ti_sysbios_knl_Swi_construct)
                  0000a044    0000004c     hello_pem3.oem3 (.text:ti_sysbios_knl_Task_construct)
                  0000a090    0000004c     ti.uia.loggers.aem3 : LoggerStopMode.oem3 (.text:ti_uia_loggers_LoggerStopMode_Module_startup__E)
                  0000a0dc    0000004a     display.aem3 : DisplayUart.oem3 (.text:DisplayUartMin_open)
                  0000a126    00000002     smartrf_settings_predefined.obj (.text:enterGenfskSysPatch)
                  0000a128    00000048     dpl_cc13x0.aem3 : ClockP_tirtos.oem3 (.text:ClockP_construct)
                  0000a170    00000048     drivers_cc13x0.aem3 : PINCC26XX.oem3 (.text:PIN_setOutputEnable)
                  0000a1b8    00000048     main.obj (.text:calcgRes)
                  0000a200    00000048     main.obj (.text:clockSetup)
                  0000a248    00000048     main.obj (.text:pinCallback)
                  0000a290    00000048     rtsv7M3_T_le_eabi.lib : fd_toi_t2.obj (.text)
                  0000a2d8    00000048     sysbios.aem3 : BIOS.obj (.text:ti_sysbios_family_arm_m3_Hwi_Module_startup__E)
                  0000a320    00000048                  : m3_Hwi_asm_switch.obj (.text:ti_sysbios_family_arm_m3_Hwi_initStacks__E)
                  0000a368    00000048                  : BIOS.obj (.text:ti_sysbios_heaps_HeapMem_getStats__E)
                  0000a3b0    00000048                  : BIOS.obj (.text:xdc_runtime_Assert_raise__I)
                  0000a3f8    00000048                  : BIOS.obj (.text:xdc_runtime_Core_assignParams__I)
                  0000a440    00000048                  : BIOS.obj (.text:xdc_runtime_Core_constructObject__I)
                  0000a488    00000046     display.aem3 : DisplayUart.oem3 (.text:DisplayUartMin_vprintf)
                  0000a4ce    00000002     smartrf_settings_predefined.obj (.text:enterGenookSysPatch)
                  0000a4d0    00000044     drivers_cc13x0.aem3 : PINCC26XX.oem3 (.text:PIN_swi)
                  0000a514    00000044     rf_multiMode_cc13x0.aem3 : RFCC26XX_multiMode.oem3 (.text:RF_releasePowerConstraint)
                  0000a558    00000044     drivers_cc13x0.aem3 : RingBuf.oem3 (.text:RingBuf_put)
                  0000a59c    00000044     boot.aem3 : boot.oem3 (.text)
                  0000a5e0    00000044     main.obj (.text:initializationTaskFunc)
                  0000a624    00000044     drivers_cc13x0.aem3 : PowerCC26XX.oem3 (.text:notify)
                  0000a668    00000044     rtsv7M3_T_le_eabi.lib : fd_tou_t2.obj (.text)
                  0000a6ac    00000044     sysbios.aem3 : BIOS.obj (.text:ti_sysbios_family_arm_m3_Hwi_disableInterrupt__E)
                  0000a6f0    00000044                  : BIOS.obj (.text:ti_sysbios_family_arm_m3_Hwi_enableInterrupt__E)
                  0000a734    00000044                  : BIOS.obj (.text:ti_sysbios_knl_Task_allBlockedFunction__I)
                  0000a778    00000044     ti.uia.loggers.aem3 : LoggerStopMode.oem3 (.text:ti_uia_loggers_LoggerStopMode_initBuffer__I)
                  0000a7bc    00000044     sysbios.aem3 : BIOS.obj (.text:xdc_runtime_SysMin_flush__E)
                  0000a800    00000044                  : BIOS.obj (.text:xdc_runtime_Text_xprintf__I)
                  0000a844    00000040     drivers_cc13x0.aem3 : ADCCC26XX.oem3 (.text:ADCCC26XX_convertToMicroVolts)
                  0000a884    00000040                         : ADC.oem3 (.text:ADC_init)
                  0000a8c4    00000040                         : ADC.oem3 (.text:ADC_open)
                  0000a904    00000040     dpl_cc13x0.aem3 : HwiP_tirtos.oem3 (.text:HwiP_construct)
                  0000a944    00000040     drivers_cc13x0.aem3 : I2C.oem3 (.text:I2C_init)
                  0000a984    00000040                         : I2C.oem3 (.text:I2C_open)
                  0000a9c4    00000040                         : UART.oem3 (.text:UART_init)
                  0000aa04    00000040                         : UART.oem3 (.text:UART_open)
                  0000aa44    00000040                         : Watchdog.oem3 (.text:Watchdog_init)
                  0000aa84    00000040                         : Watchdog.oem3 (.text:Watchdog_open)
                  0000aac4    00000040     main.obj (.text:accelTaskFunc)
                  0000ab04    00000040     main.obj (.text:gyroTaskFunc)
                  0000ab44    00000040     main.obj (.text:magTaskFunc)
                  0000ab84    00000040     rtsv7M3_T_le_eabi.lib : u_divt2.obj (.text)
                  0000abc4    00000040     sysbios.aem3 : BIOS.obj (.text:ti_sysbios_family_arm_cc26xx_Timer_setThreshold__I)
                  0000ac04    00000040                  : BIOS.obj (.text:ti_sysbios_family_arm_m3_Hwi_getStackInfo__E)
                  0000ac44    0000003e     drivers_cc13x0.aem3 : RingBuf.oem3 (.text:RingBuf_get)
                  0000ac82    0000003e     hello_pem3.oem3 (.text:realloc)
                  0000acc0    0000003c     drivers_cc13x0.aem3 : ADCCC26XX.oem3 (.text:ADCCC26XX_close)
                  0000acfc    0000003c     driverlib.lib : chipinfo.obj (.text:NOROM_ChipInfo_GetHwRevision)
                  0000ad38    0000003c                   : osc.obj (.text:NOROM_OSC_HPOSCRelativeFrequencyOffsetGet)
                  0000ad74    0000003c                   : rfc.obj (.text:NOROM_RFCSynthPowerDown)
                  0000adb0    0000003c     drivers_cc13x0.aem3 : PowerCC26XX.oem3 (.text:PowerCC26XX_isStableXOSC_HF)
                  0000adec    0000003c                         : PowerCC26XX.oem3 (.text:PowerCC26XX_switchXOSC_HF)
                  0000ae28    0000003c     rf_multiMode_cc13x0.aem3 : RFCC26XX_multiMode.oem3 (.text:RF_runCmd)
                  0000ae64    0000003c     dpl_cc13x0.aem3 : SwiP_tirtos.oem3 (.text:SwiP_construct)
                  0000aea0    0000003c     main.obj (.text:calibrationTaskFunc)
                  0000aedc    0000003c     sysbios.aem3 : BIOS.obj (.text:ti_sysbios_family_arm_m3_Hwi_construct2__E)
                  0000af18    00000038     drivers_cc13x0.aem3 : PINCC26XX.oem3 (.text:PIN_setOutputValue)
                  0000af50    00000038     rf_multiMode_cc13x0.aem3 : RFCC26XX_multiMode.oem3 (.text:Q_end)
                  0000af88    00000038                              : RFCC26XX_multiMode.oem3 (.text:RF_checkCmdFsError)
                  0000afc0    00000038     drivers_cc13x0.aem3 : UARTCC26XX.oem3 (.text:UARTCC26XX_swiIntFxn)
                  0000aff8    00000038     main.obj (.text:createADC1Task)
                  0000b030    00000038     main.obj (.text:createAccelTask)
                  0000b068    00000038     main.obj (.text:createCalibrationTask)
                  0000b0a0    00000038     main.obj (.text:createGyroTask)
                  0000b0d8    00000038     main.obj (.text:createInitializationTask)
                  0000b110    00000038     main.obj (.text:createMagTask)
                  0000b148    00000038     main.obj (.text:createRFTXTasks)
                  0000b180    00000038     main.obj (.text:pinSetup)
                  0000b1b8    00000038     drivers_cc13x0.aem3 : UARTCC26XX.oem3 (.text:readData)
                  0000b1f0    00000038     rtsv7M3_T_le_eabi.lib : fs_tod_t2.obj (.text)
                  0000b228    00000038                           : fs_toi_t2.obj (.text)
                  0000b260    00000038                           : i_tofs_t2.obj (.text)
                  0000b298    00000038     sysbios.aem3 : BIOS.obj (.text:ti_sysbios_family_arm_cc26xx_Timer_getCurrentTick__E)
                  0000b2d0    00000038                  : BIOS.obj (.text:ti_sysbios_family_arm_m3_Hwi_Instance_finalize__E)
                  0000b308    00000038                  : BIOS.obj (.text:ti_sysbios_heaps_HeapMem_Instance_init__E)
                  0000b340    00000038                  : BIOS.obj (.text:ti_sysbios_knl_Clock_Instance_init__E)
                  0000b378    00000038     drivers_cc13x0.aem3 : UARTCC26XX.oem3 (.text:writeData)
                  0000b3b0    00000038     sysbios.aem3 : BIOS.obj (.text:xdc_runtime_SysMin_putch__E)
                  0000b3e8    00000038                  : BIOS.obj (.text:xdc_runtime_System_atexit__E)
                  0000b420    00000034     driverlib.lib : aux_adc.obj (.text:NOROM_AUXADCDisableInputScaling)
                  0000b454    00000034                   : osc.obj (.text:NOROM_OSCHF_SwitchToRcOscTurnOffXosc)
                  0000b488    00000034     drivers_cc13x0.aem3 : PINCC26XX.oem3 (.text:PIN_setConfig)
                  0000b4bc    00000034                         : PowerCC26XX.oem3 (.text:Power_releaseConstraint)
                  0000b4f0    00000034     rf_multiMode_cc13x0.aem3 : RFCC26XX_multiMode.oem3 (.text:Q_push)
                  0000b524    00000034     sysbios.aem3 : BIOS.obj (.text:ti_sysbios_family_arm_cc26xx_Timer_initDevice__I)
                  0000b558    00000034     hello_pem3.oem3 (.text:ti_sysbios_knl_Semaphore_create)
                  0000b58c    00000034     sysbios.aem3 : BIOS.obj (.text:ti_sysbios_knl_Swi_restore__E)
                  0000b5c0    00000034     ti.uia.loggers.aem3 : LoggerStopMode.oem3 (.text:ti_uia_loggers_LoggerStopMode_reset__E)
                  0000b5f4    00000034     main.obj (.text:wdtSetup)
                  0000b628    00000034     sysbios.aem3 : BIOS.obj (.text:xdc_runtime_Core_assignLabel__I)
                  0000b65c    00000032                  : BIOS.obj (.text:ti_sysbios_family_arm_cc26xx_Timer_setNextTick__E)
                  0000b68e    00000002     smartrf_settings_predefined.obj (.text:enterLrmSysPatch)
                  0000b690    00000030     driverlib.lib : chipinfo.obj (.text:NOROM_ChipInfo_GetChipType)
                  0000b6c0    00000030                   : setup_rom.obj (.text:NOROM_SetupSetAonRtcSubSecInc)
                  0000b6f0    00000030     drivers_cc13x0.aem3 : PowerCC26XX.oem3 (.text:Power_setConstraint)
                  0000b720    00000030     driverlib.lib : adi.obj (.text:SafeHapiAuxAdiSelect)
                  0000b750    00000030     drivers_cc13x0.aem3 : WatchdogCC26XX.oem3 (.text:WatchdogCC26XX_setReload)
                  0000b780    00000030     rf_multiMode_cc13x0.aem3 : RFCC26XX_multiMode.oem3 (.text:clkPowerUpFxn)
                  0000b7b0    00000030     main.obj (.text:initI2C)
                  0000b7e0    00000030     drivers_cc13x0.aem3 : UARTCC26XX.oem3 (.text:readData2RingBuf)
                  0000b810    00000030     hello_pem3.oem3 (.text:ti_sysbios_BIOS_atExitFunc__I)
                  0000b840    00000030     hello_pem3.oem3 (.text:ti_sysbios_BIOS_startFunc__I)
                  0000b870    00000030     hello_pem3.oem3 (.text:ti_sysbios_gates_GateHwi_Object__create__S)
                  0000b8a0    00000030     hello_pem3.oem3 (.text:ti_sysbios_gates_GateMutex_Object__create__S)
                  0000b8d0    00000030     sysbios.aem3 : BIOS.obj (.text:ti_sysbios_gates_GateMutex_enter__E)
                  0000b900    00000030     hello_pem3.oem3 (.text:ti_sysbios_heaps_HeapMem_Object__create__S)
                  0000b930    00000030     sysbios.aem3 : BIOS.obj (.text:ti_sysbios_heaps_HeapMem_free__E)
                  0000b960    00000030     hello_pem3.oem3 (.text:ti_sysbios_knl_Clock_construct)
                  0000b990    00000030     hello_pem3.oem3 (.text:ti_sysbios_knl_Semaphore_construct)
                  0000b9c0    00000030     sysbios.aem3 : BIOS.obj (.text:ti_sysbios_knl_Task_processVitalTaskFlag__I)
                  0000b9f0    00000030     hello_pem3.oem3 (.text:ti_uia_loggers_LoggerStopMode_Object__create__S)
                  0000ba20    00000030     sysbios.aem3 : BIOS.obj (.text:xdc_runtime_SysMin_abort__E)
                  0000ba50    00000030                  : BIOS.obj (.text:xdc_runtime_System_processAtExit__E)
                  0000ba80    0000002f                  : BIOS.obj (.text:xdc_runtime_Text_printVisFxn__I)
                  0000baaf    00000001     --HOLE-- [fill = 0]
                  0000bab0    0000002e     rtsv7M3_T_le_eabi.lib : i_tofd_t2.obj (.text)
                  0000bade    0000002e     sysbios.aem3 : BIOS.obj (.text:ti_sysbios_family_arm_m3_TaskSupport_start__E)
                  0000bb0c    0000002e                  : BIOS.obj (.text:ti_sysbios_hal_Hwi_initStack)
                  0000bb3a    0000002e     hello_pem3.oem3 (.text:ti_sysbios_rts_gnu_MemAlloc_alloc)
                  0000bb68    0000002c     driverlib.lib : ddi.obj (.text:NOROM_DDI32RegWrite)
                  0000bb94    0000002c                   : osc.obj (.text:NOROM_OSCClockSourceGet)
                  0000bbc0    0000002c                   : rfc.obj (.text:NOROM_RFCCPEPatchReset)
                  0000bbec    0000002c                   : setup_rom.obj (.text:NOROM_SetupGetTrimForRadcExtCfg)
                  0000bc18    0000002c     drivers_cc13x0.aem3 : PINCC26XX.oem3 (.text:PINCC26XX_setMux)
                  0000bc44    0000002c     dpl_cc13x0.aem3 : SemaphoreP_tirtos.oem3 (.text:SemaphoreP_constructBinary)
                  0000bc70    0000002c                     : SemaphoreP_tirtos.oem3 (.text:SemaphoreP_createBinary)
                  0000bc9c    0000002c     main.obj (.text:calcAccel)
                  0000bcc8    0000002c     rf_multiMode_cc13x0.aem3 : RFCC26XX_multiMode.oem3 (.text:getCmd)
                  0000bcf4    0000002c     sysbios.aem3 : BIOS.obj (.text:ti_sysbios_knl_Clock_getTicksUntilInterrupt__E)
                  0000bd20    0000002c     hello_pem3.oem3 (.text:ti_sysbios_knl_Queue_construct)
                  0000bd4c    0000002c     sysbios.aem3 : BIOS.obj (.text:ti_sysbios_knl_Semaphore_pendTimeout__I)
                  0000bd78    0000002c                  : BIOS.obj (.text:xdc_runtime_Text_cordText__E)
                  0000bda4    0000002a     display.aem3 : Display.oem3 (.text:Display_doPrintf)
                  0000bdce    0000002a     sysbios.aem3 : BIOS.obj (.text:ti_sysbios_knl_Clock_getTimeout__E)
                  0000bdf8    0000002a                  : BIOS.obj (.text:xdc_runtime_System_putchar__I)
                  0000be22    00000002     smartrf_settings_predefined.obj (.text:enterSl_longrangeSysPatch)
                  0000be24    00000028     display.aem3 : Display.oem3 (.text:Display_doInit)
                  0000be4c    00000028     driverlib.lib : aon_batmon.obj (.text:NOROM_AONBatMonTemperatureGetDegC)
                  0000be74    00000028     drivers_cc13x0.aem3 : PowerCC26XX.oem3 (.text:Power_registerNotify)
                  0000be9c    00000028     driverlib.lib : adi.obj (.text:SafeHapiVoid)
                  0000bec4    00000028     drivers_cc13x0.aem3 : WatchdogCC26XX.oem3 (.text:WatchdogCC26XX_convertMsToTicks)
                  0000beec    00000028     main.obj (.text:adc1Setup)
                  0000bf14    00000028     main.obj (.text:clk0Fxn)
                  0000bf3c    00000028     sysbios.aem3 : BIOS.obj (.text:ti_sysbios_knl_Clock_addI__E)
                  0000bf64    00000028                  : BIOS.obj (.text:ti_sysbios_knl_Task_restore__E)
                  0000bf8c    00000024     driverlib.lib : rfc.obj (.text:NOROM_RFCDoorbellSendTo)
                  0000bfb0    00000024     drivers_cc13x0.aem3 : PINCC26XX.oem3 (.text:PINCC26XX_getPinCount)
                  0000bfd4    00000024     rf_multiMode_cc13x0.aem3 : RFCC26XX_multiMode.oem3 (.text:allocCmd)
                  0000bff8    00000024     main.obj (.text:mReadBytes)
                  0000c01c    00000024     main.obj (.text:rxRestartFunc)
                  0000c040    00000024     hello_pem3.oem3 (.text:ti_sysbios_BIOS_registerRTSLock__I)
                  0000c064    00000024     hello_pem3.oem3 (.text:ti_sysbios_BIOS_removeRTSLock__I)
                  0000c088    00000024     sysbios.aem3 : BIOS.obj (.text:ti_sysbios_family_arm_cc26xx_Timer_Module_startup__E)
                  0000c0ac    00000024                  : BIOS.obj (.text:ti_sysbios_family_arm_cc26xx_Timer_getMaxTicks__E)
                  0000c0d0    00000024                  : BIOS.obj (.text:ti_sysbios_family_arm_cc26xx_Timer_startup__E)
                  0000c0f4    00000024     hello_pem3.oem3 (.text:ti_sysbios_gates_GateMutex_Object__delete__S)
                  0000c118    00000024     sysbios.aem3 : BIOS.obj (.text:ti_sysbios_knl_Semaphore_Instance_init__E)
                  0000c13c    00000024     hello_pem3.oem3 (.text:ti_sysbios_knl_Semaphore_Object__delete__S)
                  0000c160    00000024     sysbios.aem3 : BIOS.obj (.text:ti_sysbios_knl_Swi_Module_startup__E)
                  0000c184    00000024     main.obj (.text:xgReadBytes)
                  0000c1a8    00000022     drivers_cc13x0.aem3 : List.oem3 (.text:List_put)
                  0000c1ca    00000022     driverlib.lib : aux_adc.obj (.text:NOROM_AUXADCAdjustValueForGainAndOffset)
                  0000c1ec    00000022     sysbios.aem3 : BIOS.obj (.text:ti_sysbios_family_arm_cc26xx_Timer_postInit__I)
                  0000c20e    00000022     hello_pem3.oem3 (.text:xdc_runtime_SysMin_output__I)
                  0000c230    00000020     driverlib.lib : rfc.obj (.text:NOROM_RFCAdi3VcoLdoVoltageMode)
                  0000c250    00000020                   : setup_rom.obj (.text:NOROM_SetupGetTrimForXoscHfCtl)
                  0000c270    00000020     dpl_cc13x0.aem3 : PowerCC26XX_tirtos.oem3 (.text:PowerCC26XX_schedulerDisable)
                  0000c290    00000020                     : PowerCC26XX_tirtos.oem3 (.text:PowerCC26XX_schedulerRestore)
                  0000c2b0    00000020     drivers_cc13x0.aem3 : PowerCC26XX.oem3 (.text:Power_unregisterNotify)
                  0000c2d0    00000020     main.obj (.text:calcGyro)
                  0000c2f0    00000020     main.obj (.text:displaySetup)
                  0000c310    00000020     main.obj (.text:mWriteByte)
                  0000c330    00000020     hello_pem3.oem3 (.text:ti_sysbios_BIOS_rtsLock__I)
                  0000c350    00000020     sysbios.aem3 : BIOS.obj (.text:ti_sysbios_family_arm_cc26xx_Timer_dynamicStub__E)
                  0000c370    00000020                  : BIOS.obj (.text:ti_sysbios_family_arm_cc26xx_TimestampProvider_Module_startup__E)
                  0000c390    00000020                  : m3_Hwi_asm.obj (.text:ti_sysbios_family_arm_m3_Hwi_excHandlerAsm__I)
                  0000c3b0    00000020                  : BIOS.obj (.text:ti_sysbios_family_arm_m3_Hwi_excHandler__I)
                  0000c3d0    00000020     hello_pem3.oem3 (.text:ti_sysbios_gates_GateHwi_Object__delete__S)
                  0000c3f0    00000020     hello_pem3.oem3 (.text:ti_sysbios_heaps_HeapMem_Object__delete__S)
                  0000c410    00000020     sysbios.aem3 : BIOS.obj (.text:ti_sysbios_knl_Clock_Module_startup__E)
                  0000c430    00000020     hello_pem3.oem3 (.text:ti_sysbios_knl_Clock_destruct)
                  0000c450    00000020     sysbios.aem3 : BIOS.obj (.text:ti_sysbios_knl_Clock_getTicks__E)
                  0000c470    00000020                  : BIOS.obj (.text:ti_sysbios_knl_Clock_stop__E)
                  0000c490    00000020                  : BIOS.obj (.text:ti_sysbios_knl_Idle_run__E)
                  0000c4b0    00000020     hello_pem3.oem3 (.text:ti_sysbios_knl_Semaphore_destruct)
                  0000c4d0    00000020     sysbios.aem3 : BIOS.obj (.text:ti_sysbios_knl_Task_restoreHwi__E)
                  0000c4f0    00000020     hello_pem3.oem3 (.text:ti_uia_loggers_LoggerStopMode_Object__delete__S)
                  0000c510    00000020     sysbios.aem3 : BIOS.obj (.text:xdc_runtime_Registry_findById__E)
                  0000c530    00000020                  : BIOS.obj (.text:xdc_runtime_SysMin_Module_startup__E)
                  0000c550    00000020     main.obj (.text:xgWriteByte)
                  0000c570    0000001e     drivers_cc13x0.aem3 : PINCC26XX.oem3 (.text:PIN_close)
                  0000c58e    0000001e                         : PowerCC26XX.oem3 (.text:Power_getTransitionLatency)
                  0000c5ac    0000001e     sysbios.aem3 : m3_Hwi_asm_switch.obj (.text:ti_sysbios_family_xxx_Hwi_switchAndRunFunc)
                  0000c5ca    00000002     rtsv7M3_T_le_eabi.lib : i_div0.obj (.text)
                  0000c5cc    0000001c     driverlib.lib : aux_adc.obj (.text:NOROM_AUXADCGetAdjustmentGain)
                  0000c5e8    0000001c                   : chipinfo.obj (.text:NOROM_ChipInfo_GetChipFamily)
                  0000c604    0000001c                   : setup_rom.obj (.text:NOROM_SetupGetTrimForAmpcompTh2)
                  0000c620    0000001c                   : setup_rom.obj (.text:NOROM_SetupGetTrimForRcOscLfRtuneCtuneTrim)
                  0000c63c    0000001c     drivers_cc13x0.aem3 : PINCC26XX.oem3 (.text:PINCC26XX_setIoCfgMux)
                  0000c658    0000001c                         : PINCC26XX.oem3 (.text:PIN_hwi)
                  0000c674    0000001c     rf_multiMode_cc13x0.aem3 : RFCC26XX_multiMode.oem3 (.text:RF_setPowerConstraint)
                  0000c690    0000001c                              : RFCC26XX_multiMode.oem3 (.text:clkInactivityFxn)
                  0000c6ac    0000001c     smartrf_settings.obj (.text:enterGenfskCpePatch)
                  0000c6c8    0000001c     smartrf_settings_predefined.obj (.text:enterGenfskCpePatch)
                  0000c6e4    0000001c     smartrf_settings_predefined.obj (.text:enterGenookCpePatch)
                  0000c700    0000001c     smartrf_settings_predefined.obj (.text:enterLrmCpePatch)
                  0000c71c    0000001c     smartrf_settings_predefined.obj (.text:enterSl_longrangeCpePatch)
                  0000c738    0000001c     rf_multiMode_cc13x0.aem3 : RFCC26XX_multiMode.oem3 (.text:hwiFxnCpe0ChangePhy)
                  0000c754    0000001c     hello_pem3.oem3 (.text:ti_sysbios_family_arm_m3_Hwi_destruct)
                  0000c770    0000001c     sysbios.aem3 : BIOS.obj (.text:ti_sysbios_family_arm_m3_Hwi_setPriority__E)
                  0000c78c    0000001c                  : BIOS.obj (.text:ti_sysbios_gates_GateMutex_Instance_init__E)
                  0000c7a8    0000001c                  : BIOS.obj (.text:ti_sysbios_knl_Clock_scheduleNextTick__E)
                  0000c7c4    0000001c     hello_pem3.oem3 (.text:ti_sysbios_knl_Queue_destruct)
                  0000c7e0    0000001c     sysbios.aem3 : BIOS.obj (.text:ti_sysbios_knl_Queue_put__E)
                  0000c7fc    0000001c                  : BIOS.obj (.text:ti_sysbios_knl_Swi_construct2__E)
                  0000c818    0000001c     hello_pem3.oem3 (.text:ti_sysbios_knl_Swi_destruct)
                  0000c834    0000001c     sysbios.aem3 : BIOS.obj (.text:ti_sysbios_knl_Task_enter__I)
                  0000c850    0000001c     ti.uia.loggers.aem3 : LoggerStopMode.oem3 (.text:ti_uia_loggers_LoggerStopMode_Instance_init__E)
                  0000c86c    0000001c     sysbios.aem3 : BIOS.obj (.text:xdc_runtime_Error_check__E)
                  0000c888    0000001c                  : BIOS.obj (.text:xdc_runtime_Error_raiseX__E)
                  0000c8a4    0000001c                  : BIOS.obj (.text:xdc_runtime_Memory_valloc__E)
                  0000c8c0    0000001c                  : BIOS.obj (.text:xdc_runtime_SysMin_exit__E)
                  0000c8dc    0000001c                  : BIOS.obj (.text:xdc_runtime_System_abort__E)
                  0000c8f8    0000001a                  : m3_Hwi_asm.obj (.text:ti_sysbios_family_arm_m3_Hwi_pendSV__I)
                  0000c912    00000002                  : BIOS.obj (.text:ti_sysbios_BIOS_linkedWithIncorrectBootLibrary__E)
                  0000c914    00000018     CC1310_LAUNCHXL.obj (.text:CC1310_LAUNCHXL_initGeneral)
                  0000c92c    00000018     driverlib.lib : aon_rtc.obj (.text:NOROM_AONRTCCurrentCompareValueGet)
                  0000c944    00000018                   : aux_adc.obj (.text:NOROM_AUXADCGetAdjustmentOffset)
                  0000c95c    00000018                   : chipinfo.obj (.text:NOROM_ChipInfo_GetPackageType)
                  0000c974    00000018                   : osc.obj (.text:NOROM_OSCHF_TurnOnXosc)
                  0000c98c    00000018                   : rfc.obj (.text:NOROM_RFCCpeIntGetAndClear)
                  0000c9a4    00000018                   : setup_rom.obj (.text:NOROM_SetupGetTrimForAdcShModeEn)
                  0000c9bc    00000018                   : setup_rom.obj (.text:NOROM_SetupGetTrimForAdcShVbufEn)
                  0000c9d4    00000018                   : setup_rom.obj (.text:NOROM_SetupGetTrimForAmpcompTh1)
                  0000c9ec    00000018                   : setup_rom.obj (.text:NOROM_SetupGetTrimForDblrLoopFilterResetVoltage)
                  0000ca04    00000018                   : setup_rom.obj (.text:NOROM_SetupGetTrimForRcOscLfIBiasTrim)
                  0000ca1c    00000018                   : setup_rom.obj (.text:NOROM_SetupGetTrimForXoscLfRegulatorAndCmirrwrRatio)
                  0000ca34    00000018     drivers_cc13x0.aem3 : PowerCC26XX.oem3 (.text:Power_idleFunc)
                  0000ca4c    00000018                         : UARTCC26XX.oem3 (.text:UARTCC26XX_init)
                  0000ca64    00000018                         : UART.oem3 (.text:UART_Params_init)
                  0000ca7c    00000018                         : PowerCC26XX.oem3 (.text:configureRFCoreClocks)
                  0000ca94    00000018     hello_pem3.oem3 (.text:free)
                  0000caac    00000018     main.obj (.text:mReadByte)
                  0000cac4    00000018     rtsv7M3_T_le_eabi.lib : args_main.obj (.text)
                  0000cadc    00000018                           : ll_mul_t2.obj (.text)
                  0000caf4    00000018     rf_multiMode_cc13x0.aem3 : RFCC26XX_multiMode.oem3 (.text:swiFxnFsm)
                  0000cb0c    00000018     hello_pem3.oem3 (.text:ti_sysbios_BIOS_rtsUnlock__I)
                  0000cb24    00000018     hello_pem3.oem3 (.text:ti_sysbios_family_arm_cc26xx_Timer_Module__startupDone__F)
                  0000cb3c    00000018     sysbios.aem3 : BIOS.obj (.text:ti_sysbios_family_arm_cc26xx_TimestampProvider_get64__E)
                  0000cb54    00000018     hello_pem3.oem3 (.text:ti_sysbios_family_arm_m3_Hwi_Module__startupDone__F)
                  0000cb6c    00000018     sysbios.aem3 : BIOS.obj (.text:ti_sysbios_family_arm_m3_Hwi_plug__E)
                  0000cb84    00000018     hello_pem3.oem3 (.text:ti_sysbios_gates_GateHwi_Handle__label__S)
                  0000cb9c    00000018     hello_pem3.oem3 (.text:ti_sysbios_gates_GateMutex_Handle__label__S)
                  0000cbb4    00000018     sysbios.aem3 : BIOS.obj (.text:ti_sysbios_gates_GateMutex_leave__E)
                  0000cbcc    00000018     hello_pem3.oem3 (.text:ti_sysbios_heaps_HeapMem_Handle__label__S)
                  0000cbe4    00000018     sysbios.aem3 : BIOS.obj (.text:ti_sysbios_knl_Swi_or__E)
                  0000cbfc    00000018                  : BIOS.obj (.text:ti_sysbios_knl_Task_unblock__E)
                  0000cc14    00000018     hello_pem3.oem3 (.text:ti_uia_loggers_LoggerStopMode_Handle__label__S)
                  0000cc2c    00000018     sysbios.aem3 : BIOS.obj (.text:xdc_runtime_Error_init__E)
                  0000cc44    00000018                  : BIOS.obj (.text:xdc_runtime_System_exit__E)
                  0000cc5c    00000018                  : BIOS.obj (.text:xdc_runtime_Text_ropeText__E)
                  0000cc74    00000018     main.obj (.text:xgReadByte)
                  0000cc8c    00000016     display.aem3 : DisplayUart.oem3 (.text:DisplayUartMin_close)
                  0000cca2    00000016     drivers_cc13x0.aem3 : List.oem3 (.text:List_remove)
                  0000ccb8    00000016     driverlib.lib : chipinfo.obj (.text:NOROM_ThisLibraryIsFor_CC13x0_HwRev20AndLater_HaltIfViolated)
                  0000ccce    00000016     rf_multiMode_cc13x0.aem3 : RFCC26XX_multiMode.oem3 (.text:Q_pop)
                  0000cce4    00000016     rtsv7M3_T_le_eabi.lib : strcpy.obj (.text)
                  0000ccfa    00000016     hello_pem3.oem3 (.text:ti_sysbios_BIOS_exitFunc__I)
                  0000cd10    00000016     sysbios.aem3 : BIOS.obj (.text:ti_sysbios_knl_Clock_Instance_finalize__E)
                  0000cd26    00000016     main.obj (.text:ti_sysbios_knl_Clock_Params_init)
                  0000cd3c    00000016     sysbios.aem3 : BIOS.obj (.text:ti_sysbios_knl_Clock_start__E)
                  0000cd52    00000016     EasyLink.obj (.text:ti_sysbios_knl_Semaphore_Params_init)
                  0000cd68    00000016     main.obj (.text:ti_sysbios_knl_Task_Params_init)
                  0000cd7e    00000016     ti.uia.loggers.aem3 : LoggerStopMode.oem3 (.text:ti_uia_loggers_LoggerStopMode_disable__E)
                  0000cd94    00000016                         : LoggerStopMode.oem3 (.text:ti_uia_loggers_LoggerStopMode_enable__E)
                  0000cdaa    00000002     hello_pem3.oem3 (.text:ti_sysbios_BIOS_nullFunc__I)
                  0000cdac    00000014     driverlib.lib : aon_rtc.obj (.text:NOROM_AONRTCCurrent64BitValueGet)
                  0000cdc0    00000014                   : aux_adc.obj (.text:NOROM_AUXADCValueToMicrovolts)
                  0000cdd4    00000014     drivers_cc13x0.aem3 : PINCC26XX.oem3 (.text:PINCC26XX_getOutputValue)
                  0000cde8    00000014     rf_multiMode_cc13x0.aem3 : RFCC26XX_multiMode.oem3 (.text:RF_Params_init)
                  0000cdfc    00000014     rtsv7M3_T_le_eabi.lib : _lock.obj (.text)
                  0000ce10    00000014                           : strlen.obj (.text)
                  0000ce24    00000014     hello_pem3.oem3 (.text:ti_sysbios_family_arm_m3_Hwi_Object__get__S)
                  0000ce38    00000014     sysbios.aem3 : BIOS.obj (.text:ti_sysbios_family_arm_m3_Hwi_switchFromBootStack__E)
                  0000ce4c    00000014     hello_pem3.oem3 (.text:ti_sysbios_heaps_HeapMem_Object__get__S)
                  0000ce60    00000014     hello_pem3.oem3 (.text:ti_sysbios_knl_Clock_doTick__I)
                  0000ce74    00000014     hello_pem3.oem3 (.text:ti_sysbios_knl_Swi_Object__get__S)
                  0000ce88    00000012     drivers_cc13x0.aem3 : RingBuf.oem3 (.text:RingBuf_construct)
                  0000ce9a    00000012     dpl_cc13x0.aem3 : SemaphoreP_tirtos.oem3 (.text:SemaphoreP_pend)
                  0000ceac    00000012     sysbios.aem3 : BIOS.obj (.text:ti_sysbios_hal_Hwi_Module_startup__E)
                  0000cebe    00000012     hello_pem3.oem3 (.text:xdc_runtime_Startup_exec__I)
                  0000ced0    00000010     dpl_cc13x0.aem3 : ClockP_tirtos.oem3 (.text:ClockP_isActive)
                  0000cee0    00000010                     : HwiP_tirtos.oem3 (.text:HwiP_Params_init)
                  0000cef0    00000010     drivers_cc13x0.aem3 : I2C.oem3 (.text:I2C_Params_init)
                  0000cf00    00000010     driverlib.lib : aux_adc.obj (.text:NOROM_AUXADCFlushFifo)
                  0000cf10    00000010                   : aux_adc.obj (.text:NOROM_AUXADCReadFifo)
                  0000cf20    00000010                   : rfc.obj (.text:NOROM_RFCRfTrimSet)
                  0000cf30    00000010                   : setup_rom.obj (.text:NOROM_SetupGetTrimForXoscHfFastStart)
                  0000cf40    00000010                   : setup_rom.obj (.text:NOROM_SetupGetTrimForXoscHfIbiastherm)
                  0000cf50    00000010     dpl_cc13x0.aem3 : SwiP_tirtos.oem3 (.text:SwiP_Params_init)
                  0000cf60    00000010     drivers_cc13x0.aem3 : WatchdogCC26XX.oem3 (.text:WatchdogCC26XX_clear)
                  0000cf70    00000010                         : Watchdog.oem3 (.text:Watchdog_Params_init)
                  0000cf80    00000010     smartrf_settings.obj (.text:applyGenfskPatch)
                  0000cf90    00000010     smartrf_settings_predefined.obj (.text:applyGenfskPatch)
                  0000cfa0    00000010     smartrf_settings_predefined.obj (.text:applyGenookPatch)
                  0000cfb0    00000010     smartrf_settings_predefined.obj (.text:applyLrmPatch)
                  0000cfc0    00000010     smartrf_settings_predefined.obj (.text:applySl_longrangePatch)
                  0000cfd0    00000010     drivers_cc13x0.aem3 : I2CCC26XX.oem3 (.text:i2cPostNotify)
                  0000cfe0    00000010     sysbios.aem3 : BIOS.obj (.text:ti_sysbios_BIOS_exit__E)
                  0000cff0    00000010                  : BIOS.obj (.text:ti_sysbios_BIOS_getCpuFreq__E)
                  0000d000    00000010                  : BIOS.obj (.text:ti_sysbios_BIOS_setThreadType__E)
                  0000d010    00000010                  : BIOS.obj (.text:ti_sysbios_BIOS_start__E)
                  0000d020    00000010                  : BIOS.obj (.text:ti_sysbios_family_arm_m3_Hwi_post__E)
                  0000d030    00000010                  : m3_TaskSupport_asm.obj (.text:ti_sysbios_family_arm_m3_TaskSupport_glue)
                  0000d040    00000010                  : m3_TaskSupport_asm.obj (.text:ti_sysbios_family_arm_m3_TaskSupport_swap__E)
                  0000d050    00000010                  : BIOS.obj (.text:ti_sysbios_gates_GateMutex_Instance_finalize__E)
                  0000d060    00000010                  : BIOS.obj (.text:ti_sysbios_knl_Semaphore_Instance_finalize__E)
                  0000d070    00000010                  : BIOS.obj (.text:ti_sysbios_knl_Swi_disable__E)
                  0000d080    00000010                  : BIOS.obj (.text:ti_sysbios_knl_Swi_enabled__E)
                  0000d090    00000010     hello_pem3.oem3 (.text:ti_sysbios_knl_Task_Object__get__S)
                  0000d0a0    00000010     sysbios.aem3 : BIOS.obj (.text:ti_sysbios_knl_Task_disable__E)
                  0000d0b0    00000010     hello_pem3.oem3 (.text:ti_uia_loggers_LoggerStopMode_Object__get__S)
                  0000d0c0    00000010     ti.uia.loggers.aem3 : LoggerStopMode.oem3 (.text:ti_uia_loggers_LoggerStopMode_isEmpty__E)
                  0000d0d0    00000010     drivers_cc13x0.aem3 : UARTCC26XX.oem3 (.text:uartPostNotify)
                  0000d0e0    00000010     sysbios.aem3 : BIOS.obj (.text:xdc_runtime_Gate_leaveSystem__E)
                  0000d0f0    00000010                  : BIOS.obj (.text:xdc_runtime_Memory_free__E)
                  0000d100    00000010                  : BIOS.obj (.text:xdc_runtime_SysMin_ready__E)
                  0000d110    00000010                  : BIOS.obj (.text:xdc_runtime_System_vsnprintf__E)
                  0000d120    0000000e     driverlib.lib : vims.obj (.text:NOROM_VIMSModeGet)
                  0000d12e    0000000e     rtsv7M3_T_le_eabi.lib : copy_decompress_none.obj (.text:decompress:none)
                  0000d13c    0000000e     sysbios.aem3 : BIOS.obj (.text:ti_sysbios_heaps_HeapMem_restore__E)
                  0000d14a    0000000e                  : BIOS.obj (.text:ti_sysbios_knl_Queue_empty__E)
                  0000d158    0000000e                  : BIOS.obj (.text:ti_sysbios_knl_Queue_remove__E)
                  0000d166    00000002                  : BIOS.obj (.text:ti_sysbios_gates_GateHwi_Instance_init__E)
                  0000d168    0000000c     rf_multiMode_cc13x0.aem3 : RFCC26XX_multiMode.oem3 (.text:FsmNextState)
                  0000d174    0000000c     drivers_cc13x0.aem3 : List.oem3 (.text:List_empty)
                  0000d180    0000000c     driverlib.lib : cpu.obj (.text:NOROM_CPUcpsid)
                  0000d18c    0000000c                   : cpu.obj (.text:NOROM_CPUcpsie)
                  0000d198    0000000c                   : osc.obj (.text:NOROM_OSC_HPOSCRelativeFrequencyOffsetToRFCoreFormatConvert)
                  0000d1a4    0000000c     drivers_cc13x0.aem3 : PINCC26XX.oem3 (.text:PIN_registerIntCb)
                  0000d1b0    0000000c                         : PowerCC26XX.oem3 (.text:Power_getConstraintMask)
                  0000d1bc    0000000c                         : PowerCC26XX.oem3 (.text:Power_getDependencyCount)
                  0000d1c8    0000000c     dpl_cc13x0.aem3 : SemaphoreP_tirtos.oem3 (.text:SemaphoreP_delete)
                  0000d1d4    0000000c     rtsv7M3_T_le_eabi.lib : copy_zero_init.obj (.text:decompress:ZI)
                  0000d1e0    0000000c     sysbios.aem3 : BIOS.obj (.text:ti_sysbios_BIOS_getThreadType__E)
                  0000d1ec    0000000c     hello_pem3.oem3 (.text:ti_sysbios_family_arm_m3_Hwi_Params__init__S)
                  0000d1f8    0000000c     sysbios.aem3 : BIOS.obj (.text:ti_sysbios_family_arm_m3_Hwi_disableFxn__E)
                  0000d204    0000000c                  : BIOS.obj (.text:ti_sysbios_family_arm_m3_TaskSupport_getStackAlignment__E)
                  0000d210    0000000c                  : BIOS.obj (.text:ti_sysbios_gates_GateHwi_enter__E)
                  0000d21c    0000000c     hello_pem3.oem3 (.text:ti_sysbios_knl_Clock_Params__init__S)
                  0000d228    0000000c     sysbios.aem3 : BIOS.obj (.text:ti_sysbios_knl_Clock_getTimerHandle__E)
                  0000d234    0000000c     hello_pem3.oem3 (.text:ti_sysbios_knl_Queue_Object__get__S)
                  0000d240    0000000c     sysbios.aem3 : BIOS.obj (.text:ti_sysbios_knl_Queue_dequeue__E)
                  0000d24c    0000000c                  : BIOS.obj (.text:ti_sysbios_knl_Queue_enqueue__E)
                  0000d258    0000000c     hello_pem3.oem3 (.text:ti_sysbios_knl_Semaphore_Params__init__S)
                  0000d264    0000000c     main.obj (.text:ti_sysbios_knl_Semaphore_handle)
                  0000d270    0000000c     hello_pem3.oem3 (.text:ti_sysbios_knl_Swi_Params__init__S)
                  0000d27c    0000000c     sysbios.aem3 : BIOS.obj (.text:ti_sysbios_knl_Swi_getTrigger__E)
                  0000d288    0000000c     hello_pem3.oem3 (.text:ti_sysbios_knl_Task_Params__init__S)
                  0000d294    0000000c     sysbios.aem3 : BIOS.obj (.text:ti_sysbios_knl_Task_self__E)
                  0000d2a0    0000000c                  : BIOS.obj (.text:xdc_runtime_Gate_enterSystem__E)
                  0000d2ac    0000000c                  : BIOS.obj (.text:xdc_runtime_Memory_calloc__E)
                  0000d2b8    0000000c                  : BIOS.obj (.text:xdc_runtime_Memory_getMaxDefaultTypeAlign__E)
                  0000d2c4    0000000c                  : BIOS.obj (.text:xdc_runtime_Startup_rtsDone__E)
                  0000d2d0    0000000a     drivers_cc13x0.aem3 : ADC.oem3 (.text:ADC_Params_init)
                  0000d2da    0000000a                         : ADC.oem3 (.text:ADC_convert)
                  0000d2e4    0000000a                         : ADC.oem3 (.text:ADC_convertToMicroVolts)
                  0000d2ee    0000000a                         : I2CCC26XX.oem3 (.text:I2CCC26XX_init)
                  0000d2f8    0000000a                         : I2C.oem3 (.text:I2C_transfer)
                  0000d302    0000000a                         : UART.oem3 (.text:UART_close)
                  0000d30c    0000000a                         : UART.oem3 (.text:UART_control)
                  0000d316    0000000a                         : UART.oem3 (.text:UART_write)
                  0000d320    0000000a                         : Watchdog.oem3 (.text:Watchdog_clear)
                  0000d32a    0000000a                         : Watchdog.oem3 (.text:Watchdog_setReload)
                  0000d334    0000000a     hello_pem3.oem3 (.text:xdc_runtime_IHeap_alloc)
                  0000d33e    0000000a     hello_pem3.oem3 (.text:xdc_runtime_IHeap_free)
                  0000d348    00000008     drivers_cc13x0.aem3 : ADCCC26XX.oem3 (.text:ADCCC26XX_init)
                  0000d350    00000008                         : I2CCC26XX.oem3 (.text:I2CCC26XX_blockingCallback)
                  0000d358    00000008                         : WatchdogCC26XX.oem3 (.text:WatchdogCC26XX_init)
                  0000d360    00000008                         : UARTCC26XX.oem3 (.text:readSemCallback)
                  0000d368    00000008     smartrf_settings.obj (.text:rf_patch_cpe_genfsk)
                  0000d370    00000008     smartrf_settings_predefined.obj (.text:rf_patch_cpe_genfsk)
                  0000d378    00000008     smartrf_settings_predefined.obj (.text:rf_patch_cpe_genook)
                  0000d380    00000008     smartrf_settings_predefined.obj (.text:rf_patch_cpe_lrm)
                  0000d388    00000008     smartrf_settings_predefined.obj (.text:rf_patch_cpe_sl_longrange)
                  0000d390    00000008     sysbios.aem3 : BIOS.obj (.text:ti_sysbios_family_arm_m3_Hwi_doSwiRestore__I)
                  0000d398    00000008                  : BIOS.obj (.text:ti_sysbios_family_arm_m3_Hwi_startup__E)
                  0000d3a0    00000008                  : BIOS.obj (.text:ti_sysbios_knl_Idle_loop__E)
                  0000d3a8    00000008     drivers_cc13x0.aem3 : UARTCC26XX.oem3 (.text:writeSemCallback)
                  0000d3b0    00000008     hello_pem3.oem3 (.text:xdc_runtime_Text_visitRope__I)
                  0000d3b8    00000006     drivers_cc13x0.aem3 : ADCCC26XX.oem3 (.text:ADCCC26XX_control)
                  0000d3be    00000006     dpl_cc13x0.aem3 : ClockP_tirtos.oem3 (.text:ClockP_Params_init)
                  0000d3c4    00000006     display.aem3 : DisplayUart.oem3 (.text:DisplayUartMin_control)
                  0000d3ca    00000006                  : DisplayUart.oem3 (.text:DisplayUartMin_getType)
                  0000d3d0    00000006     drivers_cc13x0.aem3 : I2CCC26XX.oem3 (.text:I2CCC26XX_control)
                  0000d3d6    00000006     driverlib.lib : cpu.obj (.text:NOROM_CPUdelay)
                  0000d3dc    00000006     drivers_cc13x0.aem3 : UARTCC26XX.oem3 (.text:UARTCC26XX_readPolling)
                  0000d3e2    00000006                         : UARTCC26XX.oem3 (.text:UARTCC26XX_writePolling)
                  0000d3e8    00000006                         : WatchdogCC26XX.oem3 (.text:WatchdogCC26XX_control)
                  0000d3ee    00000006     rf_multiMode_cc13x0.aem3 : RFCC26XX_multiMode.oem3 (.text:clkReqAccessFxn)
                  0000d3f4    00000006     sysbios.aem3 : BIOS.obj (.text:ti_sysbios_family_arm_m3_Hwi_doTaskRestore__I)
                  0000d3fa    00000006                  : BIOS.obj (.text:ti_sysbios_family_arm_m3_Hwi_restoreFxn__E)
                  0000d400    00000006                  : BIOS.obj (.text:ti_sysbios_family_arm_m3_Hwi_setFunc__E)
                  0000d406    00000006                  : BIOS.obj (.text:ti_sysbios_gates_GateHwi_leave__E)
                  0000d40c    00000006                  : BIOS.obj (.text:ti_sysbios_heaps_HeapMem_isBlocking__E)
                  0000d412    00000006                  : BIOS.obj (.text:ti_sysbios_knl_Queue_Instance_init__E)
                  0000d418    00000006                  : BIOS.obj (.text:ti_sysbios_knl_Queue_elemClear__E)
                  0000d41e    00000006                  : BIOS.obj (.text:ti_sysbios_knl_Swi_startup__E)
                  0000d424    00000006                  : BIOS.obj (.text:xdc_runtime_System_Module_startup__E)
                  0000d42a    00000004     dpl_cc13x0.aem3 : PowerCC26XX_tirtos.oem3 (.text:CPUwfi)
                  0000d42e    00000004                     : ClockP_tirtos.oem3 (.text:ClockP_destruct)
                  0000d432    00000004                     : ClockP_tirtos.oem3 (.text:ClockP_getCpuFreq)
                  0000d436    00000004                     : ClockP_tirtos.oem3 (.text:ClockP_getTimeout)
                  0000d43a    00000004                     : ClockP_tirtos.oem3 (.text:ClockP_setTimeout)
                  0000d43e    00000004                     : ClockP_tirtos.oem3 (.text:ClockP_start)
                  0000d442    00000004                     : ClockP_tirtos.oem3 (.text:ClockP_stop)
                  0000d446    00000004                     : HwiP_tirtos.oem3 (.text:HwiP_destruct)
                  0000d44a    00000004                     : HwiP_tirtos.oem3 (.text:HwiP_disable)
                  0000d44e    00000004                     : HwiP_tirtos.oem3 (.text:HwiP_disableInterrupt)
                  0000d452    00000004                     : HwiP_tirtos.oem3 (.text:HwiP_enableInterrupt)
                  0000d456    00000004                     : HwiP_tirtos.oem3 (.text:HwiP_plug)
                  0000d45a    00000004                     : HwiP_tirtos.oem3 (.text:HwiP_post)
                  0000d45e    00000004                     : HwiP_tirtos.oem3 (.text:HwiP_setFunc)
                  0000d462    00000004     drivers_cc13x0.aem3 : List.oem3 (.text:List_head)
                  0000d466    00000004                         : List.oem3 (.text:List_next)
                  0000d46a    00000004     rf_multiMode_cc13x0.aem3 : RFCC26XX_multiMode.oem3 (.text:Q_peek)
                  0000d46e    00000004     dpl_cc13x0.aem3 : SemaphoreP_tirtos.oem3 (.text:SemaphoreP_destruct)
                  0000d472    00000004                     : SemaphoreP_tirtos.oem3 (.text:SemaphoreP_post)
                  0000d476    00000004                     : SwiP_tirtos.oem3 (.text:SwiP_destruct)
                  0000d47a    00000004                     : SwiP_tirtos.oem3 (.text:SwiP_disable)
                  0000d47e    00000004                     : SwiP_tirtos.oem3 (.text:SwiP_getTrigger)
                  0000d482    00000004                     : SwiP_tirtos.oem3 (.text:SwiP_or)
                  0000d486    00000004                     : SwiP_tirtos.oem3 (.text:SwiP_post)
                  0000d48a    00000004                     : SystemP_tirtos.oem3 (.text:SystemP_vsnprintf)
                  0000d48e    00000004     drivers_cc13x0.aem3 : PowerCC26XX.oem3 (.text:nopResourceHandler)
                  0000d492    00000004     rtsv7M3_T_le_eabi.lib : error.obj (.text)
                  0000d496    00000004     hello_pem3.oem3 (.text:ti_sysbios_BIOS_RtsGateProxy_enter__E)
                  0000d49a    00000004     hello_pem3.oem3 (.text:ti_sysbios_BIOS_RtsGateProxy_leave__E)
                  0000d49e    00000004     sysbios.aem3 : BIOS.obj (.text:ti_sysbios_family_arm_cc26xx_Timer_getCount64__E)
                  0000d4a2    00000004                  : BIOS.obj (.text:ti_sysbios_family_arm_cc26xx_Timer_setPeriod__E)
                  0000d4a6    00000004     hello_pem3.oem3 (.text:ti_sysbios_family_arm_m3_TaskSupport_Module__startupDone__S)
                  0000d4aa    00000004     sysbios.aem3 : BIOS.obj (.text:ti_sysbios_gates_GateHwi_query__E)
                  0000d4ae    00000004                  : BIOS.obj (.text:ti_sysbios_gates_GateMutex_query__E)
                  0000d4b2    00000004     hello_pem3.oem3 (.text:ti_sysbios_heaps_HeapMem_Module_GateProxy_enter__E)
                  0000d4b6    00000004     hello_pem3.oem3 (.text:ti_sysbios_heaps_HeapMem_Module_GateProxy_leave__E)
                  0000d4ba    00000004     hello_pem3.oem3 (.text:ti_sysbios_knl_Clock_TimerProxy_getCurrentTick__E)
                  0000d4be    00000004     hello_pem3.oem3 (.text:ti_sysbios_knl_Clock_TimerProxy_getMaxTicks__E)
                  0000d4c2    00000004     hello_pem3.oem3 (.text:ti_sysbios_knl_Clock_TimerProxy_setNextTick__E)
                  0000d4c6    00000004     sysbios.aem3 : BIOS.obj (.text:ti_sysbios_knl_Clock_isActive__E)
                  0000d4ca    00000004                  : BIOS.obj (.text:ti_sysbios_knl_Clock_removeI__E)
                  0000d4ce    00000004                  : BIOS.obj (.text:ti_sysbios_knl_Clock_setTimeout__E)
                  0000d4d2    00000004                  : BIOS.obj (.text:ti_sysbios_knl_Queue_head__E)
                  0000d4d6    00000004                  : BIOS.obj (.text:ti_sysbios_knl_Queue_next__E)
                  0000d4da    00000004     hello_pem3.oem3 (.text:ti_sysbios_knl_Semaphore_delete)
                  0000d4de    00000004     sysbios.aem3 : BIOS.obj (.text:ti_sysbios_knl_Swi_postInit__I)
                  0000d4e2    00000004                  : BIOS.obj (.text:ti_sysbios_knl_Task_startup__E)
                  0000d4e6    00000004     ti.uia.loggers.aem3 : LoggerStopMode.oem3 (.text:ti_uia_loggers_LoggerStopMode_getContents__E)
                  0000d4ea    00000004     hello_pem3.oem3 (.text:ti_uia_loggers_LoggerStopMode_getFilterLevel__E)
                  0000d4ee    00000004     ti.uia.loggers.aem3 : LoggerStopMode.oem3 (.text:ti_uia_loggers_LoggerStopMode_getInstanceId__E)
                  0000d4f2    00000004                         : LoggerStopMode.oem3 (.text:ti_uia_loggers_LoggerStopMode_getMaxLength__E)
                  0000d4f6    00000004                         : LoggerStopMode.oem3 (.text:ti_uia_loggers_LoggerStopMode_getPriority__E)
                  0000d4fa    00000004                         : LoggerStopMode.oem3 (.text:ti_uia_loggers_LoggerStopMode_getTransferType__E)
                  0000d4fe    00000004     hello_pem3.oem3 (.text:xdc_runtime_System_Module_GateProxy_enter__E)
                  0000d502    00000004     hello_pem3.oem3 (.text:xdc_runtime_System_Module_GateProxy_leave__E)
                  0000d506    00000002     sysbios.aem3 : BIOS.obj (.text:ti_sysbios_knl_Clock_triggerFunc__I)
                  0000d508    00000002                  : BIOS.obj (.text:ti_sysbios_knl_Swi_Instance_finalize__E)
                  0000d50a    00000002     hello_pem3.oem3 (.text:ti_uia_loggers_LoggerStopMode_setFilterLevel__E)
                  0000d50c    00000002     ti.uia.loggers.aem3 : LoggerStopMode.oem3 (.text:ti_uia_loggers_LoggerStopMode_setPriority__E)
                  0000d50e    00000002     sysbios.aem3 : BIOS.obj (.text:xdc_runtime_Error_policySpin__E)
                  0000d510    00000002                  : BIOS.obj (.text:xdc_runtime_System_abortSpin__E)
                  0000d512    00000002                  : BIOS.obj (.text:xdc_runtime_System_exitSpin__E)

.const     0    0000d514    00004d42     
                  0000d514    0000073c     smartrf_settings_predefined.obj (.const:patchGenookMce)
                  0000dc50    000006b4     smartrf_settings.obj (.const:patchGenfskRfe)
                  0000e304    000006b4     smartrf_settings_predefined.obj (.const:patchGenfskRfe)
                  0000e9b8    000006b4     smartrf_settings_predefined.obj (.const:patchLrmRfe)
                  0000f06c    000006b4     smartrf_settings_predefined.obj (.const:patchSl_longrangeRfe)
                  0000f720    000006a4     smartrf_settings_predefined.obj (.const:patchGenookRfe)
                  0000fdc4    00000504     smartrf_settings_predefined.obj (.const:patchHsp4mbpsRfe)
                  000102c8    00000400     smartrf_settings_predefined.obj (.const:patchSl_longrangeMce)
                  000106c8    000003f0     smartrf_settings_predefined.obj (.const:patchHsp4mbpsMce)
                  00010ab8    000002b0     smartrf_settings.obj (.const:patchImageGenfsk)
                  00010d68    000002b0     smartrf_settings_predefined.obj (.const:patchImageGenfsk)
                  00011018    000002b0     smartrf_settings_predefined.obj (.const:patchImageGenook)
                  000112c8    000002b0     smartrf_settings_predefined.obj (.const:patchImageLrm)
                  00011578    000002b0     smartrf_settings_predefined.obj (.const:patchImageSl_longrange)
                  00011828    00000090     main.obj (.const:$P$T3$2)
                  000118b8    00000084     CC1310_LAUNCHXL.obj (.const:ADC_config)
                  0001193c    00000060     hello_pem3.oem3 (.const:ti_uia_loggers_LoggerStopMode_Module__FXNS__C)
                  0001199c    0000004d     CC1310_LAUNCHXL.obj (.const:adcCC26xxHWAttrs)
                  000119e9    00000001     display.aem3 : Display.oem3 (.const:Display_defaultParams)
                  000119ea    0000004c     drivers_cc13x0.aem3 : PowerCC26XX.oem3 (.const:resourceDB)
                  00011a36    00000002     hello_pem3.oem3 (.const:ti_sysbios_family_arm_cc26xx_TimestampProvider_useClockTimer__C)
                  00011a38    00000048     hello_pem3.oem3 (.const:.string)
                  00011a80    00000040     drivers_cc13x0.aem3 : UARTCC26XX.oem3 (.const:$O1$$)
                  00011ac0    00000040     smartrf_settings_predefined.obj (.const:rfPowerTable)
                  00011b00    0000003c     hello_pem3.oem3 (.const:ti_sysbios_knl_Task_Object__PARAMS__C)
                  00011b3c    00000030     hello_pem3.oem3 (.const:ti_sysbios_family_arm_m3_Hwi_Object__PARAMS__C)
                  00011b6c    0000002c     CC1310_LAUNCHXL.obj (.const:BoardGpioInitTable)
                  00011b98    00000028     drivers_cc13x0.aem3 : UARTCC26XX.oem3 (.const:UARTCC26XX_fxnTable)
                  00011bc0    00000028     hello_pem3.oem3 (.const:ti_sysbios_heaps_HeapMem_Module__FXNS__C)
                  00011be8    00000028     hello_pem3.oem3 (.const:ti_sysbios_knl_Swi_Object__PARAMS__C)
                  00011c10    00000028     hello_pem3.oem3 (.const:ti_uia_loggers_LoggerStopMode_Object__PARAMS__C)
                  00011c38    00000028     hello_pem3.oem3 (.const:xdc_runtime_Startup_sfxnTab__A)
                  00011c60    00000024     drivers_cc13x0.aem3 : UART.oem3 (.const:UART_defaultParams)
                  00011c84    00000024     hello_pem3.oem3 (.const:ti_sysbios_gates_GateHwi_Module__FXNS__C)
                  00011ca8    00000024     hello_pem3.oem3 (.const:ti_sysbios_gates_GateMutex_Module__FXNS__C)
                  00011ccc    00000024     hello_pem3.oem3 (.const:ti_sysbios_heaps_HeapMem_Object__PARAMS__C)
                  00011cf0    00000024     hello_pem3.oem3 (.const:ti_sysbios_knl_Clock_Object__PARAMS__C)
                  00011d14    00000024     hello_pem3.oem3 (.const:ti_sysbios_knl_Semaphore_Object__PARAMS__C)
                  00011d38    00000020     display.aem3 : DisplayUart.oem3 (.const:DisplayUartMin_fxnTable)
                  00011d58    00000020     hello_pem3.oem3 (.const:ti_sysbios_family_arm_m3_Hwi_Object__DESC__C)
                  00011d78    00000020     hello_pem3.oem3 (.const:ti_sysbios_gates_GateHwi_Object__DESC__C)
                  00011d98    00000020     hello_pem3.oem3 (.const:ti_sysbios_gates_GateMutex_Object__DESC__C)
                  00011db8    00000020     hello_pem3.oem3 (.const:ti_sysbios_heaps_HeapMem_Object__DESC__C)
                  00011dd8    00000020     hello_pem3.oem3 (.const:ti_sysbios_knl_Clock_Object__DESC__C)
                  00011df8    00000020     hello_pem3.oem3 (.const:ti_sysbios_knl_Queue_Object__DESC__C)
                  00011e18    00000020     hello_pem3.oem3 (.const:ti_sysbios_knl_Semaphore_Object__DESC__C)
                  00011e38    00000020     hello_pem3.oem3 (.const:ti_sysbios_knl_Swi_Object__DESC__C)
                  00011e58    00000020     hello_pem3.oem3 (.const:ti_sysbios_knl_Task_Object__DESC__C)
                  00011e78    00000020     hello_pem3.oem3 (.const:ti_uia_loggers_LoggerStopMode_Object__DESC__C)
                  00011e98    00000020     CC1310_LAUNCHXL.obj (.const:uartCC26XXHWAttrs)
                  00011eb8    0000001c     rf_multiMode_cc13x0.aem3 : RFCC26XX_multiMode.oem3 (.const:RF_defaultParams)
                  00011ed4    0000001c     drivers_cc13x0.aem3 : WatchdogCC26XX.oem3 (.const:WatchdogCC26XX_fxnTable)
                  00011ef0    00000018     EasyLink.obj (.const:$P$T0$3)
                  00011f08    00000018     drivers_cc13x0.aem3 : ADCCC26XX.oem3 (.const:ADCCC26XX_fxnTable)
                  00011f20    00000018                         : I2CCC26XX.oem3 (.const:I2CCC26XX_fxnTable)
                  00011f38    00000018     CC1310_LAUNCHXL.obj (.const:i2cCC26xxHWAttrs)
                  00011f50    00000018     driverlib.lib : rfc.obj (.const:rfc_defaultIrqAddr)
                  00011f68    00000018     hello_pem3.oem3 (.const:ti_sysbios_gates_GateHwi_Object__PARAMS__C)
                  00011f80    00000018     hello_pem3.oem3 (.const:ti_sysbios_gates_GateMutex_Object__PARAMS__C)
                  00011f98    00000018     hello_pem3.oem3 (.const:ti_sysbios_knl_Queue_Object__PARAMS__C)
                  00011fb0    00000014     CC1310_LAUNCHXL.obj (.const:displayUartHWAttrs)
                  00011fc4    00000014     hello_pem3.oem3 (.const:xdc_runtime_Startup_sfxnRts__A)
[...]
00012130  ti_sysbios_knl_Semaphore_Module__diagsEnabled__C                
00012134  ti_sysbios_knl_Semaphore_Module__diagsIncluded__C               
00012138  ti_sysbios_knl_Semaphore_Module__diagsMask__C                   
0001213c  ti_sysbios_knl_Semaphore_Module__loggerFxn2__C                  
00012140  ti_sysbios_knl_Semaphore_Module__loggerFxn4__C                  
00012144  ti_sysbios_knl_Semaphore_Module__loggerObj__C                   
00012148  ti_sysbios_knl_Swi_LD_end__C                                    
0001214c  ti_sysbios_knl_Swi_LM_begin__C                                  
00012150  ti_sysbios_knl_Swi_LM_post__C                                   
00012154  ti_sysbios_knl_Swi_Module__diagsEnabled__C                      
00012158  ti_sysbios_knl_Swi_Module__diagsIncluded__C                     
0001215c  ti_sysbios_knl_Swi_Module__diagsMask__C                         
00012160  ti_sysbios_knl_Swi_Module__loggerFxn1__C                        
00012164  ti_sysbios_knl_Swi_Module__loggerFxn4__C                        
00012168  ti_sysbios_knl_Swi_Module__loggerObj__C                         
0001216c  ti_sysbios_knl_Swi_Object__count__C                             
00012170  ti_sysbios_knl_Task_LD_block__C                                 
00012174  ti_sysbios_knl_Task_LD_exit__C                                  
00012178  ti_sysbios_knl_Task_LD_ready__C                                 
0001217c  ti_sysbios_knl_Task_LM_switch__C                                
00012180  ti_sysbios_knl_Task_LM_yield__C                                 
00012184  ti_sysbios_knl_Task_Module_State_inactiveQ__O                   
00012188  ti_sysbios_knl_Task_Module__diagsEnabled__C                     
0001218c  ti_sysbios_knl_Task_Module__diagsIncluded__C                    
00012190  ti_sysbios_knl_Task_Module__diagsMask__C                        
00012194  ti_sysbios_knl_Task_Module__loggerFxn2__C                       
00012198  ti_sysbios_knl_Task_Module__loggerFxn4__C                       
0001219c  ti_sysbios_knl_Task_Module__loggerObj__C                        
000121a0  ti_sysbios_knl_Task_Object__count__C                            
000121a4  ti_sysbios_knl_Task_allBlockedFunc__C                           
000121a8  ti_sysbios_knl_Task_defaultStackHeap__C                         
000121ac  ti_sysbios_knl_Task_defaultStackSize__C                         
000121b0  ti_sysbios_knl_Task_numConstructedTasks__C                      
000121b4  ti_uia_loggers_LoggerStopMode_Module__diagsEnabled__C           
000121b8  ti_uia_loggers_LoggerStopMode_Module__diagsIncluded__C          
000121bc  ti_uia_loggers_LoggerStopMode_Module__diagsMask__C              
000121c0  ti_uia_loggers_LoggerStopMode_Object__count__C                  
000121c4  ti_uia_runtime_ILoggerSnapshot_Interface__BASE__C               
000121c8  ti_uia_runtime_IUIATransfer_Interface__BASE__C                  
000121cc  xdc_runtime_Assert_E_assertFailed__C                            
000121d0  xdc_runtime_Error_E_memory__C                                   
000121d4  xdc_runtime_Error_policyFxn__C                                  
000121d8  xdc_runtime_IFilterLogger_Interface__BASE__C                    
000121dc  xdc_runtime_IGateProvider_Interface__BASE__C                    
000121e0  xdc_runtime_IHeap_Interface__BASE__C                            
000121e4  xdc_runtime_ILogger_Interface__BASE__C                          
000121e8  xdc_runtime_IModule_Interface__BASE__C                          
000121ec  xdc_runtime_Memory_defaultHeapInstance__C                       
000121f0  xdc_runtime_Startup_execImpl__C                                 
000121f4  xdc_runtime_Startup_maxPasses__C                                
000121f8  xdc_runtime_Startup_sfxnRts__C                                  
000121fc  xdc_runtime_Startup_sfxnTab__C                                  
00012200  xdc_runtime_SysMin_bufSize__C                                   
00012204  xdc_runtime_SysMin_outputFunc__C                                
00012208  xdc_runtime_System_Module__gateObj__C                           
0001220c  xdc_runtime_System_abortFxn__C                                  
00012210  xdc_runtime_System_exitFxn__C                                   
00012214  xdc_runtime_System_extendFxn__C                                 
00012218  xdc_runtime_System_maxAtexitHandlers__C                         
0001221c  xdc_runtime_Text_charTab__C                                     
00012220  xdc_runtime_Text_nameEmpty__C                                   
00012224  xdc_runtime_Text_nameStatic__C                                  
00012228  xdc_runtime_Text_nameUnknown__C                                 
0001222c  xdc_runtime_Text_visitRopeFxn__C                                
00012230  ti_sysbios_family_arm_m3_Hwi_Module__loggerDefined__C           
00012232  ti_sysbios_heaps_HeapMem_Module__id__C                          
00012234  ti_sysbios_knl_Clock_Module__id__C                              
00012236  ti_sysbios_knl_Clock_Module__loggerDefined__C                   
00012238  ti_sysbios_knl_Semaphore_Module__id__C                          
0001223a  ti_sysbios_knl_Semaphore_Module__loggerDefined__C               
0001223c  ti_sysbios_knl_Swi_Module__id__C                                
0001223e  ti_sysbios_knl_Swi_Module__loggerDefined__C                     
00012240  ti_sysbios_knl_Task_Module__id__C                               
00012242  ti_sysbios_knl_Task_Module__loggerDefined__C                    
00012244  ti_uia_loggers_LoggerStopMode_Module__id__C                     
00012246  ti_uia_loggers_LoggerStopMode_isTimestampEnabled__C             
00012248  xdc_runtime_Memory_Module__id__C                                
0001224a  xdc_runtime_SysMin_flushAtExit__C                               
0001224c  xdc_runtime_Text_charCnt__C                                     
0001224e  xdc_runtime_Text_isLoaded__C                                    
00012250  xdc_runtime_Text_registryModsLastId__C                          
00012252  xdc_runtime_Text_unnamedModsLastId__C                           
00012254  xdc_runtime_Error_policy__C                                     
00012255  xdc_runtime_Text_charTab__A                                     
00012258  __TI_static_base__                                              
00012618  __TI_Handler_Table_Base                                         
00012624  __TI_Handler_Table_Limit                                        
00012630  __TI_CINIT_Base                                                 
00012640  __TI_CINIT_Limit                                                
0001ffa8  __ccfg                                                          
20000000  ti_sysbios_family_arm_m3_Hwi_ramVectors                         
20000500  ti_uia_loggers_LoggerStopMode_Instance_State_0_packetArray__A   
20000900  ti_uia_loggers_LoggerStopMode_Instance_State_1_packetArray__A   
20000fd0  ti_sysbios_knl_Task_Instance_State_0_stack__A                   
200011d0  xdc_runtime_SysMin_Module_State_0_outbuf__A                     
2000208c  uartCC26XXObjects                                               
200021b8  __CIOBUF_                                                       
200022d8  PIN_NumPins                                                     
2000236c  PIN_HandleTable                                                 
200023e8  i2cCC26xxObjects                                                
200024c8  adcCC26xxObjects                                                
200025a4  ClockP_tickPeriod                                               
20002670  ti_sysbios_family_arm_m3_Hwi_dispatchTable                      
20002974  accelTask                                                       
200029c4  adc1Task                                                        
20002a14  calibrationTask                                                 
20002a64  gyroTask                                                        
20002ab4  initializationTask                                              
20002b04  magTask                                                         
20002b54  rxBeaconTask                                                    
20002ba4  rxRestartTask                                                   
20002bf4  txDataTask                                                      
20002ccc  watchdogCC26XXObjects                                           
20002d00  ti_uia_loggers_LoggerStopMode_Instance_State_0_hdr__A           
20002d30  settings                                                        
20002d58  clk0Struct                                                      
20002d7c  MXN                                                             
20002d80  ti_uia_loggers_LoggerStopMode_Instance_State_1_hdr__A           
20002f00  i2cTransaction                                                  
20002f60  Connections                                                     
20002f94  i2cParams                                                       
20002fb0  aBias                                                           
20002fbc  displayUartObject                                               
20002fc8  gBias                                                           
20002fd4  mBias                                                           
20002fe0  PowerCC26XX_taskKey                                             
20002fe4  PowerCC26XX_swiKey                                              
20003000  aBiasRaw                                                        
20003008  gBiasRaw                                                        
20003010  mBiasRaw                                                        
20003018  params                                                          
20003020  MYN                                                             
20003024  MZN                                                             
20003028  aRes                                                            
2000302c  adc1                                                            
20003030  adcValue1MicroVolt                                              
20003034  gRes                                                            
20003038  i2c                                                             
2000303c  mRes                                                            
20003040  watchdogHandle                                                  
20003046  adcValue1                                                       
20003048  ax                                                              
2000304a  ay                                                              
2000304c  az                                                              
2000304e  gx                                                              
20003050  gy                                                              
20003052  gz                                                              
20003054  mx                                                              
20003056  my                                                              
20003058  mz                                                              
2000305a  _autoCalc                                                       
2000305b  _mAddress                                                       
2000305c  _xgAddress                                                      
2000305d  driverlib_release_0_48919                                       
20003060  __primary_heap_start__                                          
20004060  PowerCC26XX_module                                              
20004060  __primary_heap_end__                                            
20004174  globalPacket                                                    
2000420c  pOverrides_sl_lr                                                
20004274  ti_uia_loggers_LoggerStopMode_Object__table__V                  
200042dc  pOverrides_hsm                                                  
2000433c  pOverrides_lrm                                                  
20004398  pOverrides_ook                                                  
2000444c  pOverrides_fsk                                                  
200044a4  ti_sysbios_knl_Task_Object__table__V                            
200044f0  ti_sysbios_family_arm_cc26xx_Timer_Object__table__V             
20004538  RF_pProp_fsk                                                    
2000453c  RF_pProp_lrm                                                    
20004540  RF_pProp_ook                                                    
20004544  RF_pProp_hsm                                                    
20004548  RF_pProp_sl_lr                                                  
2000454c  RF_pProp_2_4G_fsk                                               
20004550  RF_pCmdPropRadioDivSetup_fsk                                    
20004554  RF_pCmdPropRadioDivSetup_lrm                                    
20004558  RF_pCmdPropRadioDivSetup_ook                                    
2000455c  RF_pCmdRadioSetup_hsm                                           
20004560  RF_pCmdPropRadioDivSetup_sl_lr                                  
20004564  RF_pCmdPropRadioSetup_2_4G_fsk                                  
20004568  RF_pCmdTxHS                                                     
2000456c  RF_pCmdRxHS                                                     
20004570  RF_pCmdFs_preDef                                                
20004574  RF_pCmdPropTx_preDef                                            
20004578  RF_pCmdPropRxAdv_preDef                                         
2000457c  ti_sysbios_knl_Task_Module__state__V                            
200045c0  ti_sysbios_gates_GateMutex_Object__table__V                     
200045f8  ti_sysbios_family_arm_m3_Hwi_Module__state__V                   
2000462c  RF_cmdPropRxAdv_preDef                                          
2000465c  ti_sysbios_knl_Swi_Module_State_0_readyQ__A                     
2000468c  ti_sysbios_knl_Swi_Object__table__V                             
200046bc  ti_sysbios_knl_Task_Module_State_0_readyQ__A                    
200046ec  ti_sysbios_knl_Clock_Module__state__V                           
20004718  RF_cmdPropRadioDivSetup                                         
20004740  RF_cmdPropRadioDivSetup_fsk                                     
20004768  RF_cmdPropRadioDivSetup_lrm                                     
20004790  RF_cmdPropRadioDivSetup_ook                                     
200047b8  RF_cmdPropRadioDivSetup_sl_lr                                   
200047e0  RF_cmdRxHS                                                      
20004804  ti_sysbios_BIOS_Module__state__V                                
20004848  ti_sysbios_knl_Clock_Object__table__V                           
20004868  xdc_runtime_Error_IgnoreBlock                                   
20004888  ti_sysbios_knl_Swi_Module__state__V                             
200048a4  RF_cmdFs                                                        
200048bc  RF_cmdFs_preDef                                                 
200048d4  RF_cmdPropTx                                                    
200048ec  RF_cmdPropTx_preDef                                             
20004904  RF_cmdRadioSetup_hsm                                            
20004934  goodToGo                                                        
20004938  AXN                                                             
2000493c  AYN                                                             
20004940  AZN                                                             
20004944  bytesRead                                                       
20004948  numConnections                                                  
2000494c  pinTable                                                        
20004964  shapeovr                                                        
2000497c  ti_sysbios_family_arm_m3_Hwi_Object__table__V                   
20004994  ti_sysbios_heaps_HeapMem_Object__table__V                       
200049ac  RF_cmdTxHS                                                      
200049d0  RF_prop                                                         
200049e0  RF_prop_fsk                                                     
200049f0  RF_prop_hsm                                                     
20004a00  RF_prop_lrm                                                     
20004a10  RF_prop_ook                                                     
20004a20  RF_prop_sl_lr                                                   
20004a3e  ti_sysbios_family_arm_m3_Hwi_Module_State_0_excActive__A        
20004a40  __TI_cleanup_ptr                                                
20004a44  __TI_dtors_ptr                                                  
20004a48  __TI_enable_exit_profile_output                                 
20004a4c  ti_sysbios_knl_Task_Module__root__V                             
20004a58  ti_uia_runtime_QueueDescriptor_Module__state__V                 
20004a64  xdc_runtime_SysMin_Module__state__V                             
20004a70  _lock                                                           
20004a74  _unlock                                                         
20004a78  ti_uia_runtime_QueueDescriptor_gPtrToFirstDescriptor            
20004a7c  ti_uia_runtime_QueueDescriptor_gUpdateCount                     
20004a80  ti_sysbios_family_arm_cc26xx_Timer_Module__state__V             
20004a88  ti_sysbios_family_arm_m3_Hwi_Module__root__V                    
20004a90  ti_sysbios_gates_GateHwi_Module__root__V                        
20004a98  ti_sysbios_gates_GateMutex_Module__root__V                      
20004aa0  ti_sysbios_heaps_HeapMem_Module__root__V                        
20004aa8  ti_sysbios_knl_Clock_Module__root__V                            
20004ab0  ti_sysbios_knl_Queue_Module__root__V                            
20004ab8  ti_sysbios_knl_Semaphore_Module__root__V                        
20004ac0  ti_sysbios_knl_Swi_Module__root__V                              
20004ac8  ti_uia_loggers_LoggerStopMode_Module__root__V                   
20004ad0  xdc_runtime_Registry_Module__state__V                           
20004ad8  xdc_runtime_Startup_Module__state__V                            
20004ae0  xdc_runtime_System_Module_State_0_atexitHandlers__A             
20004ae8  xdc_runtime_System_Module__state__V                             
20004af0  main_func_sp                                                    
20004af4  ti_sysbios_family_arm_cc26xx_TimestampProvider_Module__state__V 
20004af8  ti_sysbios_family_arm_m3_Hwi_Module_State_0_excContext__A       
20004afc  ti_sysbios_family_arm_m3_Hwi_Module_State_0_excStack__A         
20004b00  ti_sysbios_gates_GateHwi_Object__table__V                       
20004b04  ti_sysbios_knl_Task_Module_State_0_idleTask__A                  
20004b08  xdc_runtime_Memory_Module__state__V                             
20004c00  __stack                                                         
20005000  __STACK_END                                                     
e000e000  ti_sysbios_family_arm_m3_Hwi_nvic                               
ffffffff  __TI_pprof_out_hndl                                             
ffffffff  __TI_prof_data_size                                             
ffffffff  __TI_prof_data_start                                            
ffffffff  __binit__                                                       
ffffffff  __c_args__                                                      
ffffffff  binit                                                           
UNDEFED   SHT$$INIT_ARRAY$$Base                                           
UNDEFED   SHT$$INIT_ARRAY$$Limit                                          

[1038 symbols]
